D/PowerManagerService(  449): LockScreenOff10
D/PowerManagerService(  449): LockScreenOff10
D/PowerManagerService(  449): LockScreenOff10
D/PowerManagerService(  449): LockScreenOff10
D/PowerManagerService(  449): LockScreenOff10
W/InputEventReceiver( 1085): Attempted to finish an input event but the input event receiver has already been disposed.
D/PowerManagerService(  449): LockScreenOff10
D/PowerManagerService(  449): LockScreenOff10
D/UserManager( 1085): ---getMaxSupportedUsers,we has UMS,force disabled M-user---
D/DashboardSummary( 1085): rebuildUI took: 59 ms
D/PowerManagerService(  449): LockScreenOff10
I/art     ( 1085): Explicit concurrent mark sweep GC freed 14530(1117KB) AllocSpace objects, 0(0B) LOS objects, 39% free, 4MB/8MB, paused 800us total 44.428ms
I/art     ( 1085): Explicit concurrent mark sweep GC freed 4257(352KB) AllocSpace objects, 0(0B) LOS objects, 39% free, 4MB/7MB, paused 429us total 25.353ms
I/art     ( 1085): Explicit concurrent mark sweep GC freed 3(96B) AllocSpace objects, 0(0B) LOS objects, 39% free, 4MB/7MB, paused 391us total 18.404ms
E/WifiStateMachine(  449): [1,293,883,656,547 ms] noteScanEnd no scan source onTime=0
E/WifiStateMachine(  449): wifi setScanResults statecom.android.server.wifi.WifiStateMachine$DisconnectedState@3508e895 sup_state=SCANNING debouncing=false mConnectionRequests=1 selection=<none>
D/PowerManagerService(  449): LockScreenOff10
D/PowerManagerService(  449): LockScreenOff10
D/PowerManagerService(  449): LockScreenOff10
D/PowerManagerService(  449): LockScreenOff10
I/ActivityManager(  449): START u0 {act=android.intent.action.MAIN cmp=com.android.settings/.SubSettings (has extras)} from uid 1000 on display 0
V/WindowManager(  449): addAppToken: AppWindowToken{130b6bca token=Token{2ce59b35 ActivityRecord{27d4896c u0 com.android.settings/.SubSettings t6}}} to stack=1 task=6 at 1
W/AudioTrack(  449): AUDIO_OUTPUT_FLAG_FAST denied by client
W/AppOps  (  449): Bad call: specified package media under uid 1000 but it is really 1013
W/AppOps  (  449): Bad call: specified package media under uid 1000 but it is really 1013
D/AudioHardwareTiny(  161): start_output_stream
D/AudioHardwareTiny(  161): Audio HAL start_output_stream  out->device = 0x80400
D/SubSettings( 1085): Launching fragment com.android.settings.wifi.WifiSettings
I/InputDispatcher(  449): Dropping event because there is no touchable window at (329, 175).
V/WindowManager(  449): Adding window Window{24aaff88 u0 com.android.settings/com.android.settings.SubSettings} at 3 of 8 (after Window{1a4807b5 u0 com.android.settings/com.android.settings.Settings})
D/Index   ( 1085): Deleting data for locale 'en_US' took 2 millis
D/Index   ( 1085): Indexing locale 'en_US' took 4 millis
I/ActivityManager(  449): Displayed com.android.settings/.SubSettings: +139ms
E/WifiStateMachine(  449): [1,293,883,658,425 ms] noteScanstart no scan source uid 1000
D/Index   ( 1085): Deleting data for locale 'en_US' took 5 millis
D/Index   ( 1085): Indexing locale 'en_US' took 4 millis
D/OpenGLRenderer( 1085): endAllStagingAnimators on 0xb8ad3b90 (RippleDrawable) with handle 0xb8987bc0
W/AppOps  (  449): Bad call: specified package media under uid 1000 but it is really 1013
D/PowerManagerService(  449): LockScreenOff10
D/PowerManagerService(  449): LockScreenOff10
D/PowerManagerService(  449): LockScreenOff10
E/blb     ( 1085): ----------------------------------------------------------------------------------FragmentManager{1b46bb85 in WifiSettings{381e8dda}}
W/AudioTrack(  449): AUDIO_OUTPUT_FLAG_FAST denied by client
W/AppOps  (  449): Bad call: specified package media under uid 1000 but it is really 1013
V/WindowManager(  449): not Base app: Adding window Window{260578a3 u0 AMPAK_WIFI_2.4G} at 4 of 9
W/AudioTrack(  449): AUDIO_OUTPUT_FLAG_FAST denied by client
E/blb     ( 1085): ----------------------------------------------------------------------------------FragmentManager{1b46bb85 in WifiSettings{381e8dda}}
W/AppOps  (  449): Bad call: specified package media under uid 1000 but it is really 1013
V/WindowManager(  449): not Base app: Adding window Window{2da4972a u0 AMPAK_WIFI_2.4G} at 5 of 10
D/PowerManagerService(  449): LockScreenOff10
D/PowerManagerService(  449): LockScreenOff10
D/PowerManagerService(  449): LockScreenOff10
E/WifiStateMachine(  449): [1,293,883,660,828 ms] noteScanEnd WorkSource{1000} onTime=0
E/WifiStateMachine(  449): wifi setScanResults statecom.android.server.wifi.WifiStateMachine$DisconnectedState@3508e895 sup_state=SCANNING debouncing=false mConnectionRequests=1 selection=<none>
D/PowerManagerService(  449): LockScreenOff10
D/PowerManagerService(  449): LockScreenOff10
D/PowerManagerService(  449): LockScreenOff10
D/PowerManagerService(  449): LockScreenOff10
D/PowerManagerService(  449): LockScreenOff10
D/PowerManagerService(  449): LockScreenOff10
D/AudioHardwareTiny(  161): close device
W/AppOps  (  449): Bad call: specified package media under uid 1000 but it is really 1013
D/PowerManagerService(  449): LockScreenOff10
D/PowerManagerService(  449): LockScreenOff10
D/PowerManagerService(  449): LockScreenOff10
E/WifiStateMachine(  449): startDelayedScan send -> 13 milli 10000
E/WifiStateMachine(  449): [1,293,883,664,148 ms] noteScanstart no scan source uid -2
D/PowerManagerService(  449): LockScreenOff10
D/PowerManagerService(  449): LockScreenOff10
D/PowerManagerService(  449): LockScreenOff10
D/PowerManagerService(  449): LockScreenOff10
D/PowerManagerService(  449): LockScreenOff10
D/PowerManagerService(  449): LockScreenOff10
E/WifiStateMachine(  449): [1,293,883,666,544 ms] noteScanEnd no scan source onTime=0
E/WifiStateMachine(  449): wifi setScanResults statecom.android.server.wifi.WifiStateMachine$DisconnectedState@3508e895 sup_state=SCANNING debouncing=false mConnectionRequests=1 selection=<none>
D/PowerManagerService(  449): LockScreenOff10
D/PowerManagerService(  449): LockScreenOff10
D/PowerManagerService(  449): LockScreenOff10
E/WifiStateMachine(  449): [1,293,883,668,431 ms] noteScanstart no scan source uid 1000
E/WifiStateMachine(  449): [1,293,883,670,841 ms] noteScanEnd WorkSource{1000} onTime=0
E/WifiStateMachine(  449): wifi setScanResults statecom.android.server.wifi.WifiStateMachine$DisconnectedState@3508e895 sup_state=SCANNING debouncing=false mConnectionRequests=1 selection=<none>
E/WifiStateMachine(  449): startDelayedScan send -> 14 milli 10000
E/WifiStateMachine(  449): [1,293,883,674,154 ms] noteScanstart no scan source uid -2
E/WifiStateMachine(  449): [1,293,883,676,586 ms] noteScanEnd no scan source onTime=0
E/WifiStateMachine(  449): wifi setScanResults statecom.android.server.wifi.WifiStateMachine$DisconnectedState@3508e895 sup_state=SCANNING debouncing=false mConnectionRequests=1 selection=<none>
D/PowerManagerService(  449): screen time out
E/Lights  (  449): write_int failed to open /sys/class/backlight/rk28_bl/brightness
E/Lights  (  449): write_int failed to open /sys/class/backlight/rk28_bl/brightness
E/Lights  (  449): write_int failed to open /sys/class/backlight/rk28_bl/brightness
E/Lights  (  449): write_int failed to open /sys/class/backlight/rk28_bl/brightness
E/Lights  (  449): write_int failed to open /sys/class/backlight/rk28_bl/brightness
E/Lights  (  449): write_int failed to open /sys/class/backlight/rk28_bl/brightness
E/Lights  (  449): write_int failed to open /sys/class/backlight/rk28_bl/brightness
E/Lights  (  449): write_int failed to open /sys/class/backlight/rk28_bl/brightness
E/Lights  (  449): write_int failed to open /sys/class/backlight/rk28_bl/brightness
E/Lights  (  449): write_int failed to open /sys/class/backlight/rk28_bl/brightness
E/Lights  (  449): write_int failed to open /sys/class/backlight/rk28_bl/brightness
E/Lights  (  449): write_int failed to open /sys/class/backlight/rk28_bl/brightness
E/Lights  (  449): write_int failed to open /sys/class/backlight/rk28_bl/brightness
E/Lights  (  449): write_int failed to open /sys/class/backlight/rk28_bl/brightness
E/Lights  (  449): write_int failed to open /sys/class/backlight/rk28_bl/brightness
E/Lights  (  449): write_int failed to open /sys/class/backlight/rk28_bl/brightness
E/Lights  (  449): write_int failed to open /sys/class/backlight/rk28_bl/brightness
E/Lights  (  449): write_int failed to open /sys/class/backlight/rk28_bl/brightness
E/Lights  (  449): write_int failed to open /sys/class/backlight/rk28_bl/brightness
E/Lights  (  449): write_int failed to open /sys/class/backlight/rk28_bl/brightness
E/Lights  (  449): write_int failed to open /sys/class/backlight/rk28_bl/brightness
E/Lights  (  449): write_int failed to open /sys/class/backlight/rk28_bl/brightness
E/Lights  (  449): write_int failed to open /sys/class/backlight/rk28_bl/brightness
E/Lights  (  449): write_int failed to open /sys/class/backlight/rk28_bl/brightness
E/Lights  (  449): write_int failed to open /sys/class/backlight/rk28_bl/brightness
E/Lights  (  449): write_int failed to open /sys/class/backlight/rk28_bl/brightness
E/Lights  (  449): write_int failed to open /sys/class/backlight/rk28_bl/brightness
E/Lights  (  449): write_int failed to open /sys/class/backlight/rk28_bl/brightness
E/Lights  (  449): write_int failed to open /sys/class/backlight/rk28_bl/brightness
E/Lights  (  449): write_int failed to open /sys/class/backlight/rk28_bl/brightness
E/Lights  (  449): write_int failed to open /sys/class/backlight/rk28_bl/brightness
E/Lights  (  449): write_int failed to open /sys/class/backlight/rk28_bl/brightness
E/Lights  (  449): write_int failed to open /sys/class/backlight/rk28_bl/brightness
E/Lights  (  449): write_int failed to open /sys/class/backlight/rk28_bl/brightness
E/Lights  (  449): write_int failed to open /sys/class/backlight/rk28_bl/brightness
E/Lights  (  449): write_int failed to open /sys/class/backlight/rk28_bl/brightness
E/Lights  (  449): write_int failed to open /sys/class/backlight/rk28_bl/brightness
E/Lights  (  449): write_int failed to open /sys/class/backlight/rk28_bl/brightness
E/Lights  (  449): write_int failed to open /sys/class/backlight/rk28_bl/brightness
E/Lights  (  449): write_int failed to open /sys/class/backlight/rk28_bl/brightness
E/Lights  (  449): write_int failed to open /sys/class/backlight/rk28_bl/brightness
E/Lights  (  449): write_int failed to open /sys/class/backlight/rk28_bl/brightness
E/Lights  (  449): write_int failed to open /sys/class/backlight/rk28_bl/brightness
E/Lights  (  449): write_int failed to open /sys/class/backlight/rk28_bl/brightness
E/Lights  (  449): write_int failed to open /sys/class/backlight/rk28_bl/brightness
E/Lights  (  449): write_int failed to open /sys/class/backlight/rk28_bl/brightness
E/Lights  (  449): write_int failed to open /sys/class/backlight/rk28_bl/brightness
E/Lights  (  449): write_int failed to open /sys/class/backlight/rk28_bl/brightness
E/Lights  (  449): write_int failed to open /sys/class/backlight/rk28_bl/brightness
E/Lights  (  449): write_int failed to open /sys/class/backlight/rk28_bl/brightness
E/Lights  (  449): write_int failed to open /sys/class/backlight/rk28_bl/brightness
E/Lights  (  449): write_int failed to open /sys/class/backlight/rk28_bl/brightness
E/Lights  (  449): write_int failed to open /sys/class/backlight/rk28_bl/brightness
E/Lights  (  449): write_int failed to open /sys/class/backlight/rk28_bl/brightness
E/Lights  (  449): write_int failed to open /sys/class/backlight/rk28_bl/brightness
E/Lights  (  449): write_int failed to open /sys/class/backlight/rk28_bl/brightness
E/Lights  (  449): write_int failed to open /sys/class/backlight/rk28_bl/brightness
E/Lights  (  449): write_int failed to open /sys/class/backlight/rk28_bl/brightness
E/WifiStateMachine(  449): [1,293,883,678,436 ms] noteScanstart no scan source uid 1000
E/WifiStateMachine(  449): [1,293,883,680,844 ms] noteScanEnd WorkSource{1000} onTime=0
E/WifiStateMachine(  449): wifi setScanResults statecom.android.server.wifi.WifiStateMachine$DisconnectedState@3508e895 sup_state=SCANNING debouncing=false mConnectionRequests=1 selection=<none>
E/WifiStateMachine(  449): startDelayedScan send -> 15 milli 10000
E/WifiStateMachine(  449): [1,293,883,684,158 ms] noteScanstart no scan source uid -2
E/WifiStateMachine(  449): [1,293,883,686,572 ms] noteScanEnd no scan source onTime=0
E/WifiStateMachine(  449): wifi setScanResults statecom.android.server.wifi.WifiStateMachine$DisconnectedState@3508e895 sup_state=SCANNING debouncing=false mConnectionRequests=1 selection=<none>
E/WifiStateMachine(  449): [1,293,883,688,440 ms] noteScanstart no scan source uid 1000
E/WifiStateMachine(  449): [1,293,883,690,848 ms] noteScanEnd WorkSource{1000} onTime=0
E/WifiStateMachine(  449): wifi setScanResults statecom.android.server.wifi.WifiStateMachine$DisconnectedState@3508e895 sup_state=SCANNING debouncing=false mConnectionRequests=1 selection=<none>
D/PowerManagerService(  449): LockScreenOff10
E/Lights  (  449): write_int failed to open /sys/class/backlight/rk28_bl/brightness
E/Lights  (  449): write_int failed to open /sys/class/backlight/rk28_bl/brightness
E/Lights  (  449): write_int failed to open /sys/class/backlight/rk28_bl/brightness
E/Lights  (  449): write_int failed to open /sys/class/backlight/rk28_bl/brightness
E/Lights  (  449): write_int failed to open /sys/class/backlight/rk28_bl/brightness
E/Lights  (  449): write_int failed to open /sys/class/backlight/rk28_bl/brightness
E/Lights  (  449): write_int failed to open /sys/class/backlight/rk28_bl/brightness
E/Lights  (  449): write_int failed to open /sys/class/backlight/rk28_bl/brightness
E/Lights  (  449): write_int failed to open /sys/class/backlight/rk28_bl/brightness
E/Lights  (  449): write_int failed to open /sys/class/backlight/rk28_bl/brightness
E/Lights  (  449): write_int failed to open /sys/class/backlight/rk28_bl/brightness
E/Lights  (  449): write_int failed to open /sys/class/backlight/rk28_bl/brightness
E/Lights  (  449): write_int failed to open /sys/class/backlight/rk28_bl/brightness
E/Lights  (  449): write_int failed to open /sys/class/backlight/rk28_bl/brightness
E/Lights  (  449): write_int failed to open /sys/class/backlight/rk28_bl/brightness
E/Lights  (  449): write_int failed to open /sys/class/backlight/rk28_bl/brightness
E/Lights  (  449): write_int failed to open /sys/class/backlight/rk28_bl/brightness
E/Lights  (  449): write_int failed to open /sys/class/backlight/rk28_bl/brightness
E/Lights  (  449): write_int failed to open /sys/class/backlight/rk28_bl/brightness
E/Lights  (  449): write_int failed to open /sys/class/backlight/rk28_bl/brightness
E/Lights  (  449): write_int failed to open /sys/class/backlight/rk28_bl/brightness
E/Lights  (  449): write_int failed to open /sys/class/backlight/rk28_bl/brightness
E/Lights  (  449): write_int failed to open /sys/class/backlight/rk28_bl/brightness
E/Lights  (  449): write_int failed to open /sys/class/backlight/rk28_bl/brightness
E/Lights  (  449): write_int failed to open /sys/class/backlight/rk28_bl/brightness
E/Lights  (  449): write_int failed to open /sys/class/backlight/rk28_bl/brightness
E/Lights  (  449): write_int failed to open /sys/class/backlight/rk28_bl/brightness
E/Lights  (  449): write_int failed to open /sys/class/backlight/rk28_bl/brightness
E/Lights  (  449): write_int failed to open /sys/class/backlight/rk28_bl/brightness
E/Lights  (  449): write_int failed to open /sys/class/backlight/rk28_bl/brightness
D/PowerManagerService(  449): LockScreenOff10
E/Lights  (  449): write_int failed to open /sys/class/backlight/rk28_bl/brightness
E/Lights  (  449): write_int failed to open /sys/class/backlight/rk28_bl/brightness
E/Lights  (  449): write_int failed to open /sys/class/backlight/rk28_bl/brightness
E/Lights  (  449): write_int failed to open /sys/class/backlight/rk28_bl/brightness
E/Lights  (  449): write_int failed to open /sys/class/backlight/rk28_bl/brightness
E/Lights  (  449): write_int failed to open /sys/class/backlight/rk28_bl/brightness
E/Lights  (  449): write_int failed to open /sys/class/backlight/rk28_bl/brightness
E/Lights  (  449): write_int failed to open /sys/class/backlight/rk28_bl/brightness
E/Lights  (  449): write_int failed to open /sys/class/backlight/rk28_bl/brightness
E/Lights  (  449): write_int failed to open /sys/class/backlight/rk28_bl/brightness
E/Lights  (  449): write_int failed to open /sys/class/backlight/rk28_bl/brightness
E/Lights  (  449): write_int failed to open /sys/class/backlight/rk28_bl/brightness
E/Lights  (  449): write_int failed to open /sys/class/backlight/rk28_bl/brightness
E/Lights  (  449): write_int failed to open /sys/class/backlight/rk28_bl/brightness
E/Lights  (  449): write_int failed to open /sys/class/backlight/rk28_bl/brightness
E/Lights  (  449): write_int failed to open /sys/class/backlight/rk28_bl/brightness
E/Lights  (  449): write_int failed to open /sys/class/backlight/rk28_bl/brightness
E/Lights  (  449): write_int failed to open /sys/class/backlight/rk28_bl/brightness
E/Lights  (  449): write_int failed to open /sys/class/backlight/rk28_bl/brightness
E/Lights  (  449): write_int failed to open /sys/class/backlight/rk28_bl/brightness
E/Lights  (  449): write_int failed to open /sys/class/backlight/rk28_bl/brightness
E/Lights  (  449): write_int failed to open /sys/class/backlight/rk28_bl/brightness
E/Lights  (  449): write_int failed to open /sys/class/backlight/rk28_bl/brightness
E/Lights  (  449): write_int failed to open /sys/class/backlight/rk28_bl/brightness
E/Lights  (  449): write_int failed to open /sys/class/backlight/rk28_bl/brightness
E/Lights  (  449): write_int failed to open /sys/class/backlight/rk28_bl/brightness
E/Lights  (  449): write_int failed to open /sys/class/backlight/rk28_bl/brightness
D/PowerManagerService(  449): LockScreenOff10
D/PowerManagerService(  449): LockScreenOff10
W/AudioTrack(  449): AUDIO_OUTPUT_FLAG_FAST denied by client
W/AppOps  (  449): Bad call: specified package media under uid 1000 but it is really 1013
D/OpenGLRenderer( 1085): endAllStagingAnimators on 0xb8654e00 (RippleDrawable) with handle 0xb87b8118
W/AppOps  (  449): Bad call: specified package media under uid 1000 but it is really 1013
D/AudioHardwareTiny(  161): start_output_stream
D/AudioHardwareTiny(  161): Audio HAL start_output_stream  out->device = 0x80400
W/AppOps  (  449): Bad call: specified package media under uid 1000 but it is really 1013
D/PowerManagerService(  449): LockScreenOff10
D/PowerManagerService(  449): LockScreenOff10
D/PowerManagerService(  449): LockScreenOff10
E/WifiStateMachine(  449): startDelayedScan send -> 16 milli 10000
E/WifiStateMachine(  449): [1,293,883,694,165 ms] noteScanstart no scan source uid -2
D/PowerManagerService(  449): LockScreenOff10
D/AudioHardwareTiny(  161): close device
W/AppOps  (  449): Bad call: specified package media under uid 1000 but it is really 1013
D/PowerManagerService(  449): LockScreenOff10
D/PowerManagerService(  449): LockScreenOff10
E/blb     ( 1085): ----------------------------------------------------------------------------------FragmentManager{1b46bb85 in WifiSettings{381e8dda}}
W/AudioTrack(  449): AUDIO_OUTPUT_FLAG_FAST denied by client
W/AppOps  (  449): Bad call: specified package media under uid 1000 but it is really 1013
W/AppOps  (  449): Bad call: specified package media under uid 1000 but it is really 1013
D/AudioHardwareTiny(  161): start_output_stream
D/AudioHardwareTiny(  161): Audio HAL start_output_stream  out->device = 0x80400
V/WindowManager(  449): not Base app: Adding window Window{1c4cfbf6 u0 AMPAK_WIFI_2.4G} at 4 of 9
W/AppOps  (  449): Bad call: specified package media under uid 1000 but it is really 1013
D/PowerManagerService(  449): LockScreenOff10
E/WifiStateMachine(  449): [1,293,883,696,573 ms] noteScanEnd no scan source onTime=0
E/WifiStateMachine(  449): wifi setScanResults statecom.android.server.wifi.WifiStateMachine$DisconnectedState@3508e895 sup_state=SCANNING debouncing=false mConnectionRequests=1 selection=<none>
D/PowerManagerService(  449): LockScreenOff10
D/PowerManagerService(  449): LockScreenOff10
W/AudioTrack(  449): AUDIO_OUTPUT_FLAG_FAST denied by client
W/AppOps  (  449): Bad call: specified package media under uid 1000 but it is really 1013
D/OpenGLRenderer( 1085): endAllStagingAnimators on 0xb8c09e68 (RippleDrawable) with handle 0xb8b74918
D/PowerManagerService(  449): LockScreenOff10
W/AppOps  (  449): Bad call: specified package media under uid 1000 but it is really 1013
D/PowerManagerService(  449): LockScreenOff10
D/PowerManagerService(  449): LockScreenOff10
E/WifiStateMachine(  449): [1,293,883,698,433 ms] noteScanstart no scan source uid 1000
E/blb     ( 1085): ----------------------------------------------------------------------------------FragmentManager{1b46bb85 in WifiSettings{381e8dda}}
W/AudioTrack(  449): AUDIO_OUTPUT_FLAG_FAST denied by client
W/AppOps  (  449): Bad call: specified package media under uid 1000 but it is really 1013
V/WindowManager(  449): not Base app: Adding window Window{444e182 u0 AMPAK_WIFI_5.8G} at 4 of 9
D/PowerManagerService(  449): LockScreenOff10
W/AppOps  (  449): Bad call: specified package media under uid 1000 but it is really 1013
D/PowerManagerService(  449): LockScreenOff10
D/PowerManagerService(  449): LockScreenOff10
D/PowerManagerService(  449): LockScreenOff10
W/AudioTrack(  449): AUDIO_OUTPUT_FLAG_FAST denied by client
W/AppOps  (  449): Bad call: specified package media under uid 1000 but it is really 1013
W/AppOps  (  449): Bad call: specified package media under uid 1000 but it is really 1013
D/PowerManagerService(  449): LockScreenOff10
D/PowerManagerService(  449): LockScreenOff10
E/WifiStateMachine(  449): [1,293,883,700,829 ms] noteScanEnd WorkSource{1000} onTime=0
E/WifiStateMachine(  449): wifi setScanResults statecom.android.server.wifi.WifiStateMachine$DisconnectedState@3508e895 sup_state=SCANNING debouncing=false mConnectionRequests=1 selection=<none>
D/PowerManagerService(  449): LockScreenOff10
E/blb     ( 1085): ----------------------------------------------------------------------------------FragmentManager{1b46bb85 in WifiSettings{381e8dda}}
W/AudioTrack(  449): AUDIO_OUTPUT_FLAG_FAST denied by client
W/AppOps  (  449): Bad call: specified package media under uid 1000 but it is really 1013
V/WindowManager(  449): not Base app: Adding window Window{2fe393ce u0 AMPAK_WIFI_5.8G} at 4 of 9
W/AppOps  (  449): Bad call: specified package media under uid 1000 but it is really 1013
D/PowerManagerService(  449): LockScreenOff10
D/PowerManagerService(  449): LockScreenOff10
D/PowerManagerService(  449): LockScreenOff10
W/AudioTrack(  449): AUDIO_OUTPUT_FLAG_FAST denied by client
W/AppOps  (  449): Bad call: specified package media under uid 1000 but it is really 1013
D/OpenGLRenderer( 1085): endAllStagingAnimators on 0xb865e390 (RippleDrawable) with handle 0xb8c18148
W/AppOps  (  449): Bad call: specified package media under uid 1000 but it is really 1013
D/PowerManagerService(  449): LockScreenOff10
D/PowerManagerService(  449): LockScreenOff10
E/blb     ( 1085): ----------------------------------------------------------------------------------FragmentManager{1b46bb85 in WifiSettings{381e8dda}}
W/AudioTrack(  449): AUDIO_OUTPUT_FLAG_FAST denied by client
W/AppOps  (  449): Bad call: specified package media under uid 1000 but it is really 1013
V/WindowManager(  449): not Base app: Adding window Window{25a91eda u0 AMPAK_WIFI_2.4G} at 4 of 9
D/PowerManagerService(  449): LockScreenOff10
W/AppOps  (  449): Bad call: specified package media under uid 1000 but it is really 1013
D/PowerManagerService(  449): LockScreenOff10
E/WifiStateMachine(  449): [1,293,883,704,159 ms] noteScanstart no scan source uid -1
E/WifiStateMachine(  449): startDelayedScan send -> 17 milli 10000
D/PowerManagerService(  449): LockScreenOff10
D/PowerManagerService(  449): LockScreenOff10
D/PowerManagerService(  449): LockScreenOff10
W/AudioTrack(  449): AUDIO_OUTPUT_FLAG_FAST denied by client
W/AppOps  (  449): Bad call: specified package media under uid 1000 but it is really 1013
D/OpenGLRenderer( 1085): endAllStagingAnimators on 0xb8a42bb8 (RippleDrawable) with handle 0xb8b56de0
D/PowerManagerService(  449): LockScreenOff10
W/AppOps  (  449): Bad call: specified package media under uid 1000 but it is really 1013
D/PowerManagerService(  449): LockScreenOff10
E/WifiStateMachine(  449): [1,293,883,706,563 ms] noteScanEnd no scan source onTime=0
E/WifiStateMachine(  449): wifi setScanResults statecom.android.server.wifi.WifiStateMachine$DisconnectedState@3508e895 sup_state=SCANNING debouncing=false mConnectionRequests=1 selection=<none>
D/AudioHardwareTiny(  161): close device
W/AppOps  (  449): Bad call: specified package media under uid 1000 but it is really 1013
E/WifiStateMachine(  449): [1,293,883,708,436 ms] noteScanstart no scan source uid 1000
E/WifiStateMachine(  449): [1,293,883,710,837 ms] noteScanEnd WorkSource{1000} onTime=0
E/WifiStateMachine(  449): wifi setScanResults statecom.android.server.wifi.WifiStateMachine$DisconnectedState@3508e895 sup_state=SCANNING debouncing=false mConnectionRequests=1 selection=<none>
E/WifiStateMachine(  449): startDelayedScan send -> 18 milli 10000
E/WifiStateMachine(  449): [1,293,883,714,171 ms] noteScanstart no scan source uid -2
D/PowerManagerService(  449): screen time out
E/Lights  (  449): write_int failed to open /sys/class/backlight/rk28_bl/brightness
E/Lights  (  449): write_int failed to open /sys/class/backlight/rk28_bl/brightness
E/Lights  (  449): write_int failed to open /sys/class/backlight/rk28_bl/brightness
E/Lights  (  449): write_int failed to open /sys/class/backlight/rk28_bl/brightness
E/Lights  (  449): write_int failed to open /sys/class/backlight/rk28_bl/brightness
E/Lights  (  449): write_int failed to open /sys/class/backlight/rk28_bl/brightness
E/Lights  (  449): write_int failed to open /sys/class/backlight/rk28_bl/brightness
E/Lights  (  449): write_int failed to open /sys/class/backlight/rk28_bl/brightness
E/Lights  (  449): write_int failed to open /sys/class/backlight/rk28_bl/brightness
E/Lights  (  449): write_int failed to open /sys/class/backlight/rk28_bl/brightness
E/Lights  (  449): write_int failed to open /sys/class/backlight/rk28_bl/brightness
E/Lights  (  449): write_int failed to open /sys/class/backlight/rk28_bl/brightness
E/Lights  (  449): write_int failed to open /sys/class/backlight/rk28_bl/brightness
E/Lights  (  449): write_int failed to open /sys/class/backlight/rk28_bl/brightness
E/Lights  (  449): write_int failed to open /sys/class/backlight/rk28_bl/brightness
E/Lights  (  449): write_int failed to open /sys/class/backlight/rk28_bl/brightness
E/Lights  (  449): write_int failed to open /sys/class/backlight/rk28_bl/brightness
E/Lights  (  449): write_int failed to open /sys/class/backlight/rk28_bl/brightness
E/Lights  (  449): write_int failed to open /sys/class/backlight/rk28_bl/brightness
E/Lights  (  449): write_int failed to open /sys/class/backlight/rk28_bl/brightness
E/Lights  (  449): write_int failed to open /sys/class/backlight/rk28_bl/brightness
E/Lights  (  449): write_int failed to open /sys/class/backlight/rk28_bl/brightness
E/Lights  (  449): write_int failed to open /sys/class/backlight/rk28_bl/brightness
E/Lights  (  449): write_int failed to open /sys/class/backlight/rk28_bl/brightness
E/Lights  (  449): write_int failed to open /sys/class/backlight/rk28_bl/brightness
E/Lights  (  449): write_int failed to open /sys/class/backlight/rk28_bl/brightness
E/Lights  (  449): write_int failed to open /sys/class/backlight/rk28_bl/brightness
E/Lights  (  449): write_int failed to open /sys/class/backlight/rk28_bl/brightness
E/Lights  (  449): write_int failed to open /sys/class/backlight/rk28_bl/brightness
E/Lights  (  449): write_int failed to open /sys/class/backlight/rk28_bl/brightness
E/Lights  (  449): write_int failed to open /sys/class/backlight/rk28_bl/brightness
E/Lights  (  449): write_int failed to open /sys/class/backlight/rk28_bl/brightness
E/Lights  (  449): write_int failed to open /sys/class/backlight/rk28_bl/brightness
E/Lights  (  449): write_int failed to open /sys/class/backlight/rk28_bl/brightness
E/Lights  (  449): write_int failed to open /sys/class/backlight/rk28_bl/brightness
E/Lights  (  449): write_int failed to open /sys/class/backlight/rk28_bl/brightness
E/Lights  (  449): write_int failed to open /sys/class/backlight/rk28_bl/brightness
E/Lights  (  449): write_int failed to open /sys/class/backlight/rk28_bl/brightness
E/Lights  (  449): write_int failed to open /sys/class/backlight/rk28_bl/brightness
E/Lights  (  449): write_int failed to open /sys/class/backlight/rk28_bl/brightness
E/Lights  (  449): write_int failed to open /sys/class/backlight/rk28_bl/brightness
E/Lights  (  449): write_int failed to open /sys/class/backlight/rk28_bl/brightness
E/WifiStateMachine(  449): [1,293,883,716,579 ms] noteScanEnd no scan source onTime=0
E/Lights  (  449): write_int failed to open /sys/class/backlight/rk28_bl/brightness
E/WifiStateMachine(  449): wifi setScanResults statecom.android.server.wifi.WifiStateMachine$DisconnectedState@3508e895 sup_state=SCANNING debouncing=false mConnectionRequests=1 selection=<none>
E/Lights  (  449): write_int failed to open /sys/class/backlight/rk28_bl/brightness
E/Lights  (  449): write_int failed to open /sys/class/backlight/rk28_bl/brightness
E/Lights  (  449): write_int failed to open /sys/class/backlight/rk28_bl/brightness
E/Lights  (  449): write_int failed to open /sys/class/backlight/rk28_bl/brightness
E/Lights  (  449): write_int failed to open /sys/class/backlight/rk28_bl/brightness
E/Lights  (  449): write_int failed to open /sys/class/backlight/rk28_bl/brightness
E/Lights  (  449): write_int failed to open /sys/class/backlight/rk28_bl/brightness
E/Lights  (  449): write_int failed to open /sys/class/backlight/rk28_bl/brightness
E/Lights  (  449): write_int failed to open /sys/class/backlight/rk28_bl/brightness
E/Lights  (  449): write_int failed to open /sys/class/backlight/rk28_bl/brightness
E/Lights  (  449): write_int failed to open /sys/class/backlight/rk28_bl/brightness
E/Lights  (  449): write_int failed to open /sys/class/backlight/rk28_bl/brightness
E/Lights  (  449): write_int failed to open /sys/class/backlight/rk28_bl/brightness
E/Lights  (  449): write_int failed to open /sys/class/backlight/rk28_bl/brightness
E/Lights  (  449): write_int failed to open /sys/class/backlight/rk28_bl/brightness
E/WifiStateMachine(  449): [1,293,883,718,444 ms] noteScanstart no scan source uid 1000
E/WifiStateMachine(  449): [1,293,883,720,849 ms] noteScanEnd WorkSource{1000} onTime=0
E/WifiStateMachine(  449): wifi setScanResults statecom.android.server.wifi.WifiStateMachine$DisconnectedState@3508e895 sup_state=SCANNING debouncing=false mConnectionRequests=1 selection=<none>
E/WifiStateMachine(  449): startDelayedScan send -> 19 milli 10000
E/WifiStateMachine(  449): [1,293,883,724,176 ms] noteScanstart no scan source uid -2
E/WifiStateMachine(  449): [1,293,883,726,587 ms] noteScanEnd no scan source onTime=0
E/WifiStateMachine(  449): wifi setScanResults statecom.android.server.wifi.WifiStateMachine$DisconnectedState@3508e895 sup_state=SCANNING debouncing=false mConnectionRequests=1 selection=<none>
E/WifiStateMachine(  449): [1,293,883,728,448 ms] noteScanstart no scan source uid 1000
E/WifiStateMachine(  449): [1,293,883,730,856 ms] noteScanEnd WorkSource{1000} onTime=0
E/WifiStateMachine(  449): wifi setScanResults statecom.android.server.wifi.WifiStateMachine$DisconnectedState@3508e895 sup_state=SCANNING debouncing=false mConnectionRequests=1 selection=<none>
E/WifiStateMachine(  449): [1,293,883,734,172 ms] noteScanstart no scan source uid -1
E/WifiStateMachine(  449): startDelayedScan send -> 20 milli 10000
E/WifiStateMachine(  449): [1,293,883,736,580 ms] noteScanEnd no scan source onTime=0
E/WifiStateMachine(  449): wifi setScanResults statecom.android.server.wifi.WifiStateMachine$DisconnectedState@3508e895 sup_state=SCANNING debouncing=false mConnectionRequests=1 selection=<none>
E/WifiStateMachine(  449): [1,293,883,738,454 ms] noteScanstart no scan source uid 1000
D/PowerManagerService(  449): LockScreenOff10
D/PowerManagerService(  449): LockScreenOff10
E/Lights  (  449): write_int failed to open /sys/class/backlight/rk28_bl/brightness
E/Lights  (  449): write_int failed to open /sys/class/backlight/rk28_bl/brightness
E/Lights  (  449): write_int failed to open /sys/class/backlight/rk28_bl/brightness
E/Lights  (  449): write_int failed to open /sys/class/backlight/rk28_bl/brightness
E/Lights  (  449): write_int failed to open /sys/class/backlight/rk28_bl/brightness
E/Lights  (  449): write_int failed to open /sys/class/backlight/rk28_bl/brightness
E/Lights  (  449): write_int failed to open /sys/class/backlight/rk28_bl/brightness
E/Lights  (  449): write_int failed to open /sys/class/backlight/rk28_bl/brightness
E/Lights  (  449): write_int failed to open /sys/class/backlight/rk28_bl/brightness
E/Lights  (  449): write_int failed to open /sys/class/backlight/rk28_bl/brightness
E/Lights  (  449): write_int failed to open /sys/class/backlight/rk28_bl/brightness
E/Lights  (  449): write_int failed to open /sys/class/backlight/rk28_bl/brightness
E/Lights  (  449): write_int failed to open /sys/class/backlight/rk28_bl/brightness
E/Lights  (  449): write_int failed to open /sys/class/backlight/rk28_bl/brightness
E/Lights  (  449): write_int failed to open /sys/class/backlight/rk28_bl/brightness
E/Lights  (  449): write_int failed to open /sys/class/backlight/rk28_bl/brightness
E/Lights  (  449): write_int failed to open /sys/class/backlight/rk28_bl/brightness
E/Lights  (  449): write_int failed to open /sys/class/backlight/rk28_bl/brightness
D/UserManager( 1085): ---getMaxSupportedUsers,we has UMS,force disabled M-user---
E/Lights  (  449): write_int failed to open /sys/class/backlight/rk28_bl/brightness
E/Lights  (  449): write_int failed to open /sys/class/backlight/rk28_bl/brightness
E/Lights  (  449): write_int failed to open /sys/class/backlight/rk28_bl/brightness
E/Lights  (  449): write_int failed to open /sys/class/backlight/rk28_bl/brightness
E/Lights  (  449): write_int failed to open /sys/class/backlight/rk28_bl/brightness
D/DashboardSummary( 1085): rebuildUI took: 78 ms
E/Lights  (  449): write_int failed to open /sys/class/backlight/rk28_bl/brightness
E/Lights  (  449): write_int failed to open /sys/class/backlight/rk28_bl/brightness
E/Lights  (  449): write_int failed to open /sys/class/backlight/rk28_bl/brightness
E/Lights  (  449): write_int failed to open /sys/class/backlight/rk28_bl/brightness
E/Lights  (  449): write_int failed to open /sys/class/backlight/rk28_bl/brightness
E/Lights  (  449): write_int failed to open /sys/class/backlight/rk28_bl/brightness
E/Lights  (  449): write_int failed to open /sys/class/backlight/rk28_bl/brightness
E/Lights  (  449): write_int failed to open /sys/class/backlight/rk28_bl/brightness
E/Lights  (  449): write_int failed to open /sys/class/backlight/rk28_bl/brightness
E/Lights  (  449): write_int failed to open /sys/class/backlight/rk28_bl/brightness
E/Lights  (  449): write_int failed to open /sys/class/backlight/rk28_bl/brightness
E/Lights  (  449): write_int failed to open /sys/class/backlight/rk28_bl/brightness
E/Lights  (  449): write_int failed to open /sys/class/backlight/rk28_bl/brightness
I/art     ( 1085): Explicit concurrent mark sweep GC freed 27557(1881KB) AllocSpace objects, 0(0B) LOS objects, 40% free, 5MB/9MB, paused 718us total 60.774ms
E/Lights  (  449): write_int failed to open /sys/class/backlight/rk28_bl/brightness
E/Lights  (  449): write_int failed to open /sys/class/backlight/rk28_bl/brightness
E/Lights  (  449): write_int failed to open /sys/class/backlight/rk28_bl/brightness
E/Lights  (  449): write_int failed to open /sys/class/backlight/rk28_bl/brightness
I/art     ( 1085): Explicit concurrent mark sweep GC freed 12625(968KB) AllocSpace objects, 0(0B) LOS objects, 40% free, 4MB/7MB, paused 485us total 22.509ms
E/Lights  (  449): write_int failed to open /sys/class/backlight/rk28_bl/brightness
I/art     ( 1085): Explicit concurrent mark sweep GC freed 3(96B) AllocSpace objects, 0(0B) LOS objects, 40% free, 4MB/7MB, paused 426us total 19.212ms
E/Lights  (  449): write_int failed to open /sys/class/backlight/rk28_bl/brightness
E/Lights  (  449): write_int failed to open /sys/class/backlight/rk28_bl/brightness
E/Lights  (  449): write_int failed to open /sys/class/backlight/rk28_bl/brightness
E/Lights  (  449): write_int failed to open /sys/class/backlight/rk28_bl/brightness
E/Lights  (  449): write_int failed to open /sys/class/backlight/rk28_bl/brightness
E/Lights  (  449): write_int failed to open /sys/class/backlight/rk28_bl/brightness
E/Lights  (  449): write_int failed to open /sys/class/backlight/rk28_bl/brightness
E/Lights  (  449): write_int failed to open /sys/class/backlight/rk28_bl/brightness
E/Lights  (  449): write_int failed to open /sys/class/backlight/rk28_bl/brightness
E/Lights  (  449): write_int failed to open /sys/class/backlight/rk28_bl/brightness
E/Lights  (  449): write_int failed to open /sys/class/backlight/rk28_bl/brightness
E/Lights  (  449): write_int failed to open /sys/class/backlight/rk28_bl/brightness
E/Lights  (  449): write_int failed to open /sys/class/backlight/rk28_bl/brightness
E/Lights  (  449): write_int failed to open /sys/class/backlight/rk28_bl/brightness
E/Lights  (  449): write_int failed to open /sys/class/backlight/rk28_bl/brightness
E/Lights  (  449): write_int failed to open /sys/class/backlight/rk28_bl/brightness
E/Lights  (  449): write_int failed to open /sys/class/backlight/rk28_bl/brightness
D/PowerManagerService(  449): LockScreenOff10
D/PowerManagerService(  449): LockScreenOff10
[  347.898268] win[2]->area[1],not support scale
[  347.898304] xact=20,yact=28,xsize=21,ysize=28
D/PowerManagerService(  449): LockScreenOff10
E/WifiStateMachine(  449): [1,293,883,740,848 ms] noteScanEnd WorkSource{1000} onTime=0
E/WifiStateMachine(  449): wifi setScanResults statecom.android.server.wifi.WifiStateMachine$DisconnectedState@3508e895 sup_state=SCANNING debouncing=false mConnectionRequests=1 selection=<none>
D/PowerManagerService(  449): LockScreenOff10
D/PowerManagerService(  449): LockScreenOff10
D/PowerManagerService(  449): LockScreenOff10
I/ActivityManager(  449): START u0 {act=android.intent.action.MAIN cmp=com.android.settings/.SubSettings (has extras)} from uid 1000 on display 0
W/AudioTrack(  449): AUDIO_OUTPUT_FLAG_FAST denied by client
V/WindowManager(  449): addAppToken: AppWindowToken{2d9ad56 token=Token{259cfb71 ActivityRecord{30e09518 u0 com.android.settings/.SubSettings t6}}} to stack=1 task=6 at 1
W/AppOps  (  449): Bad call: specified package media under uid 1000 but it is really 1013
W/AppOps  (  449): Bad call: specified package media under uid 1000 but it is really 1013
D/AudioHardwareTiny(  161): start_output_stream
D/AudioHardwareTiny(  161): Audio HAL start_output_stream  out->device = 0x80400
D/SubSettings( 1085): Launching fragment com.android.settings.wifi.WifiSettings
V/WindowManager(  449): Adding window Window{266b8cf4 u0 com.android.settings/com.android.settings.SubSettings} at 3 of 8 (after Window{1a4807b5 u0 com.android.settings/com.android.settings.Settings})
I/InputDispatcher(  449): Dropping event because there is no touchable window at (272, 187).
I/InputDispatcher(  449): Dropping event because there is no touchable window at (272, 186).
I/InputDispatcher(  449): Dropping event because there is no touchable window at (272, 184).
I/InputDispatcher(  449): Dropping event because there is no touchable window at (272, 183).
I/InputDispatcher(  449): Dropping event because there is no touchable window at (273, 179).
D/Index   ( 1085): Deleting data for locale 'en_US' took 3 millis
D/Index   ( 1085): Indexing locale 'en_US' took 6 millis
I/ActivityManager(  449): Displayed com.android.settings/.SubSettings: +161ms
E/WifiStateMachine(  449): [1,293,883,741,980 ms] noteScanstart no scan source uid 1000
D/Index   ( 1085): Deleting data for locale 'en_US' took 2 millis
D/Index   ( 1085): Indexing locale 'en_US' took 5 millis
D/OpenGLRenderer( 1085): endAllStagingAnimators on 0xb89add30 (RippleDrawable) with handle 0xb87c2738
W/AppOps  (  449): Bad call: specified package media under uid 1000 but it is really 1013
D/PowerManagerService(  449): LockScreenOff10
D/PowerManagerService(  449): LockScreenOff10
D/PowerManagerService(  449): LockScreenOff10
E/blb     ( 1085): ----------------------------------------------------------------------------------FragmentManager{2d694d35 in WifiSettings{175a35ca}}
W/AudioTrack(  449): AUDIO_OUTPUT_FLAG_FAST denied by client
W/AppOps  (  449): Bad call: specified package media under uid 1000 but it is really 1013
D/PowerManagerService(  449): LockScreenOff10
V/WindowManager(  449): not Base app: Adding window Window{7fe3fbf u0 AMPAK_WIFI_2.4G} at 4 of 9
W/AppOps  (  449): Bad call: specified package media under uid 1000 but it is really 1013
D/PowerManagerService(  449): LockScreenOff10
D/PowerManagerService(  449): LockScreenOff10
E/WifiStateMachine(  449): startDelayedScan send -> 21 milli 10000
E/WifiStateMachine(  449): [1,293,883,744,381 ms] noteScanEnd WorkSource{1000} onTime=0
E/WifiStateMachine(  449): wifi setScanResults statecom.android.server.wifi.WifiStateMachine$DisconnectedState@3508e895 sup_state=SCANNING debouncing=false mConnectionRequests=1 selection=<none>
D/PowerManagerService(  449): LockScreenOff10
D/PowerManagerService(  449): LockScreenOff10
D/PowerManagerService(  449): LockScreenOff10
D/PowerManagerService(  449): LockScreenOff10
W/InputEventReceiver( 1085): Attempted to finish an input event but the input event receiver has already been disposed.
D/PowerManagerService(  449): LockScreenOff10
D/PowerManagerService(  449): LockScreenOff10
D/PowerManagerService(  449): LockScreenOff10
D/AudioHardwareTiny(  161): close device
W/AppOps  (  449): Bad call: specified package media under uid 1000 but it is really 1013
D/PowerManagerService(  449): LockScreenOff10
D/PowerManagerService(  449): LockScreenOff10
E/blb     ( 1085): ----------------------------------------------------------------------------------FragmentManager{2d694d35 in WifiSettings{175a35ca}}
W/AudioTrack(  449): AUDIO_OUTPUT_FLAG_FAST denied by client
W/AppOps  (  449): Bad call: specified package media under uid 1000 but it is really 1013
W/AppOps  (  449): Bad call: specified package media under uid 1000 but it is really 1013
D/AudioHardwareTiny(  161): start_output_stream
D/AudioHardwareTiny(  161): Audio HAL start_output_stream  out->device = 0x80400
V/WindowManager(  449): not Base app: Adding window Window{2cda8eb6 u0 OD_Tec} at 4 of 9
W/AppOps  (  449): Bad call: specified package media under uid 1000 but it is really 1013
D/PowerManagerService(  449): LockScreenOff10
D/PowerManagerService(  449): LockScreenOff10
D/PowerManagerService(  449): LockScreenOff10
E/WifiStateMachine(  449): [1,293,883,749,178 ms] noteScanstart no scan source uid -1
D/PowerManagerService(  449): LockScreenOff10
D/PowerManagerService(  449): LockScreenOff10
D/PowerManagerService(  449): LockScreenOff10
W/AudioTrack(  449): AUDIO_OUTPUT_FLAG_FAST denied by client
D/OpenGLRenderer( 1085): endAllStagingAnimators on 0xb8a90af8 (RippleDrawable) with handle 0xb8c2d7d0
W/AppOps  (  449): Bad call: specified package media under uid 1000 but it is really 1013
W/AppOps  (  449): Bad call: specified package media under uid 1000 but it is really 1013
D/PowerManagerService(  449): LockScreenOff10
D/PowerManagerService(  449): LockScreenOff10
D/PowerManagerService(  449): LockScreenOff10
E/blb     ( 1085): ----------------------------------------------------------------------------------FragmentManager{2d694d35 in WifiSettings{175a35ca}}
W/AudioTrack(  449): AUDIO_OUTPUT_FLAG_FAST denied by client
W/AppOps  (  449): Bad call: specified package media under uid 1000 but it is really 1013
V/WindowManager(  449): not Base app: Adding window Window{9f8e042 u0 AMPAK_WIFI_2.4G} at 4 of 9
E/WifiStateMachine(  449): [1,293,883,751,589 ms] noteScanEnd no scan source onTime=0
E/WifiStateMachine(  449): wifi setScanResults statecom.android.server.wifi.WifiStateMachine$DisconnectedState@3508e895 sup_state=SCANNING debouncing=false mConnectionRequests=1 selection=<none>
D/PowerManagerService(  449): LockScreenOff10
W/AppOps  (  449): Bad call: specified package media under uid 1000 but it is really 1013
E/WifiStateMachine(  449): [1,293,883,751,981 ms] noteScanstart no scan source uid 1000
D/PowerManagerService(  449): LockScreenOff10
D/PowerManagerService(  449): LockScreenOff10
E/WifiStateMachine(  449): startDelayedScan send -> 22 milli 10000
D/PowerManagerService(  449): LockScreenOff10
D/PowerManagerService(  449): LockScreenOff10
E/WifiStateMachine(  449): [1,293,883,754,374 ms] noteScanEnd WorkSource{1000} onTime=0
E/WifiStateMachine(  449): wifi setScanResults statecom.android.server.wifi.WifiStateMachine$DisconnectedState@3508e895 sup_state=SCANNING debouncing=false mConnectionRequests=1 selection=<none>
W/InputEventReceiver( 1085): Attempted to finish an input event but the input event receiver has already been disposed.
D/AudioHardwareTiny(  161): close device
W/AppOps  (  449): Bad call: specified package media under uid 1000 but it is really 1013
D/PowerManagerService(  449): LockScreenOff10
D/PowerManagerService(  449): LockScreenOff10
D/PowerManagerService(  449): LockScreenOff10
D/PowerManagerService(  449): LockScreenOff10
D/PowerManagerService(  449): LockScreenOff10
[  364.281194] win[2]->area[1],not support scale
[  364.281241] xact=18,yact=28,xsize=19,ysize=28
D/PowerManagerService(  449): LockScreenOff10
D/PowerManagerService(  449): LockScreenOff10
D/PowerManagerService(  449): LockScreenOff10
E/blb     ( 1085): ----------------------------------------------------------------------------------FragmentManager{2d694d35 in WifiSettings{175a35ca}}
W/AudioTrack(  449): AUDIO_OUTPUT_FLAG_FAST denied by client
W/AppOps  (  449): Bad call: specified package media under uid 1000 but it is really 1013
W/AppOps  (  449): Bad call: specified package media under uid 1000 but it is really 1013
D/AudioHardwareTiny(  161): start_output_stream
D/AudioHardwareTiny(  161): Audio HAL start_output_stream  out->device = 0x80400
V/WindowManager(  449): not Base app: Adding window Window{14b8be8e u0 AMPAK_WIFI_2.4G} at 4 of 9
W/AppOps  (  449): Bad call: specified package media under uid 1000 but it is really 1013
D/PowerManagerService(  449): LockScreenOff10
D/PowerManagerService(  449): LockScreenOff10
D/PowerManagerService(  449): LockScreenOff10
D/PowerManagerService(  449): LockScreenOff10
D/PowerManagerService(  449): LockScreenOff10
D/PowerManagerService(  449): LockScreenOff10
D/PowerManagerService(  449): LockScreenOff10
D/PowerManagerService(  449): LockScreenOff10
D/PowerManagerService(  449): LockScreenOff10
D/AudioHardwareTiny(  161): close device
W/AppOps  (  449): Bad call: specified package media under uid 1000 but it is really 1013
E/WifiStateMachine(  449): [1,293,883,762,000 ms] noteScanstart no scan source uid 1000
D/PowerManagerService(  449): LockScreenOff10
D/PowerManagerService(  449): LockScreenOff10
D/PowerManagerService(  449): LockScreenOff10
D/PowerManagerService(  449): LockScreenOff10
D/PowerManagerService(  449): LockScreenOff10
D/PowerManagerService(  449): LockScreenOff10
D/PowerManagerService(  449): LockScreenOff10
D/PowerManagerService(  449): LockScreenOff10
E/WifiStateMachine(  449): startDelayedScan send -> 23 milli 10000
E/WifiStateMachine(  449): [1,293,883,764,414 ms] noteScanEnd WorkSource{1000} onTime=0
E/WifiStateMachine(  449): wifi setScanResults statecom.android.server.wifi.WifiStateMachine$DisconnectedState@3508e895 sup_state=SCANNING debouncing=false mConnectionRequests=1 selection=<none>
D/PowerManagerService(  449): LockScreenOff10
E/WifiStateMachine(  449): [1,293,883,772,002 ms] noteScanstart no scan source uid 1000
D/PowerManagerService(  449): LockScreenOff10
D/PowerManagerService(  449): LockScreenOff10
E/WifiStateMachine(  449): startDelayedScan send -> 24 milli 10000
D/PowerManagerService(  449): LockScreenOff10
E/WifiStateMachine(  449): [1,293,883,774,410 ms] noteScanEnd WorkSource{1000} onTime=0
E/WifiStateMachine(  449): wifi setScanResults statecom.android.server.wifi.WifiStateMachine$DisconnectedState@3508e895 sup_state=SCANNING debouncing=false mConnectionRequests=1 selection=<none>
E/WifiStateMachine(  449): [1,293,883,779,190 ms] noteScanstart no scan source uid -1
E/WifiStateMachine(  449): [1,293,883,781,595 ms] noteScanEnd no scan source onTime=0
E/WifiStateMachine(  449): wifi setScanResults statecom.android.server.wifi.WifiStateMachine$DisconnectedState@3508e895 sup_state=SCANNING debouncing=false mConnectionRequests=1 selection=<none>
E/WifiStateMachine(  449): [1,293,883,782,004 ms] noteScanstart no scan source uid 1000
E/WifiStateMachine(  449): startDelayedScan send -> 25 milli 10000
D/PowerManagerService(  449): screen time out
E/Lights  (  449): write_int failed to open /sys/class/backlight/rk28_bl/brightness
E/Lights  (  449): write_int failed to open /sys/class/backlight/rk28_bl/brightness
E/Lights  (  449): write_int failed to open /sys/class/backlight/rk28_bl/brightness
E/Lights  (  449): write_int failed to open /sys/class/backlight/rk28_bl/brightness
E/Lights  (  449): write_int failed to open /sys/class/backlight/rk28_bl/brightness
E/WifiStateMachine(  449): [1,293,883,784,410 ms] noteScanEnd WorkSource{1000} onTime=0
E/WifiStateMachine(  449): wifi setScanResults statecom.android.server.wifi.WifiStateMachine$DisconnectedState@3508e895 sup_state=SCANNING debouncing=false mConnectionRequests=1 selection=<none>
E/Lights  (  449): write_int failed to open /sys/class/backlight/rk28_bl/brightness
