D/PowerManagerService(  449): screen time out
E/Lights  (  449): write_int failed to open /sys/class/backlight/rk28_bl/brightness
E/Lights  (  449): write_int failed to open /sys/class/backlight/rk28_bl/brightness
E/Lights  (  449): write_int failed to open /sys/class/backlight/rk28_bl/brightness
E/Lights  (  449): write_int failed to open /sys/class/backlight/rk28_bl/brightness
E/Lights  (  449): write_int failed to open /sys/class/backlight/rk28_bl/brightness
E/Lights  (  449): write_int failed to open /sys/class/backlight/rk28_bl/brightness
E/Lights  (  449): write_int failed to open /sys/class/backlight/rk28_bl/brightness
E/Lights  (  449): write_int failed to open /sys/class/backlight/rk28_bl/brightness
E/Lights  (  449): write_int failed to open /sys/class/backlight/rk28_bl/brightness
E/Lights  (  449): write_int failed to open /sys/class/backlight/rk28_bl/brightness
E/Lights  (  449): write_int failed to open /sys/class/backlight/rk28_bl/brightness
E/Lights  (  449): write_int failed to open /sys/class/backlight/rk28_bl/brightness
E/Lights  (  449): write_int failed to open /sys/class/backlight/rk28_bl/brightness
E/Lights  (  449): write_int failed to open /sys/class/backlight/rk28_bl/brightness
E/Lights  (  449): write_int failed to open /sys/class/backlight/rk28_bl/brightness
E/Lights  (  449): write_int failed to open /sys/class/backlight/rk28_bl/brightness
E/Lights  (  449): write_int failed to open /sys/class/backlight/rk28_bl/brightness
E/Lights  (  449): write_int failed to open /sys/class/backlight/rk28_bl/brightness
E/Lights  (  449): write_int failed to open /sys/class/backlight/rk28_bl/brightness
E/Lights  (  449): write_int failed to open /sys/class/backlight/rk28_bl/brightness
E/Lights  (  449): write_int failed to open /sys/class/backlight/rk28_bl/brightness
E/Lights  (  449): write_int failed to open /sys/class/backlight/rk28_bl/brightness
E/Lights  (  449): write_int failed to open /sys/class/backlight/rk28_bl/brightness
E/Lights  (  449): write_int failed to open /sys/class/backlight/rk28_bl/brightness
E/Lights  (  449): write_int failed to open /sys/class/backlight/rk28_bl/brightness
E/Lights  (  449): write_int failed to open /sys/class/backlight/rk28_bl/brightness
E/Lights  (  449): write_int failed to open /sys/class/backlight/rk28_bl/brightness
E/Lights  (  449): write_int failed to open /sys/class/backlight/rk28_bl/brightness
E/Lights  (  449): write_int failed to open /sys/class/backlight/rk28_bl/brightness
E/Lights  (  449): write_int failed to open /sys/class/backlight/rk28_bl/brightness
E/Lights  (  449): write_int failed to open /sys/class/backlight/rk28_bl/brightness
E/Lights  (  449): write_int failed to open /sys/class/backlight/rk28_bl/brightness
E/Lights  (  449): write_int failed to open /sys/class/backlight/rk28_bl/brightness
E/Lights  (  449): write_int failed to open /sys/class/backlight/rk28_bl/brightness
E/Lights  (  449): write_int failed to open /sys/class/backlight/rk28_bl/brightness
E/Lights  (  449): write_int failed to open /sys/class/backlight/rk28_bl/brightness
E/Lights  (  449): write_int failed to open /sys/class/backlight/rk28_bl/brightness
E/Lights  (  449): write_int failed to open /sys/class/backlight/rk28_bl/brightness
E/Lights  (  449): write_int failed to open /sys/class/backlight/rk28_bl/brightness
E/Lights  (  449): write_int failed to open /sys/class/backlight/rk28_bl/brightness
E/Lights  (  449): write_int failed to open /sys/class/backlight/rk28_bl/brightness
E/Lights  (  449): write_int failed to open /sys/class/backlight/rk28_bl/brightness
E/Lights  (  449): write_int failed to open /sys/class/backlight/rk28_bl/brightness
E/Lights  (  449): write_int failed to open /sys/class/backlight/rk28_bl/brightness
E/Lights  (  449): write_int failed to open /sys/class/backlight/rk28_bl/brightness
E/Lights  (  449): write_int failed to open /sys/class/backlight/rk28_bl/brightness
E/Lights  (  449): write_int failed to open /sys/class/backlight/rk28_bl/brightness
E/Lights  (  449): write_int failed to open /sys/class/backlight/rk28_bl/brightness
E/Lights  (  449): write_int failed to open /sys/class/backlight/rk28_bl/brightness
E/Lights  (  449): write_int failed to open /sys/class/backlight/rk28_bl/brightness
E/Lights  (  449): write_int failed to open /sys/class/backlight/rk28_bl/brightness
E/Lights  (  449): write_int failed to open /sys/class/backlight/rk28_bl/brightness
E/Lights  (  449): write_int failed to open /sys/class/backlight/rk28_bl/brightness
E/Lights  (  449): write_int failed to open /sys/class/backlight/rk28_bl/brightness
E/Lights  (  449): write_int failed to open /sys/class/backlight/rk28_bl/brightness
E/Lights  (  449): write_int failed to open /sys/class/backlight/rk28_bl/brightness
E/Lights  (  449): write_int failed to open /sys/class/backlight/rk28_bl/brightness
E/Lights  (  449): write_int failed to open /sys/class/backlight/rk28_bl/brightness
D/PowerManagerService(  449): LockScreenOff10
E/Lights  (  449): write_int failed to open /sys/class/backlight/rk28_bl/brightness
E/Lights  (  449): write_int failed to open /sys/class/backlight/rk28_bl/brightness
E/Lights  (  449): write_int failed to open /sys/class/backlight/rk28_bl/brightness
E/Lights  (  449): write_int failed to open /sys/class/backlight/rk28_bl/brightness
E/Lights  (  449): write_int failed to open /sys/class/backlight/rk28_bl/brightness
E/Lights  (  449): write_int failed to open /sys/class/backlight/rk28_bl/brightness
E/Lights  (  449): write_int failed to open /sys/class/backlight/rk28_bl/brightness
E/Lights  (  449): write_int failed to open /sys/class/backlight/rk28_bl/brightness
E/Lights  (  449): write_int failed to open /sys/class/backlight/rk28_bl/brightness
E/Lights  (  449): write_int failed to open /sys/class/backlight/rk28_bl/brightness
E/Lights  (  449): write_int failed to open /sys/class/backlight/rk28_bl/brightness
E/Lights  (  449): write_int failed to open /sys/class/backlight/rk28_bl/brightness
E/Lights  (  449): write_int failed to open /sys/class/backlight/rk28_bl/brightness
E/Lights  (  449): write_int failed to open /sys/class/backlight/rk28_bl/brightness
E/Lights  (  449): write_int failed to open /sys/class/backlight/rk28_bl/brightness
E/Lights  (  449): write_int failed to open /sys/class/backlight/rk28_bl/brightness
E/Lights  (  449): write_int failed to open /sys/class/backlight/rk28_bl/brightness
E/Lights  (  449): write_int failed to open /sys/class/backlight/rk28_bl/brightness
E/Lights  (  449): write_int failed to open /sys/class/backlight/rk28_bl/brightness
E/Lights  (  449): write_int failed to open /sys/class/backlight/rk28_bl/brightness
E/Lights  (  449): write_int failed to open /sys/class/backlight/rk28_bl/brightness
E/Lights  (  449): write_int failed to open /sys/class/backlight/rk28_bl/brightness
E/Lights  (  449): write_int failed to open /sys/class/backlight/rk28_bl/brightness
E/Lights  (  449): write_int failed to open /sys/class/backlight/rk28_bl/brightness
E/Lights  (  449): write_int failed to open /sys/class/backlight/rk28_bl/brightness
E/Lights  (  449): write_int failed to open /sys/class/backlight/rk28_bl/brightness
E/Lights  (  449): write_int failed to open /sys/class/backlight/rk28_bl/brightness
E/Lights  (  449): write_int failed to open /sys/class/backlight/rk28_bl/brightness
E/Lights  (  449): write_int failed to open /sys/class/backlight/rk28_bl/brightness
E/Lights  (  449): write_int failed to open /sys/class/backlight/rk28_bl/brightness
E/Lights  (  449): write_int failed to open /sys/class/backlight/rk28_bl/brightness
D/PowerManagerService(  449): LockScreenOff10
E/Lights  (  449): write_int failed to open /sys/class/backlight/rk28_bl/brightness
E/Lights  (  449): write_int failed to open /sys/class/backlight/rk28_bl/brightness
E/Lights  (  449): write_int failed to open /sys/class/backlight/rk28_bl/brightness
E/Lights  (  449): write_int failed to open /sys/class/backlight/rk28_bl/brightness
E/Lights  (  449): write_int failed to open /sys/class/backlight/rk28_bl/brightness
E/Lights  (  449): write_int failed to open /sys/class/backlight/rk28_bl/brightness
E/Lights  (  449): write_int failed to open /sys/class/backlight/rk28_bl/brightness
E/Lights  (  449): write_int failed to open /sys/class/backlight/rk28_bl/brightness
E/Lights  (  449): write_int failed to open /sys/class/backlight/rk28_bl/brightness
E/Lights  (  449): write_int failed to open /sys/class/backlight/rk28_bl/brightness
E/Lights  (  449): write_int failed to open /sys/class/backlight/rk28_bl/brightness
E/Lights  (  449): write_int failed to open /sys/class/backlight/rk28_bl/brightness
E/Lights  (  449): write_int failed to open /sys/class/backlight/rk28_bl/brightness
E/Lights  (  449): write_int failed to open /sys/class/backlight/rk28_bl/brightness
E/Lights  (  449): write_int failed to open /sys/class/backlight/rk28_bl/brightness
E/Lights  (  449): write_int failed to open /sys/class/backlight/rk28_bl/brightness
E/Lights  (  449): write_int failed to open /sys/class/backlight/rk28_bl/brightness
E/Lights  (  449): write_int failed to open /sys/class/backlight/rk28_bl/brightness
E/Lights  (  449): write_int failed to open /sys/class/backlight/rk28_bl/brightness
E/Lights  (  449): write_int failed to open /sys/class/backlight/rk28_bl/brightness
E/Lights  (  449): write_int failed to open /sys/class/backlight/rk28_bl/brightness
E/Lights  (  449): write_int failed to open /sys/class/backlight/rk28_bl/brightness
E/Lights  (  449): write_int failed to open /sys/class/backlight/rk28_bl/brightness
E/Lights  (  449): write_int failed to open /sys/class/backlight/rk28_bl/brightness
E/Lights  (  449): write_int failed to open /sys/class/backlight/rk28_bl/brightness
E/Lights  (  449): write_int failed to open /sys/class/backlight/rk28_bl/brightness
E/Lights  (  449): write_int failed to open /sys/class/backlight/rk28_bl/brightness
D/PowerManagerService(  449): LockScreenOff10
D/PowerManagerService(  449): LockScreenOff10
D/PowerManagerService(  449): LockScreenOff10
D/PowerManagerService(  449): LockScreenOff10
D/PowerManagerService(  449): LockScreenOff10
D/PowerManagerService(  449): LockScreenOff10
I/ActivityManager(  449): START u0 {act=android.intent.action.MAIN cmp=com.android.settings/.SubSettings (has extras)} from uid 1000 on display 0
W/AudioTrack(  449): AUDIO_OUTPUT_FLAG_FAST denied by client
V/WindowManager(  449): addAppToken: AppWindowToken{23f72e69 token=Token{3c7858f0 ActivityRecord{37070d33 u0 com.android.settings/.SubSettings t6}}} to stack=1 task=6 at 1
W/AppOps  (  449): Bad call: specified package media under uid 1000 but it is really 1013
W/AppOps  (  449): Bad call: specified package media under uid 1000 but it is really 1013
D/AudioHardwareTiny(  161): start_output_stream
D/AudioHardwareTiny(  161): Audio HAL start_output_stream  out->device = 0x80400
I/InputDispatcher(  449): Dropping event because there is no touchable window at (264, 175).
I/InputDispatcher(  449): Dropping event because there is no touchable window at (264, 174).
I/InputDispatcher(  449): Dropping event because there is no touchable window at (265, 174).
D/SubSettings( 1085): Launching fragment com.android.settings.wifi.WifiSettings
I/InputDispatcher(  449): Dropping event because there is no touchable window at (266, 174).
I/InputDispatcher(  449): Dropping event because there is no touchable window at (267, 174).
I/InputDispatcher(  449): Dropping event because there is no touchable window at (269, 174).
I/InputDispatcher(  449): Dropping event because there is no touchable window at (271, 174).
D/WifiService(  449): New client listening to asynchronous messages
I/InputDispatcher(  449): Dropping event because there is no touchable window at (273, 174).
I/InputDispatcher(  449): Dropping event because there is no touchable window at (276, 174).
I/InputDispatcher(  449): Dropping event because there is no touchable window at (278, 174).
I/InputDispatcher(  449): Dropping event because there is no touchable window at (279, 174).
I/InputDispatcher(  449): Dropping event because there is no touchable window at (282, 174).
V/WindowManager(  449): Adding window Window{3a7b47f u0 com.android.settings/com.android.settings.SubSettings} at 3 of 8 (after Window{1a4807b5 u0 com.android.settings/com.android.settings.Settings})
I/InputDispatcher(  449): Dropping event because there is no touchable window at (285, 175).
I/InputDispatcher(  449): Dropping event because there is no touchable window at (287, 176).
I/InputDispatcher(  449): Dropping event because there is no touchable window at (289, 176).
I/InputDispatcher(  449): Dropping event because there is no touchable window at (293, 177).
D/Index   ( 1085): Deleting data for locale 'en_US' took 6 millis
D/Index   ( 1085): Indexing locale 'en_US' took 10 millis
I/ActivityManager(  449): Displayed com.android.settings/.SubSettings: +194ms
D/Index   ( 1085): Deleting data for locale 'en_US' took 2 millis
D/Index   ( 1085): Indexing locale 'en_US' took 3 millis
D/OpenGLRenderer( 1085): endAllStagingAnimators on 0xb86d1548 (RippleDrawable) with handle 0xb8836a78
W/AppOps  (  449): Bad call: specified package media under uid 1000 but it is really 1013
D/PowerManagerService(  449): LockScreenOff10
D/PowerManagerService(  449): LockScreenOff10
D/PowerManagerService(  449): LockScreenOff10
D/PowerManagerService(  449): LockScreenOff10
D/PowerManagerService(  449): LockScreenOff10
D/PowerManagerService(  449): LockScreenOff10
D/WifiService(  449): setWifiEnabled: true pid=1085, uid=1000
E/WifiService(  449): Invoking mWifiStateMachine.setWifiEnabled
E/WifiStateMachine(  449): setting operational mode to 1
[  163.423706] Current WiFi chip is AP6210.
[  163.423889] Current WiFi chip is AP6210.
D/RkWifiCtrl(  449): check_wifi_preload: Wifi driver is preload when bootup.
D/RkWifiCtrl(  157): check_wifi_chip_type_string: AP6210
D/RkWifiCtrl(  157): check_wifi_chip_type_string: AP6210
D/SoftapController(  157): Softap fwReload - Ok
W/AudioTrack(  449): AUDIO_OUTPUT_FLAG_FAST denied by client
D/CommandListener(  157): Setting iface cfg
D/CommandListener(  157): Trying to bring down wlan0
D/CommandListener(  157): Clearing all IP addresses on wlan0
E/WifiMonitor(  449): killSupplicant p2ptrue init.svc.wpa_supplicant=unknown init.svc.p2p_supplicant=unknown
D/RkWifiCtrl(  449): check_wifi_chip_type_string: AP6210
D/RkWifiCtrl(  449): Kernel version is 3.10.
W/AppOps  (  449): Bad call: specified package media under uid 1000 but it is really 1013
D/RkWifiCtrl(  449): Kernel version is 3.10.
D/WifiHW  (  449): wifi_start_supplicant: p2p_supplicant
I/wpa_supplicant( 1367): Successfully initialized wpa_supplicant[  163.432419] Current WiFi chip is AP6210.
[  163.602648] dhd_open: Enter dd688000
[  163.602688] 
[  163.602688] Dongle Host Driver, version 1.201.59.4 (r506368)
[  163.602688] Compiled in drivers/net/wireless/bcmdhd on Aug 26 2015 at 17:46:01
[  163.602713] wl_android_wifi_on in 1
[  163.602723] wl_android_wifi_on in 2: g_wifi_on=0
[  163.602733] wifi_platform_set_power = 1
[  163.602743] ======== PULL WL_REG_ON HIGH! ========
[  163.602753] [WLAN_RFKILL]: rockchip_wifi_power: 1
[  163.602764] [WLAN_RFKILL]: rockchip_wifi_ref_voltage: 1
[  163.602774] [WLAN_RFKILL]: rockchip_wifi_ref_voltage: wifi io reference voltage control is disabled.
: for broadcom wifi
E/WifiStateMachine(  449): setWifiState: enabling
E/WifiStateMachine(  449): Supplicant start successful
D/WifiMonitor(  449): startMonitoring(wlan0) with mConnected = false
W/AppOps  (  449): Bad call: specified package media under uid 1000 but it is really 1013
[  163.702756] [WLAN_RFKILL]: wifi turn on power. 156
[  163.909360] sdio_reset_comm():
[  163.912364] mmc_host mmc2: Bus speed (slot 0) = 50000000Hz (slot req 200000Hz, actual 200000HZ div = 125)
[  163.912397] rk_sdmmc: BOOT dw_mci_setup_bus: argue clk_mmc workaround out 400000Hz for init[mmc2]
[  163.931229] mmc2: queuing unknown CIS tuple 0x80 (2 bytes)
[  163.934279] mmc2: queuing unknown CIS tuple 0x80 (3 bytes)
[  163.937328] mmc2: queuing unknown CIS tuple 0x80 (3 bytes)
[  163.942952] mmc2: queuing unknown CIS tuple 0x80 (7 bytes)
[  164.060731] mmc_host mmc2: Bus speed (slot 0) = 50000000Hz (slot req 50000000Hz, actual 50000000HZ div = 0)
[  164.060935] rk_sdmmc: BOOT dw_mci_setup_bus: argue clk_mmc workaround out normal clock [mmc2]
[  164.062854] 
[  164.062854] 
[  164.062854] dhd_bus_devreset: == WLAN ON ==
[  164.063362] F1 signature read @0x18000000=0x16224335
[  164.074883] F1 signature OK, socitype:0x1 chip:0x4339 rev:0x1 pkg:0x2
[  164.077214] DHD: dongle ram size is set to 786432(orig 786432) at 0x180000
[  164.078320] dhdsdio_probe_init: set use_rxchain 1 from config.txt
[  164.079364] dhd_conf_read_config: Ignore config file /system/etc/firmware/config.txt
[  164.079604] dhd_conf_set_fw_name_by_chip: firmware_path=/system/etc/firmware/fw_bcm4339a0_ag.bin,nv_path=/system/etc/firmware/nvram_AP6335.txt
[  164.079723] Final fw_path=/system/etc/firmware/fw_bcm4339a0_ag.bin
[  164.079789] Final nv_path=/system/etc/firmware/nvram_AP6335.txt
[  164.079866] Final conf_path=/system/etc/firmware/config.txt
[  164.160477] NVRAM version: AP6335_NVRAM_V1.7_04102014
[  164.161183] dhdsdio_write_vars: Download, Upload and compare of NVRAM succeeded.
[  164.333825] dhd_bus_init: enable 0x06, ready 0x06 (waited 0us)
[  164.334066] bcmsdh_oob_intr_register: Enter
[  164.334075] bcmsdh_oob_intr_register: HW_OOB enabled
[  164.334083] bcmsdh_oob_intr_register OOB irq=196 flags=4
[  164.334153] bcmsdh_oob_intr_register: enable_irq_wake
[  164.334891] dhd_conf_set_band: Set band 0
[  164.335050] wifi_platform_get_mac_addr
[  164.335060] ======== bcm_wlan_get_mac_address ========
[  164.335068] [WLAN_RFKILL]: rockchip_wifi_mac_addr: enter.
[  164.335079] [WLAN_RFKILL]: falsh wifi_custom_mac_addr=[00:00:00:00:00:00]
[  164.335086] [WLAN_RFKILL]: This mac address is not valid, ignored...
[  164.344493] Firmware up: op_mode=0x0005, MAC=94:a1:a2:f7:55:c6
[  164.344503] dhd_conf_set_country: Set country CN, revision 38
[  164.389654] Country code: CN (CN/38)
[  164.389863] dhd_conf_set_roam: Set roam_off 1
[  164.391659] dhd_conf_set_txbf: set txbf 1
[  164.399077] Firmware version = wl0: Apr  3 2014 12:12:42 version 6.37.32.28.2_ip (r424058)
[  164.399089]   Driver: 1.201.59.4 (r506368)
[  164.399089]   Firmware: wl0: Apr  3 2014 12:12:42 version 6.37.32.28.2_ip (r424058) 
[  164.399299] dhd_txglom_enable: enable 1
[  164.399308] dhd_conf_set_disable_proptx: set disable_proptx 0
[  164.400348] dhd_wlfc_hostreorder_init(): successful bdcv2 tlv signaling, 64
[  164.403140] wl_android_wifi_on: Success
D/Tethering(  449): sendTetherStateChangedBroadcast 1, 0, 0
E/wpa_supplicant( 1367): Could not read interface p2p-dev-wlan0 [  164.457229] dhd_open: Exit ret=0
[  164.644298] WLC_E_IF: NO_IF set, event Ignored
flags: No such device
E/WifiStateMachine(  449): setSuspendOptimizations: 2 true
E/WifiStateMachine(  449): mSuspendOptNeedsDisabled 0
E/WifiStateMachine(  449): Supplicant connection established
E/WifiStateMachine(  449): setWifiState: enabled
D/WifiConfigStor[  164.676761] Current WiFi chip is AP6210.
e(  449): Loading config and enabling all networks 
E/WifiConfi[  164.683970] dhd_pktfilter_offload_set: failed to add pktfilter 102 0 0 0 0xFFFFFF 0x01005E, retcode = -2
gStore(  449): Error parsing configuration: java.io.FileNotFoundException: /data/misc/wifi/ipconfig.txt: open failed: ENOENT (No such file or directory)
E/WifiConfigStore(  449): readNetworkHistory: No config file, revert to defaultjava.io.FileNotFoundException: /data/misc/wifi/networkHistory.txt: open failed: ENOENT [  164.719174] dhd_set_suspend: Remove extra suspend setting
(No such file or directory)
E/WifiConfigStore(  449): --- Begin wpa_supplicant.conf Contents ---
E/WifiConfigStore(  449): update_config=1
E/WifiConfigStore(  449): eapol_version=1
E/WifiConfigStore(  449): ap_scan=1
E/WifiConfigStore(  449): fast_reauth=1
E/WifiConfigStore(  449): pmf=1
E/WifiConfigStore(  449): --- End wpa_supplicant.conf Contents ---
D/WifiNative-HAL(  449): Setting external_sim to 1
D/WifiStateMachine(  449): Setting OUI to DA-A1-19
I/WifiNative-HAL(  449): startHal
E/wifi    (  449): getStaticLongField sWifiHalHandle 0xaa39088c
I/WifiHAL (  449): Initializing wifi
I/WifiHAL (  449): Creating socket
I/WifiHAL (  449): Initialized Wifi HAL Successfully; vendor cmd = 103
D/wifi    (  449): Did set static halHandle = 0xb87a5fe8
D/wifi    (  449): halHandle = 0xb87a5fe8, mVM = 0xb833f278, mCls = 0x200c22
E/wifi    (  449): getStaticLongField sWifiHalHandle 0xaa39083c
D/wifi    (  449): array field set
I/WifiNative-HAL(  449): interface[0] = wlan0
D/wifi    (  449): setting scan oui 0xb871d810
D/WifiHAL (  449): Sending mac address OUI
E/WifiHAL (  449): failed to set scanning mac OUI; result = -95
E/wpa_supplicant( 1367): check_wifi_chip_type_string: AP6210
E/WifiStateMachine(  449): setDetailed state, old =IDLE and new state=DISCONNECTED hidden=false
I/WifiNative-HAL(  449): Waiting for HAL events mWifiHalHandle=-1199939608
D/wifi    (  449): waitForHalEvents called, vm = 0xb833f278, obj = 0x200c22, env = 0xb87aba00
E/wifi    (  449): getStaticLongField sWifiHalHandle 0xa248ab4c
E/WifiStateMachine(  449): cancelDelayedScan -> 1
D/WifiStateMachine(  449): backgroundScan enabled=false startBackgroundScanIfNeeded:false
E/WifiStateMachine(  449): handleScreenStateChanged Exit: true
D/WifiScanningService(  449): SCAN_AVAILABLE : 3
D/RttService(  449): SCAN_AVAILABLE : 3
D/RttService(  449): DefaultState got{ when=0 what=160512 target=com.android.internal.util.StateMachine$SmHandler }
D/WifiScanningService(  449): DefaultState got{ when=-1ms what=160006 target=com.android.internal.util.StateMachine$SmHandler }
I/WifiNative-HAL(  449): startHal
D/wifi    (  449): getting scan capabilities on interface[0] = 0xb871d810
D/WifiHAL (  449): Creating message to get scan capablities; iface = 4
D/wifi    (  449): failed to get capabilities : -95
E/WifiScanningService(  449): could not get scan capabilities
E/WifiStateMachine(  449): startDelayedScan send -> 2 milli 10000
E/WifiStateMachine(  449): set frequency band 0
D/Index   ( 1085): Deleting data for locale 'en_US' took 3 millis
I/wpa_supplicant( 1367): wlan0: CTRL-EVENT-REGDOM-CHANGE init=USER type=UNKNOWN
E/WifiStateMachine(  449): SUPPLICANT_STATE_CHANGE_EVENT state=DISCONNECTED -> state= DISCONNECTED debouncing=false
E/WifiStateMachine(  449): setDetailed state, old =DISCONNECTED and new state=DISCONNECTED hidden=false
W/CommandListener(  157): Failed to retrieve HW addr for p2p0 (No such device)
D/CommandListener(  157): Setting iface cfg
E/WifiStateMachine(  449): setSuspendOptimizationsNative: 4 false -want true stack:setSuspendOptimizationsNative - access$12900 - processMessage - processMsg
E/native  (  449): do suspend false
E/WifiP2pService(  449): Unable to change interface settings: java.lang.IllegalStateException: command '27 interface setcfg p2p0 0.0.0.0 0 up' failed with '400 27 Failed to set address (No such device)'
D/WifiMonitor(  449): startMonitoring(p2p0) with mConnected = true
D/WifiNative-HAL(  449): p2pGetDeviceAddress
D/WifiNative-HAL(  449): p2pGetDeviceAddress returning 96:a1:a2:f7:55:c6
E/WifiStateMachine(  449): SUPPLICANT_STATE_CHANGE_EVENT state=SCANNING -> state= SCANNING debouncing=false
E/WifiStateMachine(  449): setDetailed state, old =DISCONNECTED and new state=SCANNING hidden=false
E/WifiStateMachine(  449): setDetailed state send new extra info0x
E/wpa_supplicant( 1367): Writing configuration file '/data/misc/wifi/p2p_supplicant.conf.tmp'
E/WifiStateMachine(  449): Turn on scanning after p2p disconnected
D/Index   ( 1085): Indexing locale 'en_US' took 34 millis
E/wpa_supplicant( 1367): Writing configuration file '/data/misc/wifi/wpa_supplicant.conf.tmp'
D/AudioHardwareTiny(  161): close device
W/AppOps  (  449): Bad call: specified package media under uid 1000 but it is really 1013
E/WifiStateMachine(  449): [1,293,883,556,454 ms] noteScanEnd no scan source onTime=0
E/WifiStateMachine(  449): wifi setScanResults statecom.android.server.wifi.WifiStateMachine$DisconnectedState@3508e895 sup_state=SCANNING debouncing=false mConnectionRequests=1 selection=<none>
D/PowerManagerService(  449): LockScreenOff10
D/PowerManagerService(  449): LockScreenOff10
D/PowerManagerService(  449): LockScreenOff10
D/PowerManagerService(  449): LockScreenOff10
E/WifiStateMachine(  449): startDelayedScan send -> 3 milli 10000
E/WifiStateMachine(  449): [1,293,883,564,085 ms] noteScanstart no scan source uid -2
D/PowerManagerService(  449): LockScreenOff10
D/PowerManagerService(  449): LockScreenOff10
D/PowerManagerService(  449): LockScreenOff10
E/blb     ( 1085): ----------------------------------------------------------------------------------FragmentManager{39ac3949 in WifiSettings{1f3ed24e}}
W/AudioTrack(  449): AUDIO_OUTPUT_FLAG_FAST denied by client
W/AppOps  (  449): Bad call: specified package media under uid 1000 but it is really 1013
W/AppOps  (  449): Bad call: specified package media under uid 1000 but it is really 1013
D/AudioHardwareTiny(  161): start_output_stream
D/AudioHardwareTiny(  161): Audio HAL start_output_stream  out->device = 0x80400
V/WindowManager(  449): not Base app: Adding window Window{ee30f50 u0 AMPAK_WIFI_2.4G} at 4 of 9
W/AppOps  (  449): Bad call: specified package media under uid 1000 but it is really 1013
D/PowerManagerService(  449): LockScreenOff10
D/PowerManagerService(  449): LockScreenOff10
E/WifiStateMachine(  449): [1,293,883,566,480 ms] noteScanEnd no scan source onTime=0
E/WifiStateMachine(  449): wifi setScanResults statecom.android.server.wifi.WifiStateMachine$DisconnectedState@3508e895 sup_state=SCANNING debouncing=false mConnectionRequests=1 selection=<none>
D/PowerManagerService(  449): LockScreenOff10
D/PowerManagerService(  449): LockScreenOff10
D/PowerManagerService(  449): LockScreenOff10
D/PowerManagerService(  449): LockScreenOff10
D/AudioHardwareTiny(  161): close device
W/AppOps  (  449): Bad call: specified package media under uid 1000 but it is really 1013
D/PowerManagerService(  449): LockScreenOff10
D/PowerManagerService(  449): LockScreenOff10
E/WifiStateMachine(  449): [1,293,883,569,123 ms] noteScanstart no scan source uid -1
D/PowerManagerService(  449): LockScreenOff10
D/PowerManagerService(  449): LockScreenOff10
D/PowerManagerService(  449): LockScreenOff10
E/WifiStateMachine(  449): [1,293,883,571,536 ms] noteScanEnd no scan source onTime=0
E/WifiStateMachine(  449): wifi setScanResults statecom.android.server.wifi.WifiStateMachine$DisconnectedState@3508e895 sup_state=SCANNING debouncing=false mConnectionRequests=1 selection=<none>
D/PowerManagerService(  449): LockScreenOff10
D/PowerManagerService(  449): LockScreenOff10
D/PowerManagerService(  449): LockScreenOff10
D/PowerManagerService(  449): LockScreenOff10
D/PowerManagerService(  449): LockScreenOff10
D/PowerManagerService(  449): LockScreenOff10
D/PowerManagerService(  449): LockScreenOff10
E/WifiStateMachine(  449): startDelayedScan send -> 4 milli 10000
E/WifiStateMachine(  449): [1,293,883,574,090 ms] noteScanstart no scan source uid -2
D/PowerManagerService(  449): LockScreenOff10
E/WifiStateMachine(  449): [1,293,883,576,497 ms] noteScanEnd no scan source onTime=0
E/WifiStateMachine(  449): wifi setScanResults statecom.android.server.wifi.WifiStateMachine$DisconnectedState@3508e895 sup_state=SCANNING debouncing=false mConnectionRequests=1 selection=<none>
D/PowerManagerService(  449): LockScreenOff10
D/PowerManagerService(  449): LockScreenOff10
D/PowerManagerService(  449): LockScreenOff10
D/PowerManagerService(  449): LockScreenOff10
D/PowerManagerService(  449): LockScreenOff10
D/PowerManagerService(  449): LockScreenOff10
W/AudioTrack(  449): AUDIO_OUTPUT_FLAG_FAST denied by client
W/AppOps  (  449): Bad call: specified package media under uid 1000 but it is really 1013
W/AppOps  (  449): Bad call: specified package media under uid 1000 but it is really 1013
D/AudioHardwareTiny(  161): start_output_stream
D/AudioHardwareTiny(  161): Audio HAL start_output_stream  out->device = 0x80400
W/AppOps  (  449): Bad call: specified package media under uid 1000 but it is really 1013
D/PowerManagerService(  449): LockScreenOff10
D/PowerManagerService(  449): LockScreenOff10
D/PowerManagerService(  449): LockScreenOff10
D/PowerManagerService(  449): LockScreenOff10
W/AudioTrack(  449): AUDIO_OUTPUT_FLAG_FAST denied by client
W/AppOps  (  449): Bad call: specified package media under uid 1000 but it is really 1013
W/AppOps  (  449): Bad call: specified package media under uid 1000 but it is really 1013
D/PowerManagerService(  449): LockScreenOff10
D/PowerManagerService(  449): LockScreenOff10
D/PowerManagerService(  449): LockScreenOff10
D/PowerManagerService(  449): LockScreenOff10
W/InputEventReceiver( 1085): Attempted to finish an input event but the input event receiver has already been disposed.
D/UserManager( 1085): ---getMaxSupportedUsers,we has UMS,force disabled M-user---
D/DashboardSummary( 1085): rebuildUI took: 82 ms
E/WifiStateMachine(  449): startDelayedScan send -> 5 milli 10000
E/WifiStateMachine(  449): [1,293,883,584,100 ms] noteScanstart no scan source uid -2
D/PowerManagerService(  449): LockScreenOff10
D/PowerManagerService(  449): LockScreenOff10
D/AudioHardwareTiny(  161): close device
W/AppOps  (  449): Bad call: specified package media under uid 1000 but it is really 1013
D/PowerManagerService(  449): LockScreenOff10
I/ActivityManager(  449): START u0 {act=android.intent.action.MAIN cmp=com.android.settings/.SubSettings (has extras)} from uid 1000 on display 0
W/AudioTrack(  449): AUDIO_OUTPUT_FLAG_FAST denied by client
V/WindowManager(  449): addAppToken: AppWindowToken{26f007d6 token=Token{e022ff1 ActivityRecord{387fcb98 u0 com.android.settings/.SubSettings t6}}} to stack=1 task=6 at 1
W/AppOps  (  449): Bad call: specified package media under uid 1000 but it is really 1013
W/AppOps  (  449): Bad call: specified package media under uid 1000 but it is really 1013
D/AudioHardwareTiny(  161): start_output_stream
D/AudioHardwareTiny(  161): Audio HAL start_output_stream  out->device = 0x80400
D/SubSettings( 1085): Launching fragment com.android.settings.wifi.WifiSettings
V/WindowManager(  449): Adding window Window{2b8c4b74 u0 com.android.settings/com.android.settings.SubSettings} at 3 of 8 (after Window{1a4807b5 u0 com.android.settings/com.android.settings.Settings})
D/Index   ( 1085): Deleting data for locale 'en_US' took 2 millis
D/Index   ( 1085): Indexing locale 'en_US' took 4 millis
I/ActivityManager(  449): Displayed com.android.settings/.SubSettings: +146ms
D/Index   ( 1085): Deleting data for locale 'en_US' took 3 millis
D/Index   ( 1085): Indexing locale 'en_US' took 5 millis
D/OpenGLRenderer( 1085): endAllStagingAnimators on 0xb8ad28e8 (RippleDrawable) with handle 0xb8bc6720
W/AppOps  (  449): Bad call: specified package media under uid 1000 but it is really 1013
D/PowerManagerService(  449): LockScreenOff10
D/PowerManagerService(  449): LockScreenOff10
D/PowerManagerService(  449): LockScreenOff10
E/blb     ( 1085): ----------------------------------------------------------------------------------FragmentManager{108faeec in WifiSettings{b0192b5}}
W/AudioTrack(  449): AUDIO_OUTPUT_FLAG_FAST denied by client
W/AppOps  (  449): Bad call: specified package media under uid 1000 but it is really 1013
V/WindowManager(  449): not Base app: Adding window Window{2fe5783f u0 AMPAK_WIFI_5.8G} at 4 of 9
W/AppOps  (  449): Bad call: specified package media under uid 1000 but it is really 1013
E/WifiStateMachine(  449): [1,293,883,586,497 ms] noteScanEnd no scan source onTime=0
E/WifiStateMachine(  449): wifi setScanResults statecom.android.server.wifi.WifiStateMachine$DisconnectedState@3508e895 sup_state=SCANNING debouncing=false mConnectionRequests=1 selection=<none>
D/PowerManagerService(  449): LockScreenOff10
D/PowerManagerService(  449): LockScreenOff10
D/PowerManagerService(  449): LockScreenOff10
W/AudioTrack(  449): AUDIO_OUTPUT_FLAG_FAST denied by client
W/AppOps  (  449): Bad call: specified package media under uid 1000 but it is really 1013
D/PowerManagerService(  449): LockScreenOff10
D/OpenGLRenderer( 1085): endAllStagingAnimators on 0xb8bcb6e0 (RippleDrawable) with handle 0xb86b0f10
W/AppOps  (  449): Bad call: specified package media under uid 1000 but it is really 1013
D/PowerManagerService(  449): LockScreenOff10
D/PowerManagerService(  449): LockScreenOff10
E/blb     ( 1085): ----------------------------------------------------------------------------------FragmentManager{108faeec in WifiSettings{b0192b5}}
W/AudioTrack(  449): AUDIO_OUTPUT_FLAG_FAST denied by client
W/AppOps  (  449): Bad call: specified package media under uid 1000 but it is really 1013
V/WindowManager(  449): not Base app: Adding window Window{1e302936 u0 AMPAK_WIFI_5.8G} at 4 of 9
W/AppOps  (  449): Bad call: specified package media under uid 1000 but it is really 1013
D/PowerManagerService(  449): LockScreenOff10
D/PowerManagerService(  449): LockScreenOff10
D/PowerManagerService(  449): LockScreenOff10
W/AudioTrack(  449): AUDIO_OUTPUT_FLAG_FAST denied by client
W/AppOps  (  449): Bad call: specified package media under uid 1000 but it is really 1013
D/OpenGLRenderer( 1085): endAllStagingAnimators on 0xb89bdd60 (RippleDrawable) with handle 0xb88df810
W/AppOps  (  449): Bad call: specified package media under uid 1000 but it is really 1013
D/PowerManagerService(  449): LockScreenOff10
D/PowerManagerService(  449): LockScreenOff10
D/PowerManagerService(  449): LockScreenOff10
E/blb     ( 1085): ----------------------------------------------------------------------------------FragmentManager{108faeec in WifiSettings{b0192b5}}
W/AudioTrack(  449): AUDIO_OUTPUT_FLAG_FAST denied by client
W/AppOps  (  449): Bad call: specified package media under uid 1000 but it is really 1013
V/WindowManager(  449): not Base app: Adding window Window{274da2c2 u0 AMPAK_WIFI_2.4G} at 4 of 9
D/PowerManagerService(  449): LockScreenOff10
W/AppOps  (  449): Bad call: specified package media under uid 1000 but it is really 1013
D/PowerManagerService(  449): LockScreenOff10
D/PowerManagerService(  449): LockScreenOff10
D/PowerManagerService(  449): LockScreenOff10
D/PowerManagerService(  449): LockScreenOff10
D/PowerManagerService(  449): LockScreenOff10
D/PowerManagerService(  449): LockScreenOff10
D/PowerManagerService(  449): LockScreenOff10
E/WifiStateMachine(  449): startDelayedScan send -> 6 milli 10000
E/WifiStateMachine(  449): [1,293,883,594,109 ms] noteScanstart no scan source uid -2
D/AudioHardwareTiny(  161): close device
W/AppOps  (  449): Bad call: specified package media under uid 1000 but it is really 1013
E/WifiStateMachine(  449): [1,293,883,596,518 ms] noteScanEnd no scan source onTime=0
E/WifiStateMachine(  449): wifi setScanResults statecom.android.server.wifi.WifiStateMachine$DisconnectedState@3508e895 sup_state=SCANNING debouncing=false mConnectionRequests=1 selection=<none>
E/WifiStateMachine(  449): [1,293,883,599,130 ms] noteScanstart no scan source uid -1
E/WifiStateMachine(  449): [1,293,883,601,537 ms] noteScanEnd no scan source onTime=0
E/WifiStateMachine(  449): wifi setScanResults statecom.android.server.wifi.WifiStateMachine$DisconnectedState@3508e895 sup_state=SCANNING debouncing=false mConnectionRequests=1 selection=<none>
D/PowerManagerService(  449): screen time out
E/Lights  (  449): write_int failed to open /sys/class/backlight/rk28_bl/brightness
E/Lights  (  449): write_int failed to open /sys/class/backlight/rk28_bl/brightness
E/Lights  (  449): write_int failed to open /sys/class/backlight/rk28_bl/brightness
E/Lights  (  449): write_int failed to open /sys/class/backlight/rk28_bl/brightness
E/Lights  (  449): write_int failed to open /sys/class/backlight/rk28_bl/brightness
E/Lights  (  449): write_int failed to open /sys/class/backlight/rk28_bl/brightness
E/WifiStateMachine(  449): startDelayedScan send -> 7 milli 10000
E/WifiStateMachine(  449): [1,293,883,604,111 ms] noteScanstart no scan source uid -2
E/Lights  (  449): write_int failed to open /sys/class/backlight/rk28_bl/brightness
E/Lights  (  449): write_int failed to open /sys/class/backlight/rk28_bl/brightness
E/Lights  (  449): write_int failed to open /sys/class/backlight/rk28_bl/brightness
E/Lights  (  449): write_int failed to open /sys/class/backlight/rk28_bl/brightness
E/Lights  (  449): write_int failed to open /sys/class/backlight/rk28_bl/brightness
E/Lights  (  449): write_int failed to open /sys/class/backlight/rk28_bl/brightness
E/Lights  (  449): write_int failed to open /sys/class/backlight/rk28_bl/brightness
E/Lights  (  449): write_int failed to open /sys/class/backlight/rk28_bl/brightness
E/Lights  (  449): write_int failed to open /sys/class/backlight/rk28_bl/brightness
E/Lights  (  449): write_int failed to open /sys/class/backlight/rk28_bl/brightness
E/Lights  (  449): write_int failed to open /sys/class/backlight/rk28_bl/brightness
E/Lights  (  449): write_int failed to open /sys/class/backlight/rk28_bl/brightness
E/Lights  (  449): write_int failed to open /sys/class/backlight/rk28_bl/brightness
E/Lights  (  449): write_int failed to open /sys/class/backlight/rk28_bl/brightness
E/Lights  (  449): write_int failed to open /sys/class/backlight/rk28_bl/brightness
E/Lights  (  449): write_int failed to open /sys/class/backlight/rk28_bl/brightness
E/Lights  (  449): write_int failed to open /sys/class/backlight/rk28_bl/brightness
E/Lights  (  449): write_int failed to open /sys/class/backlight/rk28_bl/brightness
E/Lights  (  449): write_int failed to open /sys/class/backlight/rk28_bl/brightness
E/Lights  (  449): write_int failed to open /sys/class/backlight/rk28_bl/brightness
E/Lights  (  449): write_int failed to open /sys/class/backlight/rk28_bl/brightness
E/Lights  (  449): write_int failed to open /sys/class/backlight/rk28_bl/brightness
E/Lights  (  449): write_int failed to open /sys/class/backlight/rk28_bl/brightness
E/Lights  (  449): write_int failed to open /sys/class/backlight/rk28_bl/brightness
E/Lights  (  449): write_int failed to open /sys/class/backlight/rk28_bl/brightness
E/Lights  (  449): write_int failed to open /sys/class/backlight/rk28_bl/brightness
E/Lights  (  449): write_int failed to open /sys/class/backlight/rk28_bl/brightness
E/Lights  (  449): write_int failed to open /sys/class/backlight/rk28_bl/brightness
E/Lights  (  449): write_int failed to open /sys/class/backlight/rk28_bl/brightness
E/Lights  (  449): write_int failed to open /sys/class/backlight/rk28_bl/brightness
E/Lights  (  449): write_int failed to open /sys/class/backlight/rk28_bl/brightness
E/Lights  (  449): write_int failed to open /sys/class/backlight/rk28_bl/brightness
E/Lights  (  449): write_int failed to open /sys/class/backlight/rk28_bl/brightness
E/Lights  (  449): write_int failed to open /sys/class/backlight/rk28_bl/brightness
E/Lights  (  449): write_int failed to open /sys/class/backlight/rk28_bl/brightness
E/Lights  (  449): write_int failed to open /sys/class/backlight/rk28_bl/brightness
E/Lights  (  449): write_int failed to open /sys/class/backlight/rk28_bl/brightness
E/Lights  (  449): write_int failed to open /sys/class/backlight/rk28_bl/brightness
E/Lights  (  449): write_int failed to open /sys/class/backlight/rk28_bl/brightness
E/Lights  (  449): write_int failed to open /sys/class/backlight/rk28_bl/brightness
E/Lights  (  449): write_int failed to open /sys/class/backlight/rk28_bl/brightness
E/Lights  (  449): write_int failed to open /sys/class/backlight/rk28_bl/brightness
E/Lights  (  449): write_int failed to open /sys/class/backlight/rk28_bl/brightness
E/Lights  (  449): write_int failed to open /sys/class/backlight/rk28_bl/brightness
E/Lights  (  449): write_int failed to open /sys/class/backlight/rk28_bl/brightness
E/Lights  (  449): write_int failed to open /sys/class/backlight/rk28_bl/brightness
E/Lights  (  449): write_int failed to open /sys/class/backlight/rk28_bl/brightness
E/Lights  (  449): write_int failed to open /sys/class/backlight/rk28_bl/brightness
E/Lights  (  449): write_int failed to open /sys/class/backlight/rk28_bl/brightness
E/Lights  (  449): write_int failed to open /sys/class/backlight/rk28_bl/brightness
E/Lights  (  449): write_int failed to open /sys/class/backlight/rk28_bl/brightness
E/WifiStateMachine(  449): [1,293,883,606,519 ms] noteScanEnd no scan source onTime=0
E/WifiStateMachine(  449): wifi setScanResults statecom.android.server.wifi.WifiStateMachine$DisconnectedState@3508e895 sup_state=SCANNING debouncing=false mConnectionRequests=1 selection=<none>
E/WifiStateMachine(  449): startDelayedScan send -> 8 milli 10000
E/WifiStateMachine(  449): [1,293,883,614,121 ms] noteScanstart no scan source uid -2
E/WifiStateMachine(  449): [1,293,883,616,533 ms] noteScanEnd no scan source onTime=0
E/WifiStateMachine(  449): wifi setScanResults statecom.android.server.wifi.WifiStateMachine$DisconnectedState@3508e895 sup_state=SCANNING debouncing=false mConnectionRequests=1 selection=<none>
E/WifiStateMachine(  449): startDelayedScan send -> 9 milli 10000
E/WifiStateMachine(  449): [1,293,883,624,133 ms] noteScanstart no scan source uid -2
E/WifiStateMachine(  449): [1,293,883,626,548 ms] noteScanEnd no scan source onTime=0
E/WifiStateMachine(  449): wifi setScanResults statecom.android.server.wifi.WifiStateMachine$DisconnectedState@3508e895 sup_state=SCANNING debouncing=false mConnectionRequests=1 selection=<none>
E/WifiStateMachine(  449): [1,293,883,629,138 ms] noteScanstart no scan source uid -1
E/WifiStateMachine(  449): [1,293,883,631,562 ms] noteScanEnd no scan source onTime=0
E/WifiStateMachine(  449): wifi setScanResults statecom.android.server.wifi.WifiStateMachine$DisconnectedState@3508e895 sup_state=SCANNING debouncing=false mConnectionRequests=1 selection=<none>
E/WifiStateMachine(  449): startDelayedScan send -> 10 milli 10000
E/WifiStateMachine(  449): [1,293,883,634,137 ms] noteScanstart no scan source uid -2
E/WifiStateMachine(  449): [1,293,883,636,553 ms] noteScanEnd no scan source onTime=0
E/WifiStateMachine(  449): wifi setScanResults statecom.android.server.wifi.WifiStateMachine$DisconnectedState@3508e895 sup_state=SCANNING debouncing=false mConnectionRequests=1 selection=<none>
E/WifiStateMachine(  449): startDelayedScan send -> 11 milli 10000
E/WifiStateMachine(  449): [1,293,883,644,144 ms] noteScanstart no scan source uid -2
D/PowerManagerService(  449): LockScreenOff10
E/Lights  (  449): write_int failed to open /sys/class/backlight/rk28_bl/brightness
E/Lights  (  449): write_int failed to open /sys/class/backlight/rk28_bl/brightness
E/Lights  (  449): write_int failed to open /sys/class/backlight/rk28_bl/brightness
E/Lights  (  449): write_int failed to open /sys/class/backlight/rk28_bl/brightness
E/Lights  (  449): write_int failed to open /sys/class/backlight/rk28_bl/brightness
E/Lights  (  449): write_int failed to open /sys/class/backlight/rk28_bl/brightness
E/Lights  (  449): write_int failed to open /sys/class/backlight/rk28_bl/brightness
E/Lights  (  449): write_int failed to open /sys/class/backlight/rk28_bl/brightness
E/Lights  (  449): write_int failed to open /sys/class/backlight/rk28_bl/brightness
E/Lights  (  449): write_int failed to open /sys/class/backlight/rk28_bl/brightness
E/Lights  (  449): write_int failed to open /sys/class/backlight/rk28_bl/brightness
E/Lights  (  449): write_int failed to open /sys/class/backlight/rk28_bl/brightness
E/Lights  (  449): write_int failed to open /sys/class/backlight/rk28_bl/brightness
E/Lights  (  449): write_int failed to open /sys/class/backlight/rk28_bl/brightness
E/Lights  (  449): write_int failed to open /sys/class/backlight/rk28_bl/brightness
E/Lights  (  449): write_int failed to open /sys/class/backlight/rk28_bl/brightness
E/Lights  (  449): write_int failed to open /sys/class/backlight/rk28_bl/brightness
E/Lights  (  449): write_int failed to open /sys/class/backlight/rk28_bl/brightness
E/Lights  (  449): write_int failed to open /sys/class/backlight/rk28_bl/brightness
E/Lights  (  449): write_int failed to open /sys/class/backlight/rk28_bl/brightness
E/Lights  (  449): write_int failed to open /sys/class/backlight/rk28_bl/brightness
E/Lights  (  449): write_int failed to open /sys/class/backlight/rk28_bl/brightness
E/Lights  (  449): write_int failed to open /sys/class/backlight/rk28_bl/brightness
E/Lights  (  449): write_int failed to open /sys/class/backlight/rk28_bl/brightness
E/Lights  (  449): write_int failed to open /sys/class/backlight/rk28_bl/brightness
E/Lights  (  449): write_int failed to open /sys/class/backlight/rk28_bl/brightness
E/Lights  (  449): write_int failed to open /sys/class/backlight/rk28_bl/brightness
E/Lights  (  449): write_int failed to open /sys/class/backlight/rk28_bl/brightness
E/Lights  (  449): write_int failed to open /sys/class/backlight/rk28_bl/brightness
E/Lights  (  449): write_int failed to open /sys/class/backlight/rk28_bl/brightness
D/PowerManagerService(  449): LockScreenOff10
E/Lights  (  449): write_int failed to open /sys/class/backlight/rk28_bl/brightness
E/Lights  (  449): write_int failed to open /sys/class/backlight/rk28_bl/brightness
E/Lights  (  449): write_int failed to open /sys/class/backlight/rk28_bl/brightness
E/Lights  (  449): write_int failed to open /sys/class/backlight/rk28_bl/brightness
E/Lights  (  449): write_int failed to open /sys/class/backlight/rk28_bl/brightness
E/Lights  (  449): write_int failed to open /sys/class/backlight/rk28_bl/brightness
E/Lights  (  449): write_int failed to open /sys/class/backlight/rk28_bl/brightness
E/Lights  (  449): write_int failed to open /sys/class/backlight/rk28_bl/brightness
E/Lights  (  449): write_int failed to open /sys/class/backlight/rk28_bl/brightness
E/Lights  (  449): write_int failed to open /sys/class/backlight/rk28_bl/brightness
E/Lights  (  449): write_int failed to open /sys/class/backlight/rk28_bl/brightness
E/Lights  (  449): write_int failed to open /sys/class/backlight/rk28_bl/brightness
E/Lights  (  449): write_int failed to open /sys/class/backlight/rk28_bl/brightness
E/Lights  (  449): write_int failed to open /sys/class/backlight/rk28_bl/brightness
E/Lights  (  449): write_int failed to open /sys/class/backlight/rk28_bl/brightness
E/Lights  (  449): write_int failed to open /sys/class/backlight/rk28_bl/brightness
E/Lights  (  449): write_int failed to open /sys/class/backlight/rk28_bl/brightness
E/Lights  (  449): write_int failed to open /sys/class/backlight/rk28_bl/brightness
E/Lights  (  449): write_int failed to open /sys/class/backlight/rk28_bl/brightness
E/Lights  (  449): write_int failed to open /sys/class/backlight/rk28_bl/brightness
E/Lights  (  449): write_int failed to open /sys/class/backlight/rk28_bl/brightness
E/Lights  (  449): write_int failed to open /sys/class/backlight/rk28_bl/brightness
E/Lights  (  449): write_int failed to open /sys/class/backlight/rk28_bl/brightness
E/Lights  (  449): write_int failed to open /sys/class/backlight/rk28_bl/brightness
E/Lights  (  449): write_int failed to open /sys/class/backlight/rk28_bl/brightness
E/Lights  (  449): write_int failed to open /sys/class/backlight/rk28_bl/brightness
E/Lights  (  449): write_int failed to open /sys/class/backlight/rk28_bl/brightness
E/WifiStateMachine(  449): [1,293,883,646,551 ms] noteScanEnd no scan source onTime=0
E/Lights  (  449): write_int failed to open /sys/class/backlight/rk28_bl/brightness
E/WifiStateMachine(  449): wifi setScanResults statecom.android.server.wifi.WifiStateMachine$DisconnectedState@3508e895 sup_state=SCANNING debouncing=false mConnectionRequests=1 selection=<none>
D/PowerManagerService(  449): LockScreenOff10
D/PowerManagerService(  449): LockScreenOff10
D/PowerManagerService(  449): LockScreenOff10
D/PowerManagerService(  449): LockScreenOff10
D/PowerManagerService(  449): LockScreenOff10
W/AudioTrack(  449): AUDIO_OUTPUT_FLAG_FAST denied by client
W/AppOps  (  449): Bad call: specified package media under uid 1000 but it is really 1013
W/AppOps  (  449): Bad call: specified package media under uid 1000 but it is really 1013
D/AudioHardwareTiny(  161): start_output_stream
D/AudioHardwareTiny(  161): Audio HAL start_output_stream  out->device = 0x80400
D/OpenGLRenderer( 1085): endAllStagingAnimators on 0xb8c0e408 (RippleDrawable) with handle 0xb8849318
W/AppOps  (  449): Bad call: specified package media under uid 1000 but it is really 1013
D/PowerManagerService(  449): LockScreenOff10
D/PowerManagerService(  449): LockScreenOff10
D/PowerManagerService(  449): LockScreenOff10
D/PowerManagerService(  449): LockScreenOff10
E/blb     ( 1085): ----------------------------------------------------------------------------------FragmentManager{108faeec in WifiSettings{b0192b5}}
W/AudioTrack(  449): AUDIO_OUTPUT_FLAG_FAST denied by client
W/AppOps  (  449): Bad call: specified package media under uid 1000 but it is really 1013
V/WindowManager(  449): not Base app: Adding window Window{22d7290e u0 AMPAK_WIFI_2.4G} at 4 of 9
W/AppOps  (  449): Bad call: specified package media under uid 1000 but it is really 1013
D/PowerManagerService(  449): LockScreenOff10
D/PowerManagerService(  449): LockScreenOff10
D/PowerManagerService(  449): LockScreenOff10
D/PowerManagerService(  449): LockScreenOff10
D/PowerManagerService(  449): LockScreenOff10
D/PowerManagerService(  449): LockScreenOff10
D/AudioHardwareTiny(  161): close device
W/AppOps  (  449): Bad call: specified package media under uid 1000 but it is really 1013
D/PowerManagerService(  449): LockScreenOff10
D/PowerManagerService(  449): LockScreenOff10
D/PowerManagerService(  449): LockScreenOff10
D/PowerManagerService(  449): LockScreenOff10
E/WifiStateMachine(  449): startDelayedScan send -> 12 milli 10000
E/WifiStateMachine(  449): [1,293,883,654,147 ms] noteScanstart no scan source uid -2
