E/Lights  (  449): write_int failed to open /sys/class/backlight/rk28_bl/brightness
E/Lights  (  449): write_int failed to open /sys/class/backlight/rk28_bl/brightness
E/Lights  (  449): write_int failed to open /sys/class/backlight/rk28_bl/brightness
E/Lights  (  449): write_int failed to open /sys/class/backlight/rk28_bl/brightness
E/Lights  (  449): write_int failed to open /sys/class/backlight/rk28_bl/brightness
E/Lights  (  449): write_int failed to open /sys/class/backlight/rk28_bl/brightness
E/Lights  (  449): write_int failed to open /sys/class/backlight/rk28_bl/brightness
E/Lights  (  449): write_int failed to open /sys/class/backlight/rk28_bl/brightness
E/Lights  (  449): write_int failed to open /sys/class/backlight/rk28_bl/brightness
E/Lights  (  449): write_int failed to open /sys/class/backlight/rk28_bl/brightness
E/Lights  (  449): write_int failed to open /sys/class/backlight/rk28_bl/brightness
E/Lights  (  449): write_int failed to open /sys/class/backlight/rk28_bl/brightness
E/Lights  (  449): write_int failed to open /sys/class/backlight/rk28_bl/brightness
E/Lights  (  449): write_int failed to open /sys/class/backlight/rk28_bl/brightness
E/Lights  (  449): write_int failed to open /sys/class/backlight/rk28_bl/brightness
E/Lights  (  449): write_int failed to open /sys/class/backlight/rk28_bl/brightness
E/Lights  (  449): write_int failed to open /sys/class/backlight/rk28_bl/brightness
E/Lights  (  449): write_int failed to open /sys/class/backlight/rk28_bl/brightness
E/Lights  (  449): write_int failed to open /sys/class/backlight/rk28_bl/brightness
E/Lights  (  449): write_int failed to open /sys/class/backlight/rk28_bl/brightness
E/Lights  (  449): write_int failed to open /sys/class/backlight/rk28_bl/brightness
E/Lights  (  449): write_int failed to open /sys/class/backlight/rk28_bl/brightness
E/Lights  (  449): write_int failed to open /sys/class/backlight/rk28_bl/brightness
E/Lights  (  449): write_int failed to open /sys/class/backlight/rk28_bl/brightness
E/Lights  (  449): write_int failed to open /sys/class/backlight/rk28_bl/brightness
E/Lights  (  449): write_int failed to open /sys/class/backlight/rk28_bl/brightness
E/Lights  (  449): write_int failed to open /sys/class/backlight/rk28_bl/brightness
E/Lights  (  449): write_int failed to open /sys/class/backlight/rk28_bl/brightness
E/Lights  (  449): write_int failed to open /sys/class/backlight/rk28_bl/brightness
E/Lights  (  449): write_int failed to open /sys/class/backlight/rk28_bl/brightness
E/Lights  (  449): write_int failed to open /sys/class/backlight/rk28_bl/brightness
E/Lights  (  449): write_int failed to open /sys/class/backlight/rk28_bl/brightness
E/Lights  (  449): write_int failed to open /sys/class/backlight/rk28_bl/brightness
E/Lights  (  449): write_int failed to open /sys/class/backlight/rk28_bl/brightness
E/Lights  (  449): write_int failed to open /sys/class/backlight/rk28_bl/brightness
E/Lights  (  449): write_int failed to open /sys/class/backlight/rk28_bl/brightness
E/Lights  (  449): write_int failed to open /sys/class/backlight/rk28_bl/brightness
E/Lights  (  449): write_int failed to open /sys/class/backlight/rk28_bl/brightness
E/Lights  (  449): write_int failed to open /sys/class/backlight/rk28_bl/brightness
E/Lights  (  449): write_int failed to open /sys/class/backlight/rk28_bl/brightness
E/Lights  (  449): write_int failed to open /sys/class/backlight/rk28_bl/brightness
E/Lights  (  449): write_int failed to open /sys/class/backlight/rk28_bl/brightness
E/Lights  (  449): write_int failed to open /sys/class/backlight/rk28_bl/brightness
E/Lights  (  449): write_int failed to open /sys/class/backlight/rk28_bl/brightness
E/Lights  (  449): write_int failed to open /sys/class/backlight/rk28_bl/brightness
E/Lights  (  449): write_int failed to open /sys/class/backlight/rk28_bl/brightness
E/Lights  (  449): write_int failed to open /sys/class/backlight/rk28_bl/brightness
E/Lights  (  449): write_int failed to open /sys/class/backlight/rk28_bl/brightness
E/Lights  (  449): write_int failed to open /sys/class/backlight/rk28_bl/brightness
E/Lights  (  449): write_int failed to open /sys/class/backlight/rk28_bl/brightness
E/Lights  (  449): write_int failed to open /sys/class/backlight/rk28_bl/brightness
E/Lights  (  449): write_int failed to open /sys/class/backlight/rk28_bl/brightness
[  394.502940] usb 3-1.1: USB disconnect, device number 3
I/EventHub(  449): Removing device Compx 2.4G Receiver due to epoll hang-up event.
I/EventHub(  449): Removed device: path=/dev/input/event2 name=Compx 2.4G Receiver id=2 fd=84 classes=0x80000403
I/InputReader(  449): Device removed: id=2, name='Compx 2.4G Receiver', sources=0x00002103
I/EventHub(  449): Removing device '/dev/input/event2' due to inotify event
I/ActivityManager(  449): Config changes=30 {1.15 ?mcc?mnc en_US ?layoutDir sw720dp w1280dp h647dp 160dpi lrg long land -touch -keyb/v/h dpad/v s.5}
D/PermissionCache(  155): checking android.permission.READ_FRAME_BUFFER for uid=1000 => granted (377 us)
D/Index   ( 1085): Deleting data for locale 'en_US' took 32 millis
W/[Gralloc-Warning](  155): int gralloc_register_buffer(const gralloc_module_t*, buffer_handle_t):104 Registering handle 0xb75bac28 coming from the same process: 155.
W/Vold    (  154): subsystem found in netlink event
D/Vold    (  154): usb, 2
I/EventHub(  449): Removing device Compx 2.4G Receiver due to epoll hang-up event.
I/EventHub(  449): Removed device: path=/dev/input/event3 name=Compx 2.4G Receiver id=1 fd=83 classes=0x80000529
I/art     ( 1085): Explicit concurrent mark sweep GC freed 20700(947KB) AllocSpace objects, 0(0B) LOS objects, 40% free, 6MB/10MB, paused 751us total 55.340ms
I/InputReader(  449): Device removed: id=1, name='Compx 2.4G Receiver', sources=0x01002313
I/EventHub(  449): Removing device '/dev/input/event3' due to inotify event
I/art     ( 1085): Explicit concurrent mark sweep GC freed 23604(1684KB) AllocSpace objects, 0(0B) LOS objects, 39% free, 4MB/7MB, paused 624us total 27.705ms
D/Index   ( 1085): Indexing locale 'en_US' took 155 millis
I/art     ( 1085): Explicit concurrent mark sweep GC freed 781(51KB) AllocSpace objects, 0(0B) LOS objects, 40% free, 4MB/7MB, paused 503us total 27.965ms
V/WindowManager(  449): Adding window Window{3892aca7 u0 AMPAK_WIFI_2.4G} at 3 of 8 (after Window{1a4807b5 u0 com.android.settings/com.android.settings.Settings})
V/WindowManager(  449): Adding window Window{827a016 u0 com.android.settings/com.android.settings.SubSettings} at 3 of 9 (before Window{3892aca7 u0 AMPAK_WIFI_2.4G})
W/Vold    (  154): subsystem found in netlink event
D/Vold    (  154): usb, 2
D/Index   ( 1085): Deleting data for locale 'en_US' took 3 millis
D/Index   ( 1085): Indexing locale 'en_US' took 5 millis
W/Vold    (  154): subsystem found in netlink event
D/Vold    (  154): usb, 2
E/WifiStateMachine(  449): [1,293,883,788,319 ms] noteScanstart no scan source uid 1000
D/Index   ( 1085): Deleting data for locale 'en_US' took 4 millis
I/WindowManager(  449): Screen frozen for +449ms due to Window{827a016 u0 com.android.settings/com.android.settings.SubSettings}
D/Index   ( 1085): Indexing locale 'en_US' took 6 millis
I/ResourceUtils(  724): Found default value: resource=phantom_sudden_move_event_device_list build=[HARDWARE=rk30board MODEL=firefly-rk3288 BRAND=firefly MANUFACTURER=rockchip] default=false
D/PointerTracker(  724): needsProximateBogusDownMoveUpEventHack=true smallestScreenWidthDp=720 densityDpi=160
I/ResourceUtils(  724): Found default value: resource=keyboard_heights build=[HARDWARE=rk30board MODEL=firefly-rk3288 BRAND=firefly MANUFACTURER=rockchip] default=
W/SubtypeSwitcher(  724): Can't find Emoji subtype
W/SubtypeSwitcher(  724): No input method subtype found; return dummy subtype: android.view.inputmethod.InputMethodSubtype@d78b2ed0
W/ViewPager(  724): Requested offscreen page limit 0 too small; defaulting to 1
[  395.326559] ff540000.usb suspend, HPRT0:0x1485
D/OpenGLRenderer(  724): Use EGL_SWAP_BEHAVIOR_PRESERVED: true
I/LatinIME:LogUtils(  724): Dictionary info: dictionary = contacts.en_US.dict ; version = ? ; date = ?
D/Atlas   (  724): Validating map...
W/Atlas   (  724): Pointer 0x0, not in getPreloadedDrawables?
W/Atlas   (  724): Pointer 0x0, not in getPreloadedDrawables?
I/mali_so (  724): [File] : hardware/arm/maliT760/driver/product/base/src/mali_base_kbase.c; [Line] : 899; 
I/mali_so (  724): [Func] : base_context_deal_with_version_affairs_rk_ext; arm_release_ver of this mali_so is 'r5p0-06rel0', rk_so_ver is '8@0', built at '18:11:21', on 'Jul  2 2015'.
I/mali_so (  724): [File] : hardware/arm/maliT760/driver/product/base/src/mali_base_kbase.c; [Line] : 926; 
I/mali_so (  724): [Func] : base_context_deal_with_version_affairs_rk_ext; mali_ver_property has been set to 'r5p0-06rel0-12-8@0', to return.
I/OpenGLRenderer(  724): Initialized EGL, version 1.4
D/OpenGLRenderer(  724): Enabling debug mode 0
[  396.796891] dwc_otg_handle_wakeup_detected_intr lxstate = 2
[  397.068971] usb 3-1.1: new low-speed USB device number 4 using usb20_host
[  397.173037] usb 3-1.1: New USB device found, idVendor=046d, idProduct=c077
[  397.173223] usb 3-1.1: New USB device strings: Mfr=1, Product=2, SerialNumber=0
[  397.173323] usb 3-1.1: Product: USB Optical Mouse
[  397.173403] usb 3-1.1: Manufacturer: Logitech
W/Vold    (  154): subsystem found in netlink event
D/Vold    ([  397.197666] input: Logitech USB Optical Mouse as /devices/ff540000.usb/usb3/3-1/3-1.1/3-1.1:1.0/input/input4
[  397.202468] hid-generic 0003:046D:C077.0003: input,hidraw0: USB HID v1.11 Mouse [Logitech USB Optical Mouse] on usb-ff540000.usb-1.1/input0
  154): usb, 1
D/Vold    (  154): == current usb device: 046D/C077 ===
W/Vold    (  154): subsystem found in netlink event
D/Vold    (  154): usb, 1
D/EventHub(  449): No input device configuration file found for device 'Logitech USB Optical Mouse'.
I/EventHub(  449): New device: id=5, fd=211, path='/dev/input/event2', name='Logitech USB Optical Mouse', classes=0x80000008, configuration='', keyLayout='', keyCharacterMap='', builtinKeyboard=false, wakeMechanism=EPOLLWAKEUP, usingClockIoctl=true
I/InputReader(  449): Device added: id=5, name='Logitech USB Optical Mouse', sources=0x00002002
D/UsbHostManager(  449): Added device UsbDevice[mName=/dev/bus/usb/003/004,mVendorId=1133,mProductId=49271,mClass=0,mSubclass=0,mProtocol=0,mManufacturerName=Logitech,mProductName=USB Optical Mouse,mSerialNumber=null,mConfigurations=[
D/UsbHostManager(  449): UsbConfiguration[mId=1,mName=null,mAttributes=160,mMaxPower=50,mInterfaces=[
D/UsbHostManager(  449): UsbInterface[mId=0,mAlternateSetting=0,mName=null,mClass=3,mSubclass=1,mProtocol=2,mEndpoints=[
D/UsbHostManager(  449): UsbEndpoint[mAddress=129,mAttributes=3,mMaxPacketSize=4,mInterval=10]]]]
W/ContextImpl(  449): Calling a method in the system process without a qualified user: android.app.ContextImpl.sendBroadcast:1339 com.android.server.usb.UsbSettingsManager.deviceAttached:741 com.android.server.usb.UsbHostManager.endUsbDeviceAdded:224 com.android.server.usb.UsbHostManager.monitorUsbHostBus:-2 com.android.server.usb.UsbHostManager.access$000:42 
I/art     (  449): Explicit concurrent mark sweep GC freed 13137(665KB) AllocSpace objects, 0(0B) LOS objects, 33% free, 6MB/10MB, paused 1.173ms total 89.425ms
D/Index   ( 1085): Indexing locale 'en_US' took 53 millis
E/WifiStateMachine(  449): [1,293,883,790,733 ms] noteScanEnd WorkSource{1000} onTime=0
E/WifiStateMachine(  449): wifi setScanResults statecom.android.server.wifi.WifiStateMachine$DisconnectedState@3508e895 sup_state=SCANNING debouncing=false mConnectionRequests=1 selection=<none>
E/WifiStateMachine(  449): [1,293,883,794,197 ms] noteScanstart no scan source uid -1
E/WifiStateMachine(  449): startDelayedScan send -> 26 milli 10000
E/WifiStateMachine(  449): [1,293,883,796,603 ms] noteScanEnd no scan source onTime=0
E/WifiStateMachine(  449): wifi setScanResults statecom.android.server.wifi.WifiStateMachine$DisconnectedState@3508e895 sup_state=SCANNING debouncing=false mConnectionRequests=1 selection=<none>
E/WifiStateMachine(  449): [1,293,883,798,333 ms] noteScanstart no scan source uid 1000
E/WifiStateMachine(  449): [1,293,883,800,743 ms] noteScanEnd WorkSource{1000} onTime=0
E/WifiStateMachine(  449): wifi setScanResults statecom.android.server.wifi.WifiStateMachine$DisconnectedState@3508e895 sup_state=SCANNING debouncing=false mConnectionRequests=1 selection=<none>
D/PowerManagerService(  449): LockScreenOff10
E/Lights  (  449): write_int failed to open /sys/class/backlight/rk28_bl/brightness
E/Lights  (  449): write_int failed to open /sys/class/backlight/rk28_bl/brightness
E/Lights  (  449): write_int failed to open /sys/class/backlight/rk28_bl/brightness
E/Lights  (  449): write_int failed to open /sys/class/backlight/rk28_bl/brightness
E/Lights  (  449): write_int failed to open /sys/class/backlight/rk28_bl/brightness
E/Lights  (  449): write_int failed to open /sys/class/backlight/rk28_bl/brightness
E/Lights  (  449): write_int failed to open /sys/class/backlight/rk28_bl/brightness
E/Lights  (  449): write_int failed to open /sys/class/backlight/rk28_bl/brightness
E/Lights  (  449): write_int failed to open /sys/class/backlight/rk28_bl/brightness
E/Lights  (  449): write_int failed to open /sys/class/backlight/rk28_bl/brightness
E/Lights  (  449): write_int failed to open /sys/class/backlight/rk28_bl/brightness
E/Lights  (  449): write_int failed to open /sys/class/backlight/rk28_bl/brightness
E/Lights  (  449): write_int failed to open /sys/class/backlight/rk28_bl/brightness
E/Lights  (  449): write_int failed to open /sys/class/backlight/rk28_bl/brightness
E/Lights  (  449): write_int failed to open /sys/class/backlight/rk28_bl/brightness
E/Lights  (  449): write_int failed to open /sys/class/backlight/rk28_bl/brightness
E/Lights  (  449): write_int failed to open /sys/class/backlight/rk28_bl/brightness
E/Lights  (  449): write_int failed to open /sys/class/backlight/rk28_bl/brightness
E/Lights  (  449): write_int failed to open /sys/class/backlight/rk28_bl/brightness
E/Lights  (  449): write_int failed to open /sys/class/backlight/rk28_bl/brightness
E/Lights  (  449): write_int failed to open /sys/class/backlight/rk28_bl/brightness
E/Lights  (  449): write_int failed to open /sys/class/backlight/rk28_bl/brightness
E/Lights  (  449): write_int failed to open /sys/class/backlight/rk28_bl/brightness
E/Lights  (  449): write_int failed to open /sys/class/backlight/rk28_bl/brightness
E/Lights  (  449): write_int failed to open /sys/class/backlight/rk28_bl/brightness
E/Lights  (  449): write_int failed to open /sys/class/backlight/rk28_bl/brightness
E/Lights  (  449): write_int failed to open /sys/class/backlight/rk28_bl/brightness
E/Lights  (  449): write_int failed to open /sys/class/backlight/rk28_bl/brightness
E/Lights  (  449): write_int failed to open /sys/class/backlight/rk28_bl/brightness
E/Lights  (  449): write_int failed to open /sys/class/backlight/rk28_bl/brightness
E/Lights  (  449): write_int failed to open /sys/class/backlight/rk28_bl/brightness
E/Lights  (  449): write_int failed to open /sys/class/backlight/rk28_bl/brightness
E/Lights  (  449): write_int failed to open /sys/class/backlight/rk28_bl/brightness
E/Lights  (  449): write_int failed to open /sys/class/backlight/rk28_bl/brightness
E/Lights  (  449): write_int failed to open /sys/class/backlight/rk28_bl/brightness
E/Lights  (  449): write_int failed to open /sys/class/backlight/rk28_bl/brightness
E/Lights  (  449): write_int failed to open /sys/class/backlight/rk28_bl/brightness
E/Lights  (  449): write_int failed to open /sys/class/backlight/rk28_bl/brightness
E/Lights  (  449): write_int failed to open /sys/class/backlight/rk28_bl/brightness
D/PowerManagerService(  449): LockScreenOff10
E/Lights  (  449): write_int failed to open /sys/class/backlight/rk28_bl/brightness
E/Lights  (  449): write_int failed to open /sys/class/backlight/rk28_bl/brightness
E/Lights  (  449): write_int failed to open /sys/class/backlight/rk28_bl/brightness
E/Lights  (  449): write_int failed to open /sys/class/backlight/rk28_bl/brightness
E/Lights  (  449): write_int failed to open /sys/class/backlight/rk28_bl/brightness
E/Lights  (  449): write_int failed to open /sys/class/backlight/rk28_bl/brightness
E/Lights  (  449): write_int failed to open /sys/class/backlight/rk28_bl/brightness
E/Lights  (  449): write_int failed to open /sys/class/backlight/rk28_bl/brightness
E/Lights  (  449): write_int failed to open /sys/class/backlight/rk28_bl/brightness
E/Lights  (  449): write_int failed to open /sys/class/backlight/rk28_bl/brightness
E/Lights  (  449): write_int failed to open /sys/class/backlight/rk28_bl/brightness
E/Lights  (  449): write_int failed to open /sys/class/backlight/rk28_bl/brightness
E/Lights  (  449): write_int failed to open /sys/class/backlight/rk28_bl/brightness
E/Lights  (  449): write_int failed to open /sys/class/backlight/rk28_bl/brightness
E/Lights  (  449): write_int failed to open /sys/class/backlight/rk28_bl/brightness
E/Lights  (  449): write_int failed to open /sys/class/backlight/rk28_bl/brightness
E/Lights  (  449): write_int failed to open /sys/class/backlight/rk28_bl/brightness
E/Lights  (  449): write_int failed to open /sys/class/backlight/rk28_bl/brightness
E/Lights  (  449): write_int failed to open /sys/class/backlight/rk28_bl/brightness
D/PowerManagerService(  449): LockScreenOff10
E/WifiStateMachine(  449): startDelayedScan send -> 27 milli 10000
E/WifiStateMachine(  449): [1,293,883,804,215 ms] noteScanstart no scan source uid -2
D/PowerManagerService(  449): LockScreenOff10
D/PowerManagerService(  449): LockScreenOff10
D/PowerManagerService(  449): LockScreenOff10
D/PowerManagerService(  449): LockScreenOff10
D/PointerTracker(  724): [0] onDownEvent:  156   61 419030 'w'
D/PointerTracker(  724): -------- release old key ---------------
W/AudioTrack(  449): AUDIO_OUTPUT_FLAG_FAST denied by client
W/AppOps  (  449): Bad call: specified package media under uid 1000 but it is really 1013
W/AudioTrack(  449): AUDIO_OUTPUT_FLAG_FAST denied by client
W/AppOps  (  449): Bad call: specified package media under uid 1000 but it is really 1013
D/AudioHardwareTiny(  161): start_output_stream
D/AudioHardwareTiny(  161): Audio HAL start_output_stream  out->device = 0x80400
D/PowerManagerService(  449): LockScreenOff10
D/PointerTracker(  724): [0] onUpEvent  :  156   61 419175 'w'
W/AppOps  (  449): Bad call: specified package media under uid 1000 but it is really 1013
E/WifiStateMachine(  449): [1,293,883,806,611 ms] noteScanEnd no scan source onTime=0
E/WifiStateMachine(  449): wifi setScanResults statecom.android.server.wifi.WifiStateMachine$DisconnectedState@3508e895 sup_state=SCANNING debouncing=false mConnectionRequests=1 selection=<none>
D/PowerManagerService(  449): LockScreenOff10
D/PowerManagerService(  449): LockScreenOff10
D/PowerManagerService(  449): LockScreenOff10
D/PowerManagerService(  449): LockScreenOff10
E/WifiStateMachine(  449): [1,293,883,808,330 ms] noteScanstart no scan source uid 1000
D/PowerManagerService(  449): LockScreenOff10
D/AudioHardwareTiny(  161): close device
W/AppOps  (  449): Bad call: specified package media under uid 1000 but it is really 1013
D/PowerManagerService(  449): LockScreenOff10
D/PowerManagerService(  449): LockScreenOff10
W/AudioTrack(  449): AUDIO_OUTPUT_FLAG_FAST denied by client
W/AppOps  (  449): Bad call: specified package media under uid 1000 but it is really 1013
W/AppOps  (  449): Bad call: specified package media under uid 1000 but it is really 1013
D/AudioHardwareTiny(  161): start_output_stream
D/AudioHardwareTiny(  161): Audio HAL start_output_stream  out->device = 0x80400
W/AppOps  (  449): Bad call: specified package media under uid 1000 but it is really 1013
D/PowerManagerService(  449): LockScreenOff10
D/PowerManagerService(  449): LockScreenOff10
E/WifiStateMachine(  449): [1,293,883,810,728 ms] noteScanEnd WorkSource{1000} onTime=0
E/WifiStateMachine(  449): wifi setScanResults statecom.android.server.wifi.WifiStateMachine$DisconnectedState@3508e895 sup_state=SCANNING debouncing=false mConnectionRequests=1 selection=<none>
D/PowerManagerService(  449): LockScreenOff10
D/PowerManagerService(  449): LockScreenOff10
E/blb     ( 1085): ----------------------------------------------------------------------------------FragmentManager{117b1e49 in WifiSettings{2a1c534e}}
W/AudioTrack(  449): AUDIO_OUTPUT_FLAG_FAST denied by client
W/AppOps  (  449): Bad call: specified package media under uid 1000 but it is really 1013
V/WindowManager(  449): not Base app: Adding window Window{e938a87 u0 AMPAK_WIFI_2.4G} at 4 of 10
D/PowerManagerService(  449): LockScreenOff10
W/AppOps  (  449): Bad call: specified package media under uid 1000 but it is really 1013
D/PowerManagerService(  449): LockScreenOff10
D/PowerManagerService(  449): LockScreenOff10
D/PowerManagerService(  449): LockScreenOff10
E/WifiStateMachine(  449): startDelayedScan send -> 28 milli 10000
E/WifiStateMachine(  449): [1,293,883,814,223 ms] noteScanstart no scan source uid -2
D/AudioHardwareTiny(  161): close device
W/AppOps  (  449): Bad call: specified package media under uid 1000 but it is really 1013
E/WifiStateMachine(  449): [1,293,883,816,631 ms] noteScanEnd no scan source onTime=0
E/WifiStateMachine(  449): wifi setScanResults statecom.android.server.wifi.WifiStateMachine$DisconnectedState@3508e895 sup_state=SCANNING debouncing=false mConnectionRequests=1 selection=<none>
D/PowerManagerService(  449): LockScreenOff10
E/WifiStateMachine(  449): [1,293,883,818,337 ms] noteScanstart no scan source uid 1000
E/WifiStateMachine(  449): [1,293,883,820,747 ms] noteScanEnd WorkSource{1000} onTime=0
E/WifiStateMachine(  449): wifi setScanResults statecom.android.server.wifi.WifiStateMachine$DisconnectedState@3508e895 sup_state=SCANNING debouncing=false mConnectionRequests=1 selection=<none>
E/WifiStateMachine(  449): [1,293,883,824,202 ms] noteScanstart no scan source uid -1
E/WifiStateMachine(  449): startDelayedScan send -> 29 milli 10000
E/WifiStateMachine(  449): [1,293,883,826,613 ms] noteScanEnd no scan source onTime=0
E/WifiStateMachine(  449): wifi setScanResults statecom.android.server.wifi.WifiStateMachine$DisconnectedState@3508e895 sup_state=SCANNING debouncing=false mConnectionRequests=1 selection=<none>
D/PowerManagerService(  449): screen time out
E/Lights  (  449): write_int failed to open /sys/class/backlight/rk28_bl/brightness
E/Lights  (  449): write_int failed to open /sys/class/backlight/rk28_bl/brightness
E/Lights  (  449): write_int failed to open /sys/class/backlight/rk28_bl/brightness
E/Lights  (  449): write_int failed to open /sys/class/backlight/rk28_bl/brightness
E/Lights  (  449): write_int failed to open /sys/class/backlight/rk28_bl/brightness
E/Lights  (  449): write_int failed to open /sys/class/backlight/rk28_bl/brightness
E/Lights  (  449): write_int failed to open /sys/class/backlight/rk28_bl/brightness
E/Lights  (  449): write_int failed to open /sys/class/backlight/rk28_bl/brightness
E/Lights  (  449): write_int failed to open /sys/class/backlight/rk28_bl/brightness
E/Lights  (  449): write_int failed to open /sys/class/backlight/rk28_bl/brightness
E/Lights  (  449): write_int failed to open /sys/class/backlight/rk28_bl/brightness
E/Lights  (  449): write_int failed to open /sys/class/backlight/rk28_bl/brightness
E/Lights  (  449): write_int failed to open /sys/class/backlight/rk28_bl/brightness
E/Lights  (  449): write_int failed to open /sys/class/backlight/rk28_bl/brightness
E/Lights  (  449): write_int failed to open /sys/class/backlight/rk28_bl/brightness
E/Lights  (  449): write_int failed to open /sys/class/backlight/rk28_bl/brightness
E/Lights  (  449): write_int failed to open /sys/class/backlight/rk28_bl/brightness
E/Lights  (  449): write_int failed to open /sys/class/backlight/rk28_bl/brightness
E/Lights  (  449): write_int failed to open /sys/class/backlight/rk28_bl/brightness
E/Lights  (  449): write_int failed to open /sys/class/backlight/rk28_bl/brightness
E/Lights  (  449): write_int failed to open /sys/class/backlight/rk28_bl/brightness
E/Lights  (  449): write_int failed to open /sys/class/backlight/rk28_bl/brightness
E/Lights  (  449): write_int failed to open /sys/class/backlight/rk28_bl/brightness
E/Lights  (  449): write_int failed to open /sys/class/backlight/rk28_bl/brightness
E/Lights  (  449): write_int failed to open /sys/class/backlight/rk28_bl/brightness
E/Lights  (  449): write_int failed to open /sys/class/backlight/rk28_bl/brightness
E/Lights  (  449): write_int failed to open /sys/class/backlight/rk28_bl/brightness
E/Lights  (  449): write_int failed to open /sys/class/backlight/rk28_bl/brightness
E/Lights  (  449): write_int failed to open /sys/class/backlight/rk28_bl/brightness
E/Lights  (  449): write_int failed to open /sys/class/backlight/rk28_bl/brightness
E/Lights  (  449): write_int failed to open /sys/class/backlight/rk28_bl/brightness
E/Lights  (  449): write_int failed to open /sys/class/backlight/rk28_bl/brightness
E/Lights  (  449): write_int failed to open /sys/class/backlight/rk28_bl/brightness
E/Lights  (  449): write_int failed to open /sys/class/backlight/rk28_bl/brightness
E/Lights  (  449): write_int failed to open /sys/class/backlight/rk28_bl/brightness
E/Lights  (  449): write_int failed to open /sys/class/backlight/rk28_bl/brightness
E/Lights  (  449): write_int failed to open /sys/class/backlight/rk28_bl/brightness
E/Lights  (  449): write_int failed to open /sys/class/backlight/rk28_bl/brightness
E/Lights  (  449): write_int failed to open /sys/class/backlight/rk28_bl/brightness
E/Lights  (  449): write_int failed to open /sys/class/backlight/rk28_bl/brightness
E/Lights  (  449): write_int failed to open /sys/class/backlight/rk28_bl/brightness
E/Lights  (  449): write_int failed to open /sys/class/backlight/rk28_bl/brightness
E/Lights  (  449): write_int failed to open /sys/class/backlight/rk28_bl/brightness
E/Lights  (  449): write_int failed to open /sys/class/backlight/rk28_bl/brightness
E/Lights  (  449): write_int failed to open /sys/class/backlight/rk28_bl/brightness
E/Lights  (  449): write_int failed to open /sys/class/backlight/rk28_bl/brightness
E/Lights  (  449): write_int failed to open /sys/class/backlight/rk28_bl/brightness
E/Lights  (  449): write_int failed to open /sys/class/backlight/rk28_bl/brightness
E/Lights  (  449): write_int failed to open /sys/class/backlight/rk28_bl/brightness
E/Lights  (  449): write_int failed to open /sys/class/backlight/rk28_bl/brightness
E/Lights  (  449): write_int failed to open /sys/class/backlight/rk28_bl/brightness
E/Lights  (  449): write_int failed to open /sys/class/backlight/rk28_bl/brightness
E/Lights  (  449): write_int failed to open /sys/class/backlight/rk28_bl/brightness
E/Lights  (  449): write_int failed to open /sys/class/backlight/rk28_bl/brightness
E/Lights  (  449): write_int failed to open /sys/class/backlight/rk28_bl/brightness
E/Lights  (  449): write_int failed to open /sys/class/backlight/rk28_bl/brightness
E/Lights  (  449): write_int failed to open /sys/class/backlight/rk28_bl/brightness
E/Lights  (  449): write_int failed to open /sys/class/backlight/rk28_bl/brightness
E/WifiStateMachine(  449): [1,293,883,828,340 ms] noteScanstart no scan source uid 1000
