01-01 12:08:36.220 I/Zygote  (  885): Preloading classes...
01-01 12:08:36.230 D/dalvikvm(  885): GC_EXPLICIT freed 4K, 4% free 2715K/2816K, paused 0ms+1ms, total 11ms
01-01 12:08:36.230 D/SensorService( 1160): nuSensorService starting...
01-01 12:08:36.230 D/SensorsHal( 1160): sensor hal  v1.5 add angle calculation and calibration of gsensor support 2013-9-1
01-01 12:08:36.230 E/SensorsHal( 1160): couldn't find 'lightsensor-level' input device
01-01 12:08:36.230 D/SensorsHal( 1160): Couldn't open /dev/lightsensor (No such file or directory)
01-01 12:08:36.230 E/SensorsHal( 1160): couldn't find 'proximity' input device
01-01 12:08:36.230 D/SensorsHal( 1160): Couldn't open /dev/psensor (No such file or directory)
01-01 12:08:36.230 E/SensorsHal( 1160): couldn't find 'gsensor' input device
01-01 12:08:36.230 D/SensorsHal( 1160): Couldn't open /dev/mma8452_daemon (No such file or directory)
01-01 12:08:36.230 E/SensorsHal( 1160): couldn't find 'compass' input device
01-01 12:08:36.230 D/SensorsHal( 1160): Couldn't open /dev/compass (No such file or directory)
01-01 12:08:36.230 E/SensorsHal( 1160): couldn't find 'gyro' input device
01-01 12:08:36.230 D/SensorsHal( 1160): Couldn't open /dev/gyrosensor (No such file or directory)
01-01 12:08:36.230 D/SensorsHal( 1160): GyroSensor::GyroSensor():No such file or directory
01-01 12:08:36.230 E/SensorsHal( 1160): couldn't find 'pressure' input device
01-01 12:08:36.230 D/SensorsHal( 1160): Couldn't open /dev/pressure (No such file or directory)
01-01 12:08:36.230 E/SensorsHal( 1160): couldn't find 'temperature' input device
01-01 12:08:36.230 D/SensorsHal( 1160): Couldn't open /dev/temperature (No such file or directory)
01-01 12:08:36.230 I/SensorService( 1160): Gravity sensor
01-01 12:08:36.230 I/SensorService( 1160): Compass Magnetic field sensor
01-01 12:08:36.230 I/SensorService( 1160): Compass Orientation sensor
01-01 12:08:36.230 I/SensorService( 1160): Gyroscope sensor
01-01 12:08:36.230 I/SensorService( 1160): Proximity sensor
01-01 12:08:36.230 I/SensorService( 1160): Light sensor
01-01 12:08:36.230 I/SensorService( 1160): Pressure sensor
01-01 12:08:36.230 I/SensorService( 1160): Temperature sensor
01-01 12:08:36.230 D/SensorService( 1160): Max socket buffer size 163840
01-01 12:08:36.230 D/SensorService( 1160): nuSensorService thread starting...
01-01 12:08:36.230 I/SystemServer( 1160): Entered the Android system server!
01-01 12:08:36.240 I/installd(  145): new connection
01-01 12:08:36.240 D/RKPowerHAL( 1160): version 3.0
01-01 12:08:36.240 E/GpuPH   ( 1160): fail to communicate with param
01-01 12:08:36.240 I/SystemServer( 1160): Waiting for installd to be ready.
01-01 12:08:36.240 I/Installer( 1160): connecting...
01-01 12:08:36.240 I/SystemServer( 1160): Power Manager
01-01 12:08:36.240 I/SystemServer( 1160): Activity Manager
01-01 12:08:36.240 I/ActivityManager( 1160): Memory class: 192
01-01 12:08:36.250 D/dalvikvm(  885): GC_EXPLICIT freed 208K, 11% free 2724K/3036K, paused 1ms+1ms, total 11ms
01-01 12:08:36.250 W/UsageStats( 1160): Usage stats version changed; dropping
01-01 12:08:36.250 I/AppOps  ( 1160): No existing app ops /data/system/appops.xml; starting empty
01-01 12:08:36.260 W/Zygote  (  885): Class not found for preloading: java.lang.UnsafeByteSequence
01-01 12:08:36.270 I/IntentFirewall( 1160): Read new rules (A:0 B:0 S:0)
01-01 12:08:36.270 I/SystemServer( 1160): Display Manager
01-01 12:08:36.280 D/dalvikvm(  885): GC_EXPLICIT freed 216K, 11% free 2724K/3044K, paused 1ms+1ms, total 12ms
01-01 12:08:36.280 D/dalvikvm( 1160): GC_CONCURRENT freed 164K, 9% free 2979K/3240K, paused 1ms+2ms, total 10ms
01-01 12:08:36.280 I/Zygote  (  885): ...preloaded 2777 classes in 63ms.
01-01 12:08:36.280 I/SystemServer( 1160): Telephony Registry
01-01 12:08:36.280 I/DisplayManagerService( 1160): Display device added: DisplayDeviceInfo{"Built-in Screen": 1920 x 1080, 60.000004 fps, density 160, 159.895 x 160.421 dpi, touch INTERNAL, rotation 0, type BUILT_IN, FLAG_DEFAULT_DISPLAY, FLAG_ROTATES_WITH_CONTENT, FLAG_SECURE, FLAG_SUPPORTS_PROTECTED_BUFFERS}
01-01 12:08:36.280 I/SystemServer( 1160): Scheduling Policy
01-01 12:08:36.280 I/SystemServer( 1160): Package Manager
01-01 12:08:36.310 D/dalvikvm( 1160): GC_CONCURRENT freed 376K, 16% free 3042K/3584K, paused 0ms+1ms, total 6ms
01-01 12:08:36.310 D/dalvikvm( 1160): WAIT_FOR_CONCURRENT_GC blocked 4ms
01-01 12:08:36.320 D/dalvikvm(  885): GC_EXPLICIT freed 51K, 11% free 2714K/3044K, paused 1ms+0ms, total 11ms
01-01 12:08:36.320 D/dalvikvm( 1160): GC_CONCURRENT freed 431K, 17% free 3040K/3644K, paused 0ms+1ms, total 6ms
01-01 12:08:36.320 W/Zygote  (  885): Failure preloading resources
01-01 12:08:36.320 W/Zygote  (  885): java.lang.IllegalStateException: Resources already preloaded
01-01 12:08:36.320 W/Zygote  (  885): 	at android.content.res.Resources.startPreloading(Resources.java:1965)
01-01 12:08:36.320 W/Zygote  (  885): 	at com.android.internal.os.ZygoteInit.preloadResources(ZygoteInit.java:358)
01-01 12:08:36.320 W/Zygote  (  885): 	at com.android.internal.os.ZygoteInit.preload(ZygoteInit.java:236)
01-01 12:08:36.320 W/Zygote  (  885): 	at com.android.internal.os.ZygoteInit.main(ZygoteInit.java:601)
01-01 12:08:36.320 W/Zygote  (  885): 	at dalvik.system.NativeStart.main(Native Method)
01-01 12:08:36.320 D/dalvikvm( 1160): WAIT_FOR_CONCURRENT_GC blocked 4ms
01-01 12:08:36.330 D/dalvikvm(  885): GC_EXPLICIT freed 6K, 11% free 2715K/3044K, paused 1ms+1ms, total 10ms
01-01 12:08:36.330 D/SELinuxMMAC( 1160): Couldn't find install policy /data/security/mac_permissions.xml
01-01 12:08:36.330 D/SELinuxMMAC( 1160): Using install policy file /system/etc/security/mac_permissions.xml
01-01 12:08:36.340 D/dalvikvm(  885): GC_EXPLICIT freed <1K, 11% free 2715K/3044K, paused 1ms+1ms, total 10ms
01-01 12:08:36.350 D/dalvikvm(  885): GC_EXPLICIT freed <1K, 11% free 2714K/3044K, paused 0ms+0ms, total 9ms
01-01 12:08:36.420 D/dalvikvm( 1160): GC_CONCURRENT freed 206K, 12% free 3227K/3644K, paused 1ms+8ms, total 14ms
01-01 12:08:36.460 W/PackageParser( 1160): No actions in intent filter at /system/priv-app/Contacts.apk Binary XML file line #375
01-01 12:08:36.470 D/dalvikvm( 1160): GC_CONCURRENT freed 206K, 9% free 3457K/3760K, paused 1ms+1ms, total 9ms
01-01 12:08:36.470 W/PackageParser( 1160): No actions in intent filter at /system/priv-app/Dialer.apk Binary XML file line #162
01-01 12:08:36.480 W/ResourceType( 1160): Failure getting entry for 0x7f050000 (t=4 e=0) in package 0 (error -75)
01-01 12:08:36.520 D/dalvikvm( 1160): GC_CONCURRENT freed 186K, 8% free 3727K/4008K, paused 0ms+2ms, total 11ms
01-01 12:08:36.540 W/ResourceType( 1160): Failure getting entry for 0x7f02000b (t=1 e=11) in package 0 (error -75)
01-01 12:08:36.540 W/PackageParser( 1160): No actions in intent filter at /system/app/Bluetooth.apk Binary XML file line #210
01-01 12:08:36.550 W/ResourceType( 1160): Failure getting entry for 0x7f04000f (t=3 e=15) in package 0 (error -75)
01-01 12:08:36.550 W/ResourceType( 1160): Failure getting entry for 0x7f04000f (t=3 e=15) in package 0 (error -75)
01-01 12:08:36.580 D/dalvikvm( 1160): GC_CONCURRENT freed 206K, 8% free 3975K/4280K, paused 2ms+3ms, total 14ms
01-01 12:08:36.590 W/PackageParser( 1160): Unknown element under <application>: permission at /system/app/Gallery2.apk Binary XML file line #242
01-01 12:08:36.590 W/PackageParser( 1160): Unknown element under <application>: permission at /system/app/Gallery2.apk Binary XML file line #245
01-01 12:08:36.630 D/dalvikvm( 1160): GC_CONCURRENT freed 312K, 10% free 4115K/4524K, paused 0ms+2ms, total 13ms
01-01 12:08:36.630 W/ResourceType( 1160): Failure getting entry for 0x7f02001c (t=1 e=28) in package 0 (error -75)
01-01 12:08:36.640 W/PackageParser( 1160): No actions in intent filter at /system/app/StressTest.apk Binary XML file line #40
01-01 12:08:36.660 D/PackageManager( 1160): No files in app dir /vendor/app
01-01 12:08:36.660 W/PackageManager( 1160): Package com.android.gallery3d desires unavailable shared library com.google.android.media.effects; ignoring!
01-01 12:08:36.660 I/PackageManager( 1160): Time to scan packages: 0.224 seconds
01-01 12:08:36.660 W/PackageManager( 1160): Not granting permission android.permission.GLOBAL_SEARCH to package com.android.quicksearchbox (protectionLevel=18 flags=0x8be45)
01-01 12:08:36.660 W/PackageManager( 1160): Unknown permission com.google.android.gallery3d.permission.GALLERY_PROVIDER in package com.android.bluetooth
01-01 12:08:36.660 W/PackageManager( 1160): Unknown permission com.google.android.googleapps.permission.GOOGLE_AUTH in package com.android.providers.calendar
01-01 12:08:36.660 W/PackageManager( 1160): Unknown permission com.google.android.googleapps.permission.GOOGLE_AUTH.cl in package com.android.providers.calendar
01-01 12:08:36.660 W/PackageManager( 1160): Unknown permission com.google.android.googleapps.permission.GOOGLE_AUTH.mail in package com.android.calendar
01-01 12:08:36.660 W/PackageManager( 1160): Not granting permission android.permission.ACCESS_DOWNLOAD_MANAGER to package com.android.browser (protectionLevel=18 flags=0x9be45)
01-01 12:08:36.660 W/PackageManager( 1160): Not granting permission android.permission.SEND_DOWNLOAD_COMPLETED_INTENTS to package com.android.browser (protectionLevel=2 flags=0x9be45)
01-01 12:08:36.660 W/PackageManager( 1160): Not granting permission android.permission.WRITE_MEDIA_STORAGE to package com.android.music (protectionLevel=18 flags=0x8be65)
01-01 12:08:36.660 W/PackageManager( 1160): Not granting permission android.permission.DEVICE_POWER to package com.android.music (protectionLevel=2 flags=0x8be65)
01-01 12:08:36.660 W/PackageManager( 1160): Unknown permission com.android.launcher.permission.READ_SETTINGS in package com.android.onetimeinitializer
01-01 12:08:36.660 W/PackageManager( 1160): Unknown permission com.android.launcher.permission.WRITE_SETTINGS in package com.android.onetimeinitializer
01-01 12:08:36.660 W/PackageManager( 1160): Not granting permission android.permission.BIND_APPWIDGET to package com.android.launcher3 (protectionLevel=18 flags=0x58be45)
01-01 12:08:36.660 W/PackageManager( 1160): Unknown permission com.android.launcher.permission.READ_SETTINGS in package com.android.launcher3
01-01 12:08:36.660 W/PackageManager( 1160): Unknown permission com.android.launcher.permission.WRITE_SETTINGS in package com.android.launcher3
01-01 12:08:36.660 W/PackageManager( 1160): Not granting permission android.permission.BIND_WALLPAPER to package com.android.camera2 (protectionLevel=18 flags=0x58bc45)
01-01 12:08:36.660 W/PackageManager( 1160): Unknown permission android.permission.INSTALL_DRM in package com.android.mms
01-01 12:08:36.660 W/PackageManager( 1160): Unknown permission com.google.android.gallery3d.permission.PICASA_STORE in package com.android.dreams.phototable
01-01 12:08:36.660 W/PackageManager( 1160): Unknown permission com.google.android.googleapps.permission.GOOGLE_AUTH in package com.android.settings
01-01 12:08:36.660 W/PackageManager( 1160): Unknown permission com.android.launcher.permission.READ_SETTINGS in package com.android.settings
01-01 12:08:36.660 W/PackageManager( 1160): Unknown permission com.android.launcher.permission.WRITE_SETTINGS in package com.android.settings
01-01 12:08:36.660 W/PackageManager( 1160): Not granting permission android.permission.INSTALL_PACKAGES to package com.android.apkinstaller (protectionLevel=18 flags=0x8be45)
01-01 12:08:36.660 W/PackageManager( 1160): Not granting permission android.permission.DELETE_PACKAGES to package com.android.apkinstaller (protectionLevel=18 flags=0x8be45)
01-01 12:08:36.660 W/PackageManager( 1160): Unknown permission android.Manifest.permission.INJECT_EVENTS in package com.rockchip.devicetest
01-01 12:08:36.660 W/PackageManager( 1160): Unknown permission com.google.android.googleapps.permission.ACCESS_GOOGLE_PASSWORD in package com.android.development
01-01 12:08:36.660 W/PackageManager( 1160): Unknown permission com.google.android.googleapps.permission.GOOGLE_AUTH in package com.android.development
01-01 12:08:36.660 W/PackageManager( 1160): Unknown permission com.google.android.googleapps.permission.GOOGLE_AUTH.ALL_SERVICES in package com.android.development
01-01 12:08:36.660 W/PackageManager( 1160): Unknown permission com.google.android.googleapps.permission.GOOGLE_AUTH.YouTubeUser in package com.android.development
01-01 12:08:36.660 W/PackageManager( 1160): Not granting permission android.permission.MOUNT_UNMOUNT_FILESYSTEMS to package com.rockchip.mediacenter (protectionLevel=18 flags=0x8be45)
01-01 12:08:36.660 W/PackageManager( 1160): Not granting permission android.permission.DEVICE_POWER to package com.rockchip.mediacenter (protectionLevel=2 flags=0x8be45)
01-01 12:08:36.660 W/PackageManager( 1160): Not granting permission android.permission.DELETE_PACKAGES to package com.svox.pico (protectionLevel=18 flags=0x8be45)
01-01 12:08:36.660 W/PackageManager( 1160): Not granting permission android.permission.DEVICE_POWER to package com.android.deskclock (protectionLevel=2 flags=0x48be45)
01-01 12:08:36.660 W/PackageManager( 1160): Unknown permission rockchip.permission.FULL_SCREEN in package android.rk.RockVideoPlayer
01-01 12:08:36.660 W/PackageManager( 1160): Unknown permission android.permission.RAISED_THREAD_PRIORITY in package android.rk.RockVideoPlayer
01-01 12:08:36.660 W/PackageManager( 1160): Unknown permission android.permission.FULL_SCREEN in package android.rk.RockVideoPlayer
01-01 12:08:36.660 W/PackageManager( 1160): Unknown permission archos.permission.FULL_SCREEN in package android.rk.RockVideoPlayer
01-01 12:08:36.680 D/dalvikvm( 1160): GC_CONCURRENT freed 390K, 11% free 4186K/4672K, paused 2ms+1ms, total 15ms
01-01 12:08:36.730 D/dalvikvm( 1160): GC_EXPLICIT freed 204K, 14% free 4080K/4692K, paused 1ms+1ms, total 17ms
01-01 12:08:36.730 I/SystemServer( 1160): Entropy Mixer
01-01 12:08:36.740 I/EntropyMixer( 1160): Writing entropy...
01-01 12:08:36.750 I/SystemServer( 1160): User Service
01-01 12:08:36.750 I/SystemServer( 1160): Account Manager
01-01 12:08:36.750 I/SystemServer( 1160): Content Manager
01-01 12:08:36.750 I/SystemServer( 1160): System Content Providers
01-01 12:08:36.760 I/Lights  ( 1160): >>> Enter light_device_open:backlight
01-01 12:08:36.760 I/Lights  ( 1160): >>> Enter light_device_open:keyboard
01-01 12:08:36.760 I/Lights  ( 1160): >>> Enter light_device_open:buttons
01-01 12:08:36.760 I/Lights  ( 1160): >>> Enter light_device_open:battery
01-01 12:08:36.760 I/Lights  ( 1160): >>> Enter light_device_open:notifications
01-01 12:08:36.760 I/Lights  ( 1160): >>> Enter light_device_open:attention
01-01 12:08:36.760 I/Lights  ( 1160): >>> Enter light_device_open:bluetooth
01-01 12:08:36.760 I/Lights  ( 1160): >>> undefine light id
01-01 12:08:36.760 I/Lights  ( 1160): >>> Enter light_device_open:wifi
01-01 12:08:36.760 I/Lights  ( 1160): >>> undefine light id
01-01 12:08:36.760 I/SystemServer( 1160): Lights Service
01-01 12:08:36.760 I/SystemServer( 1160): Battery Service
01-01 12:08:36.760 I/SystemServer( 1160): Vibrator Service
01-01 12:08:36.770 E/ConsumerIrService( 1160): Can't open consumer IR HW Module, error: -2
01-01 12:08:36.770 W/libsuspend( 1160): Error writing 'on' to /sys/power/state: Invalid argument
01-01 12:08:36.770 I/libsuspend( 1160): Selected autosleep
01-01 12:08:36.770 D/SurfaceFlinger(  141): Screen acquired, type=0 flinger=0xb885f450
01-01 12:08:36.770 D/SurfaceFlinger(  141):  screen was previously acquired
01-01 12:08:36.770 I/SystemServer( 1160): Consumer IR Service
01-01 12:08:36.770 I/SystemServer( 1160): Alarm Manager
01-01 12:08:36.770 I/SystemServer( 1160): Init Watchdog
01-01 12:08:36.770 I/SystemServer( 1160): Input Manager
01-01 12:08:36.770 I/InputManager( 1160): Initializing input manager, mUseDevInputEventForAudioJack=false
01-01 12:08:36.770 I/SystemServer( 1160): DisplayDeviceManagementService Service
01-01 12:08:36.770 D/DisplayDeviceManagementService( 1160): DisplayDeviceManagementService start
01-01 12:08:36.770 I/SystemServer( 1160): Window Manager
01-01 12:08:36.770 I/WindowManager( 1160): No existing display settings /data/system/display_settings.xml; starting empty
01-01 12:08:36.780 D/SensorsHal( 1160): Couldn't open /dev/mma8452_daemon (No such file or directory)
01-01 12:08:36.780 E/SensorService( 1160): Error activating sensor 0 (Operation not permitted)
01-01 12:08:36.780 D/Environment( 1160): screen raw size:1920,1080
01-01 12:08:36.780 D/Environment( 1160): screen raw size:1920,1080
01-01 12:08:36.780 D/Environment( 1160): screen raw size:1920,1080
01-01 12:08:36.780 D/Environment( 1160): screen raw size:1920,1080
01-01 12:08:36.780 D/Environment( 1160): screen raw size:1920,1080
01-01 12:08:36.780 D/MouseControlSocket( 1160): responseThread start
01-01 12:08:36.780 D/MouseControlSocket( 1160): thread name:MouseControlSocket//:::56456
01-01 12:08:36.780 I/WindowManager( 1160): No keyguard interface!
01-01 12:08:36.790 D/DisplayOutputManager( 1160): main display iface num is 2
01-01 12:08:36.790 D/DisplayOutputManager( 1160): HDMI
01-01 12:08:36.790 D/DisplayOutputManager( 1160): VGA
01-01 12:08:36.790 E/DisplayOutputManager( 1160): Error listing Interfaces :java.lang.IllegalStateException: command '2 interface list 1' failed with '400 2 Missing display node'
01-01 12:08:36.790 D/EventHub( 1160): No input device configuration file found for device 'tchip_remote_gsensor'.
01-01 12:08:36.790 D/BluetoothManagerService( 1160): BluetoothChipName = 
01-01 12:08:36.790 D/BluetoothManagerService( 1160): Loading stored name and address
01-01 12:08:36.790 D/BluetoothManagerService( 1160): Stored bluetooth Name=FireFly-rk3288,Address=22:22:1B:BB:87:B9
01-01 12:08:36.790 I/InputManager( 1160): Starting input manager
01-01 12:08:36.790 I/SystemServer( 1160): Bluetooth Manager Service
01-01 12:08:36.790 I/SystemServer( 1160): Input Method Service
01-01 12:08:36.790 W/InputMethodManagerService( 1160): Couldn't create dir.: /data/system/inputmethod
01-01 12:08:36.800 W/ResourceType( 1160): Failure getting entry for 0x7f060000 (t=5 e=0) in package 0 (error -75)
01-01 12:08:36.800 I/SystemServer( 1160): Accessibility Manager
01-01 12:08:36.810 D/dalvikvm( 1160): GC_CONCURRENT freed 238K, 8% free 4335K/4692K, paused 0ms+2ms, total 14ms
01-01 12:08:36.810 D/dalvikvm( 1160): WAIT_FOR_CONCURRENT_GC blocked 4ms
01-01 12:08:36.810 D/qiuen   ( 1160): >>>CURRENT DISPLAY SIZE: 1280x720
01-01 12:08:36.810 I/qiuen   ( 1160): FORCED DISPLAY SIZE: 1280x720
01-01 12:08:36.810 I/ActivityManager( 1160): Config changes=1df8 {1.0 ?mcc?mnc en_US ldltr sw720dp w1280dp h720dp 160dpi xlrg long land ?uimode ?night -touch -keyb/v/h -nav/h s.2}
01-01 12:08:36.820 D/MountService( 1160): ---getMaxSupportedUsers,we has UMS,ignore emulated storage---
01-01 12:08:36.820 D/MountService( 1160): ---getMaxSupportedUsers,we has UMS,force NAND FLASH to primary storage---
01-01 12:08:36.820 I/ActivityManager( 1160): Config changes=500 {1.0 ?mcc?mnc en_US ldltr sw720dp w1280dp h647dp 160dpi lrg long land ?uimode ?night -touch -keyb/v/h -nav/h s.3}
01-01 12:08:36.820 I/SystemServer( 1160): Mount Service
01-01 12:08:36.820 D/MountService( 1160): got storage path: /storage/sdcard0 description: SD card primary: true removable: true emulated: true mtpReserve: 100 allowMassStorage: false maxFileSize: 0
01-01 12:08:36.820 D/MountService( 1160): got storage path: /mnt/internal_sd description: NAND FLASH primary: false removable: true emulated: false mtpReserve: 100 allowMassStorage: true maxFileSize: 0
01-01 12:08:36.820 D/MountService( 1160): addVolumeLocked() StorageVolume:
01-01 12:08:36.820 D/MountService( 1160):     mStorageId=0 mPath=/mnt/internal_sd mDescriptionId=17041004 mPrimary=true 
01-01 12:08:36.820 D/MountService( 1160):     mRemovable=true mEmulated=false mMtpReserveSpace=100 
01-01 12:08:36.820 D/MountService( 1160):     mAllowMassStorage=true mMaxFileSize=0 mOwner=null mUuid=null 
01-01 12:08:36.820 D/MountService( 1160):     mUserLabel=null mState=null 
01-01 12:08:36.820 D/MountService( 1160): got storage path: /mnt/external_sd description: SD card primary: false removable: true emulated: false mtpReserve: 100 allowMassStorage: true maxFileSize: 0
01-01 12:08:36.820 D/MountService( 1160): addVolumeLocked() StorageVolume:
01-01 12:08:36.820 D/MountService( 1160):     mStorageId=0 mPath=/mnt/external_sd mDescriptionId=17040669 mPrimary=false 
01-01 12:08:36.820 D/MountService( 1160):     mRemovable=true mEmulated=false mMtpReserveSpace=100 
01-01 12:08:36.820 D/MountService( 1160):     mAllowMassStorage=true mMaxFileSize=0 mOwner=null mUuid=null 
01-01 12:08:36.820 D/MountService( 1160):     mUserLabel=null mState=null 
01-01 12:08:36.820 D/MountService( 1160): got storage path: /mnt/usb_storage/USB_DISK0 description: USB storage 0 primary: false removable: true emulated: false mtpReserve: 100 allowMassStorage: true maxFileSize: 0
01-01 12:08:36.820 D/MountService( 1160): addVolumeLocked() StorageVolume:
01-01 12:08:36.820 D/MountService( 1160):     mStorageId=0 mPath=/mnt/usb_storage/USB_DISK0 mDescriptionId=17040947 
01-01 12:08:36.820 D/MountService( 1160):     mPrimary=false mRemovable=true mEmulated=false mMtpReserveSpace=100 
01-01 12:08:36.820 D/MountService( 1160):     mAllowMassStorage=true mMaxFileSize=0 mOwner=null mUuid=null 
01-01 12:08:36.820 D/MountService( 1160):     mUserLabel=null mState=null 
01-01 12:08:36.820 D/MountService( 1160): got storage path: /mnt/usb_storage/USB_DISK1 description: USB storage 1 primary: false removable: true emulated: false mtpReserve: 100 allowMassStorage: true maxFileSize: 0
01-01 12:08:36.820 D/MountService( 1160): addVolumeLocked() StorageVolume:
01-01 12:08:36.820 D/MountService( 1160):     mStorageId=0 mPath=/mnt/usb_storage/USB_DISK1 mDescriptionId=17040948 
01-01 12:08:36.820 D/MountService( 1160):     mPrimary=false mRemovable=true mEmulated=false mMtpReserveSpace=100 
01-01 12:08:36.820 D/MountService( 1160):     mAllowMassStorage=true mMaxFileSize=0 mOwner=null mUuid=null 
01-01 12:08:36.820 D/MountService( 1160):     mUserLabel=null mState=null 
01-01 12:08:36.820 D/MountService( 1160): got storage path: /mnt/usb_storage/USB_DISK2 description: USB storage 2 primary: false removable: true emulated: false mtpReserve: 100 allowMassStorage: true maxFileSize: 0
01-01 12:08:36.820 D/MountService( 1160): addVolumeLocked() StorageVolume:
01-01 12:08:36.820 D/MountService( 1160):     mStorageId=0 mPath=/mnt/usb_storage/USB_DISK2 mDescriptionId=17040949 
01-01 12:08:36.820 D/MountService( 1160):     mPrimary=false mRemovable=true mEmulated=false mMtpReserveSpace=100 
01-01 12:08:36.820 D/MountService( 1160):     mAllowMassStorage=true mMaxFileSize=0 mOwner=null mUuid=null 
01-01 12:08:36.820 D/MountService( 1160):     mUserLabel=null mState=null 
01-01 12:08:36.820 D/MountService( 1160): got storage path: /mnt/usb_storage/USB_DISK3 description: USB storage 3 primary: false removable: true emulated: false mtpReserve: 100 allowMassStorage: true maxFileSize: 0
01-01 12:08:36.820 D/MountService( 1160): addVolumeLocked() StorageVolume:
01-01 12:08:36.820 D/MountService( 1160):     mStorageId=0 mPath=/mnt/usb_storage/USB_DISK3 mDescriptionId=17040950 
01-01 12:08:36.820 D/MountService( 1160):     mPrimary=false mRemovable=true mEmulated=false mMtpReserveSpace=100 
01-01 12:08:36.820 D/MountService( 1160):     mAllowMassStorage=true mMaxFileSize=0 mOwner=null mUuid=null 
01-01 12:08:36.820 D/MountService( 1160):     mUserLabel=null mState=null 
01-01 12:08:36.820 D/MountService( 1160): got storage path: /mnt/usb_storage/USB_DISK4 description: USB storage 4 primary: false removable: true emulated: false mtpReserve: 100 allowMassStorage: true maxFileSize: 0
01-01 12:08:36.820 D/MountService( 1160): addVolumeLocked() StorageVolume:
01-01 12:08:36.820 D/MountService( 1160):     mStorageId=0 mPath=/mnt/usb_storage/USB_DISK4 mDescriptionId=17040951 
01-01 12:08:36.820 D/MountService( 1160):     mPrimary=false mRemovable=true mEmulated=false mMtpReserveSpace=100 
01-01 12:08:36.820 D/MountService( 1160):     mAllowMassStorage=true mMaxFileSize=0 mOwner=null mUuid=null 
01-01 12:08:36.820 D/MountService( 1160):     mUserLabel=null mState=null 
01-01 12:08:36.820 D/MountService( 1160): got storage path: /mnt/usb_storage/USB_DISK5 description: USB storage 5 primary: false removable: true emulated: false mtpReserve: 100 allowMassStorage: true maxFileSize: 0
01-01 12:08:36.820 D/MountService( 1160): addVolumeLocked() StorageVolume:
01-01 12:08:36.820 D/MountService( 1160):     mStorageId=0 mPath=/mnt/usb_storage/USB_DISK5 mDescriptionId=17040952 
01-01 12:08:36.820 D/MountService( 1160):     mPrimary=false mRemovable=true mEmulated=false mMtpReserveSpace=100 
01-01 12:08:36.820 D/MountService( 1160):     mAllowMassStorage=true mMaxFileSize=0 mOwner=null mUuid=null 
01-01 12:08:36.820 D/MountService( 1160):     mUserLabel=null mState=null 
01-01 12:08:36.820 I/SystemServer( 1160): LockSettingsService
01-01 12:08:36.830 I/PackageManager( 1160): No secure containers on sdcard
01-01 12:08:36.830 I/SystemServer( 1160): Device Policy
01-01 12:08:36.830 I/SystemServer( 1160): Status Bar
01-01 12:08:36.830 I/SystemServer( 1160): Clipboard Service
01-01 12:08:36.830 I/SystemServer( 1160): NetworkManagement Service
01-01 12:08:36.830 I/SystemServer( 1160): Text Service Manager Service
01-01 12:08:36.830 I/MountService( 1160): Media already mounted on daemon connection
01-01 12:08:36.830 I/MountService( 1160): Updating valid state mounted
01-01 12:08:36.830 W/MountService( 1160): Duplicate state transition (mounted -> mounted) for /mnt/internal_sd
01-01 12:08:36.830 I/MountService( 1160): Updating valid state removed
01-01 12:08:36.830 D/MountService( 1160): volume state changed for /mnt/external_sd (unmounted -> removed)
01-01 12:08:36.830 I/MountService( 1160): Updating valid state removed
01-01 12:08:36.830 D/MountService( 1160): volume state changed for /mnt/usb_storage/USB_DISK0 (unmounted -> removed)
01-01 12:08:36.830 I/MountService( 1160): Updating valid state removed
01-01 12:08:36.830 D/MountService( 1160): volume state changed for /mnt/usb_storage/USB_DISK1 (unmounted -> removed)
01-01 12:08:36.830 I/MountService( 1160): Updating valid state removed
01-01 12:08:36.830 D/MountService( 1160): volume state changed for /mnt/usb_storage/USB_DISK2 (unmounted -> removed)
01-01 12:08:36.830 I/MountService( 1160): Updating valid state removed
01-01 12:08:36.830 D/MountService( 1160): volume state changed for /mnt/usb_storage/USB_DISK3 (unmounted -> removed)
01-01 12:08:36.830 I/MountService( 1160): Updating valid state removed
01-01 12:08:36.830 D/MountService( 1160): volume state changed for /mnt/usb_storage/USB_DISK4 (unmounted -> removed)
01-01 12:08:36.830 I/MountService( 1160): Updating valid state removed
01-01 12:08:36.830 D/MountService( 1160): volume state changed for /mnt/usb_storage/USB_DISK5 (unmounted -> removed)
01-01 12:08:36.830 W/PackageManager( 1160): Not granting permission android.permission.GLOBAL_SEARCH to package com.android.quicksearchbox (protectionLevel=18 flags=0x8be45)
01-01 12:08:36.830 I/SystemServer( 1160): NetworkStats Service
01-01 12:08:36.830 W/PackageManager( 1160): Unknown permission com.google.android.gallery3d.permission.GALLERY_PROVIDER in package com.android.bluetooth
01-01 12:08:36.830 W/PackageManager( 1160): Unknown permission com.google.android.googleapps.permission.GOOGLE_AUTH in package com.android.providers.calendar
01-01 12:08:36.830 W/PackageManager( 1160): Unknown permission com.google.android.googleapps.permission.GOOGLE_AUTH.cl in package com.android.providers.calendar
01-01 12:08:36.830 W/PackageManager( 1160): Unknown permission com.google.android.googleapps.permission.GOOGLE_AUTH.mail in package com.android.calendar
01-01 12:08:36.830 W/PackageManager( 1160): Not granting permission android.permission.ACCESS_DOWNLOAD_MANAGER to package com.android.browser (protectionLevel=18 flags=0x9be45)
01-01 12:08:36.830 W/PackageManager( 1160): Not granting permission android.permission.SEND_DOWNLOAD_COMPLETED_INTENTS to package com.android.browser (protectionLevel=2 flags=0x9be45)
01-01 12:08:36.830 W/PackageManager( 1160): Not granting permission android.permission.WRITE_MEDIA_STORAGE to package com.android.music (protectionLevel=18 flags=0x8be65)
01-01 12:08:36.830 W/PackageManager( 1160): Not granting permission android.permission.DEVICE_POWER to package com.android.music (protectionLevel=2 flags=0x8be65)
01-01 12:08:36.830 W/PackageManager( 1160): Unknown permission com.android.launcher.permission.READ_SETTINGS in package com.android.onetimeinitializer
01-01 12:08:36.830 W/PackageManager( 1160): Unknown permission com.android.launcher.permission.WRITE_SETTINGS in package com.android.onetimeinitializer
01-01 12:08:36.830 W/PackageManager( 1160): Not granting permission android.permission.BIND_APPWIDGET to package com.android.launcher3 (protectionLevel=18 flags=0x58be45)
01-01 12:08:36.830 W/PackageManager( 1160): Unknown permission com.android.launcher.permission.READ_SETTINGS in package com.android.launcher3
01-01 12:08:36.830 W/PackageManager( 1160): Unknown permission com.android.launcher.permission.WRITE_SETTINGS in package com.android.launcher3
01-01 12:08:36.830 W/PackageManager( 1160): Not granting permission android.permission.BIND_WALLPAPER to package com.android.camera2 (protectionLevel=18 flags=0x58bc45)
01-01 12:08:36.830 W/PackageManager( 1160): Unknown permission android.permission.INSTALL_DRM in package com.android.mms
01-01 12:08:36.830 W/PackageManager( 1160): Unknown permission com.google.android.gallery3d.permission.PICASA_STORE in package com.android.dreams.phototable
01-01 12:08:36.830 W/PackageManager( 1160): Unknown permission com.google.android.googleapps.permission.GOOGLE_AUTH in package com.android.settings
01-01 12:08:36.830 I/SystemServer( 1160): NetworkPolicy Service
01-01 12:08:36.830 W/PackageManager( 1160): Unknown permission com.android.launcher.permission.READ_SETTINGS in package com.android.settings
01-01 12:08:36.830 W/PackageManager( 1160): Unknown permission com.android.launcher.permission.WRITE_SETTINGS in package com.android.settings
01-01 12:08:36.830 W/PackageManager( 1160): Not granting permission android.permission.INSTALL_PACKAGES to package com.android.apkinstaller (protectionLevel=18 flags=0x8be45)
01-01 12:08:36.830 W/PackageManager( 1160): Not granting permission android.permission.DELETE_PACKAGES to package com.android.apkinstaller (protectionLevel=18 flags=0x8be45)
01-01 12:08:36.830 I/SystemServer( 1160): Wi-Fi P2pService
01-01 12:08:36.840 W/PackageManager( 1160): Unknown permission android.Manifest.permission.INJECT_EVENTS in package com.rockchip.devicetest
01-01 12:08:36.840 W/PackageManager( 1160): Unknown permission com.google.android.googleapps.permission.ACCESS_GOOGLE_PASSWORD in package com.android.development
01-01 12:08:36.840 W/PackageManager( 1160): Unknown permission com.google.android.googleapps.permission.GOOGLE_AUTH in package com.android.development
01-01 12:08:36.840 W/PackageManager( 1160): Unknown permission com.google.android.googleapps.permission.GOOGLE_AUTH.ALL_SERVICES in package com.android.development
01-01 12:08:36.840 W/PackageManager( 1160): Unknown permission com.google.android.googleapps.permission.GOOGLE_AUTH.YouTubeUser in package com.android.development
01-01 12:08:36.840 W/PackageManager( 1160): Not granting permission android.permission.MOUNT_UNMOUNT_FILESYSTEMS to package com.rockchip.mediacenter (protectionLevel=18 flags=0x8be45)
01-01 12:08:36.840 W/PackageManager( 1160): Not granting permission android.permission.DEVICE_POWER to package com.rockchip.mediacenter (protectionLevel=2 flags=0x8be45)
01-01 12:08:36.840 W/PackageManager( 1160): Not granting permission android.permission.DELETE_PACKAGES to package com.svox.pico (protectionLevel=18 flags=0x8be45)
01-01 12:08:36.840 W/PackageManager( 1160): Not granting permission android.permission.DEVICE_POWER to package com.android.deskclock (protectionLevel=2 flags=0x48be45)
01-01 12:08:36.840 W/PackageManager( 1160): Unknown permission rockchip.permission.FULL_SCREEN in package android.rk.RockVideoPlayer
01-01 12:08:36.840 W/PackageManager( 1160): Unknown permission android.permission.RAISED_THREAD_PRIORITY in package android.rk.RockVideoPlayer
01-01 12:08:36.840 W/PackageManager( 1160): Unknown permission android.permission.FULL_SCREEN in package android.rk.RockVideoPlayer
01-01 12:08:36.840 W/PackageManager( 1160): Unknown permission archos.permission.FULL_SCREEN in package android.rk.RockVideoPlayer
01-01 12:08:36.860 D/dalvikvm( 1160): GC_CONCURRENT freed 349K, 10% free 4448K/4904K, paused 2ms+2ms, total 18ms
01-01 12:08:36.870 D/EventHub( 1160): No input device configuration file found for device 'tchip_remote_touch'.
01-01 12:08:36.870 I/EventHub( 1160): New device: id=2, fd=109, path='/dev/input/event2', name='tchip_remote_touch', classes=0x14, configuration='', keyLayout='', keyCharacterMap='', builtinKeyboard=false, usingSuspendBlockIoctl=true, usingClockIoctl=true
01-01 12:08:36.870 D/EventHub( 1160): No input device configuration file found for device 'tchip_remote_key'.
01-01 12:08:36.870 W/EventHub( 1160): Unable to disable kernel key repeat for /dev/input/event1: Function not implemented
01-01 12:08:36.870 I/EventHub( 1160): New device: id=3, fd=117, path='/dev/input/event1', name='tchip_remote_key', classes=0x46b, configuration='', keyLayout='/system/usr/keylayout/Generic.kl', keyCharacterMap='/system/usr/keychars/Generic.kcm', builtinKeyboard=false, usingSuspendBlockIoctl=true, usingClockIoctl=true
01-01 12:08:36.870 D/EventHub( 1160): No input device configuration file found for device 'PIXART USB OPTICAL MOUSE'.
01-01 12:08:36.870 I/EventHub( 1160): New device: id=4, fd=118, path='/dev/input/event5', name='PIXART USB OPTICAL MOUSE', classes=0x80000008, configuration='', keyLayout='', keyCharacterMap='', builtinKeyboard=false, usingSuspendBlockIoctl=true, usingClockIoctl=true
01-01 12:08:36.870 D/EventHub( 1160): No input device configuration file found for device 'rk29-keypad'.
01-01 12:08:36.870 W/EventHub( 1160): Unable to disable kernel key repeat for /dev/input/event4: Function not implemented
01-01 12:08:36.870 I/EventHub( 1160): New device: id=5, fd=119, path='/dev/input/event4', name='rk29-keypad', classes=0x401, configuration='', keyLayout='/system/usr/keylayout/rk29-keypad.kl', keyCharacterMap='/system/usr/keychars/Generic.kcm', builtinKeyboard=true, usingSuspendBlockIoctl=true, usingClockIoctl=true
01-01 12:08:36.870 D/EventHub( 1160): No input device configuration file found for device 'ff680000.pwm'.
01-01 12:08:36.870 W/EventHub( 1160): Unable to disable kernel key repeat for /dev/input/event0: Function not implemented
01-01 12:08:36.870 I/EventHub( 1160): New device: id=6, fd=120, path='/dev/input/event0', name='ff680000.pwm', classes=0x421, configuration='', keyLayout='/system/usr/keylayout/ff680000_pwm.kl', keyCharacterMap='/system/usr/keychars/Generic.kcm', builtinKeyboard=false, usingSuspendBlockIoctl=true, usingClockIoctl=true
01-01 12:08:36.870 I/InputReader( 1160): Device added: id=-1, name='Virtual', sources=0x00000301
01-01 12:08:36.880 I/InputReader( 1160): Device added: id=6, name='ff680000.pwm', sources=0x00002303
01-01 12:08:36.880 I/InputReader( 1160): Device added: id=0, name='rk29-keypad', sources=0x00002103
01-01 12:08:36.880 I/InputReader( 1160): Device added: id=4, name='PIXART USB OPTICAL MOUSE', sources=0x00002002
01-01 12:08:36.880 I/InputReader( 1160): Device added: id=3, name='tchip_remote_key', sources=0x00002703
01-01 12:08:36.880 I/InputReader( 1160):   Touch device 'tchip_remote_touch' could not query the properties of its associated display.  The device will be inoperable until the display size becomes available.
01-01 12:08:36.880 I/InputReader( 1160): Device added: id=2, name='tchip_remote_touch', sources=0x00001002
01-01 12:08:36.880 I/InputReader( 1160): Reconfiguring input devices.  changes=0x00000004
01-01 12:08:36.880 I/InputReader( 1160): Device reconfigured: id=2, name='tchip_remote_touch', size 1280x720, orientation 0, mode 1, display id 0
01-01 12:08:36.910 I/SystemServer( 1160): Wi-Fi Service
01-01 12:08:36.940 D/EthernetService( 1160): EthernetService() : Entered.
01-01 12:08:36.940 I/SystemServer( 1160): Ethernet Service
01-01 12:08:36.950 D/CommandListener(  886): Setting iface cfg
01-01 12:08:36.950 D/CommandListener(  886): Trying to bring up eth0
01-01 12:08:36.950 I/SystemServer( 1160): Connectivity Service
01-01 12:08:36.950 D/ConnectivityService( 1160): ConnectivityService starting up
01-01 12:08:36.950 D/ConnectivityService( 1160): wifiOnly=false
01-01 12:08:37.140 E/RkWifiCtrl( 1160): rk_wifi_load_driver:(rmmod)
01-01 12:08:37.160 D/Ethernet( 1160): carrier=0
01-01 12:08:37.160 D/Ethernet( 1160): carrier=0
01-01 12:08:37.180 D/BluetoothTethering( 1160): startMonitoring: target: Handler (com.android.server.ConnectivityService$NetworkStateTrackerHandler) {41a21248}
01-01 12:08:37.180 D/BluetoothTethering( 1160): startMonitoring: mCsHandler: Handler (com.android.server.ConnectivityService$NetworkStateTrackerHandler) {41a21248}
01-01 12:08:37.180 D/BluetoothManagerService( 1160): Message: 20
01-01 12:08:37.180 D/BluetoothManagerService( 1160): Added callback: android.bluetooth.BluetoothAdapter$1@41a30998:true
01-01 12:08:37.180 D/BluetoothManagerService( 1160): Message: 30
01-01 12:08:37.180 W/ContextImpl( 1160): Calling a method in the system process without a qualified user: android.app.ContextImpl.bindService:1558 android.bluetooth.BluetoothPan.doBind:149 android.bluetooth.BluetoothPan.<init>:141 android.bluetooth.BluetoothAdapter.getProfileProxy:1252 android.bluetooth.BluetoothTetheringDataTracker.startMonitoring:116 
01-01 12:08:37.190 D/dalvikvm( 1160): GC_CONCURRENT freed 369K, 10% free 4554K/5032K, paused 1ms+3ms, total 31ms
01-01 12:08:37.190 E/MobileDataStateTracker( 1160): default: Ignoring feature request because could not acquire PhoneService
01-01 12:08:37.190 E/MobileDataStateTracker( 1160): default: Could not enable APN type "default"
01-01 12:08:37.190 I/WifiService( 1160): WifiService starting up with Wi-Fi enabled
01-01 12:08:37.190 D/WifiService( 1160): setWifiEnabled: true pid=1160, uid=1000
01-01 12:08:37.200 D/WifiController( 1160): WifiController msg { when=0 what=155656 target=com.android.internal.util.StateMachine$SmHandler } deferred for 248ms
01-01 12:08:37.200 D/PppoeService( 1160): PppoeService() : Entered.
01-01 12:08:37.200 D/PppoeService( 1160): PppoeObserver() : to start observing, to catch uevent with 'SUBSYSTEM=net'.
01-01 12:08:37.200 I/SystemServer( 1160): Pppoe Service
01-01 12:08:37.200 I/SystemServer( 1160): Network Service Discovery Service
01-01 12:08:37.200 D/NsdService( 1160): Network service discovery enabled true
01-01 12:08:37.200 I/SystemServer( 1160): UpdateLock Service
01-01 12:08:37.240 I/SystemServer( 1160): Notification Manager
01-01 12:08:37.240 I/SystemServer( 1160): Device Storage Monitor
01-01 12:08:37.240 I/SystemServer( 1160): Location Manager
01-01 12:08:37.250 I/SystemServer( 1160): Country Detector
01-01 12:08:37.250 I/SystemServer( 1160): Search Service
01-01 12:08:37.250 I/SystemServer( 1160): DropBox Service
01-01 12:08:37.250 I/SystemServer( 1160): Wallpaper Service
01-01 12:08:37.250 I/SystemServer( 1160): Audio Service
01-01 12:08:37.270 W/DisplayD(  137): No subsystem found in netlink event
01-01 12:08:37.270 W/Netd    (  886): No subsystem found in netlink event
01-01 12:08:37.270 D/PppoeService( 1160): onUEvent() : get uevent : '{SUBSYSTEM=net, DEVPATH=/devices/ff0d0000.rksdmmc/mmc_host/mmc2/mmc2:0001/mmc2:0001:2/net/wlan0, SEQNUM=1502, IFINDEX=4, ACTION=remove, INTERFACE=wlan0, DEVTYPE=wlan}'.
01-01 12:08:37.270 I/MediaFocusControl( 1160):   Remote Control   registerMediaButtonIntent() for PendingIntent{418b3650: PendingIntentRecord{41a87cd8 android broadcastIntent}}
01-01 12:08:37.270 D/NetlinkEvent(  137): Unexpected netlink message. type=0x11
01-01 12:08:37.270 D/NetlinkEvent(  886): Unexpected netlink message. type=0x11
01-01 12:08:37.290 D/AudioHardwareALSA(  895): AudioHardwareALSA::setVoiceVolume volume = 0.800000
01-01 12:08:37.290 D/AudioHardwareALSA(  895): ALSAMixer::setVolume left = 0.800000 , right = 0.800000
01-01 12:08:37.290 V/AudioService( 1160): monitoring device orientation
01-01 12:08:37.290 I/AudioHardwareALSA(  895): AudioHardwareALSA::setParameters() orientation=undefined
01-01 12:08:37.300 D/dalvikvm( 1160): GC_CONCURRENT freed 306K, 8% free 4737K/5148K, paused 2ms+3ms, total 25ms
01-01 12:08:37.300 I/SystemServer( 1160): Dock Observer
01-01 12:08:37.300 W/DockObserver( 1160): This kernel does not have dock station support
01-01 12:08:37.300 I/SystemServer( 1160): Wired Accessory Manager
01-01 12:08:37.300 W/WiredAccessoryManager( 1160): This kernel does not have wired headset support
01-01 12:08:37.300 W/WiredAccessoryManager( 1160): This kernel does not have usb audio support
01-01 12:08:37.300 I/SystemServer( 1160): USB Service
01-01 12:08:37.300 I/SystemServer( 1160): Serial Service
01-01 12:08:37.300 I/SystemServer( 1160): Twilight Service
01-01 12:08:37.300 I/SystemServer( 1160): UI Mode Manager Service
01-01 12:08:37.310 I/SystemServer( 1160): Backup Service
01-01 12:08:37.310 V/BackupManagerService( 1160): Initializing package tracking
01-01 12:08:37.310 V/BackupManagerService( 1160): No ancestral data
01-01 12:08:37.310 V/BackupManagerService( 1160): addPackageParticipantsLocked: all
01-01 12:08:37.310 I/BackupManagerService( 1160): Scheduling backup for new app com.android.inputmethod.latin
01-01 12:08:37.310 D/BackupManagerService( 1160): Now staging backup of com.android.inputmethod.latin
01-01 12:08:37.320 I/BackupManagerService( 1160): Scheduling backup for new app com.android.calendar
01-01 12:08:37.320 D/BackupManagerService( 1160): Now staging backup of com.android.calendar
01-01 12:08:37.320 I/BackupManagerService( 1160): Scheduling backup for new app com.android.browser
01-01 12:08:37.320 D/BackupManagerService( 1160): Now staging backup of com.android.browser
01-01 12:08:37.320 I/BackupManagerService( 1160): Scheduling backup for new app com.android.providers.userdictionary
01-01 12:08:37.320 D/BackupManagerService( 1160): Now staging backup of com.android.providers.userdictionary
01-01 12:08:37.320 I/BackupManagerService( 1160): Scheduling backup for new app com.android.sharedstoragebackup
01-01 12:08:37.320 D/BackupManagerService( 1160): Now staging backup of com.android.sharedstoragebackup
01-01 12:08:37.320 I/BackupManagerService( 1160): Scheduling backup for new app android
01-01 12:08:37.320 D/BackupManagerService( 1160): Now staging backup of android
01-01 12:08:37.320 I/BackupManagerService( 1160): Scheduling backup for new app com.android.dialer
01-01 12:08:37.320 D/BackupManagerService( 1160): Now staging backup of com.android.dialer
01-01 12:08:37.330 I/BackupManagerService( 1160): Scheduling backup for new app com.android.providers.settings
01-01 12:08:37.330 D/BackupManagerService( 1160): Now staging backup of com.android.providers.settings
01-01 12:08:37.330 V/BackupManagerService( 1160): Starting with transport android/com.android.internal.backup.LocalTransport
01-01 12:08:37.330 V/BackupManagerService( 1160): Found transports: 1
01-01 12:08:37.330 I/BackupManagerService( 1160): Binding to transport host ComponentInfo{android/com.android.internal.backup.LocalTransportService}
01-01 12:08:37.330 I/BackupManagerService( 1160): Found stale backup journal, scheduling
01-01 12:08:37.330 I/BackupManagerService( 1160):   com.android.inputmethod.latin
01-01 12:08:37.330 I/BackupManagerService( 1160):   com.android.calendar
01-01 12:08:37.330 I/BackupManagerService( 1160):   com.android.browser
01-01 12:08:37.330 I/BackupManagerService( 1160):   com.android.providers.userdictionary
01-01 12:08:37.330 I/BackupManagerService( 1160):   com.android.sharedstoragebackup
01-01 12:08:37.330 I/BackupManagerService( 1160):   android
01-01 12:08:37.330 I/BackupManagerService( 1160):   com.android.dialer
01-01 12:08:37.330 I/BackupManagerService( 1160):   com.android.providers.settings
01-01 12:08:37.330 I/BackupManagerService( 1160): Backup enabled => false
01-01 12:08:37.330 I/BackupManagerService( 1160): Opting out of backup
01-01 12:08:37.330 I/SystemServer( 1160): AppWidget Service
01-01 12:08:37.330 I/SystemServer( 1160): Recognition Service
01-01 12:08:37.330 I/SystemServer( 1160): DiskStats Service
01-01 12:08:37.330 I/SystemServer( 1160): SamplingProfiler Service
01-01 12:08:37.330 I/SystemServer( 1160): NetworkTimeUpdateService
01-01 12:08:37.330 I/SystemServer( 1160): CommonTimeManagementService
01-01 12:08:37.330 I/SystemServer( 1160): CertBlacklister
01-01 12:08:37.330 I/SystemServer( 1160): Dreams Service
01-01 12:08:37.330 I/SystemServer( 1160): Assets Atlas Service
01-01 12:08:37.340 D/Atlas   ( 1160): Loaded configuration: SliceMinArea (768x768) flags=0x2 count=25
01-01 12:08:37.340 W/gralloc (  141):  Debugmem The fd=43, in vmalloc !!!! Ishwc=0
01-01 12:08:37.340 I/SystemServer( 1160): IdleMaintenanceService
01-01 12:08:37.340 I/SystemServer( 1160): Print Service
01-01 12:08:37.340 I/SystemServer( 1160): Media Router Service
01-01 12:08:37.380 D/Atlas   ( 1160): Rendered atlas in 35.40ms (0.86+34.54ms)
01-01 12:08:37.450 D/WifiController( 1160): DEFERRED_TOGGLE handled
01-01 12:08:38.340 I/WindowManager( 1160): SAFE MODE not enabled
01-01 12:08:38.340 D/dalvikvm( 1160): JIT started for system_server
01-01 12:08:38.340 W/WindowManager( 1160): Devices still not ready after waiting 1000 milliseconds before attempting to detect safe mode.
01-01 12:08:38.390 I/Zygote  ( 1160): Process: zygote socket opened
01-01 12:08:38.410 V/KeyguardServiceDelegate( 1160): *** Keyguard started
01-01 12:08:38.410 V/KeyguardServiceDelegate( 1160): onSystemReady() called before keyguard service was ready
01-01 12:08:38.410 I/ActivityManager( 1160): Start proc com.android.systemui for service com.android.keyguard/.KeyguardService: pid=1229 uid=10007 gids={50007, 1028, 1015, 1035, 3002, 3001}
01-01 12:08:38.420 E/Lights  ( 1160): write_int failed to open /sys/class/backlight/rk28_bl/brightness
01-01 12:08:38.430 I/ActivityManager( 1160): System now ready
01-01 12:08:38.430 I/SystemServer( 1160): Making services ready
01-01 12:08:38.440 D/NetworkManagementService( 1160): enabling bandwidth control
01-01 12:08:38.480 E/MediaPlayerFactory(  895): getPlayerType(), extension = .ogg
01-01 12:08:38.480 E/MediaPlayerFactory(  895): isBDDirectory() ,path = /system/media/audio/ui/Lock.ogg
01-01 12:08:38.480 E/MediaPlayerFactory(  895): isBDDirectory(): no BDMV
01-01 12:08:38.480 D/MediaPlayerFactory(  895): createPlayer:playerType=3
01-01 12:08:38.480 D/MediaPlayerFactory(  895):  create StagefrightPlayer
01-01 12:08:38.480 I/AwesomePlayer(  895): AwesomePlayer::AwesomePlayer()in
01-01 12:08:38.480 I/        (  895): new RKOMXPlugin
01-01 12:08:38.480 V/KeyguardService( 1229): onCreate()
01-01 12:08:38.480 I/AwesomePlayer(  895): AwesomePlayer::AwesomePlayer()aftermClient.connect()
01-01 12:08:38.480 I/FrameQueueManage(  895): use_iommu = 0x1
01-01 12:08:38.490 D/SystemUIService( 1229): loading: class com.android.systemui.recent.Recents
01-01 12:08:38.490 D/SystemUIService( 1229): running: com.android.systemui.recent.Recents@41885c78
01-01 12:08:38.490 D/SystemUIService( 1229): loading: class com.android.systemui.statusbar.SystemBars
01-01 12:08:38.490 D/SystemUIService( 1229): running: com.android.systemui.statusbar.SystemBars@41886260
01-01 12:08:38.490 D/SystemUIService( 1229): loading: class com.android.systemui.usb.StorageNotification
01-01 12:08:38.490 D/SystemUIService( 1229): running: com.android.systemui.usb.StorageNotification@41888020
01-01 12:08:38.490 D/SystemUIService( 1229): loading: class com.android.systemui.power.PowerUI
01-01 12:08:38.490 D/SystemUIService( 1229): running: com.android.systemui.power.PowerUI@41889a28
01-01 12:08:38.490 D/SystemUIService( 1229): loading: class com.android.systemui.media.RingtonePlayer
01-01 12:08:38.490 D/SystemUIService( 1229): running: com.android.systemui.media.RingtonePlayer@4188ac18
01-01 12:08:38.500 D/SystemUIService( 1229): loading: class com.android.systemui.settings.SettingsUI
01-01 12:08:38.500 D/SystemUIService( 1229): running: com.android.systemui.settings.SettingsUI@4188cc60
01-01 12:08:38.500 I/OMXCodec(  895): OMXCodec::Create mime: audio/vorbis
01-01 12:08:38.500 I/MediaCodecList(  895): register mediacode *****************
01-01 12:08:38.500 I/OMXCodec(  895): --->InstantiateSoftwareCodec create OMX.google.vorbis.decoder codec
01-01 12:08:38.500 I/OMXCodec(  895): Attempting to allocate OMX node 'OMX.google.vorbis.decoder'
01-01 12:08:38.500 I/OMXCodec(  895): Successfully allocated OMX node 'OMX.google.vorbis.decoder'
01-01 12:08:38.510 I/OMXCodec(  895): mOutputPortSettingsHaveChanged set true
01-01 12:08:38.510 D/PhoneStatusBar( 1229): mSettingsPanelGravity = 8388661
01-01 12:08:38.510 I/StatusBarManagerService( 1160): registerStatusBar bar=com.android.internal.statusbar.IStatusBar$Stub$Proxy@41ab6510
01-01 12:08:38.530 W/AudioCache(  895): Battery track warning: refCount is already 0
01-01 12:08:38.530 I/FrameQueueManage(  895): FrameQueueManage::~FrameQueueManage end!
01-01 12:08:38.530 E/MediaPlayerFactory(  895): getPlayerType(), extension = .ogg
01-01 12:08:38.530 E/MediaPlayerFactory(  895): isBDDirectory() ,path = /system/media/audio/ui/Unlock.ogg
01-01 12:08:38.530 E/MediaPlayerFactory(  895): isBDDirectory(): no BDMV
01-01 12:08:38.530 D/MediaPlayerFactory(  895): createPlayer:playerType=3
01-01 12:08:38.530 D/MediaPlayerFactory(  895):  create StagefrightPlayer
01-01 12:08:38.530 I/AwesomePlayer(  895): AwesomePlayer::AwesomePlayer()in
01-01 12:08:38.530 I/AwesomePlayer(  895): AwesomePlayer::AwesomePlayer()aftermClient.connect()
