01-01 12:09:41.710 W/ContextImpl( 1975): Calling a method in the system process without a qualified user: android.app.ContextImpl.bindService:1558 android.content.ContextWrapper.bindService:517 android.bluetooth.BluetoothPbap.doBind:164 android.bluetooth.BluetoothPbap$1.onBluetoothStateChange:132 android.bluetooth.IBluetoothStateChangeCallback$Stub.onTransact:55 
01-01 12:09:41.720 D/BluetoothHeadset( 1858): onBluetoothStateChange: up=true
01-01 12:09:41.720 D/BluetoothHeadset( 1858): onBluetoothStateChange: up=true
01-01 12:09:41.720 D/BluetoothA2dp( 1683): onBluetoothStateChange: up=true
01-01 12:09:41.720 D/BluetoothHeadset( 1858): onBluetoothStateChange: up=true
01-01 12:09:41.720 D/BluetoothManagerService( 1683): Bluetooth State Change Intent: 11 -> 12
01-01 12:09:41.720 E/bt_h4   ( 2385): vendor lib postload completed
01-01 12:09:41.720 W/ContextImpl( 1683): Calling a method in the system process without a qualified user: android.app.ContextImpl.bindService:1558 android.bluetooth.BluetoothPan.doBind:149 android.bluetooth.BluetoothPan$1.onBluetoothStateChange:192 com.android.server.BluetoothManagerService.sendBluetoothStateCallback:594 com.android.server.BluetoothManagerService.bluetoothStateChangeHandler:1300 
01-01 12:09:41.730 D/Tchip-RemoteService( 2037): receive action:android.bluetooth.adapter.action.STATE_CHANGED
01-01 12:09:41.730 D/Tchip-RemoteService( 2037): Receive(BluetoothAdapter.ACTION_STATE_CHANGED:12
01-01 12:09:41.740 D/BluetoothManagerService( 1683): BluetoothServiceConnection: com.android.bluetooth.gatt.GattService
01-01 12:09:41.740 D/BluetoothManagerService( 1683): Message: 40
01-01 12:09:41.740 D/BluetoothManagerService( 1683): MESSAGE_BLUETOOTH_SERVICE_CONNECTED: 2
01-01 12:09:41.740 D/BluetoothMapService( 2385): onReceive
01-01 12:09:41.740 D/BluetoothMapService( 2385): STATE_ON
01-01 12:09:41.740 D/LocalBluetoothProfileManager( 1975): Adding local A2DP profile
01-01 12:09:41.740 D/BluetoothMapService( 2385): Map Service startRfcommSocketListener
01-01 12:09:41.740 D/BluetoothAdapterService(1110099288)( 2385): Get Bonded Devices being called
01-01 12:09:41.750 D/BluetoothManagerService( 1683): Message: 30
01-01 12:09:41.750 D/BluetoothMapService( 2385): Map Service initSocket
01-01 12:09:41.750 D/BluetoothManagerService( 1683): checkIfCallerIsForegroundUser: valid=true callingUser=0 foregroundUser=0
01-01 12:09:41.750 W/BluetoothAdapter( 2385): getBluetoothService() called with no BluetoothManagerCallback
01-01 12:09:41.750 D/LocalBluetoothProfileManager( 1975): Adding local HEADSET profile
01-01 12:09:41.750 E/BluetoothServiceJni( 2385): SOCK FLAG = 1 ***********************
01-01 12:09:41.750 D/BluetoothMapService( 2385): Accepting socket connection...
01-01 12:09:41.750 W/ContextImpl( 1975): Calling a method in the system process without a qualified user: android.app.ContextImpl.bindService:1558 android.content.ContextWrapper.bindService:517 android.bluetooth.BluetoothA2dp.doBind:165 android.bluetooth.BluetoothA2dp.<init>:158 android.bluetooth.BluetoothAdapter.getProfileProxy:1246 
01-01 12:09:41.760 D/BluetoothManagerService( 1683): Message: 30
01-01 12:09:41.760 D/BluetoothAdapterService(1110099288)( 2385): Get Bonded Devices being called
01-01 12:09:41.760 W/ContextImpl( 1975): Calling a method in the system process without a qualified user: android.app.ContextImpl.bindService:1558 android.content.ContextWrapper.bindService:517 android.bluetooth.BluetoothHeadset.doBind:283 android.bluetooth.BluetoothHeadset.<init>:276 android.bluetooth.BluetoothAdapter.getProfileProxy:1243 
01-01 12:09:41.770 D/BluetoothA2dp( 1975): Proxy object connected
01-01 12:09:41.770 D/A2dpProfile( 1975): Bluetooth service connected
01-01 12:09:41.770 D/BluetoothHeadset( 1975): Proxy object connected
01-01 12:09:41.770 D/HeadsetProfile( 1975): Bluetooth service connected
01-01 12:09:41.770 W/ContextImpl( 1975): Calling a method in the system process without a qualified user: android.app.ContextImpl.startService:1494 android.content.ContextWrapper.startService:494 android.content.ContextWrapper.startService:494 com.android.settings.bluetooth.DockEventReceiver.beginStartingService:134 com.android.settings.bluetooth.DockEventReceiver.onReceive:115 
01-01 12:09:41.780 D/DockEventReceiver( 1975): finishStartingService: stopping service
01-01 12:09:41.790 D/BluetoothManagerService( 1683): checkIfCallerIsForegroundUser: valid=true callingUser=0 foregroundUser=0
01-01 12:09:41.790 W/BluetoothAdapter( 2385): getBluetoothService() called with no BluetoothManagerCallback
01-01 12:09:41.790 E/BluetoothServiceJni( 2385): SOCK FLAG = 1 ***********************
01-01 12:09:41.800 D/BluetoothPbap( 1975): Proxy object connected
01-01 12:09:41.800 D/PbapServerProfile( 1975): Bluetooth service connected
01-01 12:09:41.830 D/BluetoothManagerService( 1683): checkIfCallerIsForegroundUser: valid=true callingUser=0 foregroundUser=0
01-01 12:09:41.830 W/BluetoothAdapter( 2385): getBluetoothService() called with no BluetoothManagerCallback
01-01 12:09:41.830 E/BluetoothServiceJni( 2385): SOCK FLAG = 0 ***********************
01-01 12:09:41.830 I/BtOppRfcommListener( 2385): Accept thread started.
01-01 12:09:41.840 D/dalvikvm( 2385): GC_CONCURRENT freed 249K, 11% free 2882K/3232K, paused 4ms+3ms, total 25ms
01-01 12:09:44.720 D/ConnectivityService( 1683): Sampling interval elapsed, updating statistics ..
01-01 12:09:44.730 D/ConnectivityService( 1683): Done.
01-01 12:09:44.730 D/ConnectivityService( 1683): Setting timer for 720seconds
01-01 12:09:45.510 D/LyricManager( 2009): hide lrc
01-01 12:09:45.510 D/LyricManager( 2009): not attached to window manager
01-01 12:09:45.530 I/MediaFocusControl( 1683):  AudioFocus  abandonAudioFocus() from android.media.AudioManager@422a91b8com.android.music.MediaPlaybackService$4@422a1c68
01-01 12:09:45.550 I/ActivityManager( 1683): Start proc com.android.musicfx for broadcast com.android.musicfx/.ControlPanelReceiver: pid=2433 uid=10009 gids={50009, 3003, 3002}
01-01 12:09:45.590 V/MusicFXControlPanelReceiver( 2433): onReceive
01-01 12:09:45.590 V/MusicFXControlPanelReceiver( 2433): Action: android.media.action.CLOSE_AUDIO_EFFECT_CONTROL_SESSION
01-01 12:09:45.590 V/MusicFXControlPanelReceiver( 2433): Package name: com.android.music
01-01 12:09:45.590 V/MusicFXControlPanelReceiver( 2433): Audio session: 8
01-01 12:09:45.590 V/MusicFXControlPanelEffect( 2433): closeSession(android.app.ReceiverRestrictedContext@422a2d18, com.android.music, 8)
01-01 12:09:46.750 W/BluetoothAdapter( 2037): getBluetoothService() called with no BluetoothManagerCallback
01-01 12:09:46.750 E/BluetoothServiceJni( 2385): SOCK FLAG = 3 ***********************
01-01 12:09:46.760 D/Tchip-RemoteService( 2037): wait BT cilent connect...
01-01 12:09:49.320 I/AudioTrack( 1683): set() streamType 1 frameCount 0 flags 0004 channelMask 3 sampleRate 48000 format 1
01-01 12:09:49.330 I/AudioHardwareALSA( 1414): Audio exiting sandby will open audio device
01-01 12:09:49.420 D/LocalBluetoothManager( 1975): setting foreground activity to non-null context
01-01 12:09:49.420 D/BluetoothDiscoverableEnabler( 1975): handleModeChanged(): mode = 21
01-01 12:09:49.430 D/BluetoothDiscoverableEnabler( 1975): handleModeChanged(): mode = 21
01-01 12:09:49.430 V/ALSAModule( 1414): SAMPLERATE:44100
01-01 12:09:49.430 D/ALSAModule( 1414): open called for devices 00000400 in mode 0...
01-01 12:09:49.430 D/ALSAModule( 1414): DevName: AndroidPlayback_Aux_normal
01-01 12:09:49.430 E/ALSAModule( 1414): buffersize: 3072, periodsize:1024
01-01 12:09:49.430 V/ALSAModule( 1414): Set PLAYBACK PCM format to S16_LE (Signed 16 bit Little Endian)
01-01 12:09:49.430 V/ALSAModule( 1414): Using 2 channels for PLAYBACK.
01-01 12:09:49.430 V/ALSAModule( 1414): Set PLAYBACK sample rate to 44100 HZ
01-01 12:09:49.430 E/ALSAModule( 1414): audio type flag: 0
01-01 12:09:49.430 V/ALSAModule( 1414): Buffer size: 3072(frames)  period Size: 1024(frames)  periods: 3 (buffersize=periodSize*periods)
01-01 12:09:49.430 V/ALSAModule( 1414): Latency: 69659   periodTime: 23219
01-01 12:09:49.430 W/bt-btif ( 2385): bta_dm_check_av:0
01-01 12:09:49.430 I/BluetoothAdapterProperties( 2385): Callback:discoveryStateChangeCallback with state:1
01-01 12:09:49.490 D/ALSAModule( 1414): 
01-01 12:09:49.490 D/ALSAModule( 1414): DumpHandleInfo:
01-01 12:09:49.490 D/ALSAModule( 1414): devices: 0xbfff
01-01 12:09:49.490 D/ALSAModule( 1414): format: 0x2
01-01 12:09:49.490 D/ALSAModule( 1414): channels: 2
01-01 12:09:49.490 D/ALSAModule( 1414): sampleRate: 44100
01-01 12:09:49.490 D/ALSAModule( 1414): latency: 69659
01-01 12:09:49.490 D/ALSAModule( 1414): periodSize:1024
01-01 12:09:49.490 D/ALSAModule( 1414): bufferSize:3072
01-01 12:09:49.490 V/ALSAModule( 1414): SAMPLERATE:44100
01-01 12:09:49.490 D/ALSAModule( 1414): open called for devices 00000800 in mode 0...
01-01 12:09:49.490 D/ALSAModule( 1414): DevName: AndroidPlayback_Spdif_normal
01-01 12:09:49.490 E/ALSAModule( 1414): buffersize: 3072, periodsize:1024
01-01 12:09:49.490 V/ALSAModule( 1414): Set PLAYBACK PCM format to S16_LE (Signed 16 bit Little Endian)
01-01 12:09:49.490 V/ALSAModule( 1414): Using 2 channels for PLAYBACK.
01-01 12:09:49.490 V/ALSAModule( 1414): Set PLAYBACK sample rate to 44100 HZ
01-01 12:09:49.490 E/ALSAModule( 1414): audio type flag: 0
01-01 12:09:49.490 V/ALSAModule( 1414): Buffer size: 3072(frames)  period Size: 1024(frames)  periods: 3 (buffersize=periodSize*periods)
01-01 12:09:49.490 V/ALSAModule( 1414): Latency: 69659   periodTime: 23219
01-01 12:09:49.490 D/ALSAModule( 1414): 
01-01 12:09:49.490 D/ALSAModule( 1414): DumpHandleInfo:
01-01 12:09:49.490 D/ALSAModule( 1414): devices: 0xbfff
01-01 12:09:49.490 D/ALSAModule( 1414): format: 0x2
01-01 12:09:49.490 D/ALSAModule( 1414): channels: 2
01-01 12:09:49.490 D/ALSAModule( 1414): sampleRate: 44100
01-01 12:09:49.490 D/ALSAModule( 1414): latency: 69659
01-01 12:09:49.490 D/ALSAModule( 1414): periodSize:1024
01-01 12:09:49.490 D/ALSAModule( 1414): bufferSize:3072
01-01 12:09:49.510 V/BluetoothDiscoveryReceiver( 1975): Received: android.bluetooth.adapter.action.DISCOVERY_STARTED
01-01 12:09:49.530 D/dalvikvm( 1975): GC_CONCURRENT freed 267K, 9% free 3977K/4352K, paused 3ms+2ms, total 18ms
01-01 12:09:49.770 I/bt-hci  ( 2385): BLE HCI(id=62) event = 0x02)
01-01 12:09:49.770 I/bt-hci  ( 2385): btu_ble_process_adv_pkt
01-01 12:09:49.770 E/bt-btm  ( 2385): discoverable flag not desired: 0
01-01 12:09:49.770 E/bt-btm  ( 2385): discard adv pkt
01-01 12:09:51.520 I/bt-hci  ( 2385): BLE HCI(id=62) event = 0x02)
01-01 12:09:51.520 I/bt-hci  ( 2385): btu_ble_process_adv_pkt
01-01 12:09:51.520 E/bt-btm  ( 2385): discoverable flag not desired: 0
01-01 12:09:51.520 E/bt-btm  ( 2385): discard adv pkt
01-01 12:09:52.220 I/bt-hci  ( 2385): BLE HCI(id=62) event = 0x02)
01-01 12:09:52.220 I/bt-hci  ( 2385): btu_ble_process_adv_pkt
01-01 12:09:52.220 E/bt-btm  ( 2385): discoverable flag not desired: 0
01-01 12:09:52.220 E/bt-btm  ( 2385): discard adv pkt
01-01 12:09:52.230 I/bt-hci  ( 2385): BLE HCI(id=62) event = 0x02)
01-01 12:09:52.230 I/bt-hci  ( 2385): btu_ble_process_adv_pkt
01-01 12:09:53.300 I/bt-hci  ( 2385): BLE HCI(id=62) event = 0x02)
01-01 12:09:53.300 I/bt-hci  ( 2385): btu_ble_process_adv_pkt
01-01 12:09:53.320 D/AudioHardwareALSA( 1414): AudioStreamOutALSA::standby().....
01-01 12:09:53.640 I/bt-hci  ( 2385): BLE HCI(id=62) event = 0x02)
01-01 12:09:53.640 I/bt-hci  ( 2385): btu_ble_process_adv_pkt
01-01 12:09:54.350 I/bt-hci  ( 2385): BLE HCI(id=62) event = 0x02)
01-01 12:09:54.350 I/bt-hci  ( 2385): btu_ble_process_adv_pkt
01-01 12:09:54.430 D/BluetoothEventManager( 1975): DeviceFoundHandler created new CachedBluetoothDevice: 70:47:E9:D5:11:38
01-01 12:09:54.680 I/bt-hci  ( 2385): BLE HCI(id=62) event = 0x02)
01-01 12:09:54.680 I/bt-hci  ( 2385): btu_ble_process_adv_pkt
01-01 12:09:54.680 I/bt-hci  ( 2385): BLE HCI(id=62) event = 0x02)
01-01 12:09:54.680 I/bt-hci  ( 2385): btu_ble_process_adv_pkt
01-01 12:09:54.680 D/        ( 2385): cod is 0, set as unclassified
01-01 12:09:54.700 D/BluetoothEventManager( 1975): DeviceFoundHandler created new CachedBluetoothDevice: 75:C3:2B:8C:14:B2
01-01 12:09:56.860 D/BluetoothEventManager( 1975): DeviceFoundHandler created new CachedBluetoothDevice: AC:C1:EE:0F:FB:EC
01-01 12:09:57.150 I/bt-hci  ( 2385): BLE HCI(id=62) event = 0x02)
01-01 12:09:57.150 I/bt-hci  ( 2385): btu_ble_process_adv_pkt
01-01 12:09:57.150 E/bt-btm  ( 2385): discoverable flag not desired: 4
01-01 12:09:57.150 E/bt-btm  ( 2385): discard adv pkt
01-01 12:09:57.150 I/bt-hci  ( 2385): BLE HCI(id=62) event = 0x02)
01-01 12:09:57.150 I/bt-hci  ( 2385): btu_ble_process_adv_pkt
01-01 12:09:57.860 I/bt-hci  ( 2385): BLE HCI(id=62) event = 0x02)
01-01 12:09:57.860 I/bt-hci  ( 2385): btu_ble_process_adv_pkt
01-01 12:09:58.560 I/bt-hci  ( 2385): BLE HCI(id=62) event = 0x02)
01-01 12:09:58.560 I/bt-hci  ( 2385): btu_ble_process_adv_pkt
01-01 12:09:58.920 I/bt-hci  ( 2385): BLE HCI(id=62) event = 0x02)
01-01 12:09:58.920 I/bt-hci  ( 2385): btu_ble_process_adv_pkt
01-01 12:10:00.400 D/btif_config_util( 2385): btif_config_save_file(L153): in file name:/data/misc/bluedroid/bt_config.new
01-01 12:10:05.070 I/bt-hci  ( 2385): BLE HCI(id=62) event = 0x01)
01-01 12:10:05.070 W/bt-btif ( 2385): info:x0
01-01 12:10:05.070 D/        ( 2385): remote version info [75:c3:2b:8c:14:b2]: 0, 0, 0
01-01 12:10:05.380 I/bt-hci  ( 2385): BLE HCI(id=62) event = 0x04)
01-01 12:10:05.380 W/bt-l2cap( 2385): L2CA_RemoveFixedChnl()  CID: 0x0004  BDA: 75c32b8c14b2 not connected
01-01 12:10:05.380 E/bt-btm  ( 2385): btm_sec_disconnected - Clearing Pending flag
01-01 12:10:05.380 I/BluetoothAdapterProperties( 2385): Callback:discoveryStateChangeCallback with state:0
01-01 12:10:05.390 V/BluetoothDiscoveryReceiver( 1975): Received: android.bluetooth.adapter.action.DISCOVERY_FINISHED
01-01 12:10:05.460 D/dalvikvm( 1975): GC_CONCURRENT freed 493K, 14% free 3882K/4476K, paused 2ms+4ms, total 21ms
01-01 12:10:06.220 I/AudioTrack( 1683): set() streamType 1 frameCount 0 flags 0004 channelMask 3 sampleRate 48000 format 1
01-01 12:10:06.220 I/BluetoothAdapterProperties( 2385): adapterPropertyChangedCallback with type:9 len:4
01-01 12:10:06.220 D/BluetoothAdapterProperties( 2385): Discoverable Timeout:120
01-01 12:10:06.220 I/BluetoothAdapterProperties( 2385): adapterPropertyChangedCallback with type:7 len:4
01-01 12:10:06.220 D/BluetoothAdapterProperties( 2385): Scan Mode:23
01-01 12:10:06.220 D/BluetoothDiscoverableEnabler( 1975): setEnabled(): enabled = truetimeout = 120
01-01 12:10:06.220 D/BluetoothDiscoverableTimeoutReceiver( 1975): setDiscoverableAlarm(): alarmTime = 1293883926226
01-01 12:10:06.220 I/AudioHardwareALSA( 1414): Audio exiting sandby will open audio device
01-01 12:10:06.230 D/BluetoothDiscoverableTimeoutReceiver( 1975): setDiscoverableAlarm(): cancel prev alarm
01-01 12:10:06.280 D/BluetoothDiscoverableEnabler( 1975): handleModeChanged(): mode = 23
01-01 12:10:06.320 V/ALSAModule( 1414): SAMPLERATE:44100
01-01 12:10:06.320 D/ALSAModule( 1414): open called for devices 00000400 in mode 0...
01-01 12:10:06.320 D/ALSAModule( 1414): DevName: AndroidPlayback_Aux_normal
01-01 12:10:06.330 E/ALSAModule( 1414): buffersize: 3072, periodsize:1024
01-01 12:10:06.330 V/ALSAModule( 1414): Set PLAYBACK PCM format to S16_LE (Signed 16 bit Little Endian)
01-01 12:10:06.330 V/ALSAModule( 1414): Using 2 channels for PLAYBACK.
01-01 12:10:06.330 V/ALSAModule( 1414): Set PLAYBACK sample rate to 44100 HZ
01-01 12:10:06.330 E/ALSAModule( 1414): audio type flag: 0
01-01 12:10:06.330 V/ALSAModule( 1414): Buffer size: 3072(frames)  period Size: 1024(frames)  periods: 3 (buffersize=periodSize*periods)
01-01 12:10:06.330 V/ALSAModule( 1414): Latency: 69659   periodTime: 23219
01-01 12:10:06.380 D/ALSAModule( 1414): 
01-01 12:10:06.380 D/ALSAModule( 1414): DumpHandleInfo:
01-01 12:10:06.380 D/ALSAModule( 1414): devices: 0xbfff
01-01 12:10:06.380 D/ALSAModule( 1414): format: 0x2
01-01 12:10:06.380 D/ALSAModule( 1414): channels: 2
01-01 12:10:06.380 D/ALSAModule( 1414): sampleRate: 44100
01-01 12:10:06.380 D/ALSAModule( 1414): latency: 69659
01-01 12:10:06.380 D/ALSAModule( 1414): periodSize:1024
01-01 12:10:06.380 D/ALSAModule( 1414): bufferSize:3072
01-01 12:10:06.380 V/ALSAModule( 1414): SAMPLERATE:44100
01-01 12:10:06.380 D/ALSAModule( 1414): open called for devices 00000800 in mode 0...
01-01 12:10:06.380 D/ALSAModule( 1414): DevName: AndroidPlayback_Spdif_normal
01-01 12:10:06.390 E/ALSAModule( 1414): buffersize: 3072, periodsize:1024
01-01 12:10:06.390 V/ALSAModule( 1414): Set PLAYBACK PCM format to S16_LE (Signed 16 bit Little Endian)
01-01 12:10:06.390 V/ALSAModule( 1414): Using 2 channels for PLAYBACK.
01-01 12:10:06.390 V/ALSAModule( 1414): Set PLAYBACK sample rate to 44100 HZ
01-01 12:10:06.390 E/ALSAModule( 1414): audio type flag: 0
01-01 12:10:06.390 V/ALSAModule( 1414): Buffer size: 3072(frames)  period Size: 1024(frames)  periods: 3 (buffersize=periodSize*periods)
01-01 12:10:06.390 V/ALSAModule( 1414): Latency: 69659   periodTime: 23219
01-01 12:10:06.390 D/ALSAModule( 1414): 
01-01 12:10:06.390 D/ALSAModule( 1414): DumpHandleInfo:
01-01 12:10:06.390 D/ALSAModule( 1414): devices: 0xbfff
01-01 12:10:06.390 D/ALSAModule( 1414): format: 0x2
01-01 12:10:06.390 D/ALSAModule( 1414): channels: 2
01-01 12:10:06.390 D/ALSAModule( 1414): sampleRate: 44100
01-01 12:10:06.390 D/ALSAModule( 1414): latency: 69659
01-01 12:10:06.390 D/ALSAModule( 1414): periodSize:1024
01-01 12:10:06.390 D/ALSAModule( 1414): bufferSize:3072
01-01 12:10:10.240 D/AudioHardwareALSA( 1414): AudioStreamOutALSA::standby().....
01-01 12:10:10.340 D/dalvikvm( 1975): GC_CONCURRENT freed 421K, 14% free 3874K/4476K, paused 1ms+4ms, total 22ms
01-01 12:10:11.070 D/btif_config_util( 2385): btif_config_save_file(L153): in file name:/data/misc/bluedroid/bt_config.new
01-01 12:10:15.440 D/dalvikvm( 1975): GC_CONCURRENT freed 417K, 14% free 3866K/4476K, paused 5ms+6ms, total 40ms
01-01 12:10:20.500 D/dalvikvm( 1975): GC_CONCURRENT freed 416K, 14% free 3862K/4476K, paused 5ms+5ms, total 34ms
01-01 12:10:24.580 D/dalvikvm( 1975): GC_CONCURRENT freed 373K, 14% free 3872K/4476K, paused 2ms+3ms, total 19ms
01-01 12:10:29.590 D/dalvikvm( 1975): GC_CONCURRENT freed 379K, 13% free 3897K/4476K, paused 2ms+4ms, total 23ms
01-01 12:10:34.680 D/dalvikvm( 1975): GC_CONCURRENT freed 407K, 13% free 3903K/4476K, paused 2ms+4ms, total 25ms
01-01 12:10:39.700 D/dalvikvm( 1975): GC_CONCURRENT freed 414K, 13% free 3899K/4476K, paused 2ms+5ms, total 25ms
01-01 12:10:44.760 D/dalvikvm( 1975): GC_CONCURRENT freed 413K, 14% free 3890K/4476K, paused 2ms+4ms, total 22ms
