01-01 12:08:44.420 I/FrameQueueManage( 1414): use_iommu = 0x1
01-01 12:08:44.420 D/SystemUIService( 1754): loading: class com.android.systemui.recent.Recents
01-01 12:08:44.420 D/SystemUIService( 1754): running: com.android.systemui.recent.Recents@422b0cb8
01-01 12:08:44.420 D/SystemUIService( 1754): loading: class com.android.systemui.statusbar.SystemBars
01-01 12:08:44.420 D/SystemUIService( 1754): running: com.android.systemui.statusbar.SystemBars@422b12a0
01-01 12:08:44.430 D/SystemUIService( 1754): loading: class com.android.systemui.usb.StorageNotification
01-01 12:08:44.430 D/SystemUIService( 1754): running: com.android.systemui.usb.StorageNotification@422b3060
01-01 12:08:44.430 D/SystemUIService( 1754): loading: class com.android.systemui.power.PowerUI
01-01 12:08:44.430 D/SystemUIService( 1754): running: com.android.systemui.power.PowerUI@422b4a68
01-01 12:08:44.430 D/SystemUIService( 1754): loading: class com.android.systemui.media.RingtonePlayer
01-01 12:08:44.430 I/OMXCodec( 1414): OMXCodec::Create mime: audio/vorbis
01-01 12:08:44.430 D/SystemUIService( 1754): running: com.android.systemui.media.RingtonePlayer@422b6300
01-01 12:08:44.430 I/MediaCodecList( 1414): register mediacode *****************
01-01 12:08:44.440 D/SystemUIService( 1754): loading: class com.android.systemui.settings.SettingsUI
01-01 12:08:44.440 D/SystemUIService( 1754): running: com.android.systemui.settings.SettingsUI@422b75e8
01-01 12:08:44.440 I/OMXCodec( 1414): --->InstantiateSoftwareCodec create OMX.google.vorbis.decoder codec
01-01 12:08:44.440 I/OMXCodec( 1414): Attempting to allocate OMX node 'OMX.google.vorbis.decoder'
01-01 12:08:44.440 I/OMXCodec( 1414): Successfully allocated OMX node 'OMX.google.vorbis.decoder'
01-01 12:08:44.440 I/OMXCodec( 1414): mOutputPortSettingsHaveChanged set true
01-01 12:08:44.440 I/OMXCodec( 1414): found informat change
01-01 12:08:44.450 D/PhoneStatusBar( 1754): mSettingsPanelGravity = 8388661
01-01 12:08:44.450 I/StatusBarManagerService( 1683): registerStatusBar bar=com.android.internal.statusbar.IStatusBar$Stub$Proxy@42495f18
01-01 12:08:44.470 W/AudioCache( 1414): Battery track warning: refCount is already 0
01-01 12:08:44.470 I/FrameQueueManage( 1414): FrameQueueManage::~FrameQueueManage end!
01-01 12:08:44.470 E/MediaPlayerFactory( 1414): getPlayerType(), extension = .ogg
01-01 12:08:44.470 E/MediaPlayerFactory( 1414): isBDDirectory() ,path = /system/media/audio/ui/Unlock.ogg
01-01 12:08:44.470 E/MediaPlayerFactory( 1414): isBDDirectory(): no BDMV
01-01 12:08:44.470 D/MediaPlayerFactory( 1414): createPlayer:playerType=3
01-01 12:08:44.470 D/MediaPlayerFactory( 1414):  create StagefrightPlayer
01-01 12:08:44.470 I/AwesomePlayer( 1414): AwesomePlayer::AwesomePlayer()in
01-01 12:08:44.470 I/AwesomePlayer( 1414): AwesomePlayer::AwesomePlayer()aftermClient.connect()
01-01 12:08:44.470 I/FrameQueueManage( 1414): use_iommu = 0x1
01-01 12:08:44.480 I/OMXCodec( 1414): OMXCodec::Create mime: audio/vorbis
01-01 12:08:44.480 I/OMXCodec( 1414): --->InstantiateSoftwareCodec create OMX.google.vorbis.decoder codec
01-01 12:08:44.480 I/OMXCodec( 1414): Attempting to allocate OMX node 'OMX.google.vorbis.decoder'
01-01 12:08:44.480 I/OMXCodec( 1414): Successfully allocated OMX node 'OMX.google.vorbis.decoder'
01-01 12:08:44.480 I/OMXCodec( 1414): mOutputPortSettingsHaveChanged set true
01-01 12:08:44.480 I/OMXCodec( 1414): found informat change
01-01 12:08:44.490 W/AudioCache( 1414): Battery track warning: refCount is already 0
01-01 12:08:44.490 I/FrameQueueManage( 1414): FrameQueueManage::~FrameQueueManage end!
01-01 12:08:44.520 D/dalvikvm( 1754): GC_CONCURRENT freed 146K, 8% free 2973K/3224K, paused 1ms+1ms, total 11ms
01-01 12:08:44.530 E/RkWifiCtrl( 1683): Wifi driver is not ready.
01-01 12:08:44.530 E/RkWifiCtrl( 1683): rk_wifi_load_driver:(insmod)
01-01 12:08:44.550 D/dalvikvm( 1754): GC_CONCURRENT freed 19K, 7% free 3367K/3584K, paused 1ms+1ms, total 9ms
01-01 12:08:44.550 D/dalvikvm( 1754): WAIT_FOR_CONCURRENT_GC blocked 7ms
01-01 12:08:44.580 D/dalvikvm( 1683): GC_CONCURRENT freed 230K, 7% free 4928K/5264K, paused 3ms+2ms, total 25ms
01-01 12:08:44.590 V/PhoneStatusBar/NavigationBarView( 1754): touchEnabled:false
01-01 12:08:44.590 D/UsbDeviceManager( 1683): Usb state is false false true
01-01 12:08:44.600 D/dalvikvm( 1754): GC_CONCURRENT freed 19K, 4% free 3757K/3904K, paused 2ms+2ms, total 11ms
01-01 12:08:44.610 I/ActivityManager( 1683): Start proc android.process.media for broadcast com.android.providers.media/.MtpReceiver: pid=1827 uid=10005 gids={50005, 1028, 1015, 1023, 1024, 2001, 3003, 3007}
01-01 12:08:44.610 D/MountService( 1683): sharedvolumeNum: 0 ;avail: false
01-01 12:08:44.610 I/ActivityManager( 1683): Config changes=200 {1.0 ?mcc?mnc en_US ldltr sw720dp w1280dp h647dp 160dpi lrg long land -touch -keyb/v/h -nav/h s.4}
01-01 12:08:44.610 W/RecognitionManagerService( 1683): no available voice recognition services found for user 0
01-01 12:08:44.620 D/BluetoothManagerService( 1683): Message: 20
01-01 12:08:44.620 D/BluetoothManagerService( 1683): Added callback: android.bluetooth.IBluetoothManagerCallback$Stub$Proxy@423f5df0:true
01-01 12:08:44.620 D/BluetoothAdapter( 1754): 1111113280: getState() :  mService = null. Returning STATE_OFF
01-01 12:08:44.620 D/BluetoothAdapter( 1754): 1111113280: getState() :  mService = null. Returning STATE_OFF
01-01 12:08:44.630 E/MediaProvider( 1827): Can't obtain external volume ID even though it's mounted,Maybe Ntfs accept it
01-01 12:08:44.630 W/InputMethodManagerService( 1683): Ignoring setImeWindowStatus of uid 1000 token: null
01-01 12:08:44.640 W/ResourceType( 1683): Failure getting entry for 0x7f060000 (t=5 e=0) in package 0 (error -75)
01-01 12:08:44.650 W/GpsLocationProvider( 1683): Could not open GPS configuration file /etc/gps.conf
01-01 12:08:44.650 W/ServiceWatcher( 1683): com.google.android.gms not found
01-01 12:08:44.650 W/ServiceWatcher( 1683): com.google.android.location not found
01-01 12:08:44.650 W/ServiceWatcher( 1683): com.google.android.gms not found
01-01 12:08:44.650 W/ServiceWatcher( 1683): com.google.android.location not found
01-01 12:08:44.650 W/ServiceWatcher( 1683): com.google.android.gms not found
01-01 12:08:44.650 W/ServiceWatcher( 1683): com.google.android.location not found
01-01 12:08:44.650 W/ServiceWatcher( 1683): com.google.android.gms not found
01-01 12:08:44.650 W/ServiceWatcher( 1683): com.google.android.location not found
01-01 12:08:44.650 E/FlpHardwareProvider( 1683): Error hw_get_module 'flp': -2
01-01 12:08:44.650 W/ServiceWatcher( 1683): com.google.android.gms not found
01-01 12:08:44.650 W/ServiceWatcher( 1683): com.google.android.location not found
01-01 12:08:44.650 E/FlpHardwareProvider( 1683): Error hw_get_module 'flp': -2
01-01 12:08:44.650 I/ActivityManager( 1683): Start proc com.android.inputmethod.latin for service com.android.inputmethod.latin/.LatinIME: pid=1842 uid=10029 gids={50029}
01-01 12:08:44.650 V/InputMethodManagerService( 1683): Adding window token: android.os.Binder@424d2a10
01-01 12:08:44.650 W/LocationManagerService( 1683): no network location provider found
01-01 12:08:44.650 E/LocationManagerService( 1683): no geocoder provider found
01-01 12:08:44.650 E/LocationManagerService( 1683): No FusedProvider found.
01-01 12:08:44.660 W/ServiceWatcher( 1683): com.google.android.gms not found
01-01 12:08:44.660 W/ServiceWatcher( 1683): com.google.android.location not found
01-01 12:08:44.660 I/CommonTimeManagementService( 1683): No common time service detected on this platform.  Common time services will be unavailable.
01-01 12:08:44.660 E/LocationManagerService( 1683): no geofence provider found
01-01 12:08:44.670 I/InputReader( 1683): Reconfiguring input devices.  changes=0x00000020
01-01 12:08:44.670 D/BluetoothAdapter( 1754): 1111113280: getState() :  mService = null. Returning STATE_OFF
01-01 12:08:44.670 I/InputReader( 1683): Reconfiguring input devices.  changes=0x00000010
01-01 12:08:44.680 I/LatinIME( 1842): Hardware accelerated drawing: true
01-01 12:08:44.680 I/ActivityManager( 1683): Start proc com.android.phone for added application com.android.phone: pid=1858 uid=1001 gids={41001, 3002, 3001, 3003, 1028, 1015}
01-01 12:08:44.680 I/ActivityManager( 1683): START u0 {act=android.intent.action.MAIN cat=[android.intent.category.HOME] flg=0x10000000 cmp=com.android.launcher3/.Launcher} from pid 0
01-01 12:08:44.710 I/ActivityManager( 1683): Start proc com.android.launcher3 for activity com.android.launcher3/.Launcher: pid=1875 uid=10030 gids={50030, 1028}
01-01 12:08:44.720 I/ActivityManager( 1683): Start proc com.android.printspooler for service com.android.printspooler/.PrintSpoolerService: pid=1890 uid=10042 gids={50042}
01-01 12:08:44.730 W/InputAttributes( 1842): No editor info for this field. Bug?
01-01 12:08:44.730 D/PermissionCache( 1381): checking android.permission.READ_FRAME_BUFFER for uid=1000 => granted (165 us)
01-01 12:08:44.730 W/gralloc ( 1381):  Debugmem The fd=54, in vmalloc !!!! Ishwc=0
01-01 12:08:44.730 W/[Gralloc-Warning]( 1381): int gralloc_register_buffer(const gralloc_module_t*, buffer_handle_t):87 Registering handle 0xb79f3d08 coming from the same process: 1381.
01-01 12:08:44.730 F/libc    ( 1381): Fatal signal 8 (SIGFPE) at 0x00000565 (code=-6), thread 1381 (surfaceflinger)
01-01 12:08:44.750 W/ResourceType( 1683): Failure getting entry for 0x7f060000 (t=5 e=0) in package 0 (error -75)
01-01 12:08:44.770 D/dalvikvm( 1683): GC_CONCURRENT freed 286K, 8% free 5098K/5492K, paused 1ms+2ms, total 23ms
01-01 12:08:44.840 I/DEBUG   (  139): *** *** *** *** *** *** *** *** *** *** *** *** *** *** *** ***
01-01 12:08:44.840 I/DEBUG   (  139): Build fingerprint: 'rockchip/rk3288/rk3288:4.4.2/KOT49H/eng.firefly.20160418.110508:eng/test-keys'
01-01 12:08:44.840 I/DEBUG   (  139): Revision: '0'
01-01 12:08:44.840 I/DEBUG   (  139): pid: 1381, tid: 1381, name: surfaceflinger  >>> /system/bin/surfaceflinger <<<
01-01 12:08:44.840 I/DEBUG   (  139): signal 8 (SIGFPE), code -6 (SI_TKILL), fault addr 00000565
01-01 12:08:44.840 W/NativeCrashListener( 1683): Couldn't find ProcessRecord for pid 1381
01-01 12:08:44.900 I/DEBUG   (  139):     r0 00000000  r1 00000565  r2 00000008  r3 00000000
01-01 12:08:44.900 I/DEBUG   (  139): AM write failure (32 / Broken pipe)
01-01 12:08:44.900 I/DEBUG   (  139):     r4 00000008  r5 00000002  r6 00000565  r7 0000010c
01-01 12:08:44.900 I/DEBUG   (  139):     r8 00000438  r9 00000001  sl b78f6450  fp 00000438
01-01 12:08:44.900 I/DEBUG   (  139):     ip 00000780  sp becc43c0  lr b6f1e09d  pc b6f2d048  cpsr 000f0010
01-01 12:08:44.900 I/DEBUG   (  139):     d0  ffffffff6f747561  d1  0000000000000950
01-01 12:08:44.900 I/DEBUG   (  139):     d2  fffffffffffffff8  d3  0000000000000648
01-01 12:08:44.900 I/DEBUG   (  139):     d4  00000000b7935130  d5  0000000000000950
01-01 12:08:44.900 I/DEBUG   (  139):     d6  0000000000000648  d7  00000000b7935134
01-01 12:08:44.900 I/DEBUG   (  139):     d8  0000000000000000  d9  0000000000000000
01-01 12:08:44.900 I/DEBUG   (  139):     d10 0000000000000000  d11 0000000000000000
01-01 12:08:44.900 I/DEBUG   (  139):     d12 0000000000000000  d13 0000000000000000
01-01 12:08:44.900 I/DEBUG   (  139):     d14 0000000000000000  d15 0000000000000000
01-01 12:08:44.900 I/DEBUG   (  139):     d16 0000000000000004  d17 0000000000000304
01-01 12:08:44.900 I/DEBUG   (  139):     d18 00000000b7935a80  d19 0000000000000020
01-01 12:08:44.900 I/DEBUG   (  139):     d20 0000000101020140  d21 0000000000000020
01-01 12:08:44.900 I/DEBUG   (  139):     d22 000000000003fee0  d23 000000000003fec0
01-01 12:08:44.900 I/DEBUG   (  139):     d24 0000000000000648  d25 0000000000000950
01-01 12:08:44.900 I/DEBUG   (  139):     d26 0000000000000308  d27 0000000000000005
01-01 12:08:44.900 I/DEBUG   (  139):     d28 000000b2a833a000  d29 000000b2a833a005
01-01 12:08:44.900 I/DEBUG   (  139):     d30 b793ae90b78feb81  d31 b700000000000001
01-01 12:08:44.900 I/DEBUG   (  139):     scr 60000010
01-01 12:08:44.900 I/DEBUG   (  139): 
01-01 12:08:44.900 I/DEBUG   (  139): backtrace:
01-01 12:08:44.900 I/DEBUG   (  139):     #00  pc 00022048  /system/lib/libc.so (tgkill+12)
01-01 12:08:44.900 I/DEBUG   (  139):     #01  pc 00013099  /system/lib/libc.so (pthread_kill+48)
01-01 12:08:44.900 I/DEBUG   (  139):     #02  pc 000132ad  /system/lib/libc.so (raise+10)
01-01 12:08:44.900 I/DEBUG   (  139):     #03  pc 0003b9c0  /system/lib/libc.so (__aeabi_idiv0+8)
01-01 12:08:44.900 I/DEBUG   (  139):     #04  pc 000177c3  /system/lib/libsurfaceflinger.so
01-01 12:08:44.900 I/DEBUG   (  139):     #05  pc 000179e5  /system/lib/libsurfaceflinger.so
01-01 12:08:44.900 I/DEBUG   (  139):     #06  pc 0001b0e1  /system/lib/libsurfaceflinger.so
01-01 12:08:44.900 I/DEBUG   (  139):     #07  pc 00015917  /system/lib/libsurfaceflinger.so
01-01 12:08:44.900 I/DEBUG   (  139):     #08  pc 00010767  /system/lib/libutils.so (android::Looper::pollInner(int)+394)
01-01 12:08:44.900 I/DEBUG   (  139):     #09  pc 00010869  /system/lib/libutils.so (android::Looper::pollOnce(int, int*, int*, void**)+92)
01-01 12:08:44.900 I/DEBUG   (  139):     #10  pc 00015b31  /system/lib/libsurfaceflinger.so
01-01 12:08:44.900 I/DEBUG   (  139):     #11  pc 00016963  /system/lib/libsurfaceflinger.so (android::SurfaceFlinger::run()+6)
01-01 12:08:44.900 I/DEBUG   (  139):     #12  pc 000008fd  /system/bin/surfaceflinger
01-01 12:08:44.900 I/DEBUG   (  139):     #13  pc 0000e403  /system/lib/libc.so (__libc_init+50)
01-01 12:08:44.900 I/DEBUG   (  139):     #14  pc 000007dc  /system/bin/surfaceflinger
01-01 12:08:44.900 I/DEBUG   (  139): 
01-01 12:08:44.900 I/DEBUG   (  139): stack:
01-01 12:08:44.900 I/DEBUG   (  139):          becc4380  00000000  
01-01 12:08:44.900 I/DEBUG   (  139):          becc4384  b6f9afc1  /system/lib/libsurfaceflinger.so
01-01 12:08:44.900 I/DEBUG   (  139):          becc4388  00000007  
01-01 12:08:44.900 I/DEBUG   (  139):          becc438c  b6f396d5  /system/lib/libc.so
01-01 12:08:44.900 I/DEBUG   (  139):          becc4390  b6f9afba  /system/lib/libsurfaceflinger.so
01-01 12:08:44.900 I/DEBUG   (  139):          becc4394  00000000  
01-01 12:08:44.900 I/DEBUG   (  139):          becc4398  00000000  
01-01 12:08:44.900 I/DEBUG   (  139):          becc439c  b79fbe94  [heap]
01-01 12:08:44.900 I/DEBUG   (  139):          becc43a0  00000000  
01-01 12:08:44.900 I/DEBUG   (  139):          becc43a4  00000000  
01-01 12:08:44.900 I/DEBUG   (  139):          becc43a8  b6f9afba  /system/lib/libsurfaceflinger.so
01-01 12:08:44.900 I/DEBUG   (  139):          becc43ac  b6d43080  /dev/__properties__
01-01 12:08:44.900 I/DEBUG   (  139):          becc43b0  00000780  
01-01 12:08:44.900 I/DEBUG   (  139):          becc43b4  00000438  
01-01 12:08:44.900 I/DEBUG   (  139):          becc43b8  00000001  
01-01 12:08:44.900 I/DEBUG   (  139):          becc43bc  b78f6450  [heap]
01-01 12:08:44.900 I/DEBUG   (  139):     #00  becc43c0  00000008  
01-01 12:08:44.900 I/DEBUG   (  139):          becc43c4  00000002  
01-01 12:08:44.900 I/DEBUG   (  139):          becc43c8  00000565  
01-01 12:08:44.900 I/DEBUG   (  139):          becc43cc  00000780  
01-01 12:08:44.900 I/DEBUG   (  139):          becc43d0  00000780  
01-01 12:08:44.900 I/DEBUG   (  139):          becc43d4  b6f1e09d  /system/lib/libc.so (pthread_kill+52)
01-01 12:08:44.900 I/DEBUG   (  139):     #01  becc43d8  00000008  
01-01 12:08:44.900 I/DEBUG   (  139):          becc43dc  becc4574  [stack]
01-01 12:08:44.900 I/DEBUG   (  139):          becc43e0  00000780  
01-01 12:08:44.900 I/DEBUG   (  139):          becc43e4  b6f1e2b1  /system/lib/libc.so (raise+14)
01-01 12:08:44.900 I/DEBUG   (  139):     #02  becc43e8  b79859b8  [heap]
01-01 12:08:44.900 I/DEBUG   (  139):          becc43ec  b6f469c4  /system/lib/libc.so (__aeabi_idiv0+12)
01-01 12:08:44.900 I/DEBUG   (  139): 
01-01 12:08:44.900 I/DEBUG   (  139): memory near sl:
01-01 12:08:44.900 I/DEBUG   (  139):     b78f6430 00000000 00000000 00000000 00000000  
01-01 12:08:44.900 I/DEBUG   (  139):     b78f6440 00000000 00000000 00000000 0000142b  
01-01 12:08:44.900 I/DEBUG   (  139):     b78f6450 b6fa0d34 b6fa0da0 00000000 00000000  
01-01 12:08:44.900 I/DEBUG   (  139):     b78f6460 b6fa0df0 b6fa0e04 00000001 b6fa10e8  
01-01 12:08:44.900 I/DEBUG   (  139):     b78f6470 b79a1428 00000005 00000000 00000004  
01-01 12:08:44.910 I/DEBUG   (  139):     b78f6480 b6fa04d0 b79ee890 00000001 00000000  
01-01 12:08:44.910 I/DEBUG   (  139):     b78f6490 00000040 ffffffff 00000000 becc479c  
01-01 12:08:44.910 I/DEBUG   (  139):     b78f64a0 00000001 b78f7850 b6f59384 00000000  
01-01 12:08:44.910 I/DEBUG   (  139):     b78f64b0 00000000 00000000 b78f6450 b6fa1114  
01-01 12:08:44.910 I/DEBUG   (  139):     b78f64c0 0000007f b78f2030 00000050 00000000  
01-01 12:08:44.910 I/DEBUG   (  139):     b78f64d0 fffffff8 00000000 b6f9f230 00000000  
01-01 12:08:44.910 I/DEBUG   (  139):     b78f64e0 00000000 00000000 00000004 b6fa04a0  
01-01 12:08:44.910 I/DEBUG   (  139):     b78f64f0 b79f1b58 00000005 00000000 00000008  
01-01 12:08:44.910 I/DEBUG   (  139):     b78f6500 00000000 00000000 b792a6f0 b79859b8  
01-01 12:08:44.910 I/DEBUG   (  139):     b78f6510 2a596be8 00000007 00000001 b79a3a70  
01-01 12:08:44.910 I/DEBUG   (  139):     b78f6520 b79a3df8 b79a4230 b796a888 b7911018  
01-01 12:08:44.910 I/DEBUG   (  139): 
01-01 12:08:44.910 I/DEBUG   (  139): memory near sp:
01-01 12:08:44.910 I/DEBUG   (  139):     becc43a0 00000000 00000000 b6f9afba b6d43080  
01-01 12:08:44.910 I/DEBUG   (  139):     becc43b0 00000780 00000438 00000001 b78f6450  
01-01 12:08:44.910 I/DEBUG   (  139):     becc43c0 00000008 00000002 00000565 00000780  
01-01 12:08:44.910 I/DEBUG   (  139):     becc43d0 00000780 b6f1e09d 00000008 becc4574  
01-01 12:08:44.910 I/DEBUG   (  139):     becc43e0 00000780 b6f1e2b1 b79859b8 b6f469c4  
01-01 12:08:44.910 I/DEBUG   (  139):     becc43f0 00000000 b6f8d7c7 b794cc0c b798d000  
01-01 12:08:44.910 I/DEBUG   (  139):     becc4400 b6fa36b8 00000000 00000001 b6f59384  
01-01 12:08:44.910 I/DEBUG   (  139):     becc4410 b795d800 00000000 00000002 00000000  
01-01 12:08:44.910 I/DEBUG   (  139):     becc4420 b7977d18 6f747561 becc4400 b5b99410  
01-01 12:08:44.910 I/DEBUG   (  139):     becc4430 becc447c b7977d18 becc4450 b5a658a8  
01-01 12:08:44.910 I/DEBUG   (  139):     becc4440 becc4478 becc447c 00000000 b5a658e0  
01-01 12:08:44.910 I/DEBUG   (  139):     becc4450 00000780 00000438 b79df31c ffffffff  
01-01 12:08:44.910 I/DEBUG   (  139):     becc4460 b79df318 00000001 b79f9258 b79f94e0  
01-01 12:08:44.910 I/DEBUG   (  139):     becc4470 becc4478 b5a65a64 00000780 00000438  
01-01 12:08:44.910 I/DEBUG   (  139):     becc4480 b79df300 b36e8f10 b67dec28 00000004  
01-01 12:08:44.910 I/DEBUG   (  139):     becc4490 b79df3b8 00000004 00000001 b5be22b8  
01-01 12:08:44.910 I/DEBUG   (  139): 
01-01 12:08:44.910 I/DEBUG   (  139): code around pc:
01-01 12:08:44.910 I/DEBUG   (  139):     b6f2d028 e8bd00f0 e3700a01 912fff1e e2600000  
01-01 12:08:44.910 I/DEBUG   (  139):     b6f2d038 ea006e40 e92d50f0 e3a07f43 ef000000  
01-01 12:08:44.910 I/DEBUG   (  139):     b6f2d048 e8bd50f0 e3700a01 912fff1e e2600000  
01-01 12:08:44.910 I/DEBUG   (  139):     b6f2d058 ea006e38 e92d50f0 e3a070ee ef000000  
01-01 12:08:44.910 I/DEBUG   (  139):     b6f2d068 e8bd50f0 e3700a01 912fff1e e2600000  
01-01 12:08:44.910 I/DEBUG   (  139):     b6f2d078 ea006e30 f200429a bf0080cf f000f891  
01-01 12:08:44.910 I/DEBUG   (  139):     b6f2d088 4001e92d f040f891 d3532a10 0301ea80  
01-01 12:08:44.910 I/DEBUG   (  139):     b6f2d098 0303f013 806ef000 d3262ae0 0300f1c0  
01-01 12:08:44.910 I/DEBUG   (  139):     b6f2d0a8 030ff013 eba2d021 ea5f0203 bf447cc3  
01-01 12:08:44.910 I/DEBUG   (  139):     b6f2d0b8 eb01f811 eb01f800 f811bf21 f811cb01  
01-01 12:08:44.910 I/DEBUG   (  139):     b6f2d0c8 f800eb01 f800cb01 ea5feb01 da037c43  
01-01 12:08:44.910 I/DEBUG   (  139):     b6f2d0d8 080df9a1 083df980 f921d303 f900070d  
01-01 12:08:44.910 I/DEBUG   (  139):     b6f2d0e8 f891071d f891f000 3a40f040 f891d30f  
01-01 12:08:44.910 I/DEBUG   (  139):     b6f2d0f8 f891f080 f921f0c0 f921020d f891420d  
01-01 12:08:44.910 I/DEBUG   (  139):     b6f2d108 3a40f0c0 020df900 420df900 f102d2f3  
01-01 12:08:44.910 I/DEBUG   (  139):     b6f2d118 3a200240 f921d305 3a20020d 020df900  
01-01 12:08:44.910 I/DEBUG   (  139): 
01-01 12:08:44.910 I/DEBUG   (  139): code around lr:
01-01 12:08:44.910 I/DEBUG   (  139):     b6f1e07c 447b4b13 42b3e010 6a1ed10e 44784811  
01-01 12:08:44.910 I/DEBUG   (  139):     b6f1e08c ec84f7fb ea0ef00d 46224631 efd0f00e  
01-01 12:08:44.910 I/DEBUG   (  139):     b6f1e09c d00a3001 e00b2400 2b00681b 480ad1eb  
01-01 12:08:44.910 I/DEBUG   (  139):     b6f1e0ac 44782403 ec72f7fb f001e002 6804fa23  
01-01 12:08:44.910 I/DEBUG   (  139):     b6f1e0bc fa20f001 46206005 bf00bd70 0003b326  
01-01 12:08:44.910 I/DEBUG   (  139):     b6f1e0cc 0003b31a 0003b312 0003b2ee bf7ef7ff  
01-01 12:08:44.910 I/DEBUG   (  139):     b6f1e0dc 4a3e4b3d e92d447b b08b43f0 4606589c  
01-01 12:08:44.910 I/DEBUG   (  139):     b6f1e0ec 6823460d 930946a1 fa04f001 8000f8d0  
01-01 12:08:44.910 I/DEBUG   (  139):     b6f1e0fc d0482d00 f00f4628 280ffe91 d8444604  
01-01 12:08:44.910 I/DEBUG   (  139):     b6f1e10c ffe4f7ff d1064286 4629200f e8d8f00d  
01-01 12:08:44.910 I/DEBUG   (  139):     b6f1e11c d03c2800 482ee02e f7fb4478 482debb6  
01-01 12:08:44.910 I/DEBUG   (  139):     b6f1e12c e0154478 d11342b0 482b6a06 f7fb4478  
01-01 12:08:44.910 I/DEBUG   (  139):     b6f1e13c 4a2aec2e 46332120 a801447a f9b2f013  
01-01 12:08:44.910 I/DEBUG   (  139):     b6f1e14c a8012101 fcccf01a 46061c42 e011d104  
01-01 12:08:44.910 I/DEBUG   (  139):     b6f1e15c 28006800 e02cd1e6 46294630 f00d4622  
01-01 12:08:44.910 I/DEBUG   (  139):     b6f1e16c 1c43e914 d11e4607 f9c4f001 29046801  
01-01 12:08:44.970 D/PppoeService( 1683): onUEvent() : get uevent : '{SUBSYSTEM=net, DEVPATH=/devices/ff0d0000.rksdmmc/mmc_host/mmc2/mmc2:0001/mmc2:0001:2/net/wlan0, SEQNUM=1518, IFINDEX=5, ACTION=add, INTERFACE=wlan0, DEVTYPE=wlan}'.
01-01 12:08:45.010 I/ActivityManager( 1683): Config changes=68 {1.0 ?mcc?mnc en_US ldltr sw720dp w1280dp h647dp 160dpi lrg long land finger -keyb/v/h dpad/v s.5}
01-01 12:08:45.010 I/WindowManager( 1683): Screen frozen for +284ms due to new-config
01-01 12:08:45.020 D/RemoteControlManager( 1683): BroadcastReceiver:android.intent.action.CONFIGURATION_CHANGED
01-01 12:08:45.020 D/Environment( 1683): screen raw size:1280,720
01-01 12:08:45.030 E/BinaryDictionaryGetter( 1842): Could not find a dictionary pack
01-01 12:08:45.030 I/ActivityManager( 1683): Start proc android.process.acore for content provider com.android.providers.contacts/.ContactsProvider2: pid=1917 uid=10002 gids={50002, 3003, 1028, 1015}
01-01 12:08:45.030 E/ActivityThread( 1842): Failed to find provider info for com.android.inputmethod.latin.dictionarypack
01-01 12:08:45.040 D/Tethering( 1683): sendTetherStateChangedBroadcast 1, 0, 0
01-01 12:08:45.040 D/Tethering( 1683): InitialState.processMessage what=4
01-01 12:08:45.040 I/Choreographer( 1683): Skipped 43 frames!  The application may be doing too much work on its main thread.
01-01 12:08:45.040 V/PhoneApp( 1858): onCreate()...
01-01 12:08:45.050 D/Tethering( 1683): sendTetherStateChangedBroadcast 0, 0, 0
01-01 12:08:45.050 V/KeyguardServiceDelegate( 1683): *** Keyguard connected (yay!)
01-01 12:08:45.050 D/RemoteControlManager( 1683): BroadcastReceiver:android.intent.action.CONFIGURATION_CHANGED
01-01 12:08:45.050 D/Environment( 1683): screen raw size:1280,720
01-01 12:08:45.050 W/InputMethodManagerService( 1683): Focus gain on non-focused client android.view.inputmethod.InputMethodManager$1@424bff08 (uid=1000 pid=1683)
01-01 12:08:45.060 I/PrintSpoolerService( 1890): No existing print spooler state.
01-01 12:08:45.060 I/AudioHardwareALSA( 1414): AudioHardwareALSA::setParameters() orientation=landscape
01-01 12:08:45.070 I/ActivityManager( 1683): Start proc android.rockchip.update.service for broadcast android.rockchip.update.service/.RKUpdateReceiver: pid=1931 uid=10045 gids={50045, 1028, 1015, 2001, 1023, 1024, 3003}
01-01 12:08:45.080 V/Launcher( 1875): LauncherAppState inited
01-01 12:08:45.080 D/PhoneStatusBar( 1754): disable: < expand icons alerts ticker system_info back home recent clock search >
01-01 12:08:45.080 D/dalvikvm( 1754): GC_CONCURRENT freed 103K, 5% free 4059K/4264K, paused 1ms+6ms, total 43ms
01-01 12:08:45.100 D/BluetoothManagerService( 1683): Message: 300
01-01 12:08:45.100 D/BluetoothManagerService( 1683): MESSAGE_USER_SWITCHED
01-01 12:08:45.100 I/MediaFocusControl( 1683):   Remote Control   registerMediaButtonIntent() for PendingIntent{4235b6a0: PendingIntentRecord{424bc920 android broadcastIntent}}
01-01 12:08:45.120 D/RemoteControlManager( 1683): BroadcastReceiver:android.intent.action.CONFIGURATION_CHANGED
01-01 12:08:45.120 D/Environment( 1683): screen raw size:1280,720
01-01 12:08:45.120 W/Launcher( 1875): setApplicationContext called twice! old=com.android.launcher3.LauncherApplication@422a2980 new=com.android.launcher3.LauncherApplication@422a2980
01-01 12:08:45.130 V/BackupManagerService( 1683): Connected to transport ComponentInfo{android/com.android.internal.backup.LocalTransportService}
01-01 12:08:45.130 V/BackupManagerService( 1683): Registering transport android/com.android.internal.backup.LocalTransportService::android/com.android.internal.backup.LocalTransport = com.android.internal.backup.LocalTransport@4241c5e0
01-01 12:08:45.140 I/FusedLocation( 1683): engine stopped (com.android.location.fused)
01-01 12:08:45.140 I/FusedLocation( 1683): engine started (com.android.location.fused)
01-01 12:08:45.140 D/BluetoothAdapter( 1754): 1111113280: getState() :  mService = null. Returning STATE_OFF
01-01 12:08:45.140 D/BluetoothAdapter( 1754): 1111113280: getState() :  mService = null. Returning STATE_OFF
01-01 12:08:45.140 D/PhoneStatusBar( 1754): heads up is disabled
01-01 12:08:45.150 D/dalvikvm( 1917): GC_CONCURRENT freed 204K, 9% free 2999K/3272K, paused 1ms+2ms, total 13ms
01-01 12:08:45.150 D/PhoneStatusBar( 1754): mSettingsPanelGravity = 8388661
01-01 12:08:45.150 D/StatusBar.NetworkController( 1754): onServiceStateChanged voiceState=1 dataState=1
01-01 12:08:45.150 D/StatusBar.NetworkController( 1754): refreshViews connected={ } level=?? combinedSignalIconId=0x0/(null) mobileLabel= wifiLabel=No Internet connection emergencyOnly=false combinedLabel=No Internet connection mAirplaneMode=false mDataActivity=0 mPhoneSignalIconId=0x0 mQSPhoneSignalIconId=0x0 mDataDirectionIconId=0x0 mDataSignalIconId=0x0 mDataTypeIconId=0x0 mQSDataTypeIconId=0x0 mWifiIconId=0x0 mQSWifiIconId=0x0 mBluetoothTetherIconId=0x10805d5
01-01 12:08:45.150 D/StatusBar.NetworkController( 1754): onCallStateChanged state=0
01-01 12:08:45.150 D/StatusBar.NetworkController( 1754): onDataConnectionStateChanged: state=-1 type=0
01-01 12:08:45.150 D/StatusBar.NetworkController( 1754): refreshViews connected={ } level=?? combinedSignalIconId=0x0/(null) mobileLabel= wifiLabel=No Internet connection emergencyOnly=false combinedLabel=No Internet connection mAirplaneMode=false mDataActivity=0 mPhoneSignalIconId=0x0 mQSPhoneSignalIconId=0x0 mDataDirectionIconId=0x0 mDataSignalIconId=0x0 mDataTypeIconId=0x0 mQSDataTypeIconId=0x0 mWifiIconId=0x0 mQSWifiIconId=0x0 mBluetoothTetherIconId=0x10805d5
01-01 12:08:45.160 E/UserHistoryDictionary( 1842): when loading: file not foundjava.io.FileNotFoundException: /data/data/com.android.inputmethod.latin/files/UserHistoryDictionary.en_US.dict: open failed: ENOENT (No such file or directory)
01-01 12:08:45.160 D/StatusBar.NetworkController( 1754): onDataActivity: direction=0
01-01 12:08:45.160 D/StatusBar.NetworkController( 1754): refreshViews connected={ } level=?? combinedSignalIconId=0x0/(null) mobileLabel= wifiLabel=No Internet connection emergencyOnly=false combinedLabel=No Internet connection mAirplaneMode=false mDataActivity=0 mPhoneSignalIconId=0x0 mQSPhoneSignalIconId=0x0 mDataDirectionIconId=0x0 mDataSignalIconId=0x0 mDataTypeIconId=0x0 mQSDataTypeIconId=0x0 mWifiIconId=0x0 mQSWifiIconId=0x0 mBluetoothTetherIconId=0x10805d5
01-01 12:08:45.160 D/StatusBar.NetworkController( 1754): onSignalStrengthsChanged signalStrength=SignalStrength: 99 -1 -1 -1 -1 -1 -1 99 2147483647 2147483647 2147483647 2147483647 gsm|lte level=0
01-01 12:08:45.160 D/StatusBar.NetworkController( 1754): refreshViews connected={ } level=0 combinedSignalIconId=0x0/(null) mobileLabel= wifiLabel=No Internet connection emergencyOnly=false combinedLabel=No Internet connection mAirplaneMode=false mDataActivity=0 mPhoneSignalIconId=0x0 mQSPhoneSignalIconId=0x0 mDataDirectionIconId=0x0 mDataSignalIconId=0x0 mDataTypeIconId=0x0 mQSDataTypeIconId=0x0 mWifiIconId=0x0 mQSWifiIconId=0x0 mBluetoothTetherIconId=0x10805d5
01-01 12:08:45.160 I/FusedLocation( 1683): engine started (com.android.location.fused)
01-01 12:08:45.160 I/Choreographer( 1754): Skipped 32 frames!  The application may be doing too much work on its main thread.
01-01 12:08:45.170 D/RKUpdateReceiver( 1931): action = android.hardware.usb.action.USB_STATE
01-01 12:08:45.170 I/ActivityManager( 1683): Start proc com.android.smspush for service com.android.smspush/.WapPushManager: pid=1960 uid=10053 gids={50053}
01-01 12:08:45.180 D/dalvikvm( 1413): GC_EXPLICIT freed 33K, 11% free 2724K/3044K, paused 0ms+1ms, total 12ms
01-01 12:08:45.190 D/dalvikvm( 1413): GC_EXPLICIT freed <1K, 11% free 2724K/3044K, paused 1ms+1ms, total 11ms
01-01 12:08:45.200 D/dalvikvm( 1413): GC_EXPLICIT freed <1K, 11% free 2724K/3044K, paused 2ms+0ms, total 11ms
01-01 12:08:45.200 D/dalvikvm( 1875): GC_CONCURRENT freed 204K, 10% free 2970K/3280K, paused 1ms+1ms, total 9ms
01-01 12:08:45.210 I/ActivityManager( 1683): Start proc com.android.settings for broadcast com.android.settings/.widget.SettingsAppWidgetProvider: pid=1975 uid=1000 gids={41000, 1028, 1015, 3002, 3001, 1023, 3003}
01-01 12:08:45.240 D/NotificationMgr( 1858): updateNotificationsAtStartup()...
01-01 12:08:45.240 D/NotificationMgr( 1858): - start call log query...
01-01 12:08:45.240 D/BluetoothManagerService( 1683): Message: 20
01-01 12:08:45.240 D/BluetoothManagerService( 1683): Added callback: android.bluetooth.IBluetoothManagerCallback$Stub$Proxy@4255dd20:true
01-01 12:08:45.240 D/PhoneApp( 1858): onCreate: mUpdateLock: android.os.UpdateLock@422fb920
01-01 12:08:45.250 I/ContactLocale( 1917): AddressBook Labels [en_US]: [, A, B, C, D, E, F, G, H, I, J, K, L, M, N, O, P, Q, R, S, T, U, V, W, X, Y, Z, , , , , , , , , , , , , , , , , , , , , , , , , , , , , , , , , , , , , , , , , , , , , , , , , , , , , , , , , , , , , , , , , , , , , , , , , , , , , , , , , , , , , , , , , , , , , , , , , , , , , , , , , , , , , , , , , , , , , , , , , , , , , , , , , , , , , , , , , , , , , , , , , , , , , , , , , , , , , , , , , , , , , , , , , , , , , , , , , , , , , , #, ]
01-01 12:08:45.260 D/dalvikvm( 1683): GC_CONCURRENT freed 367K, 9% free 5216K/5692K, paused 2ms+3ms, total 32ms
01-01 12:08:45.260 D/CallController( 1858): CallController constructor: app = com.android.phone.PhoneGlobals@422b1a00
01-01 12:08:45.260 D/CallerInfoCache( 1858): init()
01-01 12:08:45.260 D/CallerInfoCache( 1858): startAsyncCache
01-01 12:08:45.260 D/dalvikvm( 1858): GC_CONCURRENT freed 173K, 9% free 2974K/3244K, paused 0ms+11ms, total 30ms
01-01 12:08:45.260 D/CallerInfoCache( 1858): setRepeatingCacheUpdateAlarm
01-01 12:08:45.260 D/CallerInfoCache( 1858): Start refreshing cache.
01-01 12:08:45.270 D/CallStateMonitor( 1858): Adding Handler: Handler (com.android.phone.CallModeler) {422c19d8}
01-01 12:08:45.270 D/BluetoothManagerService( 1683): Message: 30
01-01 12:08:45.270 D/CallHandlerServiceProxy( 1858): init CallHandlerServiceProxy
01-01 12:08:45.270 D/CallHandlerServiceProxy( 1858): CallHandlerService not conneccted. Skipping onAudioModeChange().
01-01 12:08:45.270 D/CallHandlerServiceProxy( 1858): CallHandlerService not conneccted. SkippingonSupportedAudioModeChange().
01-01 12:08:45.270 D/PhoneInterfaceManager( 1858): [PhoneIntfMgr] publish: com.android.phone.PhoneInterfaceManager@422a86e0
01-01 12:08:45.270 D/CallStateMonitor( 1858): Adding Handler: Handler (com.android.phone.CallNotifier) {422bc218}
01-01 12:08:45.270 I/AudioTrack( 1858): set() streamType 0 frameCount 0 flags 0004 channelMask 1 sampleRate 0 format 1
01-01 12:08:45.280 D/mali_winsys( 1754): new_window_surface returns 0x3000
01-01 12:08:45.280 D/CallNotifier( 1858): CallNotifier: mSignalInfoToneGenerator created when toneplay
01-01 12:08:45.280 D/BluetoothManagerService( 1683): Message: 30
01-01 12:08:45.290 W/gralloc ( 1381):  Debugmem The fd=44, in vmalloc !!!! Ishwc=0
01-01 12:08:45.290 V/PhoneApp( 1858): register for ICC status
01-01 12:08:45.290 D/BluetoothManagerService( 1683): Message: 20
01-01 12:08:45.290 D/BluetoothManagerService( 1683): Added callback: android.bluetooth.IBluetoothManagerCallback$Stub$Proxy@424bb010:true
01-01 12:08:45.290 D/BluetoothAdapter( 1975): 1110106272: getState() :  mService = null. Returning STATE_OFF
01-01 12:08:45.290 D/PhoneUtils( 1858): setAudioMode()...IDLE
01-01 12:08:45.290 D/BluetoothManagerService( 1683): Message: 30
01-01 12:08:45.290 D/PhoneUtils( 1858): setAudioMode() no change: MODE_NORMAL
01-01 12:08:45.290 W/ContextImpl( 1975): Calling a method in the system process without a qualified user: android.app.ContextImpl.bindService:1558 android.content.ContextWrapper.bindService:517 android.bluetooth.BluetoothInputDevice.doBind:245 android.bluetooth.BluetoothInputDevice.<init>:238 android.bluetooth.BluetoothAdapter.getProfileProxy:1249 
01-01 12:08:45.300 D/BluetoothManagerService( 1683): Message: 30
01-01 12:08:45.300 D/OpenGLRenderer( 1754): Enabling debug mode 0
01-01 12:08:45.300 D/LocalBluetoothProfileManager( 1975): Adding local MAP profile
01-01 12:08:45.300 D/BluetoothMap( 1975): Create BluetoothMap proxy object
01-01 12:08:45.300 D/BluetoothManagerService( 1683): Message: 30
01-01 12:08:45.300 W/ContextImpl( 1975): Calling a method in the system process without a qualified user: android.app.ContextImpl.bindService:1558 android.content.ContextWrapper.bindService:517 android.bluetooth.BluetoothPan.doBind:149 android.bluetooth.BluetoothPan.<init>:141 android.bluetooth.BluetoothAdapter.getProfileProxy:1252 
01-01 12:08:45.300 W/ContextImpl( 1975): Calling a method in the system process without a qualified user: android.app.ContextImpl.bindService:1558 android.content.ContextWrapper.bindService:517 android.bluetooth.BluetoothMap.doBind:109 android.bluetooth.BluetoothMap.<init>:102 android.bluetooth.BluetoothAdapter.getProfileProxy:1258 
01-01 12:08:45.310 D/BluetoothManagerService( 1683): Message: 30
01-01 12:08:45.310 D/dalvikvm( 1875): GC_CONCURRENT freed 128K, 7% free 3318K/3548K, paused 1ms+1ms, total 10ms
01-01 12:08:45.310 D/MobileDataStateTracker( 1683): fota: Broadcast received: android.intent.action.ANY_DATA_STATE apnType=fota
01-01 12:08:45.310 D/MobileDataStateTracker( 1683): fota: Received state=DISCONNECTED, old=DISCONNECTED, reason=radioTurnedOff
01-01 12:08:45.310 D/MobileDataStateTracker( 1683): ia: Broadcast received: android.intent.action.ANY_DATA_STATE apnType=ia
01-01 12:08:45.310 D/MobileDataStateTracker( 1683): ia: Received state=DISCONNECTED, old=DISCONNECTED, reason=radioTurnedOff
01-01 12:08:45.320 D/mali_winsys( 1754): new_window_surface returns 0x3000
01-01 12:08:45.320 W/gralloc ( 1381):  Debugmem The fd=43, in vmalloc !!!! Ishwc=0
01-01 12:08:45.320 D/MobileDataStateTracker( 1683): supl: Broadcast received: android.intent.action.ANY_DATA_STATE apnType=supl
01-01 12:08:45.320 D/MobileDataStateTracker( 1683): supl: Received state=DISCONNECTED, old=DISCONNECTED, reason=radioTurnedOff
01-01 12:08:45.320 D/MobileDataStateTracker( 1683): hipri: Broadcast received: android.intent.action.ANY_DATA_STATE apnType=hipri
01-01 12:08:45.320 D/MobileDataStateTracker( 1683): hipri: Received state=DISCONNECTED, old=DISCONNECTED, reason=radioTurnedOff
01-01 12:08:45.320 W/ContextImpl( 1975): Calling a method in the system process without a qualified user: android.app.ContextImpl.bindService:1558 android.content.ContextWrapper.bindService:517 android.bluetooth.BluetoothPbap.doBind:164 android.bluetooth.BluetoothPbap.<init>:157 com.android.settings.bluetooth.PbapServerProfile.<init>:68 
01-01 12:08:45.330 D/LocalBluetoothProfileManager( 1975): LocalBluetoothProfileManager construction complete
01-01 12:08:45.330 D/BluetoothAdapter( 1975): 1110106272: getState() :  mService = null. Returning STATE_OFF
01-01 12:08:45.330 D/BluetoothAdapter( 1975): 1110106272: getState() :  mService = null. Returning STATE_OFF
01-01 12:08:45.330 D/MobileDataStateTracker( 1683): ims: Broadcast received: android.intent.action.ANY_DATA_STATE apnType=ims
01-01 12:08:45.340 D/StatusBar.NetworkController( 1754): refreshViews connected={ } level=0 combinedSignalIconId=0x0/(null) mobileLabel= wifiLabel=No Internet connection emergencyOnly=false combinedLabel=No Internet connection mAirplaneMode=false mDataActivity=0 mPhoneSignalIconId=0x0 mQSPhoneSignalIconId=0x0 mDataDirectionIconId=0x0 mDataSignalIconId=0x0 mDataTypeIconId=0x0 mQSDataTypeIconId=0x0 mWifiIconId=0x0 mQSWifiIconId=0x0 mBluetoothTetherIconId=0x10805d5
01-01 12:08:45.340 D/dalvikvm( 1754): GC_CONCURRENT freed 159K, 6% free 4294K/4556K, paused 2ms+2ms, total 15ms
01-01 12:08:45.340 D/CallerInfoCache( 1858): Caching entries are done. Total: 0
01-01 12:08:45.340 D/MobileDataStateTracker( 1683): ims: Received state=DISCONNECTED, old=DISCONNECTED, reason=radioTurnedOff
01-01 12:08:45.350 V/KeyguardServiceDelegate( 1683): **** SHOWN CALLED ****
01-01 12:08:45.350 D/MediaScannerReceiver( 1827): ----MediaScannerReceiver get ACTION_USER_SWITCHED---
01-01 12:08:45.350 D/MobileDataStateTracker( 1683): default: Broadcast received: android.intent.action.ANY_DATA_STATE apnType=default
01-01 12:08:45.360 D/MobileDataStateTracker( 1683): default: Received state=DISCONNECTED, old=DISCONNECTED, reason=radioTurnedOff
01-01 12:08:45.360 D/MobileDataStateTracker( 1683): mms: Broadcast received: android.intent.action.ANY_DATA_STATE apnType=mms
01-01 12:08:45.360 D/MobileDataStateTracker( 1683): mms: Received state=DISCONNECTED, old=DISCONNECTED, reason=radioTurnedOff
01-01 12:08:45.360 D/MobileDataStateTracker( 1683): cbs: Broadcast received: android.intent.action.ANY_DATA_STATE apnType=cbs
01-01 12:08:45.360 D/MobileDataStateTracker( 1683): cbs: Received state=DISCONNECTED, old=DISCONNECTED, reason=radioTurnedOff
01-01 12:08:45.360 D/MobileDataStateTracker( 1683): fota: Broadcast received: android.intent.action.ANY_DATA_STATE apnType=fota
01-01 12:08:45.360 D/MobileDataStateTracker( 1683): fota: Received state=DISCONNECTED, old=DISCONNECTED, reason=radioTurnedOff
01-01 12:08:45.360 D/MobileDataStateTracker( 1683): ia: Broadcast received: android.intent.action.ANY_DATA_STATE apnType=ia
01-01 12:08:45.360 D/MobileDataStateTracker( 1683): ia: Received state=DISCONNECTED, old=DISCONNECTED, reason=radioTurnedOff
01-01 12:08:45.360 D/MobileDataStateTracker( 1683): supl: Broadcast received: android.intent.action.ANY_DATA_STATE apnType=supl
01-01 12:08:45.360 D/MobileDataStateTracker( 1683): supl: Received state=DISCONNECTED, old=DISCONNECTED, reason=radioTurnedOff
01-01 12:08:45.360 I/ActivityManager( 1683): Start proc com.android.music for broadcast com.android.music/.MediaButtonIntentReceiver: pid=2009 uid=10048 gids={50048, 3003, 1028, 1015}
01-01 12:08:45.360 D/MobileDataStateTracker( 1683): hipri: Broadcast received: android.intent.action.ANY_DATA_STATE apnType=hipri
01-01 12:08:45.360 D/MobileDataStateTracker( 1683): hipri: Received state=DISCONNECTED, old=DISCONNECTED, reason=radioTurnedOff
01-01 12:08:45.370 D/MobileDataStateTracker( 1683): ims: Broadcast received: android.intent.action.ANY_DATA_STATE apnType=ims
01-01 12:08:45.370 D/MobileDataStateTracker( 1683): ims: Received state=DISCONNECTED, old=DISCONNECTED, reason=radioTurnedOff
01-01 12:08:45.370 D/MobileDataStateTracker( 1683): default: Broadcast received: android.intent.action.ANY_DATA_STATE apnType=default
01-01 12:08:45.370 D/MobileDataStateTracker( 1683): default: Received state=DISCONNECTED, old=DISCONNECTED, reason=radioTurnedOff
01-01 12:08:45.370 D/MobileDataStateTracker( 1683): mms: Broadcast received: android.intent.action.ANY_DATA_STATE apnType=mms
01-01 12:08:45.370 D/MobileDataStateTracker( 1683): mms: Received state=DISCONNECTED, old=DISCONNECTED, reason=radioTurnedOff
01-01 12:08:45.370 D/MobileDataStateTracker( 1683): cbs: Broadcast received: android.intent.action.ANY_DATA_STATE apnType=cbs
01-01 12:08:45.380 D/MobileDataStateTracker( 1683): cbs: Received state=DISCONNECTED, old=DISCONNECTED, reason=radioTurnedOff
01-01 12:08:45.380 D/MobileDataStateTracker( 1683): fota: Broadcast received: android.intent.action.ANY_DATA_STATE apnType=fota
01-01 12:08:45.380 D/MobileDataStateTracker( 1683): fota: Received state=DISCONNECTED, old=DISCONNECTED, reason=dataDetached
01-01 12:08:45.380 D/MobileDataStateTracker( 1683): ia: Broadcast received: android.intent.action.ANY_DATA_STATE apnType=ia
01-01 12:08:45.380 D/MobileDataStateTracker( 1683): ia: Received state=DISCONNECTED, old=DISCONNECTED, reason=dataDetached
01-01 12:08:45.380 D/MobileDataStateTracker( 1683): supl: Broadcast received: android.intent.action.ANY_DATA_STATE apnType=supl
01-01 12:08:45.380 D/MobileDataStateTracker( 1683): supl: Received state=DISCONNECTED, old=DISCONNECTED, reason=dataDetached
01-01 12:08:45.380 D/MobileDataStateTracker( 1683): hipri: Broadcast received: android.intent.action.ANY_DATA_STATE apnType=hipri
01-01 12:08:45.380 D/MobileDataStateTracker( 1683): hipri: Received state=DISCONNECTED, old=DISCONNECTED, reason=dataDetached
01-01 12:08:45.380 D/MobileDataStateTracker( 1683): ims: Broadcast received: android.intent.action.ANY_DATA_STATE apnType=ims
01-01 12:08:45.380 D/MobileDataStateTracker( 1683): ims: Received state=DISCONNECTED, old=DISCONNECTED, reason=dataDetached
01-01 12:08:45.380 D/MobileDataStateTracker( 1683): default: Broadcast received: android.intent.action.ANY_DATA_STATE apnType=default
01-01 12:08:45.380 D/MobileDataStateTracker( 1683): default: Received state=DISCONNECTED, old=DISCONNECTED, reason=dataDetached
01-01 12:08:45.390 D/MobileDataStateTracker( 1683): mms: Broadcast received: android.intent.action.ANY_DATA_STATE apnType=mms
01-01 12:08:45.390 D/MobileDataStateTracker( 1683): mms: Received state=DISCONNECTED, old=DISCONNECTED, reason=dataDetached
01-01 12:08:45.390 D/MobileDataStateTracker( 1683): cbs: Broadcast received: android.intent.action.ANY_DATA_STATE apnType=cbs
01-01 12:08:45.390 D/MobileDataStateTracker( 1683): cbs: Received state=DISCONNECTED, old=DISCONNECTED, reason=dataDetached
01-01 12:08:45.390 D/MobileDataStateTracker( 1683): fota: Broadcast received: android.intent.action.ANY_DATA_STATE apnType=fota
01-01 12:08:45.390 D/MobileDataStateTracker( 1683): fota: Received state=DISCONNECTED, old=DISCONNECTED, reason=roamingOff
01-01 12:08:45.390 D/MobileDataStateTracker( 1683): ia: Broadcast received: android.intent.action.ANY_DATA_STATE apnType=ia
01-01 12:08:45.390 D/MobileDataStateTracker( 1683): ia: Received state=DISCONNECTED, old=DISCONNECTED, reason=roamingOff
01-01 12:08:45.390 D/MobileDataStateTracker( 1683): supl: Broadcast received: android.intent.action.ANY_DATA_STATE apnType=supl
01-01 12:08:45.390 D/MobileDataStateTracker( 1683): supl: Received state=DISCONNECTED, old=DISCONNECTED, reason=roamingOff
01-01 12:08:45.390 D/MobileDataStateTracker( 1683): hipri: Broadcast received: android.intent.action.ANY_DATA_STATE apnType=hipri
01-01 12:08:45.400 D/TelephonyDebugService( 1858): TelephonyDebugService()
01-01 12:08:45.400 D/BluetoothManagerService( 1683): Message: 30
01-01 12:08:45.400 D/BluetoothPhoneService( 1858):  handlePreciseCallStateChange: foreground: IDLE background: IDLE ringing: IDLE
01-01 12:08:45.400 E/BluetoothPhoneService( 1858): Could not get a handle on Connection object for the call
01-01 12:08:45.400 D/BluetoothPhoneService( 1858): registerForServiceStateChanged
01-01 12:08:45.400 D/BluetoothPhoneService( 1858): BluetoothPhoneService started
01-01 12:08:45.400 D/NotificationMgr( 1858): call log query complete.
01-01 12:08:45.400 D/NotificationMgr( 1858): closing call log cursor.
01-01 12:08:45.400 D/CallNotifier( 1858): onMwiChanged(): false
01-01 12:08:45.400 W/CallNotifier( 1858): Got onMwiChanged() on non-voice-capable device! Ignoring...
01-01 12:08:45.400 D/CallNotifier( 1858): onCfiChanged(): false
01-01 12:08:45.400 D/NotificationMgr( 1858): updateCfi(): false
01-01 12:08:45.400 D/NotificationMgr( 1858): updateNetworkSelection()...state = 1 new network 
01-01 12:08:45.400 D/PhoneApp( 1858): mReceiver: ACTION_ANY_DATA_CONNECTION_STATE_CHANGED
01-01 12:08:45.400 D/PhoneApp( 1858): - state: DISCONNECTED
01-01 12:08:45.400 D/PhoneApp( 1858): - reason: radioTurnedOff
01-01 12:08:45.400 D/PhoneApp( 1858): mReceiver: ACTION_ANY_DATA_CONNECTION_STATE_CHANGED
01-01 12:08:45.400 D/MobileDataStateTracker( 1683): hipri: Received state=DISCONNECTED, old=DISCONNECTED, reason=roamingOff
01-01 12:08:45.400 D/MobileDataStateTracker( 1683): ims: Broadcast received: android.intent.action.ANY_DATA_STATE apnType=ims
01-01 12:08:45.400 D/MobileDataStateTracker( 1683): ims: Received state=DISCONNECTED, old=DISCONNECTED, reason=roamingOff
01-01 12:08:45.400 D/MobileDataStateTracker( 1683): default: Broadcast received: android.intent.action.ANY_DATA_STATE apnType=default
01-01 12:08:45.400 D/MobileDataStateTracker( 1683): default: Received state=DISCONNECTED, old=DISCONNECTED, reason=roamingOff
01-01 12:08:45.400 D/MobileDataStateTracker( 1683): mms: Broadcast received: android.intent.action.ANY_DATA_STATE apnType=mms
01-01 12:08:45.400 D/MobileDataStateTracker( 1683): mms: Received state=DISCONNECTED, old=DISCONNECTED, reason=roamingOff
01-01 12:08:45.400 D/MobileDataStateTracker( 1683): cbs: Broadcast received: android.intent.action.ANY_DATA_STATE apnType=cbs
01-01 12:08:45.400 D/MobileDataStateTracker( 1683): cbs: Received state=DISCONNECTED, old=DISCONNECTED, reason=roamingOff
01-01 12:08:45.410 D/PhoneApp( 1858): - state: DISCONNECTED
01-01 12:08:45.410 D/PhoneApp( 1858): - reason: radioTurnedOff
01-01 12:08:45.410 D/PhoneApp( 1858): mReceiver: ACTION_ANY_DATA_CONNECTION_STATE_CHANGED
01-01 12:08:45.410 D/PhoneApp( 1858): - state: DISCONNECTED
01-01 12:08:45.410 D/PhoneApp( 1858): - reason: radioTurnedOff
01-01 12:08:45.410 D/PhoneApp( 1858): mReceiver: ACTION_ANY_DATA_CONNECTION_STATE_CHANGED
01-01 12:08:45.410 D/PhoneApp( 1858): - state: DISCONNECTED
01-01 12:08:45.410 D/PhoneApp( 1858): - reason: radioTurnedOff
01-01 12:08:45.410 D/PhoneApp( 1858): mReceiver: ACTION_ANY_DATA_CONNECTION_STATE_CHANGED
01-01 12:08:45.410 D/PhoneApp( 1858): - state: DISCONNECTED
01-01 12:08:45.410 D/PhoneApp( 1858): - reason: radioTurnedOff
01-01 12:08:45.410 D/PhoneApp( 1858): mReceiver: ACTION_ANY_DATA_CONNECTION_STATE_CHANGED
01-01 12:08:45.410 D/PhoneApp( 1858): - state: DISCONNECTED
01-01 12:08:45.410 D/PhoneApp( 1858): - reason: radioTurnedOff
01-01 12:08:45.410 D/PhoneApp( 1858): mReceiver: ACTION_ANY_DATA_CONNECTION_STATE_CHANGED
01-01 12:08:45.410 D/PhoneApp( 1858): - state: DISCONNECTED
01-01 12:08:45.410 D/PhoneApp( 1858): - reason: radioTurnedOff
01-01 12:08:45.410 D/PhoneApp( 1858): mReceiver: ACTION_ANY_DATA_CONNECTION_STATE_CHANGED
01-01 12:08:45.410 D/PhoneApp( 1858): - state: DISCONNECTED
01-01 12:08:45.410 D/PhoneApp( 1858): - reason: radioTurnedOff
01-01 12:08:45.410 D/PhoneApp( 1858): mReceiver: ACTION_ANY_DATA_CONNECTION_STATE_CHANGED
01-01 12:08:45.410 D/PhoneApp( 1858): - state: DISCONNECTED
01-01 12:08:45.410 D/PhoneApp( 1858): - reason: radioTurnedOff
01-01 12:08:45.410 D/PhoneApp( 1858): mReceiver: ACTION_ANY_DATA_CONNECTION_STATE_CHANGED
01-01 12:08:45.410 D/PhoneApp( 1858): - state: DISCONNECTED
01-01 12:08:45.410 D/PhoneApp( 1858): - reason: radioTurnedOff
01-01 12:08:45.410 D/PhoneApp( 1858): mReceiver: ACTION_ANY_DATA_CONNECTION_STATE_CHANGED
01-01 12:08:45.410 D/PhoneApp( 1858): - state: DISCONNECTED
01-01 12:08:45.410 D/PhoneApp( 1858): - reason: radioTurnedOff
01-01 12:08:45.410 D/PhoneApp( 1858): mReceiver: ACTION_ANY_DATA_CONNECTION_STATE_CHANGED
01-01 12:08:45.410 D/PhoneApp( 1858): - state: DISCONNECTED
01-01 12:08:45.410 D/PhoneApp( 1858): - reason: radioTurnedOff
01-01 12:08:45.410 D/PhoneApp( 1858): mReceiver: ACTION_ANY_DATA_CONNECTION_STATE_CHANGED
01-01 12:08:45.410 D/PhoneApp( 1858): - state: DISCONNECTED
01-01 12:08:45.410 D/PhoneApp( 1858): - reason: radioTurnedOff
01-01 12:08:45.410 D/PhoneApp( 1858): mReceiver: ACTION_ANY_DATA_CONNECTION_STATE_CHANGED
01-01 12:08:45.410 D/PhoneApp( 1858): - state: DISCONNECTED
01-01 12:08:45.410 D/PhoneApp( 1858): - reason: radioTurnedOff
01-01 12:08:45.410 D/PhoneApp( 1858): mReceiver: ACTION_ANY_DATA_CONNECTION_STATE_CHANGED
01-01 12:08:45.410 D/PhoneApp( 1858): - state: DISCONNECTED
01-01 12:08:45.410 D/PhoneApp( 1858): - reason: radioTurnedOff
01-01 12:08:45.410 D/PhoneApp( 1858): mReceiver: ACTION_ANY_DATA_CONNECTION_STATE_CHANGED
01-01 12:08:45.410 D/PhoneApp( 1858): - state: DISCONNECTED
01-01 12:08:45.410 D/PhoneApp( 1858): - reason: radioTurnedOff
01-01 12:08:45.410 D/PhoneApp( 1858): mReceiver: ACTION_ANY_DATA_CONNECTION_STATE_CHANGED
01-01 12:08:45.410 D/PhoneApp( 1858): - state: DISCONNECTED
01-01 12:08:45.410 D/PhoneApp( 1858): - reason: dataDetached
01-01 12:08:45.410 D/PhoneApp( 1858): mReceiver: ACTION_ANY_DATA_CONNECTION_STATE_CHANGED
01-01 12:08:45.410 D/PhoneApp( 1858): - state: DISCONNECTED
01-01 12:08:45.410 D/PhoneApp( 1858): - reason: dataDetached
01-01 12:08:45.410 D/PhoneApp( 1858): mReceiver: ACTION_ANY_DATA_CONNECTION_STATE_CHANGED
01-01 12:08:45.410 D/PhoneApp( 1858): - state: DISCONNECTED
01-01 12:08:45.410 D/PhoneApp( 1858): - reason: dataDetached
