01-01 12:08:41.750 D/dalvikvm( 1413): GC_EXPLICIT freed 92K, 5% free 2635K/2772K, paused 1ms+1ms, total 10ms
01-01 12:08:41.760 D/dalvikvm( 1413): GC_EXPLICIT freed 62K, 5% free 2636K/2772K, paused 1ms+1ms, total 9ms
01-01 12:08:41.780 D/dalvikvm( 1413): GC_EXPLICIT freed 61K, 5% free 2638K/2772K, paused 0ms+1ms, total 9ms
01-01 12:08:41.790 D/dalvikvm( 1413): GC_EXPLICIT freed 79K, 6% free 2611K/2772K, paused 1ms+0ms, total 10ms
01-01 12:08:41.800 D/dalvikvm( 1413): GC_EXPLICIT freed 36K, 6% free 2628K/2772K, paused 0ms+2ms, total 10ms
01-01 12:08:41.820 D/dalvikvm( 1413): GC_EXPLICIT freed 38K, 5% free 2643K/2772K, paused 0ms+1ms, total 9ms
01-01 12:08:41.830 D/dalvikvm( 1413): GC_EXPLICIT freed 78K, 6% free 2628K/2772K, paused 1ms+0ms, total 10ms
01-01 12:08:41.850 D/dalvikvm( 1413): GC_EXPLICIT freed 311K, 15% free 2594K/3048K, paused 1ms+1ms, total 10ms
01-01 12:08:41.860 D/dalvikvm( 1413): GC_EXPLICIT freed 68K, 15% free 2596K/3048K, paused 0ms+1ms, total 9ms
01-01 12:08:41.870 D/dalvikvm( 1413): GC_EXPLICIT freed 316K, 15% free 2609K/3048K, paused 1ms+1ms, total 10ms
01-01 12:08:41.890 D/dalvikvm( 1413): GC_EXPLICIT freed 78K, 15% free 2600K/3048K, paused 1ms+0ms, total 10ms
01-01 12:08:41.900 D/dalvikvm( 1413): GC_EXPLICIT freed 18K, 13% free 2654K/3048K, paused 1ms+1ms, total 10ms
01-01 12:08:41.920 D/dalvikvm( 1413): GC_EXPLICIT freed 30K, 13% free 2676K/3048K, paused 0ms+1ms, total 9ms
01-01 12:08:41.930 D/dalvikvm( 1413): GC_EXPLICIT freed 51K, 13% free 2678K/3048K, paused 1ms+1ms, total 10ms
01-01 12:08:41.950 D/dalvikvm( 1413): GC_EXPLICIT freed 52K, 13% free 2678K/3048K, paused 1ms+1ms, total 10ms
01-01 12:08:41.960 D/dalvikvm( 1413): GC_EXPLICIT freed 20K, 11% free 2724K/3048K, paused 1ms+1ms, total 10ms
01-01 12:08:41.970 D/dalvikvm( 1413): GC_EXPLICIT freed 62K, 11% free 2714K/3048K, paused 0ms+1ms, total 9ms
01-01 12:08:41.990 D/dalvikvm( 1413): GC_EXPLICIT freed 54K, 11% free 2724K/3048K, paused 0ms+1ms, total 9ms
01-01 12:08:42.000 D/dalvikvm( 1413): GC_EXPLICIT freed 77K, 12% free 2705K/3048K, paused 0ms+1ms, total 9ms
01-01 12:08:42.010 D/dalvikvm( 1413): GC_EXPLICIT freed 29K, 10% free 2747K/3048K, paused 0ms+1ms, total 9ms
01-01 12:08:42.030 D/dalvikvm( 1413): GC_EXPLICIT freed 87K, 11% free 2718K/3048K, paused 1ms+1ms, total 10ms
01-01 12:08:42.030 I/Zygote  ( 1413): ...preloaded 274 resources in 469ms.
01-01 12:08:42.040 I/Zygote  ( 1413): ...preloaded 31 resources in 4ms.
01-01 12:08:42.040 D/libEGL  ( 1413): loaded /vendor/lib/egl/libGLES_mali.so
01-01 12:08:42.050 D/dalvikvm( 1413): GC_EXPLICIT freed 33K, 11% free 2723K/3048K, paused 0ms+1ms, total 10ms
01-01 12:08:42.070 D/dalvikvm( 1413): GC_EXPLICIT freed 11K, 12% free 2712K/3048K, paused 2ms+1ms, total 11ms
01-01 12:08:42.070 D/dalvikvm( 1413): GC_EXPLICIT freed <1K, 12% free 2711K/3048K, paused 0ms+1ms, total 9ms
01-01 12:08:42.090 I/dalvikvm( 1413): System server process 1683 has been created
01-01 12:08:42.090 I/Zygote  ( 1413): Accepting command socket connections
01-01 12:08:42.090 I/Zygote  ( 1413): Preloading classes...
01-01 12:08:42.100 D/dalvikvm( 1413): GC_EXPLICIT freed 5K, 4% free 2715K/2816K, paused 1ms+1ms, total 11ms
01-01 12:08:42.110 D/SensorService( 1683): nuSensorService starting...
01-01 12:08:42.110 D/SensorsHal( 1683): sensor hal  v1.5 add angle calculation and calibration of gsensor support 2013-9-1
01-01 12:08:42.110 E/SensorsHal( 1683): couldn't find 'lightsensor-level' input device
01-01 12:08:42.110 D/SensorsHal( 1683): Couldn't open /dev/lightsensor (No such file or directory)
01-01 12:08:42.110 E/SensorsHal( 1683): couldn't find 'proximity' input device
01-01 12:08:42.110 D/SensorsHal( 1683): Couldn't open /dev/psensor (No such file or directory)
01-01 12:08:42.110 E/SensorsHal( 1683): couldn't find 'gsensor' input device
01-01 12:08:42.110 D/SensorsHal( 1683): Couldn't open /dev/mma8452_daemon (No such file or directory)
01-01 12:08:42.110 E/SensorsHal( 1683): couldn't find 'compass' input device
01-01 12:08:42.110 D/SensorsHal( 1683): Couldn't open /dev/compass (No such file or directory)
01-01 12:08:42.110 E/SensorsHal( 1683): couldn't find 'gyro' input device
01-01 12:08:42.110 D/SensorsHal( 1683): Couldn't open /dev/gyrosensor (No such file or directory)
01-01 12:08:42.110 D/SensorsHal( 1683): GyroSensor::GyroSensor():No such file or directory
01-01 12:08:42.110 E/SensorsHal( 1683): couldn't find 'pressure' input device
01-01 12:08:42.110 D/SensorsHal( 1683): Couldn't open /dev/pressure (No such file or directory)
01-01 12:08:42.110 E/SensorsHal( 1683): couldn't find 'temperature' input device
01-01 12:08:42.110 D/SensorsHal( 1683): Couldn't open /dev/temperature (No such file or directory)
01-01 12:08:42.110 I/SensorService( 1683): Gravity sensor
01-01 12:08:42.110 I/SensorService( 1683): Compass Magnetic field sensor
01-01 12:08:42.110 I/SensorService( 1683): Compass Orientation sensor
01-01 12:08:42.110 I/SensorService( 1683): Gyroscope sensor
01-01 12:08:42.110 I/SensorService( 1683): Proximity sensor
01-01 12:08:42.110 I/SensorService( 1683): Light sensor
01-01 12:08:42.110 I/SensorService( 1683): Pressure sensor
01-01 12:08:42.110 I/SensorService( 1683): Temperature sensor
01-01 12:08:42.110 D/SensorService( 1683): Max socket buffer size 163840
01-01 12:08:42.110 D/SensorService( 1683): nuSensorService thread starting...
01-01 12:08:42.110 I/installd(  145): new connection
01-01 12:08:42.110 D/RKPowerHAL( 1683): version 3.0
01-01 12:08:42.110 E/GpuPH   ( 1683): fail to communicate with param
01-01 12:08:42.110 I/SystemServer( 1683): Entered the Android system server!
01-01 12:08:42.110 I/SystemServer( 1683): Waiting for installd to be ready.
01-01 12:08:42.110 I/Installer( 1683): connecting...
01-01 12:08:42.110 I/SystemServer( 1683): Power Manager
01-01 12:08:42.110 I/SystemServer( 1683): Activity Manager
01-01 12:08:42.110 I/ActivityManager( 1683): Memory class: 192
01-01 12:08:42.120 W/UsageStats( 1683): Usage stats version changed; dropping
01-01 12:08:42.120 I/AppOps  ( 1683): No existing app ops /data/system/appops.xml; starting empty
01-01 12:08:42.130 D/dalvikvm( 1413): GC_EXPLICIT freed 208K, 11% free 2724K/3036K, paused 1ms+0ms, total 11ms
01-01 12:08:42.130 W/Zygote  ( 1413): Class not found for preloading: java.lang.UnsafeByteSequence
01-01 12:08:42.140 I/IntentFirewall( 1683): Read new rules (A:0 B:0 S:0)
01-01 12:08:42.150 D/dalvikvm( 1413): GC_EXPLICIT freed 216K, 11% free 2724K/3044K, paused 0ms+1ms, total 10ms
01-01 12:08:42.150 D/dalvikvm( 1683): GC_CONCURRENT freed 164K, 9% free 2979K/3240K, paused 1ms+2ms, total 10ms
01-01 12:08:42.150 I/Zygote  ( 1413): ...preloaded 2777 classes in 64ms.
01-01 12:08:42.150 I/SystemServer( 1683): Display Manager
01-01 12:08:42.150 I/SystemServer( 1683): Telephony Registry
01-01 12:08:42.150 I/SystemServer( 1683): Scheduling Policy
01-01 12:08:42.150 I/DisplayManagerService( 1683): Display device added: DisplayDeviceInfo{"Built-in Screen": 1920 x 1080, 60.000004 fps, density 160, 159.895 x 160.421 dpi, touch INTERNAL, rotation 0, type BUILT_IN, FLAG_DEFAULT_DISPLAY, FLAG_ROTATES_WITH_CONTENT, FLAG_SECURE, FLAG_SUPPORTS_PROTECTED_BUFFERS}
01-01 12:08:42.150 I/SystemServer( 1683): Package Manager
01-01 12:08:42.180 D/dalvikvm( 1683): GC_CONCURRENT freed 375K, 16% free 3042K/3584K, paused 0ms+1ms, total 6ms
01-01 12:08:42.180 D/dalvikvm( 1683): WAIT_FOR_CONCURRENT_GC blocked 5ms
01-01 12:08:42.200 D/dalvikvm( 1683): GC_CONCURRENT freed 431K, 17% free 3040K/3644K, paused 1ms+0ms, total 8ms
01-01 12:08:42.200 D/dalvikvm( 1413): GC_EXPLICIT freed 51K, 11% free 2714K/3044K, paused 0ms+1ms, total 10ms
01-01 12:08:42.200 D/dalvikvm( 1683): WAIT_FOR_CONCURRENT_GC blocked 5ms
01-01 12:08:42.200 W/Zygote  ( 1413): Failure preloading resources
01-01 12:08:42.200 W/Zygote  ( 1413): java.lang.IllegalStateException: Resources already preloaded
01-01 12:08:42.200 W/Zygote  ( 1413): 	at android.content.res.Resources.startPreloading(Resources.java:1965)
01-01 12:08:42.200 W/Zygote  ( 1413): 	at com.android.internal.os.ZygoteInit.preloadResources(ZygoteInit.java:358)
01-01 12:08:42.200 W/Zygote  ( 1413): 	at com.android.internal.os.ZygoteInit.preload(ZygoteInit.java:236)
01-01 12:08:42.200 W/Zygote  ( 1413): 	at com.android.internal.os.ZygoteInit.main(ZygoteInit.java:601)
01-01 12:08:42.200 W/Zygote  ( 1413): 	at dalvik.system.NativeStart.main(Native Method)
01-01 12:08:42.200 D/SELinuxMMAC( 1683): Couldn't find install policy /data/security/mac_permissions.xml
01-01 12:08:42.200 D/SELinuxMMAC( 1683): Using install policy file /system/etc/security/mac_permissions.xml
01-01 12:08:42.210 D/dalvikvm( 1413): GC_EXPLICIT freed 6K, 11% free 2715K/3044K, paused 0ms+1ms, total 9ms
01-01 12:08:42.220 D/dalvikvm( 1413): GC_EXPLICIT freed <1K, 11% free 2715K/3044K, paused 1ms+1ms, total 10ms
01-01 12:08:42.230 D/dalvikvm( 1413): GC_EXPLICIT freed <1K, 11% free 2715K/3044K, paused 1ms+1ms, total 10ms
01-01 12:08:42.300 D/dalvikvm( 1683): GC_CONCURRENT freed 205K, 12% free 3228K/3644K, paused 0ms+8ms, total 15ms
01-01 12:08:42.330 W/PackageParser( 1683): No actions in intent filter at /system/priv-app/Contacts.apk Binary XML file line #375
01-01 12:08:42.350 D/dalvikvm( 1683): GC_CONCURRENT freed 206K, 9% free 3458K/3764K, paused 1ms+3ms, total 11ms
01-01 12:08:42.350 W/PackageParser( 1683): No actions in intent filter at /system/priv-app/Dialer.apk Binary XML file line #162
01-01 12:08:42.360 W/ResourceType( 1683): Failure getting entry for 0x7f050000 (t=4 e=0) in package 0 (error -75)
01-01 12:08:42.400 D/dalvikvm( 1683): GC_CONCURRENT freed 187K, 8% free 3737K/4020K, paused 2ms+2ms, total 12ms
01-01 12:08:42.410 W/ResourceType( 1683): Failure getting entry for 0x7f02000b (t=1 e=11) in package 0 (error -75)
01-01 12:08:42.410 W/PackageParser( 1683): No actions in intent filter at /system/app/Bluetooth.apk Binary XML file line #210
01-01 12:08:42.430 W/ResourceType( 1683): Failure getting entry for 0x7f04000f (t=3 e=15) in package 0 (error -75)
01-01 12:08:42.430 W/ResourceType( 1683): Failure getting entry for 0x7f04000f (t=3 e=15) in package 0 (error -75)
01-01 12:08:42.450 D/dalvikvm( 1683): GC_CONCURRENT freed 208K, 8% free 3978K/4284K, paused 1ms+3ms, total 15ms
01-01 12:08:42.460 W/PackageParser( 1683): Unknown element under <application>: permission at /system/app/Gallery2.apk Binary XML file line #242
01-01 12:08:42.460 W/PackageParser( 1683): Unknown element under <application>: permission at /system/app/Gallery2.apk Binary XML file line #245
01-01 12:08:42.500 W/ResourceType( 1683): Failure getting entry for 0x7f02001c (t=1 e=28) in package 0 (error -75)
01-01 12:08:42.510 D/dalvikvm( 1683): GC_CONCURRENT freed 311K, 9% free 4124K/4532K, paused 1ms+4ms, total 16ms
01-01 12:08:42.520 W/PackageParser( 1683): No actions in intent filter at /system/app/StressTest.apk Binary XML file line #40
01-01 12:08:42.530 D/PackageManager( 1683): No files in app dir /vendor/app
01-01 12:08:42.530 W/PackageManager( 1683): Package com.android.gallery3d desires unavailable shared library com.google.android.media.effects; ignoring!
01-01 12:08:42.530 I/PackageManager( 1683): Time to scan packages: 0.227 seconds
01-01 12:08:42.530 W/PackageManager( 1683): Not granting permission android.permission.GLOBAL_SEARCH to package com.android.quicksearchbox (protectionLevel=18 flags=0x8be45)
01-01 12:08:42.540 W/PackageManager( 1683): Unknown permission com.google.android.gallery3d.permission.GALLERY_PROVIDER in package com.android.bluetooth
01-01 12:08:42.540 W/PackageManager( 1683): Unknown permission com.google.android.googleapps.permission.GOOGLE_AUTH in package com.android.providers.calendar
01-01 12:08:42.540 W/PackageManager( 1683): Unknown permission com.google.android.googleapps.permission.GOOGLE_AUTH.cl in package com.android.providers.calendar
01-01 12:08:42.540 W/PackageManager( 1683): Unknown permission com.google.android.googleapps.permission.GOOGLE_AUTH.mail in package com.android.calendar
01-01 12:08:42.540 W/PackageManager( 1683): Not granting permission android.permission.ACCESS_DOWNLOAD_MANAGER to package com.android.browser (protectionLevel=18 flags=0x9be45)
01-01 12:08:42.540 W/PackageManager( 1683): Not granting permission android.permission.SEND_DOWNLOAD_COMPLETED_INTENTS to package com.android.browser (protectionLevel=2 flags=0x9be45)
01-01 12:08:42.540 W/PackageManager( 1683): Not granting permission android.permission.WRITE_MEDIA_STORAGE to package com.android.music (protectionLevel=18 flags=0x8be65)
01-01 12:08:42.540 W/PackageManager( 1683): Not granting permission android.permission.DEVICE_POWER to package com.android.music (protectionLevel=2 flags=0x8be65)
01-01 12:08:42.540 W/PackageManager( 1683): Unknown permission com.android.launcher.permission.READ_SETTINGS in package com.android.onetimeinitializer
01-01 12:08:42.540 W/PackageManager( 1683): Unknown permission com.android.launcher.permission.WRITE_SETTINGS in package com.android.onetimeinitializer
01-01 12:08:42.540 W/PackageManager( 1683): Not granting permission android.permission.BIND_APPWIDGET to package com.android.launcher3 (protectionLevel=18 flags=0x58be45)
01-01 12:08:42.540 W/PackageManager( 1683): Unknown permission com.android.launcher.permission.READ_SETTINGS in package com.android.launcher3
01-01 12:08:42.540 W/PackageManager( 1683): Unknown permission com.android.launcher.permission.WRITE_SETTINGS in package com.android.launcher3
01-01 12:08:42.540 W/PackageManager( 1683): Not granting permission android.permission.BIND_WALLPAPER to package com.android.camera2 (protectionLevel=18 flags=0x58bc45)
01-01 12:08:42.540 W/PackageManager( 1683): Unknown permission android.permission.INSTALL_DRM in package com.android.mms
01-01 12:08:42.540 W/PackageManager( 1683): Unknown permission com.google.android.gallery3d.permission.PICASA_STORE in package com.android.dreams.phototable
01-01 12:08:42.540 W/PackageManager( 1683): Unknown permission com.google.android.googleapps.permission.GOOGLE_AUTH in package com.android.settings
01-01 12:08:42.540 W/PackageManager( 1683): Unknown permission com.android.launcher.permission.READ_SETTINGS in package com.android.settings
01-01 12:08:42.540 W/PackageManager( 1683): Unknown permission com.android.launcher.permission.WRITE_SETTINGS in package com.android.settings
01-01 12:08:42.540 W/PackageManager( 1683): Not granting permission android.permission.INSTALL_PACKAGES to package com.android.apkinstaller (protectionLevel=18 flags=0x8be45)
01-01 12:08:42.540 W/PackageManager( 1683): Not granting permission android.permission.DELETE_PACKAGES to package com.android.apkinstaller (protectionLevel=18 flags=0x8be45)
01-01 12:08:42.540 W/PackageManager( 1683): Unknown permission android.Manifest.permission.INJECT_EVENTS in package com.rockchip.devicetest
01-01 12:08:42.540 W/PackageManager( 1683): Unknown permission com.google.android.googleapps.permission.ACCESS_GOOGLE_PASSWORD in package com.android.development
01-01 12:08:42.540 W/PackageManager( 1683): Unknown permission com.google.android.googleapps.permission.GOOGLE_AUTH in package com.android.development
01-01 12:08:42.540 W/PackageManager( 1683): Unknown permission com.google.android.googleapps.permission.GOOGLE_AUTH.ALL_SERVICES in package com.android.development
01-01 12:08:42.540 W/PackageManager( 1683): Unknown permission com.google.android.googleapps.permission.GOOGLE_AUTH.YouTubeUser in package com.android.development
01-01 12:08:42.540 W/PackageManager( 1683): Not granting permission android.permission.MOUNT_UNMOUNT_FILESYSTEMS to package com.rockchip.mediacenter (protectionLevel=18 flags=0x8be45)
01-01 12:08:42.540 W/PackageManager( 1683): Not granting permission android.permission.DEVICE_POWER to package com.rockchip.mediacenter (protectionLevel=2 flags=0x8be45)
01-01 12:08:42.540 W/PackageManager( 1683): Not granting permission android.permission.DELETE_PACKAGES to package com.svox.pico (protectionLevel=18 flags=0x8be45)
01-01 12:08:42.540 W/PackageManager( 1683): Not granting permission android.permission.DEVICE_POWER to package com.android.deskclock (protectionLevel=2 flags=0x48be45)
01-01 12:08:42.540 W/PackageManager( 1683): Unknown permission rockchip.permission.FULL_SCREEN in package android.rk.RockVideoPlayer
01-01 12:08:42.540 W/PackageManager( 1683): Unknown permission android.permission.RAISED_THREAD_PRIORITY in package android.rk.RockVideoPlayer
01-01 12:08:42.540 W/PackageManager( 1683): Unknown permission android.permission.FULL_SCREEN in package android.rk.RockVideoPlayer
01-01 12:08:42.540 W/PackageManager( 1683): Unknown permission archos.permission.FULL_SCREEN in package android.rk.RockVideoPlayer
01-01 12:08:42.560 D/dalvikvm( 1683): GC_CONCURRENT freed 402K, 11% free 4186K/4688K, paused 2ms+1ms, total 15ms
01-01 12:08:42.610 D/dalvikvm( 1683): GC_EXPLICIT freed 192K, 14% free 4078K/4720K, paused 1ms+1ms, total 17ms
01-01 12:08:42.610 I/SystemServer( 1683): Entropy Mixer
01-01 12:08:42.620 I/EntropyMixer( 1683): Writing entropy...
01-01 12:08:42.630 I/SystemServer( 1683): User Service
01-01 12:08:42.630 I/SystemServer( 1683): Account Manager
01-01 12:08:42.630 I/SystemServer( 1683): Content Manager
01-01 12:08:42.630 I/SystemServer( 1683): System Content Providers
01-01 12:08:42.640 I/Lights  ( 1683): >>> Enter light_device_open:backlight
01-01 12:08:42.640 I/Lights  ( 1683): >>> Enter light_device_open:keyboard
01-01 12:08:42.640 I/Lights  ( 1683): >>> Enter light_device_open:buttons
01-01 12:08:42.640 I/Lights  ( 1683): >>> Enter light_device_open:battery
01-01 12:08:42.640 I/Lights  ( 1683): >>> Enter light_device_open:notifications
01-01 12:08:42.640 I/Lights  ( 1683): >>> Enter light_device_open:attention
01-01 12:08:42.640 I/Lights  ( 1683): >>> Enter light_device_open:bluetooth
01-01 12:08:42.640 I/Lights  ( 1683): >>> undefine light id
01-01 12:08:42.640 I/Lights  ( 1683): >>> Enter light_device_open:wifi
01-01 12:08:42.640 I/Lights  ( 1683): >>> undefine light id
01-01 12:08:42.640 E/ConsumerIrService( 1683): Can't open consumer IR HW Module, error: -2
01-01 12:08:42.640 W/libsuspend( 1683): Error writing 'on' to /sys/power/state: Invalid argument
01-01 12:08:42.640 I/SystemServer( 1683): Lights Service
01-01 12:08:42.640 I/SystemServer( 1683): Battery Service
01-01 12:08:42.640 I/SystemServer( 1683): Vibrator Service
01-01 12:08:42.640 I/SystemServer( 1683): Consumer IR Service
01-01 12:08:42.650 I/libsuspend( 1683): Selected autosleep
01-01 12:08:42.650 D/PermissionCache( 1381): checking android.permission.ACCESS_SURFACE_FLINGER for uid=1000 => granted (200 us)
01-01 12:08:42.650 D/SurfaceFlinger( 1381): Screen acquired, type=0 flinger=0xb78f6450
01-01 12:08:42.650 D/SurfaceFlinger( 1381):  screen was previously acquired
01-01 12:08:42.650 I/SystemServer( 1683): Alarm Manager
01-01 12:08:42.650 I/SystemServer( 1683): Init Watchdog
01-01 12:08:42.650 I/SystemServer( 1683): Input Manager
01-01 12:08:42.650 I/InputManager( 1683): Initializing input manager, mUseDevInputEventForAudioJack=false
01-01 12:08:42.650 I/SystemServer( 1683): DisplayDeviceManagementService Service
01-01 12:08:42.650 D/DisplayDeviceManagementService( 1683): DisplayDeviceManagementService start
01-01 12:08:42.650 I/SystemServer( 1683): Window Manager
01-01 12:08:42.650 I/WindowManager( 1683): No existing display settings /data/system/display_settings.xml; starting empty
01-01 12:08:42.660 D/SensorsHal( 1683): Couldn't open /dev/mma8452_daemon (No such file or directory)
01-01 12:08:42.660 E/SensorService( 1683): Error activating sensor 0 (Operation not permitted)
01-01 12:08:42.660 D/Environment( 1683): screen raw size:1920,1080
01-01 12:08:42.660 D/Environment( 1683): screen raw size:1920,1080
01-01 12:08:42.660 D/Environment( 1683): screen raw size:1920,1080
01-01 12:08:42.660 D/Environment( 1683): screen raw size:1920,1080
01-01 12:08:42.660 D/Environment( 1683): screen raw size:1920,1080
01-01 12:08:42.660 D/MouseControlSocket( 1683): responseThread start
01-01 12:08:42.660 D/MouseControlSocket( 1683): thread name:MouseControlSocket//:::56456
01-01 12:08:42.660 I/WindowManager( 1683): No keyguard interface!
01-01 12:08:42.670 D/DisplayOutputManager( 1683): main display iface num is 2
01-01 12:08:42.670 D/DisplayOutputManager( 1683): HDMI
01-01 12:08:42.670 D/DisplayOutputManager( 1683): VGA
01-01 12:08:42.670 E/DisplayOutputManager( 1683): Error listing Interfaces :java.lang.IllegalStateException: command '2 interface list 1' failed with '400 2 Missing display node'
01-01 12:08:42.670 D/EventHub( 1683): No input device configuration file found for device 'tchip_remote_gsensor'.
01-01 12:08:42.670 D/BluetoothManagerService( 1683): BluetoothChipName = 
01-01 12:08:42.670 D/BluetoothManagerService( 1683): Loading stored name and address
01-01 12:08:42.670 D/BluetoothManagerService( 1683): Stored bluetooth Name=FireFly-rk3288,Address=22:22:1B:BB:87:B9
01-01 12:08:42.670 I/InputManager( 1683): Starting input manager
01-01 12:08:42.670 I/SystemServer( 1683): Bluetooth Manager Service
01-01 12:08:42.670 I/SystemServer( 1683): Input Method Service
01-01 12:08:42.670 W/InputMethodManagerService( 1683): Couldn't create dir.: /data/system/inputmethod
01-01 12:08:42.680 W/ResourceType( 1683): Failure getting entry for 0x7f060000 (t=5 e=0) in package 0 (error -75)
01-01 12:08:42.680 I/SystemServer( 1683): Accessibility Manager
01-01 12:08:42.680 D/qiuen   ( 1683): >>>CURRENT DISPLAY SIZE: 1280x720
01-01 12:08:42.680 I/qiuen   ( 1683): FORCED DISPLAY SIZE: 1280x720
01-01 12:08:42.690 D/dalvikvm( 1683): GC_CONCURRENT freed 264K, 9% free 4325K/4720K, paused 1ms+2ms, total 16ms
01-01 12:08:42.690 D/dalvikvm( 1683): WAIT_FOR_CONCURRENT_GC blocked 4ms
01-01 12:08:42.690 D/dalvikvm( 1683): WAIT_FOR_CONCURRENT_GC blocked 3ms
01-01 12:08:42.690 I/ActivityManager( 1683): Config changes=1df8 {1.0 ?mcc?mnc en_US ldltr sw720dp w1280dp h720dp 160dpi xlrg long land ?uimode ?night -touch -keyb/v/h -nav/h s.2}
01-01 12:08:42.700 I/ActivityManager( 1683): Config changes=500 {1.0 ?mcc?mnc en_US ldltr sw720dp w1280dp h647dp 160dpi lrg long land ?uimode ?night -touch -keyb/v/h -nav/h s.3}
01-01 12:08:42.700 I/SystemServer( 1683): Mount Service
01-01 12:08:42.710 D/MountService( 1683): ---getMaxSupportedUsers,we has UMS,ignore emulated storage---
01-01 12:08:42.710 D/MountService( 1683): ---getMaxSupportedUsers,we has UMS,force NAND FLASH to primary storage---
01-01 12:08:42.710 I/PackageManager( 1683): No secure containers on sdcard
01-01 12:08:42.710 D/MountService( 1683): got storage path: /storage/sdcard0 description: SD card primary: true removable: true emulated: true mtpReserve: 100 allowMassStorage: false maxFileSize: 0
01-01 12:08:42.710 D/MountService( 1683): got storage path: /mnt/internal_sd description: NAND FLASH primary: false removable: true emulated: false mtpReserve: 100 allowMassStorage: true maxFileSize: 0
01-01 12:08:42.710 D/MountService( 1683): addVolumeLocked() StorageVolume:
01-01 12:08:42.710 D/MountService( 1683):     mStorageId=0 mPath=/mnt/internal_sd mDescriptionId=17041004 mPrimary=true 
01-01 12:08:42.710 D/MountService( 1683):     mRemovable=true mEmulated=false mMtpReserveSpace=100 
01-01 12:08:42.710 D/MountService( 1683):     mAllowMassStorage=true mMaxFileSize=0 mOwner=null mUuid=null 
01-01 12:08:42.710 D/MountService( 1683):     mUserLabel=null mState=null 
01-01 12:08:42.710 D/MountService( 1683): got storage path: /mnt/external_sd description: SD card primary: false removable: true emulated: false mtpReserve: 100 allowMassStorage: true maxFileSize: 0
01-01 12:08:42.710 D/MountService( 1683): addVolumeLocked() StorageVolume:
01-01 12:08:42.710 D/MountService( 1683):     mStorageId=0 mPath=/mnt/external_sd mDescriptionId=17040669 mPrimary=false 
01-01 12:08:42.710 D/MountService( 1683):     mRemovable=true mEmulated=false mMtpReserveSpace=100 
01-01 12:08:42.710 D/MountService( 1683):     mAllowMassStorage=true mMaxFileSize=0 mOwner=null mUuid=null 
01-01 12:08:42.710 D/MountService( 1683):     mUserLabel=null mState=null 
01-01 12:08:42.710 D/MountService( 1683): got storage path: /mnt/usb_storage/USB_DISK0 description: USB storage 0 primary: false removable: true emulated: false mtpReserve: 100 allowMassStorage: true maxFileSize: 0
01-01 12:08:42.710 D/MountService( 1683): addVolumeLocked() StorageVolume:
01-01 12:08:42.710 D/MountService( 1683):     mStorageId=0 mPath=/mnt/usb_storage/USB_DISK0 mDescriptionId=17040947 
01-01 12:08:42.710 D/MountService( 1683):     mPrimary=false mRemovable=true mEmulated=false mMtpReserveSpace=100 
01-01 12:08:42.710 D/MountService( 1683):     mAllowMassStorage=true mMaxFileSize=0 mOwner=null mUuid=null 
01-01 12:08:42.710 D/MountService( 1683):     mUserLabel=null mState=null 
01-01 12:08:42.710 D/MountService( 1683): got storage path: /mnt/usb_storage/USB_DISK1 description: USB storage 1 primary: false removable: true emulated: false mtpReserve: 100 allowMassStorage: true maxFileSize: 0
01-01 12:08:42.710 D/MountService( 1683): addVolumeLocked() StorageVolume:
01-01 12:08:42.710 D/MountService( 1683):     mStorageId=0 mPath=/mnt/usb_storage/USB_DISK1 mDescriptionId=17040948 
01-01 12:08:42.710 D/MountService( 1683):     mPrimary=false mRemovable=true mEmulated=false mMtpReserveSpace=100 
01-01 12:08:42.710 D/MountService( 1683):     mAllowMassStorage=true mMaxFileSize=0 mOwner=null mUuid=null 
01-01 12:08:42.710 D/MountService( 1683):     mUserLabel=null mState=null 
01-01 12:08:42.710 D/MountService( 1683): got storage path: /mnt/usb_storage/USB_DISK2 description: USB storage 2 primary: false removable: true emulated: false mtpReserve: 100 allowMassStorage: true maxFileSize: 0
01-01 12:08:42.710 D/MountService( 1683): addVolumeLocked() StorageVolume:
01-01 12:08:42.710 D/MountService( 1683):     mStorageId=0 mPath=/mnt/usb_storage/USB_DISK2 mDescriptionId=17040949 
01-01 12:08:42.710 D/MountService( 1683):     mPrimary=false mRemovable=true mEmulated=false mMtpReserveSpace=100 
01-01 12:08:42.710 D/MountService( 1683):     mAllowMassStorage=true mMaxFileSize=0 mOwner=null mUuid=null 
01-01 12:08:42.710 D/MountService( 1683):     mUserLabel=null mState=null 
01-01 12:08:42.710 D/MountService( 1683): got storage path: /mnt/usb_storage/USB_DISK3 description: USB storage 3 primary: false removable: true emulated: false mtpReserve: 100 allowMassStorage: true maxFileSize: 0
01-01 12:08:42.710 D/MountService( 1683): addVolumeLocked() StorageVolume:
01-01 12:08:42.710 D/MountService( 1683):     mStorageId=0 mPath=/mnt/usb_storage/USB_DISK3 mDescriptionId=17040950 
01-01 12:08:42.710 D/MountService( 1683):     mPrimary=false mRemovable=true mEmulated=false mMtpReserveSpace=100 
01-01 12:08:42.710 D/MountService( 1683):     mAllowMassStorage=true mMaxFileSize=0 mOwner=null mUuid=null 
01-01 12:08:42.710 D/MountService( 1683):     mUserLabel=null mState=null 
01-01 12:08:42.710 D/MountService( 1683): got storage path: /mnt/usb_storage/USB_DISK4 description: USB storage 4 primary: false removable: true emulated: false mtpReserve: 100 allowMassStorage: true maxFileSize: 0
01-01 12:08:42.710 D/MountService( 1683): addVolumeLocked() StorageVolume:
01-01 12:08:42.710 D/MountService( 1683):     mStorageId=0 mPath=/mnt/usb_storage/USB_DISK4 mDescriptionId=17040951 
01-01 12:08:42.710 D/MountService( 1683):     mPrimary=false mRemovable=true mEmulated=false mMtpReserveSpace=100 
01-01 12:08:42.710 D/MountService( 1683):     mAllowMassStorage=true mMaxFileSize=0 mOwner=null mUuid=null 
01-01 12:08:42.710 D/MountService( 1683):     mUserLabel=null mState=null 
01-01 12:08:42.710 D/MountService( 1683): got storage path: /mnt/usb_storage/USB_DISK5 description: USB storage 5 primary: false removable: true emulated: false mtpReserve: 100 allowMassStorage: true maxFileSize: 0
01-01 12:08:42.710 D/MountService( 1683): addVolumeLocked() StorageVolume:
01-01 12:08:42.710 D/MountService( 1683):     mStorageId=0 mPath=/mnt/usb_storage/USB_DISK5 mDescriptionId=17040952 
01-01 12:08:42.710 D/MountService( 1683):     mPrimary=false mRemovable=true mEmulated=false mMtpReserveSpace=100 
01-01 12:08:42.710 D/MountService( 1683):     mAllowMassStorage=true mMaxFileSize=0 mOwner=null mUuid=null 
01-01 12:08:42.710 D/MountService( 1683):     mUserLabel=null mState=null 
01-01 12:08:42.710 I/SystemServer( 1683): LockSettingsService
01-01 12:08:42.710 I/SystemServer( 1683): Device Policy
01-01 12:08:42.710 I/SystemServer( 1683): Status Bar
01-01 12:08:42.710 I/MountService( 1683): Media already mounted on daemon connection
01-01 12:08:42.710 I/MountService( 1683): Updating valid state mounted
01-01 12:08:42.710 W/MountService( 1683): Duplicate state transition (mounted -> mounted) for /mnt/internal_sd
01-01 12:08:42.710 I/MountService( 1683): Updating valid state removed
01-01 12:08:42.710 D/MountService( 1683): volume state changed for /mnt/external_sd (unmounted -> removed)
01-01 12:08:42.710 I/MountService( 1683): Updating valid state removed
01-01 12:08:42.710 D/MountService( 1683): volume state changed for /mnt/usb_storage/USB_DISK0 (unmounted -> removed)
01-01 12:08:42.710 I/MountService( 1683): Updating valid state removed
01-01 12:08:42.710 D/MountService( 1683): volume state changed for /mnt/usb_storage/USB_DISK1 (unmounted -> removed)
01-01 12:08:42.710 I/MountService( 1683): Updating valid state removed
01-01 12:08:42.710 D/MountService( 1683): volume state changed for /mnt/usb_storage/USB_DISK2 (unmounted -> removed)
01-01 12:08:42.710 I/MountService( 1683): Updating valid state removed
01-01 12:08:42.710 D/MountService( 1683): volume state changed for /mnt/usb_storage/USB_DISK3 (unmounted -> removed)
01-01 12:08:42.710 I/MountService( 1683): Updating valid state removed
01-01 12:08:42.710 D/MountService( 1683): volume state changed for /mnt/usb_storage/USB_DISK4 (unmounted -> removed)
01-01 12:08:42.710 I/MountService( 1683): Updating valid state removed
01-01 12:08:42.710 D/MountService( 1683): volume state changed for /mnt/usb_storage/USB_DISK5 (unmounted -> removed)
01-01 12:08:42.710 I/SystemServer( 1683): Clipboard Service
01-01 12:08:42.710 I/SystemServer( 1683): NetworkManagement Service
01-01 12:08:42.710 W/PackageManager( 1683): Not granting permission android.permission.GLOBAL_SEARCH to package com.android.quicksearchbox (protectionLevel=18 flags=0x8be45)
01-01 12:08:42.710 I/SystemServer( 1683): Text Service Manager Service
01-01 12:08:42.710 W/PackageManager( 1683): Unknown permission com.google.android.gallery3d.permission.GALLERY_PROVIDER in package com.android.bluetooth
01-01 12:08:42.710 W/PackageManager( 1683): Unknown permission com.google.android.googleapps.permission.GOOGLE_AUTH in package com.android.providers.calendar
01-01 12:08:42.710 W/PackageManager( 1683): Unknown permission com.google.android.googleapps.permission.GOOGLE_AUTH.cl in package com.android.providers.calendar
01-01 12:08:42.720 W/PackageManager( 1683): Unknown permission com.google.android.googleapps.permission.GOOGLE_AUTH.mail in package com.android.calendar
01-01 12:08:42.720 W/PackageManager( 1683): Not granting permission android.permission.ACCESS_DOWNLOAD_MANAGER to package com.android.browser (protectionLevel=18 flags=0x9be45)
01-01 12:08:42.720 W/PackageManager( 1683): Not granting permission android.permission.SEND_DOWNLOAD_COMPLETED_INTENTS to package com.android.browser (protectionLevel=2 flags=0x9be45)
01-01 12:08:42.720 W/PackageManager( 1683): Not granting permission android.permission.WRITE_MEDIA_STORAGE to package com.android.music (protectionLevel=18 flags=0x8be65)
01-01 12:08:42.720 W/PackageManager( 1683): Not granting permission android.permission.DEVICE_POWER to package com.android.music (protectionLevel=2 flags=0x8be65)
01-01 12:08:42.720 W/PackageManager( 1683): Unknown permission com.android.launcher.permission.READ_SETTINGS in package com.android.onetimeinitializer
01-01 12:08:42.720 W/PackageManager( 1683): Unknown permission com.android.launcher.permission.WRITE_SETTINGS in package com.android.onetimeinitializer
01-01 12:08:42.720 W/PackageManager( 1683): Not granting permission android.permission.BIND_APPWIDGET to package com.android.launcher3 (protectionLevel=18 flags=0x58be45)
01-01 12:08:42.720 W/PackageManager( 1683): Unknown permission com.android.launcher.permission.READ_SETTINGS in package com.android.launcher3
01-01 12:08:42.720 W/PackageManager( 1683): Unknown permission com.android.launcher.permission.WRITE_SETTINGS in package com.android.launcher3
01-01 12:08:42.720 W/PackageManager( 1683): Not granting permission android.permission.BIND_WALLPAPER to package com.android.camera2 (protectionLevel=18 flags=0x58bc45)
01-01 12:08:42.720 W/PackageManager( 1683): Unknown permission android.permission.INSTALL_DRM in package com.android.mms
01-01 12:08:42.720 W/PackageManager( 1683): Unknown permission com.google.android.gallery3d.permission.PICASA_STORE in package com.android.dreams.phototable
01-01 12:08:42.720 W/PackageManager( 1683): Unknown permission com.google.android.googleapps.permission.GOOGLE_AUTH in package com.android.settings
01-01 12:08:42.720 W/PackageManager( 1683): Unknown permission com.android.launcher.permission.READ_SETTINGS in package com.android.settings
01-01 12:08:42.720 W/PackageManager( 1683): Unknown permission com.android.launcher.permission.WRITE_SETTINGS in package com.android.settings
01-01 12:08:42.720 W/PackageManager( 1683): Not granting permission android.permission.INSTALL_PACKAGES to package com.android.apkinstaller (protectionLevel=18 flags=0x8be45)
01-01 12:08:42.720 W/PackageManager( 1683): Not granting permission android.permission.DELETE_PACKAGES to package com.android.apkinstaller (protectionLevel=18 flags=0x8be45)
01-01 12:08:42.720 W/PackageManager( 1683): Unknown permission android.Manifest.permission.INJECT_EVENTS in package com.rockchip.devicetest
01-01 12:08:42.720 W/PackageManager( 1683): Unknown permission com.google.android.googleapps.permission.ACCESS_GOOGLE_PASSWORD in package com.android.development
01-01 12:08:42.720 W/PackageManager( 1683): Unknown permission com.google.android.googleapps.permission.GOOGLE_AUTH in package com.android.development
01-01 12:08:42.720 W/PackageManager( 1683): Unknown permission com.google.android.googleapps.permission.GOOGLE_AUTH.ALL_SERVICES in package com.android.development
01-01 12:08:42.720 W/PackageManager( 1683): Unknown permission com.google.android.googleapps.permission.GOOGLE_AUTH.YouTubeUser in package com.android.development
01-01 12:08:42.720 W/PackageManager( 1683): Not granting permission android.permission.MOUNT_UNMOUNT_FILESYSTEMS to package com.rockchip.mediacenter (protectionLevel=18 flags=0x8be45)
01-01 12:08:42.720 W/PackageManager( 1683): Not granting permission android.permission.DEVICE_POWER to package com.rockchip.mediacenter (protectionLevel=2 flags=0x8be45)
01-01 12:08:42.720 W/PackageManager( 1683): Not granting permission android.permission.DELETE_PACKAGES to package com.svox.pico (protectionLevel=18 flags=0x8be45)
01-01 12:08:42.720 W/PackageManager( 1683): Not granting permission android.permission.DEVICE_POWER to package com.android.deskclock (protectionLevel=2 flags=0x48be45)
01-01 12:08:42.720 W/PackageManager( 1683): Unknown permission rockchip.permission.FULL_SCREEN in package android.rk.RockVideoPlayer
01-01 12:08:42.720 W/PackageManager( 1683): Unknown permission android.permission.RAISED_THREAD_PRIORITY in package android.rk.RockVideoPlayer
01-01 12:08:42.720 W/PackageManager( 1683): Unknown permission android.permission.FULL_SCREEN in package android.rk.RockVideoPlayer
01-01 12:08:42.720 W/PackageManager( 1683): Unknown permission archos.permission.FULL_SCREEN in package android.rk.RockVideoPlayer
01-01 12:08:42.750 D/dalvikvm( 1683): GC_CONCURRENT freed 328K, 9% free 4412K/4848K, paused 1ms+1ms, total 15ms
01-01 12:08:42.770 D/EventHub( 1683): No input device configuration file found for device 'tchip_remote_touch'.
01-01 12:08:42.770 I/EventHub( 1683): New device: id=2, fd=110, path='/dev/input/event2', name='tchip_remote_touch', classes=0x14, configuration='', keyLayout='', keyCharacterMap='', builtinKeyboard=false, usingSuspendBlockIoctl=true, usingClockIoctl=true
01-01 12:08:42.770 D/EventHub( 1683): No input device configuration file found for device 'tchip_remote_key'.
01-01 12:08:42.770 W/EventHub( 1683): Unable to disable kernel key repeat for /dev/input/event1: Function not implemented
01-01 12:08:42.770 I/EventHub( 1683): New device: id=3, fd=109, path='/dev/input/event1', name='tchip_remote_key', classes=0x46b, configuration='', keyLayout='/system/usr/keylayout/Generic.kl', keyCharacterMap='/system/usr/keychars/Generic.kcm', builtinKeyboard=false, usingSuspendBlockIoctl=true, usingClockIoctl=true
01-01 12:08:42.770 D/EventHub( 1683): No input device configuration file found for device 'PIXART USB OPTICAL MOUSE'.
01-01 12:08:42.770 I/EventHub( 1683): New device: id=4, fd=111, path='/dev/input/event5', name='PIXART USB OPTICAL MOUSE', classes=0x80000008, configuration='', keyLayout='', keyCharacterMap='', builtinKeyboard=false, usingSuspendBlockIoctl=true, usingClockIoctl=true
01-01 12:08:42.770 D/EventHub( 1683): No input device configuration file found for device 'rk29-keypad'.
01-01 12:08:42.770 W/EventHub( 1683): Unable to disable kernel key repeat for /dev/input/event4: Function not implemented
01-01 12:08:42.770 I/EventHub( 1683): New device: id=5, fd=112, path='/dev/input/event4', name='rk29-keypad', classes=0x401, configuration='', keyLayout='/system/usr/keylayout/rk29-keypad.kl', keyCharacterMap='/system/usr/keychars/Generic.kcm', builtinKeyboard=true, usingSuspendBlockIoctl=true, usingClockIoctl=true
01-01 12:08:42.770 D/EventHub( 1683): No input device configuration file found for device 'ff680000.pwm'.
01-01 12:08:42.770 W/EventHub( 1683): Unable to disable kernel key repeat for /dev/input/event0: Function not implemented
01-01 12:08:42.770 I/EventHub( 1683): New device: id=6, fd=113, path='/dev/input/event0', name='ff680000.pwm', classes=0x421, configuration='', keyLayout='/system/usr/keylayout/ff680000_pwm.kl', keyCharacterMap='/system/usr/keychars/Generic.kcm', builtinKeyboard=false, usingSuspendBlockIoctl=true, usingClockIoctl=true
01-01 12:08:42.780 I/InputReader( 1683): Device added: id=-1, name='Virtual', sources=0x00000301
01-01 12:08:42.780 I/InputReader( 1683): Device added: id=6, name='ff680000.pwm', sources=0x00002303
01-01 12:08:42.780 I/InputReader( 1683): Device added: id=0, name='rk29-keypad', sources=0x00002103
01-01 12:08:42.780 I/InputReader( 1683): Device added: id=4, name='PIXART USB OPTICAL MOUSE', sources=0x00002002
01-01 12:08:42.780 I/InputReader( 1683): Device added: id=3, name='tchip_remote_key', sources=0x00002703
01-01 12:08:42.780 I/InputReader( 1683):   Touch device 'tchip_remote_touch' could not query the properties of its associated display.  The device will be inoperable until the display size becomes available.
01-01 12:08:42.780 I/InputReader( 1683): Device added: id=2, name='tchip_remote_touch', sources=0x00001002
01-01 12:08:42.780 I/InputReader( 1683): Reconfiguring input devices.  changes=0x00000004
01-01 12:08:42.780 I/InputReader( 1683): Device reconfigured: id=2, name='tchip_remote_touch', size 1280x720, orientation 0, mode 1, display id 0
01-01 12:08:42.780 I/SystemServer( 1683): NetworkStats Service
01-01 12:08:42.780 I/SystemServer( 1683): NetworkPolicy Service
01-01 12:08:42.780 I/SystemServer( 1683): Wi-Fi P2pService
01-01 12:08:42.800 I/SystemServer( 1683): Wi-Fi Service
01-01 12:08:42.830 D/EthernetService( 1683): EthernetService() : Entered.
01-01 12:08:42.830 I/SystemServer( 1683): Ethernet Service
01-01 12:08:42.830 I/SystemServer( 1683): Connectivity Service
01-01 12:08:42.830 D/ConnectivityService( 1683): ConnectivityService starting up
01-01 12:08:42.830 D/ConnectivityService( 1683): wifiOnly=false
01-01 12:08:42.840 D/CommandListener( 1412): Setting iface cfg
01-01 12:08:42.840 D/CommandListener( 1412): Trying to bring up eth0
01-01 12:08:43.030 E/RkWifiCtrl( 1683): rk_wifi_load_driver:(rmmod)
01-01 12:08:43.050 D/Ethernet( 1683): carrier=0
01-01 12:08:43.060 D/Ethernet( 1683): carrier=0
01-01 12:08:43.080 D/BluetoothTethering( 1683): startMonitoring: target: Handler (com.android.server.ConnectivityService$NetworkStateTrackerHandler) {42449488}
01-01 12:08:43.080 D/BluetoothTethering( 1683): startMonitoring: mCsHandler: Handler (com.android.server.ConnectivityService$NetworkStateTrackerHandler) {42449488}
01-01 12:08:43.080 D/BluetoothManagerService( 1683): Message: 20
01-01 12:08:43.080 D/BluetoothManagerService( 1683): Added callback: android.bluetooth.BluetoothAdapter$1@424b0470:true
01-01 12:08:43.080 D/BluetoothManagerService( 1683): Message: 30
01-01 12:08:43.080 W/ContextImpl( 1683): Calling a method in the system process without a qualified user: android.app.ContextImpl.bindService:1558 android.bluetooth.BluetoothPan.doBind:149 android.bluetooth.BluetoothPan.<init>:141 android.bluetooth.BluetoothAdapter.getProfileProxy:1252 android.bluetooth.BluetoothTetheringDataTracker.startMonitoring:116 
01-01 12:08:43.090 E/MobileDataStateTracker( 1683): default: Ignoring feature request because could not acquire PhoneService
01-01 12:08:43.090 E/MobileDataStateTracker( 1683): default: Could not enable APN type "default"
01-01 12:08:43.100 D/dalvikvm( 1683): GC_CONCURRENT freed 339K, 9% free 4583K/5028K, paused 7ms+4ms, total 52ms
01-01 12:08:43.100 D/dalvikvm( 1683): WAIT_FOR_CONCURRENT_GC blocked 9ms
01-01 12:08:43.100 I/WifiService( 1683): WifiService starting up with Wi-Fi enabled
01-01 12:08:43.100 D/WifiService( 1683): setWifiEnabled: true pid=1683, uid=1000
01-01 12:08:43.110 D/WifiController( 1683): WifiController msg { when=0 what=155656 target=com.android.internal.util.StateMachine$SmHandler } deferred for 225ms
01-01 12:08:43.110 D/PppoeService( 1683): PppoeService() : Entered.
01-01 12:08:43.110 D/PppoeService( 1683): PppoeObserver() : to start observing, to catch uevent with 'SUBSYSTEM=net'.
01-01 12:08:43.110 I/SystemServer( 1683): Pppoe Service
01-01 12:08:43.110 I/SystemServer( 1683): Network Service Discovery Service
01-01 12:08:43.110 D/NsdService( 1683): Network service discovery enabled true
01-01 12:08:43.110 I/SystemServer( 1683): UpdateLock Service
01-01 12:08:43.150 I/SystemServer( 1683): Notification Manager
01-01 12:08:43.150 I/SystemServer( 1683): Device Storage Monitor
01-01 12:08:43.160 I/SystemServer( 1683): Location Manager
01-01 12:08:43.160 I/SystemServer( 1683): Country Detector
01-01 12:08:43.160 I/SystemServer( 1683): Search Service
01-01 12:08:43.160 I/SystemServer( 1683): DropBox Service
01-01 12:08:43.160 I/SystemServer( 1683): Wallpaper Service
01-01 12:08:43.160 I/SystemServer( 1683): Audio Service
01-01 12:08:43.190 I/MediaFocusControl( 1683):   Remote Control   registerMediaButtonIntent() for PendingIntent{422fc968: PendingIntentRecord{424bc920 android broadcastIntent}}
01-01 12:08:43.210 D/AudioHardwareALSA( 1414): AudioHardwareALSA::setVoiceVolume volume = 0.800000
01-01 12:08:43.210 D/AudioHardwareALSA( 1414): ALSAMixer::setVolume left = 0.800000 , right = 0.800000
01-01 12:08:43.210 V/AudioService( 1683): monitoring device orientation
01-01 12:08:43.220 I/AudioHardwareALSA( 1414): AudioHardwareALSA::setParameters() orientation=undefined
01-01 12:08:43.220 I/SystemServer( 1683): Dock Observer
01-01 12:08:43.220 W/DockObserver( 1683): This kernel does not have dock station support
01-01 12:08:43.220 I/SystemServer( 1683): Wired Accessory Manager
01-01 12:08:43.220 W/WiredAccessoryManager( 1683): This kernel does not have wired headset support
01-01 12:08:43.220 W/WiredAccessoryManager( 1683): This kernel does not have usb audio support
01-01 12:08:43.220 I/SystemServer( 1683): USB Service
01-01 12:08:43.220 I/SystemServer( 1683): Serial Service
01-01 12:08:43.220 I/SystemServer( 1683): Twilight Service
01-01 12:08:43.220 I/SystemServer( 1683): UI Mode Manager Service
01-01 12:08:43.220 I/SystemServer( 1683): Backup Service
01-01 12:08:43.230 D/dalvikvm( 1683): GC_CONCURRENT freed 328K, 9% free 4744K/5180K, paused 3ms+3ms, total 29ms
01-01 12:08:43.230 V/BackupManagerService( 1683): Initializing package tracking
01-01 12:08:43.230 V/BackupManagerService( 1683): No ancestral data
01-01 12:08:43.230 V/BackupManagerService( 1683): addPackageParticipantsLocked: all
01-01 12:08:43.230 I/BackupManagerService( 1683): Scheduling backup for new app com.android.inputmethod.latin
01-01 12:08:43.230 D/BackupManagerService( 1683): Now staging backup of com.android.inputmethod.latin
01-01 12:08:43.240 I/BackupManagerService( 1683): Scheduling backup for new app com.android.calendar
01-01 12:08:43.240 D/BackupManagerService( 1683): Now staging backup of com.android.calendar
01-01 12:08:43.240 I/BackupManagerService( 1683): Scheduling backup for new app com.android.browser
01-01 12:08:43.240 D/BackupManagerService( 1683): Now staging backup of com.android.browser
01-01 12:08:43.240 I/BackupManagerService( 1683): Scheduling backup for new app com.android.providers.userdictionary
01-01 12:08:43.240 D/BackupManagerService( 1683): Now staging backup of com.android.providers.userdictionary
01-01 12:08:43.240 I/BackupManagerService( 1683): Scheduling backup for new app com.android.sharedstoragebackup
01-01 12:08:43.240 D/BackupManagerService( 1683): Now staging backup of com.android.sharedstoragebackup
01-01 12:08:43.240 I/BackupManagerService( 1683): Scheduling backup for new app android
01-01 12:08:43.240 D/BackupManagerService( 1683): Now staging backup of android
01-01 12:08:43.240 I/BackupManagerService( 1683): Scheduling backup for new app com.android.dialer
01-01 12:08:43.240 D/BackupManagerService( 1683): Now staging backup of com.android.dialer
01-01 12:08:43.250 D/Atlas   ( 1683): Loaded configuration: SliceMinArea (768x768) flags=0x2 count=25
01-01 12:08:43.250 W/gralloc ( 1381):  Debugmem The fd=44, in vmalloc !!!! Ishwc=0
01-01 12:08:43.250 I/BackupManagerService( 1683): Scheduling backup for new app com.android.providers.settings
01-01 12:08:43.250 D/BackupManagerService( 1683): Now staging backup of com.android.providers.settings
01-01 12:08:43.250 V/BackupManagerService( 1683): Starting with transport android/com.android.internal.backup.LocalTransport
01-01 12:08:43.250 V/BackupManagerService( 1683): Found transports: 1
01-01 12:08:43.250 I/BackupManagerService( 1683): Binding to transport host ComponentInfo{android/com.android.internal.backup.LocalTransportService}
01-01 12:08:43.250 I/BackupManagerService( 1683): Found stale backup journal, scheduling
01-01 12:08:43.250 I/BackupManagerService( 1683):   com.android.inputmethod.latin
01-01 12:08:43.250 I/BackupManagerService( 1683):   com.android.calendar
01-01 12:08:43.250 I/BackupManagerService( 1683):   com.android.browser
01-01 12:08:43.250 I/BackupManagerService( 1683):   com.android.providers.userdictionary
01-01 12:08:43.250 I/BackupManagerService( 1683):   com.android.sharedstoragebackup
01-01 12:08:43.250 I/BackupManagerService( 1683):   android
01-01 12:08:43.250 I/BackupManagerService( 1683):   com.android.dialer
01-01 12:08:43.250 I/BackupManagerService( 1683):   com.android.providers.settings
01-01 12:08:43.250 I/BackupManagerService( 1683): Backup enabled => false
01-01 12:08:43.250 I/BackupManagerService( 1683): Opting out of backup
01-01 12:08:43.250 I/SystemServer( 1683): AppWidget Service
01-01 12:08:43.250 I/SystemServer( 1683): Recognition Service
01-01 12:08:43.250 I/SystemServer( 1683): DiskStats Service
01-01 12:08:43.250 I/SystemServer( 1683): SamplingProfiler Service
01-01 12:08:43.250 I/SystemServer( 1683): NetworkTimeUpdateService
01-01 12:08:43.250 I/SystemServer( 1683): CommonTimeManagementService
01-01 12:08:43.250 I/SystemServer( 1683): CertBlacklister
01-01 12:08:43.250 I/SystemServer( 1683): Dreams Service
01-01 12:08:43.250 I/SystemServer( 1683): Assets Atlas Service
01-01 12:08:43.250 I/SystemServer( 1683): IdleMaintenanceService
01-01 12:08:43.250 I/SystemServer( 1683): Print Service
01-01 12:08:43.250 I/SystemServer( 1683): Media Router Service
01-01 12:08:43.280 D/Atlas   ( 1683): Rendered atlas in 24.04ms (0.76+23.28ms)
01-01 12:08:43.340 D/WifiController( 1683): DEFERRED_TOGGLE handled
01-01 12:08:44.030 E/RkWifiCtrl( 1683): Wifi driver is not ready.
01-01 12:08:44.260 I/WindowManager( 1683): SAFE MODE not enabled
01-01 12:08:44.260 D/dalvikvm( 1683): JIT started for system_server
01-01 12:08:44.260 W/WindowManager( 1683): Devices still not ready after waiting 1000 milliseconds before attempting to detect safe mode.
01-01 12:08:44.310 I/Zygote  ( 1683): Process: zygote socket opened
01-01 12:08:44.330 V/KeyguardServiceDelegate( 1683): *** Keyguard started
01-01 12:08:44.330 V/KeyguardServiceDelegate( 1683): onSystemReady() called before keyguard service was ready
01-01 12:08:44.330 I/ActivityManager( 1683): Start proc com.android.systemui for service com.android.keyguard/.KeyguardService: pid=1754 uid=10007 gids={50007, 1028, 1015, 1035, 3002, 3001}
01-01 12:08:44.340 E/Lights  ( 1683): write_int failed to open /sys/class/backlight/rk28_bl/brightness
01-01 12:08:44.360 I/ActivityManager( 1683): System now ready
01-01 12:08:44.360 I/SystemServer( 1683): Making services ready
01-01 12:08:44.360 D/NetworkManagementService( 1683): enabling bandwidth control
01-01 12:08:44.410 E/MediaPlayerFactory( 1414): getPlayerType(), extension = .ogg
01-01 12:08:44.410 E/MediaPlayerFactory( 1414): isBDDirectory() ,path = /system/media/audio/ui/Lock.ogg
01-01 12:08:44.410 E/MediaPlayerFactory( 1414): isBDDirectory(): no BDMV
01-01 12:08:44.410 D/MediaPlayerFactory( 1414): createPlayer:playerType=3
01-01 12:08:44.410 D/MediaPlayerFactory( 1414):  create StagefrightPlayer
01-01 12:08:44.410 I/AwesomePlayer( 1414): AwesomePlayer::AwesomePlayer()in
01-01 12:08:44.410 V/KeyguardService( 1754): onCreate()
01-01 12:08:44.420 I/        ( 1414): new RKOMXPlugin
01-01 12:08:44.420 I/AwesomePlayer( 1414): AwesomePlayer::AwesomePlayer()aftermClient.connect()
