01-01 12:08:20.166 D/wpa_supplicant( 1288): nl80211: Register frame type=0xd0 (WLAN_FC_STYPE_ACTION) nl_handle=0xb88006a0 match=090a
01-01 12:08:20.166 D/wpa_supplicant( 1288): nl80211: Register frame type=0xd0 (WLAN_FC_STYPE_ACTION) nl_handle=0xb88006a0 match=090b
01-01 12:08:20.166 D/wpa_supplicant( 1288): nl80211: Register frame type=0xd0 (WLAN_FC_STYPE_ACTION) nl_handle=0xb88006a0 match=090c
01-01 12:08:20.166 D/wpa_supplicant( 1288): nl80211: Register frame type=0xd0 (WLAN_FC_STYPE_ACTION) nl_handle=0xb88006a0 match=090d
01-01 12:08:20.166 D/wpa_supplicant( 1288): nl80211: Register frame type=0xd0 (WLAN_FC_STYPE_ACTION) nl_handle=0xb88006a0 match=0409506f9a09
01-01 12:08:20.166 D/wpa_supplicant( 1288): nl80211: Register frame type=0xd0 (WLAN_FC_STYPE_ACTION) nl_handle=0xb88006a0 match=7f506f9a09
01-01 12:08:20.166 D/wpa_supplicant( 1288): nl80211: Register frame type=0xd0 (WLAN_FC_STYPE_ACTION) nl_handle=0xb88006a0 match=0801
01-01 12:08:20.166 D/wpa_supplicant( 1288): nl80211: Register frame type=0xd0 (WLAN_FC_STYPE_ACTION) nl_handle=0xb88006a0 match=040e
01-01 12:08:20.167 D/wpa_supplicant( 1288): nl80211: Register frame type=0xd0 (WLAN_FC_STYPE_ACTION) nl_handle=0xb88006a0 match=06
01-01 12:08:20.167 D/wpa_supplicant( 1288): nl80211: Register frame type=0xd0 (WLAN_FC_STYPE_ACTION) nl_handle=0xb88006a0 match=0a07
01-01 12:08:20.167 D/wpa_supplicant( 1288): nl80211: Register frame type=0xd0 (WLAN_FC_STYPE_ACTION) nl_handle=0xb88006a0 match=0a11
01-01 12:08:20.167 D/wpa_supplicant( 1288): nl80211: Register frame type=0xd0 (WLAN_FC_STYPE_ACTION) nl_handle=0xb88006a0 match=0a1a
01-01 12:08:20.167 D/wpa_supplicant( 1288): nl80211: Connect (ifindex=5)
01-01 12:08:20.167 D/wpa_supplicant( 1288):   * bssid=16:a5:1a:fd:f2:c0
01-01 12:08:20.167 D/wpa_supplicant( 1288):   * bssid_hint=16:a5:1a:fd:f2:c0
01-01 12:08:20.167 D/wpa_supplicant( 1288):   * freq=2412
01-01 12:08:20.167 D/wpa_supplicant( 1288):   * freq_hint=2412
01-01 12:08:20.167 D/wpa_supplicant( 1288):   * SSID - hexdump(len=17): 44 49 52 45 43 54 2d 47 79 2d 48 6f 6e 6f 72 36 58
01-01 12:08:20.167 D/wpa_supplicant( 1288):   * IEs - hexdump(len=75): 30 14 01 00 00 0f ac 04 01 00 00 0f ac 04 01 00 00 0f ac 02 00 00 7f 04 00 00 0a 02 dd 2d 50 6f ...
01-01 12:08:20.167 D/wpa_supplicant( 1288):   * WPA Versions 0x2
01-01 12:08:20.167 D/wpa_supplicant( 1288):   * pairwise=0xfac04
01-01 12:08:20.167 D/wpa_supplicant( 1288):   * group=0xfac04
01-01 12:08:20.167 D/wpa_supplicant( 1288):   * akm=0xfac02
01-01 12:08:20.167 D/wpa_supplicant( 1288):   * P2P group
01-01 12:08:20.167 D/wpa_supplicant( 1288):   * Auth Type 0
01-01 12:08:20.172 D/wpa_supplicant( 1288): nl80211: Connect request send successfully
01-01 12:08:20.172 D/wpa_supplicant( 1288): p2p-wlan0-0: Setting authentication timeout: 10 sec 0 usec
01-01 12:08:20.172 D/wpa_supplicant( 1288): P2P: Parsing P2P IE
01-01 12:08:20.172 D/wpa_supplicant( 1288): P2P: Attribute 2 length 2
01-01 12:08:20.172 D/wpa_supplicant( 1288): P2P: * Device Capability 25 Group Capability 6b
01-01 12:08:20.172 D/wpa_supplicant( 1288): P2P: Attribute 13 length 28
01-01 12:08:20.172 D/wpa_supplicant( 1288): P2P: * Device Info: addr 16:a5:1a:fd:72:c0 primary device type 10-0050F204-5 device name 'Honor6X' config methods 0x188
01-01 12:08:20.172 D/wpa_supplicant( 1288): EAPOL: External notification - EAP success=0
01-01 12:08:20.172 D/wpa_supplicant( 1288): EAPOL: External notification - EAP fail=0
01-01 12:08:20.172 D/wpa_supplicant( 1288): EAPOL: External notification - portControl=Auto
01-01 12:08:20.188 D/wpa_supplicant( 1288): nl80211: Drv Event 46 (NL80211_CMD_CONNECT) received for p2p-wlan0-0
01-01 12:08:20.188 D/wpa_supplicant( 1288): nl80211: Connect event (status=0 ignore_next_local_disconnect=0)
01-01 12:08:20.188 D/wpa_supplicant( 1288): nl80211: Associated on 2412 MHz
01-01 12:08:20.188 D/wpa_supplicant( 1288): nl80211: Associated with 16:a5:1a:fd:f2:c0
01-01 12:08:20.188 D/wpa_supplicant( 1288): nl80211: Operating frequency for the associated BSS from scan results: 2412 MHz
01-01 12:08:20.188 D/wpa_supplicant( 1288): p2p-wlan0-0: Event ASSOC (0) received
01-01 12:08:20.188 D/wpa_supplicant( 1288): p2p-wlan0-0: Association info event
01-01 12:08:20.188 D/wpa_supplicant( 1288): req_ies - hexdump(len=154): 00 11 44 49 52 45 43 54 2d 47 79 2d 48 6f 6e 6f 72 36 58 01 08 8c 12 98 24 b0 48 60 6c 21 02 0d ...
01-01 12:08:20.188 D/wpa_supplicant( 1288): resp_ies - hexdump(len=155): 01 08 8c 12 98 24 b0 48 60 6c dd 18 00 50 f2 02 01 01 00 00 03 a4 00 00 27 a4 00 00 42 43 5e 00 ...
01-01 12:08:20.188 D/wpa_supplicant( 1288): WPA: WMM Parameter Element - hexdump(len=24): 00 50 f2 02 01 01 00 00 03 a4 00 00 27 a4 00 00 42 43 5e 00 62 32 2f 00
01-01 12:08:20.188 D/wpa_supplicant( 1288): WPA: Unrecognized EAPOL-Key Key Data IE - hexdump(len=24): 3d 16 01 08 04 00 00 00 00 00 00 00 00 00 00 00 00 00 00 00 00 00 00 00
01-01 12:08:20.188 D/wpa_supplicant( 1288): p2p-wlan0-0: freq=2412 MHz
01-01 12:08:20.188 D/wpa_supplicant( 1288): WPA: set own WPA/RSN IE - hexdump(len=22): 30 14 01 00 00 0f ac 04 01 00 00 0f ac 04 01 00 00 0f ac 02 0c 00
01-01 12:08:20.188 D/wpa_supplicant( 1288): FT: Stored MDIE and FTIE from (Re)Association Response - hexdump(len=0):
01-01 12:08:20.188 D/wpa_supplicant( 1288): p2p-wlan0-0: State: ASSOCIATING -> ASSOCIATED
01-01 12:08:20.188 D/wpa_supplicant( 1288): nl80211: Set p2p-wlan0-0 operstate 0->0 (DORMANT)
01-01 12:08:20.188 D/wpa_supplicant( 1288): netlink: Operstate: ifindex=5 linkmode=-1 (no change), operstate=5 (IF_OPER_DORMANT)
01-01 12:08:20.188 I/wpa_supplicant( 1288): !!!!!!!!!!!!!!!!!!!!!!!!!!!!!!!!!!!!
01-01 12:08:20.188 I/wpa_supplicant( 1288): wpas_notify_state_changed
01-01 12:08:20.188 I/wpa_supplicant( 1288): !!!!!!!!!!!!!!!!!!!!!!!!!!!!!!!!!!!!
01-01 12:08:20.188 I/wpa_supplicant( 1288): id=0 state=6 BSSID=00:00:00:00:00:00 SSID=DIRECT-Gy-Honor6X
01-01 12:08:20.188 I/wpa_supplicant( 1288): ballack
01-01 12:08:20.188 D/wpa_supplicant( 1288): p2p-wlan0-0: Associated to a new BSS: BSSID=16:a5:1a:fd:f2:c0
01-01 12:08:20.188 D/wpa_supplicant( 1288): p2p-wlan0-0: WPA: clearing AP WPA IE
01-01 12:08:20.188 D/wpa_supplicant( 1288): WPA: set AP RSN IE - hexdump(len=22): 30 14 01 00 00 0f ac 04 01 00 00 0f ac 04 01 00 00 0f ac 02 0c 00
01-01 12:08:20.188 I/wpa_supplicant( 1288): p2p-wlan0-0: Associated with 16:a5:1a:fd:f2:c0
01-01 12:08:20.189 D/wpa_supplicant( 1288): CTRL_IFACE monitor sent successfully to /data/misc/wifi/sockets/wpa_ctrl_453-2\x00
01-01 12:08:20.189 D/wpa_supplicant( 1288): p2p-wlan0-0: WPA: Association event - clear replay counter
01-01 12:08:20.189 D/wpa_supplicant( 1288): p2p-wlan0-0: WPA: Clear old PTK
01-01 12:08:20.189 D/wpa_supplicant( 1288): TDLS: Remove peers on association
01-01 12:08:20.189 D/wpa_supplicant( 1288): EAPOL: External notification - portEnabled=0
01-01 12:08:20.189 D/wpa_supplicant( 1288): EAPOL: External notification - portValid=0
01-01 12:08:20.189 D/wpa_supplicant( 1288): EAPOL: External notification - EAP success=0
01-01 12:08:20.189 D/wpa_supplicant( 1288): EAPOL: External notification - portEnabled=1
01-01 12:08:20.189 D/wpa_supplicant( 1288): EAPOL: SUPP_PAE entering state CONNECTING
01-01 12:08:20.189 D/wpa_supplicant( 1288): EAPOL: SUPP_BE entering state IDLE
01-01 12:08:20.189 D/wpa_supplicant( 1288): p2p-wlan0-0: Setting authentication timeout: 10 sec 0 usec
01-01 12:08:20.189 D/wpa_supplicant( 1288): p2p-wlan0-0: Cancelling scan request
01-01 12:08:20.189 D/wpa_supplicant( 1288): RTM_NEWLINK: ifi_index=5 ifname=p2p-wlan0-0 wext ifi_family=0 ifi_flags=0x11003 ([UP][LOWER_UP])
01-01 12:08:20.189 D/wpa_supplicant( 1288): RTM_NEWLINK: ifi_index=5 ifname=p2p-wlan0-0 wext ifi_family=0 ifi_flags=0x11003 ([UP][LOWER_UP])
01-01 12:08:20.189 D/wpa_supplicant( 1288): RTM_NEWLINK: ifi_index=5 ifname=p2p-wlan0-0 wext ifi_family=0 ifi_flags=0x11003 ([UP][LOWER_UP])
01-01 12:08:20.189 D/wpa_supplicant( 1288): p2p-wlan0-0: RX EAPOL from 16:a5:1a:fd:f2:c0
01-01 12:08:20.189 D/wpa_supplicant( 1288): p2p-wlan0-0: Setting authentication timeout: 10 sec 0 usec
01-01 12:08:20.189 D/wpa_supplicant( 1288): p2p-wlan0-0: IEEE 802.1X RX: version=2 type=3 length=95
01-01 12:08:20.189 D/wpa_supplicant( 1288): p2p-wlan0-0:   EAPOL-Key type=2
01-01 12:08:20.189 D/wpa_supplicant( 1288): p2p-wlan0-0:   key_info 0x8a (ver=2 keyidx=0 rsvd=0 Pairwise Ack)
01-01 12:08:20.189 D/wpa_supplicant( 1288): p2p-wlan0-0:   key_length=16 key_data_length=0
01-01 12:08:20.189 D/wpa_supplicant( 1288):   replay_counter - hexdump(len=8): 00 00 00 00 00 00 00 01
01-01 12:08:20.189 D/wpa_supplicant( 1288):   key_nonce - hexdump(len=32): fe 7a 10 e0 0e 3c b0 b2 b8 2e c3 e7 d0 f4 18 9e c3 fd c0 1a ec df 60 40 e4 bd 76 cf 5c 1f 6d 7c
01-01 12:08:20.189 D/wpa_supplicant( 1288):   key_iv - hexdump(len=16): 00 00 00 00 00 00 00 00 00 00 00 00 00 00 00 00
01-01 12:08:20.189 D/wpa_supplicant( 1288):   key_rsc - hexdump(len=8): 00 00 00 00 00 00 00 00
01-01 12:08:20.189 D/wpa_supplicant( 1288):   key_id (reserved) - hexdump(len=8): 00 00 00 00 00 00 00 00
01-01 12:08:20.189 D/wpa_supplicant( 1288):   key_mic - hexdump(len=16): 00 00 00 00 00 00 00 00 00 00 00 00 00 00 00 00
01-01 12:08:20.189 D/wpa_supplicant( 1288): p2p-wlan0-0: State: ASSOCIATED -> 4WAY_HANDSHAKE
01-01 12:08:20.189 I/wpa_supplicant( 1288): !!!!!!!!!!!!!!!!!!!!!!!!!!!!!!!!!!!!
01-01 12:08:20.189 I/wpa_supplicant( 1288): wpas_notify_state_changed
01-01 12:08:20.189 I/wpa_supplicant( 1288): !!!!!!!!!!!!!!!!!!!!!!!!!!!!!!!!!!!!
01-01 12:08:20.189 I/wpa_supplicant( 1288): id=0 state=7 BSSID=16:a5:1a:fd:f2:c0 SSID=DIRECT-Gy-Honor6X
01-01 12:08:20.189 I/wpa_supplicant( 1288): ballack
01-01 12:08:20.189 D/wpa_supplicant( 1288): p2p-wlan0-0: WPA: RX message 1 of 4-Way Handshake from 16:a5:1a:fd:f2:c0 (ver=2)
01-01 12:08:20.189 D/wpa_supplicant( 1288): RSN: msg 1/4 key data - hexdump(len=0):
01-01 12:08:20.191 D/wpa_supplicant( 1288): WPA: Renewed SNonce - hexdump(len=32): d0 3e aa 1f b8 4e 7c c7 5a d7 41 e0 ef e2 f8 c2 b4 94 2b 8e 1b a5 41 4e 48 e6 22 b8 d9 0d 14 4d
01-01 12:08:20.191 D/wpa_supplicant( 1288): WPA: PTK derivation - A1=ae:83:f3:ee:40:98 A2=16:a5:1a:fd:f2:c0
01-01 12:08:20.191 D/wpa_supplicant( 1288): WPA: Nonce1 - hexdump(len=32): d0 3e aa 1f b8 4e 7c c7 5a d7 41 e0 ef e2 f8 c2 b4 94 2b 8e 1b a5 41 4e 48 e6 22 b8 d9 0d 14 4d
01-01 12:08:20.191 D/wpa_supplicant( 1288): WPA: Nonce2 - hexdump(len=32): fe 7a 10 e0 0e 3c b0 b2 b8 2e c3 e7 d0 f4 18 9e c3 fd c0 1a ec df 60 40 e4 bd 76 cf 5c 1f 6d 7c
01-01 12:08:20.191 D/wpa_supplicant( 1288): WPA: PMK - hexdump(len=32): [REMOVED]
01-01 12:08:20.191 D/wpa_supplicant( 1288): WPA: PTK - hexdump(len=48): [REMOVED]
01-01 12:08:20.191 D/wpa_supplicant( 1288): WPA: WPA IE for msg 2/4 - hexdump(len=22): 30 14 01 00 00 0f ac 04 01 00 00 0f ac 04 01 00 00 0f ac 02 0c 00
01-01 12:08:20.191 D/wpa_supplicant( 1288): WPA: Replay Counter - hexdump(len=8): 00 00 00 00 00 00 00 01
01-01 12:08:20.191 D/wpa_supplicant( 1288): p2p-wlan0-0: WPA: Sending EAPOL-Key 2/4
01-01 12:08:20.191 D/wpa_supplicant( 1288): WPA: KCK - hexdump(len=16): [REMOVED]
01-01 12:08:20.191 D/wpa_supplicant( 1288): WPA: Derived Key MIC - hexdump(len=16): 99 25 94 10 ff 57 8b ab 83 a7 7f d0 b3 83 a5 be
01-01 12:08:20.195 E/WifiP2pService(  453): Unhandled message { when=-5ms what=131219 arg1=205 obj=16:a5:1a:fd:f2:c0 target=com.android.internal.util.StateMachine$SmHandler }
01-01 12:08:20.198 D/wpa_supplicant( 1288): p2p-wlan0-0: RX EAPOL from 16:a5:1a:fd:f2:c0
01-01 12:08:20.198 D/wpa_supplicant( 1288): p2p-wlan0-0: IEEE 802.1X RX: version=2 type=3 length=151
01-01 12:08:20.198 D/wpa_supplicant( 1288): p2p-wlan0-0:   EAPOL-Key type=2
01-01 12:08:20.198 D/wpa_supplicant( 1288): p2p-wlan0-0:   key_info 0x13ca (ver=2 keyidx=0 rsvd=0 Pairwise Install Ack MIC Secure Encr)
01-01 12:08:20.198 D/wpa_supplicant( 1288): p2p-wlan0-0:   key_length=16 key_data_length=56
01-01 12:08:20.198 D/wpa_supplicant( 1288):   replay_counter - hexdump(len=8): 00 00 00 00 00 00 00 02
01-01 12:08:20.198 D/wpa_supplicant( 1288):   key_nonce - hexdump(len=32): fe 7a 10 e0 0e 3c b0 b2 b8 2e c3 e7 d0 f4 18 9e c3 fd c0 1a ec df 60 40 e4 bd 76 cf 5c 1f 6d 7c
01-01 12:08:20.198 D/wpa_supplicant( 1288):   key_iv - hexdump(len=16): 00 00 00 00 00 00 00 00 00 00 00 00 00 00 00 00
01-01 12:08:20.198 D/wpa_supplicant( 1288):   key_rsc - hexdump(len=8): 00 00 00 00 00 00 00 00
01-01 12:08:20.198 D/wpa_supplicant( 1288):   key_id (reserved) - hexdump(len=8): 00 00 00 00 00 00 00 00
01-01 12:08:20.198 D/wpa_supplicant( 1288):   key_mic - hexdump(len=16): 99 47 6f 77 bc f8 d4 45 c6 5d d1 4d 03 93 59 10
01-01 12:08:20.198 D/wpa_supplicant( 1288): RSN: encrypted key data - hexdump(len=56): 10 2c fc e1 f8 04 dd c3 c0 66 52 50 dd 3b ee f9 4d a0 1a ad b9 e1 6b 6a a6 1e fd fe 16 f4 cb 6e ...
01-01 12:08:20.198 D/wpa_supplicant( 1288): WPA: decrypted EAPOL-Key key data - hexdump(len=48): [REMOVED]
01-01 12:08:20.198 D/wpa_supplicant( 1288): p2p-wlan0-0: State: 4WAY_HANDSHAKE -> 4WAY_HANDSHAKE
01-01 12:08:20.198 D/wpa_supplicant( 1288): p2p-wlan0-0: WPA: RX message 3 of 4-Way Handshake from 16:a5:1a:fd:f2:c0 (ver=2)
01-01 12:08:20.198 D/wpa_supplicant( 1288): WPA: IE KeyData - hexdump(len=48): 30 14 01 00 00 0f ac 04 01 00 00 0f ac 04 01 00 00 0f ac 02 0c 00 dd 16 00 0f ac 01 01 00 99 cd ...
01-01 12:08:20.198 D/wpa_supplicant( 1288): WPA: RSN IE in EAPOL-Key - hexdump(len=22): 30 14 01 00 00 0f ac 04 01 00 00 0f ac 04 01 00 00 0f ac 02 0c 00
01-01 12:08:20.198 D/wpa_supplicant( 1288): WPA: GTK in EAPOL-Key - hexdump(len=24): [REMOVED]
01-01 12:08:20.198 D/wpa_supplicant( 1288): p2p-wlan0-0: WPA: Sending EAPOL-Key 4/4
01-01 12:08:20.198 D/wpa_supplicant( 1288): WPA: KCK - hexdump(len=16): [REMOVED]
01-01 12:08:20.198 D/wpa_supplicant( 1288): WPA: Derived Key MIC - hexdump(len=16): 16 5c f0 55 4b 2e 91 ba 4e b6 cd 0f e8 84 43 ed
01-01 12:08:20.199 D/wpa_supplicant( 1288): p2p-wlan0-0: WPA: Installing PTK to the driver
01-01 12:08:20.199 D/wpa_supplicant( 1288): wpa_driver_nl80211_set_key: ifindex=5 (p2p-wlan0-0) alg=3 addr=0xb8800130 key_idx=0 set_tx=1 seq_len=6 key_len=16
01-01 12:08:20.199 D/wpa_supplicant( 1288): nl80211: KEY_DATA - hexdump(len=16): [REMOVED]
01-01 12:08:20.199 D/wpa_supplicant( 1288): nl80211: KEY_SEQ - hexdump(len=6): 00 00 00 00 00 00
01-01 12:08:20.199 D/wpa_supplicant( 1288):    addr=16:a5:1a:fd:f2:c0
01-01 12:08:20.220 D/wpa_supplicant( 1288): EAPOL: External notification - portValid=1
01-01 12:08:20.220 D/wpa_supplicant( 1288): p2p-wlan0-0: State: 4WAY_HANDSHAKE -> GROUP_HANDSHAKE
01-01 12:08:20.220 I/wpa_supplicant( 1288): !!!!!!!!!!!!!!!!!!!!!!!!!!!!!!!!!!!!
01-01 12:08:20.220 I/wpa_supplicant( 1288): wpas_notify_state_changed
01-01 12:08:20.220 I/wpa_supplicant( 1288): !!!!!!!!!!!!!!!!!!!!!!!!!!!!!!!!!!!!
01-01 12:08:20.220 I/wpa_supplicant( 1288): id=0 state=8 BSSID=16:a5:1a:fd:f2:c0 SSID=DIRECT-Gy-Honor6X
01-01 12:08:20.220 I/wpa_supplicant( 1288): ballack
01-01 12:08:20.220 D/wpa_supplicant( 1288): RSN: received GTK in pairwise handshake - hexdump(len=18): [REMOVED]
01-01 12:08:20.220 D/wpa_supplicant( 1288): WPA: Group Key - hexdump(len=16): [REMOVED]
01-01 12:08:20.220 D/wpa_supplicant( 1288): p2p-wlan0-0: WPA: Installing GTK to the driver (keyidx=1 tx=0 len=16)
01-01 12:08:20.220 D/wpa_supplicant( 1288): WPA: RSC - hexdump(len=6): 00 00 00 00 00 00
01-01 12:08:20.220 D/wpa_supplicant( 1288): wpa_driver_nl80211_set_key: ifindex=5 (p2p-wlan0-0) alg=3 addr=0xb6ef72ce key_idx=1 set_tx=0 seq_len=6 key_len=16
01-01 12:08:20.220 D/wpa_supplicant( 1288): nl80211: KEY_DATA - hexdump(len=16): [REMOVED]
01-01 12:08:20.220 D/wpa_supplicant( 1288): nl80211: KEY_SEQ - hexdump(len=6): 00 00 00 00 00 00
01-01 12:08:20.220 D/wpa_supplicant( 1288):    broadcast key
01-01 12:08:20.222 I/wpa_supplicant( 1288): p2p-wlan0-0: WPA: Key negotiation completed with 16:a5:1a:fd:f2:c0 [PTK=CCMP GTK=CCMP]
01-01 12:08:20.222 D/wpa_supplicant( 1288): CTRL_IFACE monitor sent successfully to /data/misc/wifi/sockets/wpa_ctrl_453-2\x00
01-01 12:08:20.222 D/wpa_supplicant( 1288): p2p-wlan0-0: Cancelling authentication timeout
01-01 12:08:20.222 D/wpa_supplicant( 1288): p2p-wlan0-0: State: GROUP_HANDSHAKE -> COMPLETED
01-01 12:08:20.222 D/wpa_supplicant( 1288): p2p-wlan0-0: Radio work 'connect'@0xb8808ee8 done in 0.057746 seconds
01-01 12:08:20.222 I/wpa_supplicant( 1288): p2p-wlan0-0: CTRL-EVENT-CONNECTED - Connection to 16:a5:1a:fd:f2:c0 completed [id=0 id_str=]
01-01 12:08:20.222 D/wpa_supplicant( 1288): CTRL_IFACE monitor sent successfully to /data/misc/wifi/sockets/wpa_ctrl_453-2\x00
01-01 12:08:20.222 D/wpa_supplicant( 1288): nl80211: Set p2p-wlan0-0 operstate 0->1 (UP)
01-01 12:08:20.222 D/wpa_supplicant( 1288): netlink: Operstate: ifindex=5 linkmode=-1 (no change), operstate=6 (IF_OPER_UP)
01-01 12:08:20.222 D/wpa_supplicant( 1288): P2P: Parsing P2P IE
01-01 12:08:20.222 D/wpa_supplicant( 1288): P2P: Attribute 2 length 2
01-01 12:08:20.222 D/wpa_supplicant( 1288): P2P: * Device Capability 25 Group Capability 6b
01-01 12:08:20.222 D/wpa_supplicant( 1288): P2P: Attribute 13 length 28
01-01 12:08:20.222 D/wpa_supplicant( 1288): P2P: * Device Info: addr 16:a5:1a:fd:72:c0 primary device type 10-0050F204-5 device name 'Honor6X' config methods 0x188
01-01 12:08:20.222 D/wpa_supplicant( 1288): P2P: Parsing P2P IE
01-01 12:08:20.222 D/wpa_supplicant( 1288): P2P: Attribute 2 length 2
01-01 12:08:20.222 D/wpa_supplicant( 1288): P2P: * Device Capability 25 Group Capability 6b
01-01 12:08:20.222 D/wpa_supplicant( 1288): P2P: Attribute 13 length 28
01-01 12:08:20.222 D/wpa_supplicant( 1288): P2P: * Device Info: addr 16:a5:1a:fd:72:c0 primary device type 10-0050F204-5 device name 'Honor6X' config methods 0x188
01-01 12:08:20.222 D/wpa_supplicant( 1288): P2P: Checking whether group is persistent: group_capab=0x6b
01-01 12:08:20.222 D/wpa_supplicant( 1288): P2P: GO Device Address 16:a5:1a:fd:72:c0
01-01 12:08:20.222 D/wpa_supplicant( 1288): P2P: BSS 16:a5:1a:fd:f2:c0 group_capab=0x6b go_dev_addr=16:a5:1a:fd:72:c0
01-01 12:08:20.223 D/wpa_supplicant( 1288): CTRL_IFACE monitor sent successfully to /data/misc/wifi/sockets/wpa_ctrl_453-2\x00
01-01 12:08:20.223 I/wpa_supplicant( 1288): P2P-GROUP-STARTED p2p-wlan0-0 client ssid="DIRECT-Gy-Honor6X" freq=2412 go_dev_addr=16:a5:1a:fd:72:c0 [PERSISTENT]
01-01 12:08:20.223 D/wpa_supplicant( 1288): P2P: Storing credentials for a persistent group (GO Dev Addr 16:a5:1a:fd:72:c0)
01-01 12:08:20.223 D/wpa_supplicant( 1288): P2P: Update existing persistent group entry
01-01 12:08:20.223 I/wpa_supplicant( 1288): !!!!!!!!!!!!!!!!!!!!!!!!!!!!!!!!!!!!
01-01 12:08:20.223 I/wpa_supplicant( 1288): wpas_notify_state_changed
01-01 12:08:20.223 I/wpa_supplicant( 1288): !!!!!!!!!!!!!!!!!!!!!!!!!!!!!!!!!!!!
01-01 12:08:20.223 I/wpa_supplicant( 1288): id=0 state=9 BSSID=16:a5:1a:fd:f2:c0 SSID=DIRECT-Gy-Honor6X
01-01 12:08:20.223 I/wpa_supplicant( 1288): ballack
01-01 12:08:20.223 D/wpa_supplicant( 1288): EAPOL: External notification - portValid=1
01-01 12:08:20.223 D/wpa_supplicant( 1288): EAPOL: External notification - EAP success=1
01-01 12:08:20.223 D/wpa_supplicant( 1288): EAPOL: SUPP_PAE entering state AUTHENTICATING
01-01 12:08:20.223 D/wpa_supplicant( 1288): EAPOL: SUPP_BE entering state SUCCESS
01-01 12:08:20.223 D/wpa_supplicant( 1288): EAP: EAP entering state DISABLED
01-01 12:08:20.223 D/wpa_supplicant( 1288): EAPOL: SUPP_PAE entering state AUTHENTICATED
01-01 12:08:20.223 D/wpa_supplicant( 1288): EAPOL: Supplicant port status: Authorized
01-01 12:08:20.223 D/wpa_supplicant( 1288): nl80211: Set supplicant port authorized for 16:a5:1a:fd:f2:c0
01-01 12:08:20.223 D/wpa_supplicant( 1288): EAPOL: SUPP_BE entering state IDLE
01-01 12:08:20.223 D/wpa_supplicant( 1288): EAPOL authentication completed - result=SUCCESS
01-01 12:08:20.223 D/wpa_supplicant( 1288): RTM_NEWLINK: ifi_index=5 ifname=p2p-wlan0-0 operstate=6 linkmode=1 ifi_family=0 ifi_flags=0x11043 ([UP][RUNNING][LOWER_UP])
01-01 12:08:20.224 D/wpa_supplicant( 1288): p2p-dev-wlan0: Control interface command 'LIST_NETWORKS'
01-01 12:08:20.227 D/wpa_supplicant( 1288): p2p-dev-wlan0: Control interface command 'GET_NETWORK 0 mode'
01-01 12:08:20.227 D/wpa_supplicant( 1288): CTRL_IFACE: GET_NETWORK id=0 name='mode'
01-01 12:08:20.227 D/wpa_supplicant( 1288): RX global ctrl_iface - hexdump(len=11): 53 41 56 45 5f 43 4f 4e 46 49 47
01-01 12:08:20.227 D/wpa_supplicant( 1288): p2p-wlan0-0: CTRL_IFACE: SAVE_CONFIG - Not allowed to update configuration (update_config=0)
01-01 12:08:20.227 E/wpa_supplicant( 1288): Writing configuration file '/data/misc/wifi/p2p_supplicant.conf.tmp'
01-01 12:08:20.238 D/wpa_supplicant( 1288): Configuration file '/data/misc/wifi/p2p_supplicant.conf' written successfully
01-01 12:08:20.238 D/wpa_supplicant( 1288): p2p-dev-wlan0: CTRL_IFACE: SAVE_CONFIG - Configuration updated
01-01 12:08:20.238 E/wpa_supplicant( 1288): Writing configuration file '/data/misc/wifi/wpa_supplicant.conf.tmp'
01-01 12:08:20.248 D/wpa_supplicant( 1288): Configuration file '/data/misc/wifi/wpa_supplicant.conf' written successfully
01-01 12:08:20.248 D/wpa_supplicant( 1288): wlan0: CTRL_IFACE: SAVE_CONFIG - Configuration updated
01-01 12:08:20.251 D/wpa_supplicant( 1288): p2p-wlan0-0: Control interface command 'SET p2p_group_idle 10'
01-01 12:08:20.251 D/wpa_supplicant( 1288): CTRL_IFACE SET 'p2p_group_idle'='10'
01-01 12:08:20.251 D/wpa_supplicant( 1288): p2p_group_idle=10
01-01 12:08:20.255 D/wpa_supplicant( 1288): p2p-wlan0-0: Control interface command 'P2P_SET ps 0'
01-01 12:08:20.255 D/wpa_supplicant( 1288): nl80211: set_p2p_powersave (legacy_ps=0 opp_ps=-1 ctwindow=-1)
01-01 12:08:20.465 I/dhcpcd  ( 1383): version 5.5.6 starting
01-01 12:08:20.550 I/dhcpcd  ( 1383): p2p-wlan0-0: rebinding lease of 192.168.49.213
01-01 12:08:20.648 I/dhcpcd  ( 1383): p2p-wlan0-0: acknowledged 192.168.49.213 from 192.168.49.1
01-01 12:08:20.689 I/dhcpcd  ( 1383): p2p-wlan0-0: leased 192.168.49.213 for 3600 seconds
01-01 12:08:21.073 D/wpa_supplicant( 1288): p2p-wlan0-0: Control interface command 'P2P_SET ps 1'
01-01 12:08:21.073 D/wpa_supplicant( 1288): nl80211: set_p2p_powersave (legacy_ps=1 opp_ps=-1 ctwindow=-1)
01-01 12:08:21.091 D/wpa_supplicant( 1288): wlan0: Control interface command 'SCAN_INTERVAL 60'
01-01 12:08:21.091 D/wpa_supplicant( 1288): wlan0: Setting scan interval: 60 sec
01-01 12:08:21.224 D/wpa_supplicant( 1288): EAPOL: startWhen --> 0
01-01 12:08:21.224 D/wpa_supplicant( 1288): EAPOL: disable timer tick
01-01 12:08:23.152 D/WifiService(  453): New client listening to asynchronous messages
01-01 12:08:23.246 D/SystemDeviceService( 1125): [isHostInterfaceChanged] bindAddresses/addrs is null. 
01-01 12:08:23.819 D/d       ( 1125): Say byebye on 192.168.49.213
01-01 12:08:23.823 D/wpa_supplicant( 1288): wlan0: Starting AP scan for wildcard SSID
01-01 12:08:23.823 D/wpa_supplicant( 1288): WPS: Building WPS IE for Probe Request
01-01 12:08:23.823 D/wpa_supplicant( 1288): WPS:  * Version (hardcoded 0x10)
01-01 12:08:23.823 D/wpa_supplicant( 1288): WPS:  * Request Type
01-01 12:08:23.823 D/wpa_supplicant( 1288): WPS:  * Config Methods (4288)
01-01 12:08:23.823 D/wpa_supplicant( 1288): WPS:  * UUID-E
01-01 12:08:23.823 D/wpa_supplicant( 1288): WPS:  * Primary Device Type
01-01 12:08:23.823 D/wpa_supplicant( 1288): WPS:  * RF Bands (1)
01-01 12:08:23.823 D/wpa_supplicant( 1288): WPS:  * Association State
01-01 12:08:23.823 D/wpa_supplicant( 1288): WPS:  * Configuration Error (0)
01-01 12:08:23.823 D/wpa_supplicant( 1288): WPS:  * Device Password ID (0)
01-01 12:08:23.823 D/wpa_supplicant( 1288): WPS:  * Manufacturer
01-01 12:08:23.823 D/wpa_supplicant( 1288): WPS:  * Model Name
01-01 12:08:23.823 D/wpa_supplicant( 1288): WPS:  * Model Number
01-01 12:08:23.823 D/wpa_supplicant( 1288): WPS:  * Device Name
01-01 12:08:23.823 D/wpa_supplicant( 1288): WPS:  * Version2 (0x20)
01-01 12:08:23.823 D/wpa_supplicant( 1288): P2P: * P2P IE header
01-01 12:08:23.823 D/wpa_supplicant( 1288): P2P: * Capability dev=25 group=00
01-01 12:08:23.823 D/wpa_supplicant( 1288): P2P: * Listen Channel: Regulatory Class 81 Channel 6
01-01 12:08:23.823 D/wpa_supplicant( 1288): wlan0: Add radio work 'scan'@0xb88094a8
01-01 12:08:23.823 D/wpa_supplicant( 1288): wlan0: First radio work item in the queue - schedule start immediately
01-01 12:08:23.823 D/wpa_supplicant( 1288): wlan0: Starting radio work 'scan'@0xb88094a8 after 0.000026 second wait
01-01 12:08:23.823 D/wpa_supplicant( 1288): wlan0: nl80211: scan request
01-01 12:08:23.828 E/WifiStateMachine(  453): startDelayedScan send -> 14 milli 10000
01-01 12:08:23.832 D/wpa_supplicant( 1288): Scan requested (ret=0) - scan timeout 30 seconds
01-01 12:08:23.832 D/wpa_supplicant( 1288): wlan0: Control interface command 'SCAN TYPE=ONLY'
01-01 12:08:23.832 D/wpa_supplicant( 1288): Ongoing scan action - reject new request
01-01 12:08:23.832 D/wpa_supplicant( 1288): nl80211: Drv Event 33 (NL80211_CMD_TRIGGER_SCAN) received for wlan0
01-01 12:08:23.832 D/wpa_supplicant( 1288): wlan0: nl80211: Scan trigger
01-01 12:08:23.832 D/wpa_supplicant( 1288): wlan0: Event SCAN_STARTED (49) received
01-01 12:08:23.832 D/wpa_supplicant( 1288): wlan0: Own scan request started a scan in 0.000163 seconds
01-01 12:08:23.832 D/wpa_supplicant( 1288): CTRL_IFACE monitor sent successfully to /data/misc/wifi/sockets/wpa_ctrl_453-2\x00
01-01 12:08:24.017 D/d       ( 1125): Say byebye on 192.168.49.213
01-01 12:08:24.140 D/PowerManagerService(  453): LockScreenOff10
01-01 12:08:24.143 D/PowerManagerService(  453): LockScreenOff10
01-01 12:08:24.287 D/wpa_supplicant( 1288): p2p-dev-wlan0: Control interface command 'P2P_STOP_FIND'
01-01 12:08:24.287 D/wpa_supplicant( 1288): P2P: Stopping find
01-01 12:08:24.287 D/wpa_supplicant( 1288): P2P: Clear timeout (state=IDLE)
01-01 12:08:24.287 D/wpa_supplicant( 1288): P2P: State IDLE -> IDLE
01-01 12:08:24.287 D/wpa_supplicant( 1288): P2P: Clear timeout (state=IDLE)
01-01 12:08:24.287 D/wpa_supplicant( 1288): wpa_driver_set_ap_wps_p2p_ie: Entry
01-01 12:08:24.287 D/wpa_supplicant( 1288): nl80211: Disable Probe Request reporting nl_preq=0x3008bb51
01-01 12:08:24.410 D/g       ( 1125): Parsing Profiles definition
01-01 12:08:24.410 D/g       ( 1125): Parsing profile definition for profile 1
01-01 12:08:24.540 D/SystemDeviceService( 1125): [handleAutoRun] auto start mediarender. 
01-01 12:08:24.647 D/wpa_supplicant( 1288): nl80211: Drv Event 34 (NL80211_CMD_NEW_SCAN_RESULTS) received for wlan0
01-01 12:08:24.647 D/wpa_supplicant( 1288): wlan0: nl80211: New scan results available
01-01 12:08:24.647 D/wpa_supplicant( 1288): nl80211: Scan probed for SSID ''
01-01 12:08:24.647 D/wpa_supplicant( 1288): nl80211: Scan included frequencies: 2412 2417 2422 2427 2432 2437 2442 2447 2452 2457 2462 2467 2472
01-01 12:08:24.647 D/wpa_supplicant( 1288): wlan0: Event SCAN_RESULTS (3) received
01-01 12:08:24.647 D/wpa_supplicant( 1288): wlan0: Scan completed in 0.814810 seconds
01-01 12:08:24.647 D/wpa_supplicant( 1288): nl80211: Received scan results (10 BSSes)
01-01 12:08:24.647 D/wpa_supplicant( 1288): wlan0: BSS: Start scan result update 17
01-01 12:08:24.647 D/wpa_supplicant( 1288): wlan0: BSS: Add new id 54 BSSID 16:a5:1a:fd:f2:c0 SSID 'DIRECT-Gy-Honor6X'
01-01 12:08:24.647 D/wpa_supplicant( 1288): CTRL_IFACE monitor sent successfully to /data/misc/wifi/sockets/wpa_ctrl_453-2\x00
01-01 12:08:24.647 D/wpa_supplicant( 1288): wlan0: BSS: Remove id 46 BSSID c8:50:e9:e7:5e:a2 SSID 'ChinaNet-CBV8' due to no match in scan
01-01 12:08:24.647 D/wpa_supplicant( 1288): CTRL_IFACE monitor sent successfully to /data/misc/wifi/sockets/wpa_ctrl_453-2\x00
01-01 12:08:24.647 D/wpa_supplicant( 1288): BSS: last_scan_res_used=10/32
01-01 12:08:24.648 D/wpa_supplicant( 1288): wlan0: Scan-only results received
01-01 12:08:24.648 D/wpa_supplicant( 1288): CTRL_IFACE monitor sent successfully to /data/misc/wifi/sockets/wpa_ctrl_453-2\x00
01-01 12:08:24.648 D/wpa_supplicant( 1288): CTRL_IFACE monitor sent successfully to /data/misc/wifi/sockets/wpa_ctrl_453-2\x00
01-01 12:08:24.648 D/wpa_supplicant( 1288): wlan0: Radio work 'scan'@0xb88094a8 done in 0.824685 seconds
01-01 12:08:24.648 D/wpa_supplicant( 1288): RTM_NEWLINK: ifi_index=4 ifname=wlan0 wext ifi_family=0 ifi_flags=0x11003 ([UP][LOWER_UP])
01-01 12:08:24.675 D/PowerManagerService(  453): LockScreenOff10
01-01 12:08:24.696 E/WifiStateMachine(  453): [1,293,883,704,695 ms] noteScanEnd no scan source onTime=0
01-01 12:08:24.696 D/wpa_supplicant( 1288): wlan0: Control interface command 'BSS RANGE=0- MASK=0x21987'
01-01 12:08:24.726 E/WifiStateMachine(  453): wifi setScanResults statecom.android.server.wifi.WifiStateMachine$DisconnectedState@2fcb4641 sup_state=DISCONNECTED debouncing=false mConnectionRequests=1 selection=<none>
01-01 12:08:24.739 D/wpa_supplicant( 1288): wlan0: Control interface command 'STATUS-NO_EVENTS'
01-01 12:08:32.609 D/PowerManagerService(  453): LockScreenOff10
01-01 12:08:33.110 D/PowerManagerService(  453): LockScreenOff10
01-01 12:08:33.753 D/PowerManagerService(  453): LockScreenOff10
01-01 12:08:33.857 E/WifiStateMachine(  453): startDelayedScan send -> 15 milli 10000
01-01 12:08:33.857 D/wpa_supplicant( 1288): wlan0: Control interface command 'SCAN TYPE=ONLY'
01-01 12:08:33.858 D/wpa_supplicant( 1288): wlan0: Setting scan request: 0.000000 sec
01-01 12:08:33.858 D/wpa_supplicant( 1288): wlan0: Starting AP scan for wildcard SSID
01-01 12:08:33.858 D/wpa_supplicant( 1288): WPS: Building WPS IE for Probe Request
01-01 12:08:33.858 D/wpa_supplicant( 1288): WPS:  * Version (hardcoded 0x10)
01-01 12:08:33.858 D/wpa_supplicant( 1288): WPS:  * Request Type
01-01 12:08:33.858 D/wpa_supplicant( 1288): WPS:  * Config Methods (4288)
01-01 12:08:33.858 D/wpa_supplicant( 1288): WPS:  * UUID-E
01-01 12:08:33.858 D/wpa_supplicant( 1288): WPS:  * Primary Device Type
01-01 12:08:33.858 D/wpa_supplicant( 1288): WPS:  * RF Bands (1)
01-01 12:08:33.858 D/wpa_supplicant( 1288): WPS:  * Association State
01-01 12:08:33.858 D/wpa_supplicant( 1288): WPS:  * Configuration Error (0)
01-01 12:08:33.858 D/wpa_supplicant( 1288): WPS:  * Device Password ID (0)
01-01 12:08:33.858 D/wpa_supplicant( 1288): WPS:  * Manufacturer
01-01 12:08:33.858 D/wpa_supplicant( 1288): WPS:  * Model Name
01-01 12:08:33.858 D/wpa_supplicant( 1288): WPS:  * Model Number
01-01 12:08:33.858 D/wpa_supplicant( 1288): WPS:  * Device Name
01-01 12:08:33.858 D/wpa_supplicant( 1288): WPS:  * Version2 (0x20)
01-01 12:08:33.858 D/wpa_supplicant( 1288): P2P: * P2P IE header
01-01 12:08:33.858 D/wpa_supplicant( 1288): P2P: * Capability dev=25 group=00
01-01 12:08:33.858 D/wpa_supplicant( 1288): P2P: * Listen Channel: Regulatory Class 81 Channel 6
01-01 12:08:33.858 D/wpa_supplicant( 1288): wlan0: Add radio work 'scan'@0xb88033d8
01-01 12:08:33.858 D/wpa_supplicant( 1288): wlan0: First radio work item in the queue - schedule start immediately
01-01 12:08:33.858 D/wpa_supplicant( 1288): wlan0: Starting radio work 'scan'@0xb88033d8 after 0.000065 second wait
01-01 12:08:33.858 D/wpa_supplicant( 1288): wlan0: nl80211: scan request
01-01 12:08:33.864 E/WifiStateMachine(  453): [1,293,883,713,863 ms] noteScanstart no scan source uid -2
01-01 12:08:33.867 D/wpa_supplicant( 1288): Scan requested (ret=0) - scan timeout 30 seconds
01-01 12:08:33.867 D/wpa_supplicant( 1288): nl80211: Drv Event 33 (NL80211_CMD_TRIGGER_SCAN) received for wlan0
01-01 12:08:33.868 D/wpa_supplicant( 1288): wlan0: nl80211: Scan trigger
01-01 12:08:33.868 D/wpa_supplicant( 1288): wlan0: Event SCAN_STARTED (49) received
01-01 12:08:33.868 D/wpa_supplicant( 1288): wlan0: Own scan request started a scan in 0.000134 seconds
01-01 12:08:33.868 D/wpa_supplicant( 1288): CTRL_IFACE monitor sent successfully to /data/misc/wifi/sockets/wpa_ctrl_453-2\x00
01-01 12:08:34.712 D/wpa_supplicant( 1288): nl80211: Drv Event 34 (NL80211_CMD_NEW_SCAN_RESULTS) received for wlan0
01-01 12:08:34.712 D/wpa_supplicant( 1288): wlan0: nl80211: New scan results available
01-01 12:08:34.712 D/wpa_supplicant( 1288): nl80211: Scan probed for SSID ''
01-01 12:08:34.712 D/wpa_supplicant( 1288): nl80211: Scan included frequencies: 2412 2417 2422 2427 2432 2437 2442 2447 2452 2457 2462 2467 2472
01-01 12:08:34.712 D/wpa_supplicant( 1288): wlan0: Event SCAN_RESULTS (3) received
01-01 12:08:34.713 D/wpa_supplicant( 1288): wlan0: Scan completed in 0.844927 seconds
01-01 12:08:34.714 D/wpa_supplicant( 1288): nl80211: Received scan results (10 BSSes)
01-01 12:08:34.714 D/wpa_supplicant( 1288): wlan0: BSS: Start scan result update 18
01-01 12:08:34.715 D/wpa_supplicant( 1288): wlan0: BSS: Remove id 48 BSSID c8:50:e9:e9:ba:da SSID 'ChinaNet-gVDT' due to no match in scan
01-01 12:08:34.717 D/wpa_supplicant( 1288): CTRL_IFACE monitor sent successfully to /data/misc/wifi/sockets/wpa_ctrl_453-2\x00
01-01 12:08:34.717 D/wpa_supplicant( 1288): wlan0: BSS: Remove id 11 BSSID 80:69:33:4d:77:a4 SSID 'WirelessNet' due to no match in scan
01-01 12:08:34.719 D/wpa_supplicant( 1288): CTRL_IFACE monitor sent successfully to /data/misc/wifi/sockets/wpa_ctrl_453-2\x00
01-01 12:08:34.719 D/wpa_supplicant( 1288): wlan0: BSS: Remove id 43 BSSID 06:69:6c:0b:10:52 SSID 'XM-free' due to no match in scan
01-01 12:08:34.721 D/wpa_supplicant( 1288): CTRL_IFACE monitor sent successfully to /data/misc/wifi/sockets/wpa_ctrl_453-2\x00
01-01 12:08:34.721 D/wpa_supplicant( 1288): wlan0: BSS: Remove id 49 BSSID d4:68:ba:13:0a:54 SSID 'CC Universe Wifi' due to no match in scan
01-01 12:08:34.722 D/wpa_supplicant( 1288): CTRL_IFACE monitor sent successfully to /data/misc/wifi/sockets/wpa_ctrl_453-2\x00
01-01 12:08:34.722 D/wpa_supplicant( 1288): wlan0: BSS: Remove id 50 BSSID 04:95:e6:4e:01:91 SSID 'ZKG008' due to no match in scan
01-01 12:08:34.722 D/wpa_supplicant( 1288): CTRL_IFACE monitor sent successfully to /data/misc/wifi/sockets/wpa_ctrl_453-2\x00
01-01 12:08:34.723 D/wpa_supplicant( 1288): wlan0: BSS: Remove id 51 BSSID 02:0e:5e:6d:5b:6d SSID 'ChinaNet-tvss' due to no match in scan
01-01 12:08:34.723 D/wpa_supplicant( 1288): CTRL_IFACE monitor sent successfully to /data/misc/wifi/sockets/wpa_ctrl_453-2\x00
01-01 12:08:34.723 D/wpa_supplicant( 1288): wlan0: BSS: Remove id 52 BSSID 9c:06:1b:32:66:90 SSID 'Szuld2018' due to no match in scan
01-01 12:08:34.724 D/wpa_supplicant( 1288): CTRL_IFACE monitor sent successfully to /data/misc/wifi/sockets/wpa_ctrl_453-2\x00
01-01 12:08:34.724 D/wpa_supplicant( 1288): wlan0: BSS: Remove id 53 BSSID 20:dc:e6:9a:5e:06 SSID 'DCIVISION' due to no match in scan
01-01 12:08:34.724 D/wpa_supplicant( 1288): CTRL_IFACE monitor sent successfully to /data/misc/wifi/sockets/wpa_ctrl_453-2\x00
01-01 12:08:34.724 D/wpa_supplicant( 1288): wlan0: BSS: Remove id 30 BSSID 0a:69:6c:0b:10:52 SSID 'XM-Web' due to no match in scan
01-01 12:08:34.725 D/wpa_supplicant( 1288): CTRL_IFACE monitor sent successfully to /data/misc/wifi/sockets/wpa_ctrl_453-2\x00
01-01 12:08:34.725 D/wpa_supplicant( 1288): wlan0: BSS: Remove id 45 BSSID 0e:69:6c:0b:10:52 SSID 'XM-Guest' due to no match in scan
01-01 12:08:34.725 D/wpa_supplicant( 1288): CTRL_IFACE monitor sent successfully to /data/misc/wifi/sockets/wpa_ctrl_453-2\x00
01-01 12:08:34.725 D/wpa_supplicant( 1288): wlan0: BSS: Remove id 39 BSSID 96:b8:6d:85:17:09 SSID 'DIRECT-WKDESKTOP-I5MF2SPmsfH' due to no match in scan
01-01 12:08:34.726 D/wpa_supplicant( 1288): CTRL_IFACE monitor sent successfully to /data/misc/wifi/sockets/wpa_ctrl_453-2\x00
01-01 12:08:34.726 D/wpa_supplicant( 1288): BSS: last_scan_res_used=10/32
01-01 12:08:34.726 D/wpa_supplicant( 1288): wlan0: Scan-only results received
01-01 12:08:34.726 D/wpa_supplicant( 1288): CTRL_IFACE monitor sent successfully to /data/misc/wifi/sockets/wpa_ctrl_453-2\x00
01-01 12:08:34.727 D/wpa_supplicant( 1288): CTRL_IFACE monitor sent successfully to /data/misc/wifi/sockets/wpa_ctrl_453-2\x00
01-01 12:08:34.727 D/wpa_supplicant( 1288): wlan0: Radio work 'scan'@0xb88033d8 done in 0.868689 seconds
01-01 12:08:34.727 D/wpa_supplicant( 1288): RTM_NEWLINK: ifi_index=4 ifname=wlan0 wext ifi_family=0 ifi_flags=0x11003 ([UP][LOWER_UP])
01-01 12:08:34.792 E/WifiStateMachine(  453): [1,293,883,714,791 ms] noteScanEnd no scan source onTime=0
01-01 12:08:34.792 D/wpa_supplicant( 1288): wlan0: Control interface command 'BSS RANGE=0- MASK=0x21987'
01-01 12:08:34.810 E/WifiStateMachine(  453): wifi setScanResults statecom.android.server.wifi.WifiStateMachine$DisconnectedState@2fcb4641 sup_state=DISCONNECTED debouncing=false mConnectionRequests=1 selection=<none>
01-01 12:08:34.820 D/wpa_supplicant( 1288): wlan0: Control interface command 'STATUS-NO_EVENTS'
01-01 12:08:43.755 D/PowerManagerService(  453): screen time out
01-01 12:08:43.780 E/Lights  (  453): write_int failed to open /sys/class/backlight/rk28_bl/brightness
01-01 12:08:43.796 E/Lights  (  453): write_int failed to open /sys/class/backlight/rk28_bl/brightness
01-01 12:08:43.813 E/Lights  (  453): write_int failed to open /sys/class/backlight/rk28_bl/brightness
01-01 12:08:43.830 E/Lights  (  453): write_int failed to open /sys/class/backlight/rk28_bl/brightness
01-01 12:08:43.846 E/Lights  (  453): write_int failed to open /sys/class/backlight/rk28_bl/brightness
01-01 12:08:43.862 E/Lights  (  453): write_int failed to open /sys/class/backlight/rk28_bl/brightness
01-01 12:08:43.879 E/Lights  (  453): write_int failed to open /sys/class/backlight/rk28_bl/brightness
01-01 12:08:43.890 E/Lights  (  453): write_int failed to open /sys/class/backlight/rk28_bl/brightness
01-01 12:08:43.898 E/WifiStateMachine(  453): startDelayedScan send -> 16 milli 10000
01-01 12:08:43.899 D/wpa_supplicant( 1288): wlan0: Control interface command 'SCAN TYPE=ONLY'
01-01 12:08:43.899 D/wpa_supplicant( 1288): wlan0: Setting scan request: 0.000000 sec
01-01 12:08:43.899 D/wpa_supplicant( 1288): wlan0: Starting AP scan for wildcard SSID
01-01 12:08:43.899 D/wpa_supplicant( 1288): WPS: Building WPS IE for Probe Request
01-01 12:08:43.899 D/wpa_supplicant( 1288): WPS:  * Version (hardcoded 0x10)
01-01 12:08:43.899 D/wpa_supplicant( 1288): WPS:  * Request Type
01-01 12:08:43.899 D/wpa_supplicant( 1288): WPS:  * Config Methods (4288)
01-01 12:08:43.899 D/wpa_supplicant( 1288): WPS:  * UUID-E
01-01 12:08:43.899 D/wpa_supplicant( 1288): WPS:  * Primary Device Type
01-01 12:08:43.899 D/wpa_supplicant( 1288): WPS:  * RF Bands (1)
01-01 12:08:43.899 D/wpa_supplicant( 1288): WPS:  * Association State
01-01 12:08:43.899 D/wpa_supplicant( 1288): WPS:  * Configuration Error (0)
01-01 12:08:43.899 D/wpa_supplicant( 1288): WPS:  * Device Password ID (0)
01-01 12:08:43.899 D/wpa_supplicant( 1288): WPS:  * Manufacturer
01-01 12:08:43.899 D/wpa_supplicant( 1288): WPS:  * Model Name
01-01 12:08:43.899 D/wpa_supplicant( 1288): WPS:  * Model Number
01-01 12:08:43.899 D/wpa_supplicant( 1288): WPS:  * Device Name
01-01 12:08:43.899 D/wpa_supplicant( 1288): WPS:  * Version2 (0x20)
01-01 12:08:43.899 D/wpa_supplicant( 1288): P2P: * P2P IE header
01-01 12:08:43.899 D/wpa_supplicant( 1288): P2P: * Capability dev=25 group=00
01-01 12:08:43.899 D/wpa_supplicant( 1288): P2P: * Listen Channel: Regulatory Class 81 Channel 6
01-01 12:08:43.899 D/wpa_supplicant( 1288): wlan0: Add radio work 'scan'@0xb88033d8
01-01 12:08:43.899 D/wpa_supplicant( 1288): wlan0: First radio work item in the queue - schedule start immediately
01-01 12:08:43.899 D/wpa_supplicant( 1288): wlan0: Starting radio work 'scan'@0xb88033d8 after 0.000066 second wait
01-01 12:08:43.899 D/wpa_supplicant( 1288): wlan0: nl80211: scan request
01-01 12:08:43.904 E/WifiStateMachine(  453): [1,293,883,723,903 ms] noteScanstart no scan source uid -2
01-01 12:08:43.907 E/Lights  (  453): write_int failed to open /sys/class/backlight/rk28_bl/brightness
01-01 12:08:43.909 D/wpa_supplicant( 1288): Scan requested (ret=0) - scan timeout 30 seconds
01-01 12:08:43.909 D/wpa_supplicant( 1288): nl80211: Drv Event 33 (NL80211_CMD_TRIGGER_SCAN) received for wlan0
01-01 12:08:43.909 D/wpa_supplicant( 1288): wlan0: nl80211: Scan trigger
01-01 12:08:43.909 D/wpa_supplicant( 1288): wlan0: Event SCAN_STARTED (49) received
01-01 12:08:43.909 D/wpa_supplicant( 1288): wlan0: Own scan request started a scan in 0.000177 seconds
01-01 12:08:43.910 D/wpa_supplicant( 1288): CTRL_IFACE monitor sent successfully to /data/misc/wifi/sockets/wpa_ctrl_453-2\x00
01-01 12:08:44.721 D/wpa_supplicant( 1288): nl80211: Drv Event 34 (NL80211_CMD_NEW_SCAN_RESULTS) received for wlan0
01-01 12:08:44.721 D/wpa_supplicant( 1288): wlan0: nl80211: New scan results available
01-01 12:08:44.722 D/wpa_supplicant( 1288): nl80211: Scan probed for SSID ''
01-01 12:08:44.722 D/wpa_supplicant( 1288): nl80211: Scan included frequencies: 2412 2417 2422 2427 2432 2437 2442 2447 2452 2457 2462 2467 2472
01-01 12:08:44.722 D/wpa_supplicant( 1288): wlan0: Event SCAN_RESULTS (3) received
01-01 12:08:44.722 D/wpa_supplicant( 1288): wlan0: Scan completed in 0.813053 seconds
01-01 12:08:44.723 D/wpa_supplicant( 1288): nl80211: Received scan results (9 BSSes)
01-01 12:08:44.724 D/wpa_supplicant( 1288): wlan0: BSS: Start scan result update 19
01-01 12:08:44.724 D/wpa_supplicant( 1288): wlan0: BSS: Add new id 55 BSSID 96:b8:6d:85:17:09 SSID 'DIRECT-WKDESKTOP-I5MF2SPmsfH'
01-01 12:08:44.726 D/wpa_supplicant( 1288): CTRL_IFACE monitor sent successfully to /data/misc/wifi/sockets/wpa_ctrl_453-2\x00
01-01 12:08:44.726 D/wpa_supplicant( 1288): wlan0: BSS: Add new id 56 BSSID cc:08:fb:67:b9:b2 SSID 'TP-LINK_xiaomei'
01-01 12:08:44.728 D/wpa_supplicant( 1288): CTRL_IFACE monitor sent successfully to /data/misc/wifi/sockets/wpa_ctrl_453-2\x00
01-01 12:08:44.729 D/wpa_supplicant( 1288): BSS: last_scan_res_used=9/32
01-01 12:08:44.729 D/wpa_supplicant( 1288): wlan0: Scan-only results received
01-01 12:08:44.729 D/wpa_supplicant( 1288): CTRL_IFACE monitor sent successfully to /data/misc/wifi/sockets/wpa_ctrl_453-2\x00
01-01 12:08:44.730 D/wpa_supplicant( 1288): CTRL_IFACE monitor sent successfully to /data/misc/wifi/sockets/wpa_ctrl_453-2\x00
01-01 12:08:44.730 D/wpa_supplicant( 1288): wlan0: Radio work 'scan'@0xb88033d8 done in 0.830494 seconds
01-01 12:08:44.730 D/wpa_supplicant( 1288): RTM_NEWLINK: ifi_index=4 ifname=wlan0 wext ifi_family=0 ifi_flags=0x11003 ([UP][LOWER_UP])
01-01 12:08:44.819 E/WifiStateMachine(  453): [1,293,883,724,818 ms] noteScanEnd no scan source onTime=0
01-01 12:08:44.819 D/wpa_supplicant( 1288): wlan0: Control interface command 'BSS RANGE=0- MASK=0x21987'
01-01 12:08:44.840 E/WifiStateMachine(  453): wifi setScanResults statecom.android.server.wifi.WifiStateMachine$DisconnectedState@2fcb4641 sup_state=DISCONNECTED debouncing=false mConnectionRequests=1 selection=<none>
01-01 12:08:44.852 D/wpa_supplicant( 1288): wlan0: Control interface command 'STATUS-NO_EVENTS'
01-01 12:08:53.935 E/WifiStateMachine(  453): startDelayedScan send -> 17 milli 10000
01-01 12:08:53.936 D/wpa_supplicant( 1288): wlan0: Control interface command 'SCAN TYPE=ONLY'
01-01 12:08:53.936 D/wpa_supplicant( 1288): wlan0: Setting scan request: 0.000000 sec
01-01 12:08:53.936 D/wpa_supplicant( 1288): wlan0: Starting AP scan for wildcard SSID
01-01 12:08:53.936 D/wpa_supplicant( 1288): WPS: Building WPS IE for Probe Request
01-01 12:08:53.936 D/wpa_supplicant( 1288): WPS:  * Version (hardcoded 0x10)
01-01 12:08:53.936 D/wpa_supplicant( 1288): WPS:  * Request Type
01-01 12:08:53.936 D/wpa_supplicant( 1288): WPS:  * Config Methods (4288)
01-01 12:08:53.936 D/wpa_supplicant( 1288): WPS:  * UUID-E
01-01 12:08:53.936 D/wpa_supplicant( 1288): WPS:  * Primary Device Type
01-01 12:08:53.936 D/wpa_supplicant( 1288): WPS:  * RF Bands (1)
01-01 12:08:53.936 D/wpa_supplicant( 1288): WPS:  * Association State
01-01 12:08:53.936 D/wpa_supplicant( 1288): WPS:  * Configuration Error (0)
01-01 12:08:53.936 D/wpa_supplicant( 1288): WPS:  * Device Password ID (0)
01-01 12:08:53.936 D/wpa_supplicant( 1288): WPS:  * Manufacturer
01-01 12:08:53.936 D/wpa_supplicant( 1288): WPS:  * Model Name
01-01 12:08:53.936 D/wpa_supplicant( 1288): WPS:  * Model Number
01-01 12:08:53.936 D/wpa_supplicant( 1288): WPS:  * Device Name
01-01 12:08:53.936 D/wpa_supplicant( 1288): WPS:  * Version2 (0x20)
01-01 12:08:53.936 D/wpa_supplicant( 1288): P2P: * P2P IE header
01-01 12:08:53.937 D/wpa_supplicant( 1288): P2P: * Capability dev=25 group=00
01-01 12:08:53.937 D/wpa_supplicant( 1288): P2P: * Listen Channel: Regulatory Class 81 Channel 6
01-01 12:08:53.937 D/wpa_supplicant( 1288): wlan0: Add radio work 'scan'@0xb88033d8
01-01 12:08:53.937 D/wpa_supplicant( 1288): wlan0: First radio work item in the queue - schedule start immediately
01-01 12:08:53.937 D/wpa_supplicant( 1288): wlan0: Starting radio work 'scan'@0xb88033d8 after 0.000064 second wait
01-01 12:08:53.937 D/wpa_supplicant( 1288): wlan0: nl80211: scan request
01-01 12:08:53.941 E/WifiStateMachine(  453): [1,293,883,733,940 ms] noteScanstart no scan source uid -2
01-01 12:08:53.946 D/wpa_supplicant( 1288): Scan requested (ret=0) - scan timeout 30 seconds
01-01 12:08:53.946 D/wpa_supplicant( 1288): nl80211: Drv Event 33 (NL80211_CMD_TRIGGER_SCAN) received for wlan0
01-01 12:08:53.946 D/wpa_supplicant( 1288): wlan0: nl80211: Scan trigger
01-01 12:08:53.946 D/wpa_supplicant( 1288): wlan0: Event SCAN_STARTED (49) received
01-01 12:08:53.947 D/wpa_supplicant( 1288): wlan0: Own scan request started a scan in 0.000175 seconds
01-01 12:08:53.947 D/wpa_supplicant( 1288): CTRL_IFACE monitor sent successfully to /data/misc/wifi/sockets/wpa_ctrl_453-2\x00
01-01 12:08:54.761 D/wpa_supplicant( 1288): nl80211: Drv Event 34 (NL80211_CMD_NEW_SCAN_RESULTS) received for wlan0
01-01 12:08:54.761 D/wpa_supplicant( 1288): wlan0: nl80211: New scan results available
01-01 12:08:54.761 D/wpa_supplicant( 1288): nl80211: Scan probed for SSID ''
01-01 12:08:54.761 D/wpa_supplicant( 1288): nl80211: Scan included frequencies: 2412 2417 2422 2427 2432 2437 2442 2447 2452 2457 2462 2467 2472
01-01 12:08:54.761 D/wpa_supplicant( 1288): wlan0: Event SCAN_RESULTS (3) received
01-01 12:08:54.762 D/wpa_supplicant( 1288): wlan0: Scan completed in 0.815012 seconds
01-01 12:08:54.763 D/wpa_supplicant( 1288): nl80211: Received scan results (10 BSSes)
01-01 12:08:54.763 D/wpa_supplicant( 1288): wlan0: BSS: Start scan result update 20
01-01 12:08:54.764 D/wpa_supplicant( 1288): wlan0: BSS: Add new id 57 BSSID 80:69:33:4d:77:a4 SSID 'WirelessNet'
01-01 12:08:54.764 D/wpa_supplicant( 1288): CTRL_IFACE monitor sent successfully to /data/misc/wifi/sockets/wpa_ctrl_453-2\x00
01-01 12:08:54.765 D/wpa_supplicant( 1288): wlan0: BSS: Remove id 4 BSSID cc:08:fb:95:60:38 SSID 'MZ' due to no match in scan
01-01 12:08:54.765 D/wpa_supplicant( 1288): CTRL_IFACE monitor sent successfully to /data/misc/wifi/sockets/wpa_ctrl_453-2\x00
01-01 12:08:54.765 D/wpa_supplicant( 1288): BSS: last_scan_res_used=10/32
01-01 12:08:54.765 D/wpa_supplicant( 1288): wlan0: Scan-only results received
01-01 12:08:54.766 D/wpa_supplicant( 1288): CTRL_IFACE monitor sent successfully to /data/misc/wifi/sockets/wpa_ctrl_453-2\x00
01-01 12:08:54.766 D/wpa_supplicant( 1288): CTRL_IFACE monitor sent successfully to /data/misc/wifi/sockets/wpa_ctrl_453-2\x00
01-01 12:08:54.766 D/wpa_supplicant( 1288): wlan0: Radio work 'scan'@0xb88033d8 done in 0.829357 seconds
01-01 12:08:54.767 D/wpa_supplicant( 1288): RTM_NEWLINK: ifi_index=4 ifname=wlan0 wext ifi_family=0 ifi_flags=0x11003 ([UP][LOWER_UP])
01-01 12:08:54.865 E/WifiStateMachine(  453): [1,293,883,734,864 ms] noteScanEnd no scan source onTime=0
01-01 12:08:54.865 D/wpa_supplicant( 1288): wlan0: Control interface command 'BSS RANGE=0- MASK=0x21987'
01-01 12:08:54.887 E/WifiStateMachine(  453): wifi setScanResults statecom.android.server.wifi.WifiStateMachine$DisconnectedState@2fcb4641 sup_state=DISCONNECTED debouncing=false mConnectionRequests=1 selection=<none>
01-01 12:08:54.899 D/wpa_supplicant( 1288): wlan0: Control interface command 'STATUS-NO_EVENTS'
01-01 12:09:03.982 E/WifiStateMachine(  453): startDelayedScan send -> 18 milli 10000
01-01 12:09:03.982 D/wpa_supplicant( 1288): wlan0: Control interface command 'SCAN TYPE=ONLY'
01-01 12:09:03.982 D/wpa_supplicant( 1288): wlan0: Setting scan request: 0.000000 sec
01-01 12:09:03.982 D/wpa_supplicant( 1288): wlan0: Starting AP scan for wildcard SSID
01-01 12:09:03.982 D/wpa_supplicant( 1288): WPS: Building WPS IE for Probe Request
01-01 12:09:03.982 D/wpa_supplicant( 1288): WPS:  * Version (hardcoded 0x10)
01-01 12:09:03.983 D/wpa_supplicant( 1288): WPS:  * Request Type
01-01 12:09:03.983 D/wpa_supplicant( 1288): WPS:  * Config Methods (4288)
01-01 12:09:03.983 D/wpa_supplicant( 1288): WPS:  * UUID-E
01-01 12:09:03.983 D/wpa_supplicant( 1288): WPS:  * Primary Device Type
01-01 12:09:03.983 D/wpa_supplicant( 1288): WPS:  * RF Bands (1)
01-01 12:09:03.983 D/wpa_supplicant( 1288): WPS:  * Association State
01-01 12:09:03.983 D/wpa_supplicant( 1288): WPS:  * Configuration Error (0)
01-01 12:09:03.983 D/wpa_supplicant( 1288): WPS:  * Device Password ID (0)
01-01 12:09:03.983 D/wpa_supplicant( 1288): WPS:  * Manufacturer
01-01 12:09:03.983 D/wpa_supplicant( 1288): WPS:  * Model Name
01-01 12:09:03.983 D/wpa_supplicant( 1288): WPS:  * Model Number
01-01 12:09:03.983 D/wpa_supplicant( 1288): WPS:  * Device Name
01-01 12:09:03.983 D/wpa_supplicant( 1288): WPS:  * Version2 (0x20)
01-01 12:09:03.983 D/wpa_supplicant( 1288): P2P: * P2P IE header
01-01 12:09:03.983 D/wpa_supplicant( 1288): P2P: * Capability dev=25 group=00
01-01 12:09:03.983 D/wpa_supplicant( 1288): P2P: * Listen Channel: Regulatory Class 81 Channel 6
01-01 12:09:03.983 D/wpa_supplicant( 1288): wlan0: Add radio work 'scan'@0xb88033d8
01-01 12:09:03.983 D/wpa_supplicant( 1288): wlan0: First radio work item in the queue - schedule start immediately
01-01 12:09:03.983 D/wpa_supplicant( 1288): wlan0: Starting radio work 'scan'@0xb88033d8 after 0.000062 second wait
01-01 12:09:03.983 D/wpa_supplicant( 1288): wlan0: nl80211: scan request
01-01 12:09:03.987 E/WifiStateMachine(  453): [1,293,883,743,986 ms] noteScanstart no scan source uid -2
