--------- beginning of main
01-01 12:07:23.654 E/WifiStateMachine(  453): startDelayedScan send -> 8 milli 10000
01-01 12:07:23.654 D/wpa_supplicant( 1288): wlan0: Control interface command 'SCAN TYPE=ONLY'
01-01 12:07:23.654 D/wpa_supplicant( 1288): wlan0: Setting scan request: 0.000000 sec
01-01 12:07:23.655 D/wpa_supplicant( 1288): wlan0: Starting AP scan for wildcard SSID
01-01 12:07:23.655 D/wpa_supplicant( 1288): WPS: Building WPS IE for Probe Request
01-01 12:07:23.655 D/wpa_supplicant( 1288): WPS:  * Version (hardcoded 0x10)
01-01 12:07:23.655 D/wpa_supplicant( 1288): WPS:  * Request Type
01-01 12:07:23.655 D/wpa_supplicant( 1288): WPS:  * Config Methods (4288)
01-01 12:07:23.655 D/wpa_supplicant( 1288): WPS:  * UUID-E
01-01 12:07:23.655 D/wpa_supplicant( 1288): WPS:  * Primary Device Type
01-01 12:07:23.655 D/wpa_supplicant( 1288): WPS:  * RF Bands (1)
01-01 12:07:23.655 D/wpa_supplicant( 1288): WPS:  * Association State
01-01 12:07:23.655 D/wpa_supplicant( 1288): WPS:  * Configuration Error (0)
01-01 12:07:23.655 D/wpa_supplicant( 1288): WPS:  * Device Password ID (0)
01-01 12:07:23.655 D/wpa_supplicant( 1288): WPS:  * Manufacturer
01-01 12:07:23.655 D/wpa_supplicant( 1288): WPS:  * Model Name
01-01 12:07:23.655 D/wpa_supplicant( 1288): WPS:  * Model Number
01-01 12:07:23.655 D/wpa_supplicant( 1288): WPS:  * Device Name
01-01 12:07:23.655 D/wpa_supplicant( 1288): WPS:  * Version2 (0x20)
01-01 12:07:23.655 D/wpa_supplicant( 1288): P2P: * P2P IE header
01-01 12:07:23.655 D/wpa_supplicant( 1288): P2P: * Capability dev=25 group=00
01-01 12:07:23.655 D/wpa_supplicant( 1288): P2P: * Listen Channel: Regulatory Class 81 Channel 6
01-01 12:07:23.655 D/wpa_supplicant( 1288): wlan0: Add radio work 'scan'@0xb88026b8
01-01 12:07:23.655 D/wpa_supplicant( 1288): wlan0: First radio work item in the queue - schedule start immediately
01-01 12:07:23.655 D/wpa_supplicant( 1288): wlan0: Starting radio work 'scan'@0xb88026b8 after 0.000065 second wait
01-01 12:07:23.655 D/wpa_supplicant( 1288): wlan0: nl80211: scan request
01-01 12:07:23.659 E/WifiStateMachine(  453): [1,293,883,643,658 ms] noteScanstart no scan source uid -2
01-01 12:07:23.698 D/wpa_supplicant( 1288): Scan requested (ret=0) - scan timeout 30 seconds
01-01 12:07:23.698 D/wpa_supplicant( 1288): nl80211: Drv Event 33 (NL80211_CMD_TRIGGER_SCAN) received for wlan0
01-01 12:07:23.698 D/wpa_supplicant( 1288): wlan0: nl80211: Scan trigger
01-01 12:07:23.698 D/wpa_supplicant( 1288): wlan0: Event SCAN_STARTED (49) received
01-01 12:07:23.698 D/wpa_supplicant( 1288): wlan0: Own scan request started a scan in 0.000401 seconds
01-01 12:07:23.698 D/wpa_supplicant( 1288): CTRL_IFACE monitor sent successfully to /data/misc/wifi/sockets/wpa_ctrl_453-2\x00
01-01 12:07:23.837 D/wpa_supplicant( 1288): wlan0: Control interface command 'SCAN TYPE=ONLY'
01-01 12:07:23.837 D/wpa_supplicant( 1288): Ongoing scan action - reject new request
01-01 12:07:24.787 D/wpa_supplicant( 1288): nl80211: Drv Event 34 (NL80211_CMD_NEW_SCAN_RESULTS) received for wlan0
01-01 12:07:24.788 D/wpa_supplicant( 1288): wlan0: nl80211: New scan results available
01-01 12:07:24.788 D/wpa_supplicant( 1288): nl80211: Scan probed for SSID ''
01-01 12:07:24.789 D/wpa_supplicant( 1288): nl80211: Scan included frequencies: 2412 2417 2422 2427 2432 2437 2442 2447 2452 2457 2462 2467 2472
01-01 12:07:24.789 D/wpa_supplicant( 1288): wlan0: Event SCAN_RESULTS (3) received
01-01 12:07:24.789 D/wpa_supplicant( 1288): wlan0: Scan completed in 1.091101 seconds
01-01 12:07:24.792 D/wpa_supplicant( 1288): nl80211: Received scan results (17 BSSes)
01-01 12:07:24.792 D/wpa_supplicant( 1288): wlan0: BSS: Start scan result update 9
01-01 12:07:24.794 D/wpa_supplicant( 1288): wlan0: BSS: Remove id 7 BSSID c8:50:e9:e9:ba:da SSID 'ChinaNet-gVDT' due to no match in scan
01-01 12:07:24.794 D/wpa_supplicant( 1288): CTRL_IFACE monitor sent successfully to /data/misc/wifi/sockets/wpa_ctrl_453-2\x00
01-01 12:07:24.795 D/wpa_supplicant( 1288): wlan0: BSS: Remove id 27 BSSID d4:68:ba:03:08:a5 SSID 'jishubu' due to no match in scan
01-01 12:07:24.795 D/wpa_supplicant( 1288): CTRL_IFACE monitor sent successfully to /data/misc/wifi/sockets/wpa_ctrl_453-2\x00
01-01 12:07:24.796 D/wpa_supplicant( 1288): wlan0: BSS: Remove id 29 BSSID 0e:69:6c:0b:10:52 SSID 'XM-Guest' due to no match in scan
01-01 12:07:24.796 D/wpa_supplicant( 1288): CTRL_IFACE monitor sent successfully to /data/misc/wifi/sockets/wpa_ctrl_453-2\x00
01-01 12:07:24.796 D/wpa_supplicant( 1288): BSS: last_scan_res_used=17/32
01-01 12:07:24.797 D/wpa_supplicant( 1288): wlan0: Scan-only results received
01-01 12:07:24.797 D/wpa_supplicant( 1288): CTRL_IFACE monitor sent successfully to /data/misc/wifi/sockets/wpa_ctrl_453-2\x00
01-01 12:07:24.798 D/wpa_supplicant( 1288): CTRL_IFACE monitor sent successfully to /data/misc/wifi/sockets/wpa_ctrl_453-2\x00
01-01 12:07:24.798 D/wpa_supplicant( 1288): wlan0: Radio work 'scan'@0xb88026b8 done in 1.143163 seconds
01-01 12:07:24.799 D/wpa_supplicant( 1288): RTM_NEWLINK: ifi_index=4 ifname=wlan0 wext ifi_family=0 ifi_flags=0x11003 ([UP][LOWER_UP])
01-01 12:07:24.903 E/WifiStateMachine(  453): [1,293,883,644,902 ms] noteScanEnd no scan source onTime=0
01-01 12:07:24.904 D/wpa_supplicant( 1288): wlan0: Control interface command 'BSS RANGE=0- MASK=0x21987'
01-01 12:07:24.940 E/WifiStateMachine(  453): wifi setScanResults statecom.android.server.wifi.WifiStateMachine$DisconnectedState@2fcb4641 sup_state=DISCONNECTED debouncing=false mConnectionRequests=1 selection=<none>
01-01 12:07:24.958 D/wpa_supplicant( 1288): wlan0: Control interface command 'STATUS-NO_EVENTS'
01-01 12:07:33.694 E/WifiStateMachine(  453): startDelayedScan send -> 9 milli 10000
01-01 12:07:33.695 D/wpa_supplicant( 1288): wlan0: Control interface command 'SCAN TYPE=ONLY'
01-01 12:07:33.695 D/wpa_supplicant( 1288): wlan0: Setting scan request: 0.000000 sec
01-01 12:07:33.695 D/wpa_supplicant( 1288): wlan0: Starting AP scan for wildcard SSID
01-01 12:07:33.695 D/wpa_supplicant( 1288): WPS: Building WPS IE for Probe Request
01-01 12:07:33.695 D/wpa_supplicant( 1288): WPS:  * Version (hardcoded 0x10)
01-01 12:07:33.695 D/wpa_supplicant( 1288): WPS:  * Request Type
01-01 12:07:33.695 D/wpa_supplicant( 1288): WPS:  * Config Methods (4288)
01-01 12:07:33.695 D/wpa_supplicant( 1288): WPS:  * UUID-E
01-01 12:07:33.695 D/wpa_supplicant( 1288): WPS:  * Primary Device Type
01-01 12:07:33.695 D/wpa_supplicant( 1288): WPS:  * RF Bands (1)
01-01 12:07:33.695 D/wpa_supplicant( 1288): WPS:  * Association State
01-01 12:07:33.695 D/wpa_supplicant( 1288): WPS:  * Configuration Error (0)
01-01 12:07:33.695 D/wpa_supplicant( 1288): WPS:  * Device Password ID (0)
01-01 12:07:33.695 D/wpa_supplicant( 1288): WPS:  * Manufacturer
01-01 12:07:33.695 D/wpa_supplicant( 1288): WPS:  * Model Name
01-01 12:07:33.695 D/wpa_supplicant( 1288): WPS:  * Model Number
01-01 12:07:33.695 D/wpa_supplicant( 1288): WPS:  * Device Name
01-01 12:07:33.695 D/wpa_supplicant( 1288): WPS:  * Version2 (0x20)
01-01 12:07:33.695 D/wpa_supplicant( 1288): P2P: * P2P IE header
01-01 12:07:33.695 D/wpa_supplicant( 1288): P2P: * Capability dev=25 group=00
01-01 12:07:33.695 D/wpa_supplicant( 1288): P2P: * Listen Channel: Regulatory Class 81 Channel 6
01-01 12:07:33.695 D/wpa_supplicant( 1288): wlan0: Add radio work 'scan'@0xb88026b8
01-01 12:07:33.695 D/wpa_supplicant( 1288): wlan0: First radio work item in the queue - schedule start immediately
01-01 12:07:33.695 D/wpa_supplicant( 1288): wlan0: Starting radio work 'scan'@0xb88026b8 after 0.000057 second wait
01-01 12:07:33.695 D/wpa_supplicant( 1288): wlan0: nl80211: scan request
01-01 12:07:33.699 E/WifiStateMachine(  453): [1,293,883,653,698 ms] noteScanstart no scan source uid -2
01-01 12:07:33.738 D/wpa_supplicant( 1288): Scan requested (ret=0) - scan timeout 30 seconds
01-01 12:07:33.738 D/wpa_supplicant( 1288): nl80211: Drv Event 33 (NL80211_CMD_TRIGGER_SCAN) received for wlan0
01-01 12:07:33.738 D/wpa_supplicant( 1288): wlan0: nl80211: Scan trigger
01-01 12:07:33.738 D/wpa_supplicant( 1288): wlan0: Event SCAN_STARTED (49) received
01-01 12:07:33.738 D/wpa_supplicant( 1288): wlan0: Own scan request started a scan in 0.000193 seconds
01-01 12:07:33.738 D/wpa_supplicant( 1288): CTRL_IFACE monitor sent successfully to /data/misc/wifi/sockets/wpa_ctrl_453-2\x00
01-01 12:07:34.832 D/wpa_supplicant( 1288): nl80211: Drv Event 34 (NL80211_CMD_NEW_SCAN_RESULTS) received for wlan0
01-01 12:07:34.832 D/wpa_supplicant( 1288): wlan0: nl80211: New scan results available
01-01 12:07:34.832 D/wpa_supplicant( 1288): nl80211: Scan probed for SSID ''
01-01 12:07:34.832 D/wpa_supplicant( 1288): nl80211: Scan included frequencies: 2412 2417 2422 2427 2432 2437 2442 2447 2452 2457 2462 2467 2472
01-01 12:07:34.832 D/wpa_supplicant( 1288): wlan0: Event SCAN_RESULTS (3) received
01-01 12:07:34.833 D/wpa_supplicant( 1288): wlan0: Scan completed in 1.094717 seconds
01-01 12:07:34.835 D/wpa_supplicant( 1288): nl80211: Received scan results (22 BSSes)
01-01 12:07:34.836 D/wpa_supplicant( 1288): wlan0: BSS: Start scan result update 10
01-01 12:07:34.836 D/wpa_supplicant( 1288): wlan0: BSS: Add new id 39 BSSID 96:b8:6d:85:17:09 SSID 'DIRECT-WKDESKTOP-I5MF2SPmsfH'
01-01 12:07:34.837 D/wpa_supplicant( 1288): CTRL_IFACE monitor sent successfully to /data/misc/wifi/sockets/wpa_ctrl_453-2\x00
01-01 12:07:34.837 D/wpa_supplicant( 1288): wlan0: BSS: Add new id 40 BSSID c8:50:e9:e9:ba:da SSID 'ChinaNet-gVDT'
01-01 12:07:34.837 D/wpa_supplicant( 1288): CTRL_IFACE monitor sent successfully to /data/misc/wifi/sockets/wpa_ctrl_453-2\x00
01-01 12:07:34.838 D/wpa_supplicant( 1288): wlan0: BSS: Add new id 41 BSSID d4:68:ba:13:0a:54 SSID 'CC Universe Wifi'
01-01 12:07:34.838 D/wpa_supplicant( 1288): CTRL_IFACE monitor sent successfully to /data/misc/wifi/sockets/wpa_ctrl_453-2\x00 01-01 12:07:34.839 D/wpa_supplicant( 1288): wlan0: BSS: Add new id 42 BSSID 20:dc:e6:9a:5e:06 SSID 'DCIVISION' 01-01 12:07:34.839 D/wpa_supplicant( 1288): CTRL_IFACE monitor sent successfully to /data/misc/wifi/sockets/wpa_ctrl_453-2\x00 01-01 12:07:34.839 D/wpa_supplicant( 1288): wlan0: BSS: Add new id 43 BSSID 06:69:6c:0b:10:52 SSID 'XM-free' 01-01 12:07:34.840 D/wpa_supplicant( 1288): CTRL_IFACE monitor sent successfully to /data/misc/wifi/sockets/wpa_ctrl_453-2\x00 01-01 12:07:34.840 D/wpa_supplicant( 1288): wlan0: BSS: Add new id 44 BSSID 50:2b:73:f5:28:b1 SSID 'SZYLD' 01-01 12:07:34.841 D/wpa_supplicant( 1288): CTRL_IFACE monitor sent successfully to /data/misc/wifi/sockets/wpa_ctrl_453-2\x00 01-01 12:07:34.841 D/wpa_supplicant( 1288): wlan0: BSS: Add new id 45 BSSID 0e:69:6c:0b:10:52 SSID 'XM-Guest' 01-01 12:07:34.841 D/wpa_supplicant( 1288): CTRL_IFACE monitor sent successfully to /data/misc/wifi/sockets/wpa_ctrl_453-2\x00 01-01 12:07:34.842 D/wpa_supplicant( 1288): wlan0: BSS: Remove id 38 BSSID d4:68:ba:13:08:95 SSID 'CC Universe Wifi' due to no match in scan
01-01 12:07:34.842 D/wpa_supplicant( 1288): CTRL_IFACE monitor sent successfully to /data/misc/wifi/sockets/wpa_ctrl_453-2\x00
01-01 12:07:34.842 D/wpa_supplicant( 1288): wlan0: BSS: Remove id 34 BSSID 9c:06:1b:32:66:90 SSID 'Szuld2018' due to no match in scan
01-01 12:07:34.843 D/wpa_supplicant( 1288): CTRL_IFACE monitor sent successfully to /data/misc/wifi/sockets/wpa_ctrl_453-2\x00
01-01 12:07:34.843 D/wpa_supplicant( 1288): wlan0: BSS: Remove id 28 BSSID a8:0c:ca:09:5a:f9 SSID 'CC Universe Guest' due to no match in scan
01-01 12:07:34.843 D/wpa_supplicant( 1288): CTRL_IFACE monitor sent successfully to /data/misc/wifi/sockets/wpa_ctrl_453-2\x00
01-01 12:07:34.843 D/wpa_supplicant( 1288): BSS: last_scan_res_used=22/32
01-01 12:07:34.844 D/wpa_supplicant( 1288): wlan0: Scan-only results received
01-01 12:07:34.844 D/wpa_supplicant( 1288): CTRL_IFACE monitor sent successfully to /data/misc/wifi/sockets/wpa_ctrl_453-2\x00
01-01 12:07:34.845 D/wpa_supplicant( 1288): CTRL_IFACE monitor sent successfully to /data/misc/wifi/sockets/wpa_ctrl_453-2\x00
01-01 12:07:34.845 D/wpa_supplicant( 1288): wlan0: Radio work 'scan'@0xb88026b8 done in 1.149428 seconds
01-01 12:07:34.845 D/wpa_supplicant( 1288): RTM_NEWLINK: ifi_index=4 ifname=wlan0 wext ifi_family=0 ifi_flags=0x11003 ([UP][LOWER_UP])
01-01 12:07:34.932 E/WifiStateMachine(  453): [1,293,883,654,931 ms] noteScanEnd no scan source onTime=0
01-01 12:07:34.933 D/wpa_supplicant( 1288): wlan0: Control interface command 'BSS RANGE=0- MASK=0x21987'
01-01 12:07:34.972 E/WifiStateMachine(  453): wifi setScanResults statecom.android.server.wifi.WifiStateMachine$DisconnectedState@2fcb4641 sup_state=DISCONNECTED debouncing=false mConnectionRequests=1 selection=<none>
01-01 12:07:34.994 D/wpa_supplicant( 1288): wlan0: Control interface command 'STATUS-NO_EVENTS'
01-01 12:07:38.877 D/wpa_supplicant( 1288): wlan0: Control interface command 'SCAN TYPE=ONLY'
01-01 12:07:38.877 D/wpa_supplicant( 1288): wlan0: Setting scan request: 0.000000 sec
01-01 12:07:38.877 D/wpa_supplicant( 1288): wlan0: Starting AP scan for wildcard SSID
01-01 12:07:38.877 D/wpa_supplicant( 1288): WPS: Building WPS IE for Probe Request
01-01 12:07:38.877 D/wpa_supplicant( 1288): WPS:  * Version (hardcoded 0x10)
01-01 12:07:38.877 D/wpa_supplicant( 1288): WPS:  * Request Type
01-01 12:07:38.877 D/wpa_supplicant( 1288): WPS:  * Config Methods (4288)
01-01 12:07:38.877 D/wpa_supplicant( 1288): WPS:  * UUID-E
01-01 12:07:38.877 D/wpa_supplicant( 1288): WPS:  * Primary Device Type
01-01 12:07:38.877 D/wpa_supplicant( 1288): WPS:  * RF Bands (1)
01-01 12:07:38.877 D/wpa_supplicant( 1288): WPS:  * Association State
01-01 12:07:38.877 D/wpa_supplicant( 1288): WPS:  * Configuration Error (0)
01-01 12:07:38.877 D/wpa_supplicant( 1288): WPS:  * Device Password ID (0)
01-01 12:07:38.877 D/wpa_supplicant( 1288): WPS:  * Manufacturer
01-01 12:07:38.877 D/wpa_supplicant( 1288): WPS:  * Model Name
01-01 12:07:38.877 D/wpa_supplicant( 1288): WPS:  * Model Number
01-01 12:07:38.877 D/wpa_supplicant( 1288): WPS:  * Device Name
01-01 12:07:38.877 D/wpa_supplicant( 1288): WPS:  * Version2 (0x20)
01-01 12:07:38.877 D/wpa_supplicant( 1288): P2P: * P2P IE header
01-01 12:07:38.877 D/wpa_supplicant( 1288): P2P: * Capability dev=25 group=00
01-01 12:07:38.877 D/wpa_supplicant( 1288): P2P: * Listen Channel: Regulatory Class 81 Channel 6
01-01 12:07:38.877 D/wpa_supplicant( 1288): wlan0: Add radio work 'scan'@0xb87ebbc0
01-01 12:07:38.877 D/wpa_supplicant( 1288): wlan0: First radio work item in the queue - schedule start immediately
01-01 12:07:38.877 D/wpa_supplicant( 1288): wlan0: Starting radio work 'scan'@0xb87ebbc0 after 0.000042 second wait
01-01 12:07:38.877 D/wpa_supplicant( 1288): wlan0: nl80211: scan request
01-01 12:07:38.880 E/WifiStateMachine(  453): [1,293,883,658,879 ms] noteScanstart no scan source uid -1
01-01 12:07:38.919 D/wpa_supplicant( 1288): Scan requested (ret=0) - scan timeout 30 seconds
01-01 12:07:38.919 D/wpa_supplicant( 1288): nl80211: Drv Event 33 (NL80211_CMD_TRIGGER_SCAN) received for wlan0
01-01 12:07:38.919 D/wpa_supplicant( 1288): wlan0: nl80211: Scan trigger
01-01 12:07:38.919 D/wpa_supplicant( 1288): wlan0: Event SCAN_STARTED (49) received
01-01 12:07:38.919 D/wpa_supplicant( 1288): wlan0: Own scan request started a scan in 0.000111 seconds
01-01 12:07:38.919 D/wpa_supplicant( 1288): CTRL_IFACE monitor sent successfully to /data/misc/wifi/sockets/wpa_ctrl_453-2\x00
01-01 12:07:40.003 D/wpa_supplicant( 1288): nl80211: Drv Event 34 (NL80211_CMD_NEW_SCAN_RESULTS) received for wlan0
01-01 12:07:40.003 D/wpa_supplicant( 1288): wlan0: nl80211: New scan results available
01-01 12:07:40.004 D/wpa_supplicant( 1288): nl80211: Scan probed for SSID ''
01-01 12:07:40.004 D/wpa_supplicant( 1288): nl80211: Scan included frequencies: 2412 2417 2422 2427 2432 2437 2442 2447 2452 2457 2462 2467 2472
01-01 12:07:40.004 D/wpa_supplicant( 1288): wlan0: Event SCAN_RESULTS (3) received
01-01 12:07:40.005 D/wpa_supplicant( 1288): wlan0: Scan completed in 1.085143 seconds
01-01 12:07:40.007 D/wpa_supplicant( 1288): nl80211: Received scan results (23 BSSes)
01-01 12:07:40.009 D/wpa_supplicant( 1288): wlan0: BSS: Start scan result update 11
01-01 12:07:40.010 D/wpa_supplicant( 1288): wlan0: BSS: Remove id 36 BSSID c8:50:e9:e7:5e:a2 SSID 'ChinaNet-CBV8' due to no match in scan
01-01 12:07:40.010 D/wpa_supplicant( 1288): CTRL_IFACE monitor sent successfully to /data/misc/wifi/sockets/wpa_ctrl_453-2\x00
01-01 12:07:40.011 D/wpa_supplicant( 1288): wlan0: BSS: Remove id 31 BSSID 04:95:e6:4e:01:91 SSID 'ZKG008' due to no match in scan
01-01 12:07:40.011 D/wpa_supplicant( 1288): CTRL_IFACE monitor sent successfully to /data/misc/wifi/sockets/wpa_ctrl_453-2\x00
01-01 12:07:40.012 D/wpa_supplicant( 1288): wlan0: BSS: Remove id 37 BSSID d4:68:ba:03:08:95 SSID 'jishubu' due to no match in scan
01-01 12:07:40.012 D/wpa_supplicant( 1288): CTRL_IFACE monitor sent successfully to /data/misc/wifi/sockets/wpa_ctrl_453-2\x00
01-01 12:07:40.012 D/wpa_supplicant( 1288): wlan0: BSS: Remove id 26 BSSID 02:0e:5e:6d:5b:77 SSID 'ChinaNet-9VX7' due to no match in scan
01-01 12:07:40.013 D/wpa_supplicant( 1288): CTRL_IFACE monitor sent successfully to /data/misc/wifi/sockets/wpa_ctrl_453-2\x00
01-01 12:07:40.013 D/wpa_supplicant( 1288): wlan0: BSS: Remove id 33 BSSID 02:0e:5e:6d:5b:6d SSID 'ChinaNet-tvss' due to no match in scan
01-01 12:07:40.013 D/wpa_supplicant( 1288): CTRL_IFACE monitor sent successfully to /data/misc/wifi/sockets/wpa_ctrl_453-2\x00
01-01 12:07:40.014 D/wpa_supplicant( 1288): BSS: last_scan_res_used=23/32
01-01 12:07:40.014 D/wpa_supplicant( 1288): wlan0: Scan-only results received
01-01 12:07:40.014 D/wpa_supplicant( 1288): CTRL_IFACE monitor sent successfully to /data/misc/wifi/sockets/wpa_ctrl_453-2\x00
01-01 12:07:40.015 D/wpa_supplicant( 1288): CTRL_IFACE monitor sent successfully to /data/misc/wifi/sockets/wpa_ctrl_453-2\x00
01-01 12:07:40.015 D/wpa_supplicant( 1288): wlan0: Radio work 'scan'@0xb87ebbc0 done in 1.137814 seconds
01-01 12:07:40.016 D/wpa_supplicant( 1288): RTM_NEWLINK: ifi_index=4 ifname=wlan0 wext ifi_family=0 ifi_flags=0x11003 ([UP][LOWER_UP])
01-01 12:07:40.105 E/WifiStateMachine(  453): [1,293,883,660,104 ms] noteScanEnd no scan source onTime=0
01-01 12:07:40.106 D/wpa_supplicant( 1288): wlan0: Control interface command 'BSS RANGE=0- MASK=0x21987'
01-01 12:07:40.142 E/WifiStateMachine(  453): wifi setScanResults statecom.android.server.wifi.WifiStateMachine$DisconnectedState@2fcb4641 sup_state=DISCONNECTED debouncing=false mConnectionRequests=1 selection=<none>
01-01 12:07:40.158 D/wpa_supplicant( 1288): wlan0: Control interface command 'STATUS-NO_EVENTS'
01-01 12:07:43.740 E/WifiStateMachine(  453): startDelayedScan send -> 10 milli 10000
01-01 12:07:43.741 D/wpa_supplicant( 1288): wlan0: Control interface command 'SCAN TYPE=ONLY'
01-01 12:07:43.741 D/wpa_supplicant( 1288): wlan0: Setting scan request: 0.000000 sec
01-01 12:07:43.741 D/wpa_supplicant( 1288): wlan0: Starting AP scan for wildcard SSID
01-01 12:07:43.741 D/wpa_supplicant( 1288): WPS: Building WPS IE for Probe Request
01-01 12:07:43.741 D/wpa_supplicant( 1288): WPS:  * Version (hardcoded 0x10)
01-01 12:07:43.741 D/wpa_supplicant( 1288): WPS:  * Request Type
01-01 12:07:43.741 D/wpa_supplicant( 1288): WPS:  * Config Methods (4288)
01-01 12:07:43.741 D/wpa_supplicant( 1288): WPS:  * UUID-E
01-01 12:07:43.741 D/wpa_supplicant( 1288): WPS:  * Primary Device Type
01-01 12:07:43.741 D/wpa_supplicant( 1288): WPS:  * RF Bands (1)
01-01 12:07:43.741 D/wpa_supplicant( 1288): WPS:  * Association State
01-01 12:07:43.741 D/wpa_supplicant( 1288): WPS:  * Configuration Error (0)
01-01 12:07:43.741 D/wpa_supplicant( 1288): WPS:  * Device Password ID (0)
01-01 12:07:43.741 D/wpa_supplicant( 1288): WPS:  * Manufacturer
01-01 12:07:43.741 D/wpa_supplicant( 1288): WPS:  * Model Name
01-01 12:07:43.741 D/wpa_supplicant( 1288): WPS:  * Model Number
01-01 12:07:43.741 D/wpa_supplicant( 1288): WPS:  * Device Name
01-01 12:07:43.741 D/wpa_supplicant( 1288): WPS:  * Version2 (0x20)
01-01 12:07:43.741 D/wpa_supplicant( 1288): P2P: * P2P IE header
01-01 12:07:43.741 D/wpa_supplicant( 1288): P2P: * Capability dev=25 group=00
01-01 12:07:43.741 D/wpa_supplicant( 1288): P2P: * Listen Channel: Regulatory Class 81 Channel 6
01-01 12:07:43.741 D/wpa_supplicant( 1288): wlan0: Add radio work 'scan'@0xb87ebbc0
01-01 12:07:43.741 D/wpa_supplicant( 1288): wlan0: First radio work item in the queue - schedule start immediately
01-01 12:07:43.741 D/wpa_supplicant( 1288): wlan0: Starting radio work 'scan'@0xb87ebbc0 after 0.000058 second wait
01-01 12:07:43.742 D/wpa_supplicant( 1288): wlan0: nl80211: scan request
01-01 12:07:43.745 E/WifiStateMachine(  453): [1,293,883,663,744 ms] noteScanstart no scan source uid -2
01-01 12:07:43.784 D/wpa_supplicant( 1288): Scan requested (ret=0) - scan timeout 30 seconds
01-01 12:07:43.784 D/wpa_supplicant( 1288): nl80211: Drv Event 33 (NL80211_CMD_TRIGGER_SCAN) received for wlan0
01-01 12:07:43.784 D/wpa_supplicant( 1288): wlan0: nl80211: Scan trigger
01-01 12:07:43.784 D/wpa_supplicant( 1288): wlan0: Event SCAN_STARTED (49) received
01-01 12:07:43.784 D/wpa_supplicant( 1288): wlan0: Own scan request started a scan in 0.000177 seconds
01-01 12:07:43.784 D/wpa_supplicant( 1288): CTRL_IFACE monitor sent successfully to /data/misc/wifi/sockets/wpa_ctrl_453-2\x00
01-01 12:07:44.871 D/wpa_supplicant( 1288): nl80211: Drv Event 34 (NL80211_CMD_NEW_SCAN_RESULTS) received for wlan0
01-01 12:07:44.871 D/wpa_supplicant( 1288): wlan0: nl80211: New scan results available
01-01 12:07:44.871 D/wpa_supplicant( 1288): nl80211: Scan probed for SSID ''
01-01 12:07:44.872 D/wpa_supplicant( 1288): nl80211: Scan included frequencies: 2412 2417 2422 2427 2432 2437 2442 2447 2452 2457 2462 2467 2472
01-01 12:07:44.872 D/wpa_supplicant( 1288): wlan0: Event SCAN_RESULTS (3) received
01-01 12:07:44.872 D/wpa_supplicant( 1288): wlan0: Scan completed in 1.087572 seconds
01-01 12:07:44.874 D/wpa_supplicant( 1288): nl80211: Received scan results (21 BSSes)
01-01 12:07:44.875 D/wpa_supplicant( 1288): wlan0: BSS: Start scan result update 12
01-01 12:07:44.875 D/wpa_supplicant( 1288): wlan0: BSS: Add new id 46 BSSID c8:50:e9:e7:5e:a2 SSID 'ChinaNet-CBV8'
01-01 12:07:44.876 D/wpa_supplicant( 1288): CTRL_IFACE monitor sent successfully to /data/misc/wifi/sockets/wpa_ctrl_453-2\x00
01-01 12:07:44.876 D/wpa_supplicant( 1288): wlan0: BSS: Add new id 47 BSSID 20:6b:e7:52:b4:68 SSID 'ys_2.4'
01-01 12:07:44.876 D/wpa_supplicant( 1288): CTRL_IFACE monitor sent successfully to /data/misc/wifi/sockets/wpa_ctrl_453-2\x00
01-01 12:07:44.877 D/wpa_supplicant( 1288): BSS: last_scan_res_used=21/32
01-01 12:07:44.877 D/wpa_supplicant( 1288): wlan0: Scan-only results received
01-01 12:07:44.877 D/wpa_supplicant( 1288): CTRL_IFACE monitor sent successfully to /data/misc/wifi/sockets/wpa_ctrl_453-2\x00
01-01 12:07:44.878 D/wpa_supplicant( 1288): CTRL_IFACE monitor sent successfully to /data/misc/wifi/sockets/wpa_ctrl_453-2\x00
01-01 12:07:44.878 D/wpa_supplicant( 1288): wlan0: Radio work 'scan'@0xb87ebbc0 done in 1.136423 seconds
01-01 12:07:44.879 D/wpa_supplicant( 1288): RTM_NEWLINK: ifi_index=4 ifname=wlan0 wext ifi_family=0 ifi_flags=0x11003 ([UP][LOWER_UP])
01-01 12:07:44.969 E/WifiStateMachine(  453): [1,293,883,664,968 ms] noteScanEnd no scan source onTime=0
01-01 12:07:44.969 D/wpa_supplicant( 1288): wlan0: Control interface command 'BSS RANGE=0- MASK=0x21987'
01-01 12:07:45.002 E/WifiStateMachine(  453): wifi setScanResults statecom.android.server.wifi.WifiStateMachine$DisconnectedState@2fcb4641 sup_state=DISCONNECTED debouncing=false mConnectionRequests=1 selection=<none>
01-01 12:07:45.018 D/wpa_supplicant( 1288): wlan0: Control interface command 'STATUS-NO_EVENTS'
--------- beginning of system
01-01 12:07:49.695 D/PowerManagerService(  453): LockScreenOff10
01-01 12:07:50.194 D/PowerManagerService(  453): LockScreenOff10
01-01 12:07:50.706 D/PowerManagerService(  453): LockScreenOff10
01-01 12:07:51.783 D/PowerManagerService(  453): LockScreenOff10
01-01 12:07:51.910 D/PowerManagerService(  453): LockScreenOff10
01-01 12:07:52.028 W/AudioTrack(  453): AUDIO_OUTPUT_FLAG_FAST denied by client
01-01 12:07:52.033 W/AppOps  (  453): Bad call: specified package media under uid 1000 but it is really 1013
01-01 12:07:52.241 D/AudioHardwareTiny(  160): start_output_stream
01-01 12:07:52.241 W/AppOps  (  453): Bad call: specified package media under uid 1000 but it is really 1013
01-01 12:07:52.241 D/AudioHardwareTiny(  160): Audio HAL start_output_stream  out->device = 0x80400
01-01 12:07:52.241 D/AudioHardwareTiny(  160): The current HDMI is DVI mode
01-01 12:07:52.282 D/PowerManagerService(  453): LockScreenOff10
01-01 12:07:52.463 W/AppOps  (  453): Bad call: specified package media under uid 1000 but it is really 1013
01-01 12:07:53.319 D/PowerManagerService(  453): LockScreenOff10
01-01 12:07:53.766 E/WifiStateMachine(  453): startDelayedScan send -> 11 milli 10000
01-01 12:07:53.767 D/wpa_supplicant( 1288): wlan0: Control interface command 'SCAN TYPE=ONLY'
01-01 12:07:53.767 D/wpa_supplicant( 1288): wlan0: Setting scan request: 0.000000 sec
01-01 12:07:53.767 D/wpa_supplicant( 1288): wlan0: Starting AP scan for wildcard SSID
01-01 12:07:53.767 D/wpa_supplicant( 1288): WPS: Building WPS IE for Probe Request
01-01 12:07:53.767 D/wpa_supplicant( 1288): WPS:  * Version (hardcoded 0x10)
01-01 12:07:53.767 D/wpa_supplicant( 1288): WPS:  * Request Type
01-01 12:07:53.767 D/wpa_supplicant( 1288): WPS:  * Config Methods (4288)
01-01 12:07:53.767 D/wpa_supplicant( 1288): WPS:  * UUID-E
01-01 12:07:53.767 D/wpa_supplicant( 1288): WPS:  * Primary Device Type
01-01 12:07:53.767 D/wpa_supplicant( 1288): WPS:  * RF Bands (1)
01-01 12:07:53.767 D/wpa_supplicant( 1288): WPS:  * Association State
01-01 12:07:53.767 D/wpa_supplicant( 1288): WPS:  * Configuration Error (0)
01-01 12:07:53.767 D/wpa_supplicant( 1288): WPS:  * Device Password ID (0)
01-01 12:07:53.767 D/wpa_supplicant( 1288): WPS:  * Manufacturer
01-01 12:07:53.767 D/wpa_supplicant( 1288): WPS:  * Model Name
01-01 12:07:53.767 D/wpa_supplicant( 1288): WPS:  * Model Number
01-01 12:07:53.767 D/wpa_supplicant( 1288): WPS:  * Device Name
01-01 12:07:53.767 D/wpa_supplicant( 1288): WPS:  * Version2 (0x20)
01-01 12:07:53.767 D/wpa_supplicant( 1288): P2P: * P2P IE header
01-01 12:07:53.767 D/wpa_supplicant( 1288): P2P: * Capability dev=25 group=00
01-01 12:07:53.767 D/wpa_supplicant( 1288): P2P: * Listen Channel: Regulatory Class 81 Channel 6
01-01 12:07:53.767 D/wpa_supplicant( 1288): wlan0: Add radio work 'scan'@0xb87ebbc0
01-01 12:07:53.767 D/wpa_supplicant( 1288): wlan0: First radio work item in the queue - schedule start immediately
01-01 12:07:53.768 D/wpa_supplicant( 1288): wlan0: Starting radio work 'scan'@0xb87ebbc0 after 0.000062 second wait
01-01 12:07:53.768 D/wpa_supplicant( 1288): wlan0: nl80211: scan request
01-01 12:07:53.772 E/WifiStateMachine(  453): [1,293,883,673,770 ms] noteScanstart no scan source uid -2
01-01 12:07:53.810 D/wpa_supplicant( 1288): Scan requested (ret=0) - scan timeout 30 seconds
01-01 12:07:53.810 D/wpa_supplicant( 1288): nl80211: Drv Event 33 (NL80211_CMD_TRIGGER_SCAN) received for wlan0
01-01 12:07:53.810 D/wpa_supplicant( 1288): wlan0: nl80211: Scan trigger
01-01 12:07:53.810 D/wpa_supplicant( 1288): wlan0: Event SCAN_STARTED (49) received
01-01 12:07:53.810 D/wpa_supplicant( 1288): wlan0: Own scan request started a scan in 0.000198 seconds
01-01 12:07:53.810 D/wpa_supplicant( 1288): CTRL_IFACE monitor sent successfully to /data/misc/wifi/sockets/wpa_ctrl_453-2\x00
01-01 12:07:53.819 D/PowerManagerService(  453): LockScreenOff10
01-01 12:07:53.894 D/wpa_supplicant( 1288): wlan0: Control interface command 'SCAN TYPE=ONLY'
01-01 12:07:53.895 D/wpa_supplicant( 1288): Ongoing scan action - reject new request
01-01 12:07:54.160 D/PowerManagerService(  453): LockScreenOff10
01-01 12:07:54.302 W/AudioTrack(  453): AUDIO_OUTPUT_FLAG_FAST denied by client
01-01 12:07:54.306 I/ActivityManager(  453): START u0 {act=android.intent.action.MAIN cat=[android.intent.category.LAUNCHER] flg=0x10200000 cmp=com.android.settings/.Settings (has extras)} from uid 10031 on display 0
01-01 12:07:54.321 V/WindowManager(  453): addAppToken: AppWindowToken{ae45398 token=Token{1a21297b ActivityRecord{1083ed0a u0 com.android.settings/.Settings t8}}} to stack=1 task=8 at 0
01-01 12:07:54.322 W/AppOps  (  453): Bad call: specified package media under uid 1000 but it is really 1013
01-01 12:07:54.398 D/TypefaceImpl(  453): makeFontCollection adding /system/fonts/Roboto-Regular.ttf
01-01 12:07:54.557 I/IndexDatabaseHelper( 1041): Using schema version: 115
01-01 12:07:54.559 I/IndexDatabaseHelper( 1041): Index is fine
01-01 12:07:54.563 D/Index   ( 1041): Locale 'en_US' is already indexed
01-01 12:07:54.576 W/AppOps  (  453): Bad call: specified package media under uid 1000 but it is really 1013
01-01 12:07:54.594 V/WindowManager(  453): Adding window Window{14b58e3 u0 com.android.settings/com.android.settings.Settings} at 2 of 7 (after Window{100a98d4 u0 com.android.launcher3/com.android.launcher3.Launcher})
01-01 12:07:54.595 E/Minikin (  453): addFont failed to create font /system/fonts/NanumGothic.ttf
01-01 12:07:54.595 E/Minikin (  453): addFont failed to create font /system/fonts/DroidSansFallback.ttf
01-01 12:07:54.610 E/NFC     ( 1041): could not retrieve NFC service
01-01 12:07:54.611 D/UserManager( 1041): ---getMaxSupportedUsers,we has UMS,force disabled M-user---
01-01 12:07:54.632 D/OpenGLRenderer(  453): Use EGL_SWAP_BEHAVIOR_PRESERVED: true
01-01 12:07:54.632 D/Atlas   (  453): Validating map...
01-01 12:07:54.632 W/Atlas   (  453): Pointer 0x0, not in getPreloadedDrawables?
01-01 12:07:54.633 W/Atlas   (  453): Pointer 0x0, not in getPreloadedDrawables?
01-01 12:07:54.634 V/WindowManager(  453): not Base app: Adding window Window{15619d0c u0 Starting com.android.settings} at 3 of 8
01-01 12:07:54.649 E/EmojiFactory_jni(  453): Failed to load libemoji.so: dlopen failed: library "libemoji.so" not found
01-01 12:07:54.676 I/OpenGLRenderer(  453): Initialized EGL, version 1.4
01-01 12:07:54.678 D/OpenGLRenderer(  453): Enabling debug mode 0
01-01 12:07:54.859 D/DashboardSummary( 1041): rebuildUI took: 260 ms
01-01 12:07:54.909 D/wpa_supplicant( 1288): nl80211: Drv Event 34 (NL80211_CMD_NEW_SCAN_RESULTS) received for wlan0
01-01 12:07:54.910 D/wpa_supplicant( 1288): wlan0: nl80211: New scan results available
01-01 12:07:54.910 D/wpa_supplicant( 1288): nl80211: Scan probed for SSID ''
01-01 12:07:54.910 D/wpa_supplicant( 1288): nl80211: Scan included frequencies: 2412 2417 2422 2427 2432 2437 2442 2447 2452 2457 2462 2467 2472
01-01 12:07:54.910 D/wpa_supplicant( 1288): wlan0: Event SCAN_RESULTS (3) received
01-01 12:07:54.910 D/wpa_supplicant( 1288): wlan0: Scan completed in 1.099685 seconds
01-01 12:07:54.910 D/wpa_supplicant( 1288): nl80211: Received scan results (14 BSSes)
01-01 12:07:54.910 D/wpa_supplicant( 1288): wlan0: BSS: Start scan result update 13
01-01 12:07:54.910 D/wpa_supplicant( 1288): wlan0: BSS: Remove id 32 BSSID d4:68:ba:03:0a:54 SSID 'jishubu' due to no match in scan
01-01 12:07:54.910 D/wpa_supplicant( 1288): CTRL_IFACE monitor sent successfully to /data/misc/wifi/sockets/wpa_ctrl_453-2\x00
01-01 12:07:54.910 D/wpa_supplicant( 1288): wlan0: BSS: Remove id 42 BSSID 20:dc:e6:9a:5e:06 SSID 'DCIVISION' due to no match in scan
01-01 12:07:54.910 D/wpa_supplicant( 1288): CTRL_IFACE monitor sent successfully to /data/misc/wifi/sockets/wpa_ctrl_453-2\x00
01-01 12:07:54.910 D/wpa_supplicant( 1288): wlan0: BSS: Remove id 44 BSSID 50:2b:73:f5:28:b1 SSID 'SZYLD' due to no match in scan
01-01 12:07:54.910 D/wpa_supplicant( 1288): CTRL_IFACE monitor sent successfully to /data/misc/wifi/sockets/wpa_ctrl_453-2\x00
01-01 12:07:54.910 D/wpa_supplicant( 1288): BSS: last_scan_res_used=14/32
01-01 12:07:54.910 D/wpa_supplicant( 1288): wlan0: Scan-only results received
01-01 12:07:54.910 D/wpa_supplicant( 1288): CTRL_IFACE monitor sent successfully to /data/misc/wifi/sockets/wpa_ctrl_453-2\x00
01-01 12:07:54.910 D/wpa_supplicant( 1288): CTRL_IFACE monitor sent successfully to /data/misc/wifi/sockets/wpa_ctrl_453-2\x00
01-01 12:07:54.910 D/wpa_supplicant( 1288): wlan0: Radio work 'scan'@0xb87ebbc0 done in 1.142707 seconds
01-01 12:07:54.910 D/wpa_supplicant( 1288): RTM_NEWLINK: ifi_index=4 ifname=wlan0 wext ifi_family=0 ifi_flags=0x11003 ([UP][LOWER_UP])
01-01 12:07:54.923 I/InputDispatcher(  453): Dropping event because there is no touchable window at (891, 346).
01-01 12:07:54.923 D/PowerManagerService(  453): LockScreenOff10
01-01 12:07:54.931 I/InputDispatcher(  453): Dropping event because there is no touchable window at (891, 347).
01-01 12:07:54.939 I/InputDispatcher(  453): Dropping event because there is no touchable window at (889, 350).
01-01 12:07:54.947 I/InputDispatcher(  453): Dropping event because there is no touchable window at (888, 351).
01-01 12:07:54.948 E/WifiStateMachine(  453): [1,293,883,674,948 ms] noteScanEnd no scan source onTime=0
01-01 12:07:54.949 D/wpa_supplicant( 1288): wlan0: Control interface command 'BSS RANGE=0- MASK=0x21987'
01-01 12:07:54.955 I/InputDispatcher(  453): Dropping event because there is no touchable window at (886, 352).
01-01 12:07:54.963 I/InputDispatcher(  453): Dropping event because there is no touchable window at (884, 353).
01-01 12:07:54.967 E/WifiStateMachine(  453): wifi setScanResults statecom.android.server.wifi.WifiStateMachine$DisconnectedState@2fcb4641 sup_state=DISCONNECTED debouncing=false mConnectionRequests=1 selection=<none>
01-01 12:07:54.971 I/InputDispatcher(  453): Dropping event because there is no touchable window at (883, 353).
01-01 12:07:54.978 D/wpa_supplicant( 1288): wlan0: Control interface command 'STATUS-NO_EVENTS'
01-01 12:07:54.987 I/InputDispatcher(  453): Dropping event because there is no touchable window at (881, 354).
01-01 12:07:54.995 I/InputDispatcher(  453): Dropping event because there is no touchable window at (880, 355).
01-01 12:07:55.245 I/ActivityManager(  453): Displayed com.android.settings/.Settings: +817ms
01-01 12:07:55.459 D/PowerManagerService(  453): LockScreenOff10
01-01 12:07:55.997 D/PowerManagerService(  453): LockScreenOff10
01-01 12:07:56.500 D/PowerManagerService(  453): LockScreenOff10
01-01 12:07:56.788 D/PowerManagerService(  453): LockScreenOff10
01-01 12:07:56.890 W/AudioTrack(  453): AUDIO_OUTPUT_FLAG_FAST denied by client
01-01 12:07:56.892 I/ActivityManager(  453): START u0 {act=android.intent.action.MAIN cmp=com.android.settings/.SubSettings (has extras)} from uid 1000 on display 0
01-01 12:07:56.899 V/WindowManager(  453): addAppToken: AppWindowToken{3cf9b09 token=Token{38321410 ActivityRecord{3440d3 u0 com.android.settings/.SubSettings t8}}} to stack=1 task=8 at 1
01-01 12:07:56.910 W/AppOps  (  453): Bad call: specified package media under uid 1000 but it is really 1013
01-01 12:07:57.065 D/SubSettings( 1041): Launching fragment com.android.settings.wifi.WifiSettings
01-01 12:07:57.105 D/WifiService(  453): New client listening to asynchronous messages
01-01 12:07:57.154 W/AppOps  (  453): Bad call: specified package media under uid 1000 but it is really 1013
01-01 12:07:57.227 V/WindowManager(  453): Adding window Window{6232a1f u0 com.android.settings/com.android.settings.SubSettings} at 3 of 8 (after Window{14b58e3 u0 com.android.settings/com.android.settings.Settings})
01-01 12:07:57.247 D/Index   ( 1041): Deleting data for locale 'en_US' took 9 millis
01-01 12:07:57.319 D/Index   ( 1041): Indexing locale 'en_US' took 72 millis
01-01 12:07:57.755 I/ActivityManager(  453): Displayed com.android.settings/.SubSettings: +838ms
01-01 12:07:57.799 D/Index   ( 1041): Deleting data for locale 'en_US' took 2 millis
01-01 12:07:57.823 D/wpa_supplicant( 1288): wlan0: Control interface command 'SCAN TYPE=ONLY'
01-01 12:07:57.823 D/wpa_supplicant( 1288): wlan0: Setting scan request: 0.000000 sec
01-01 12:07:57.823 D/wpa_supplicant( 1288): wlan0: Starting AP scan for wildcard SSID
01-01 12:07:57.823 D/wpa_supplicant( 1288): WPS: Building WPS IE for Probe Request
01-01 12:07:57.823 D/wpa_supplicant( 1288): WPS:  * Version (hardcoded 0x10)
01-01 12:07:57.823 D/wpa_supplicant( 1288): WPS:  * Request Type
01-01 12:07:57.823 D/wpa_supplicant( 1288): WPS:  * Config Methods (4288)
01-01 12:07:57.823 D/wpa_supplicant( 1288): WPS:  * UUID-E
01-01 12:07:57.823 D/wpa_supplicant( 1288): WPS:  * Primary Device Type
01-01 12:07:57.823 D/wpa_supplicant( 1288): WPS:  * RF Bands (1)
01-01 12:07:57.823 D/wpa_supplicant( 1288): WPS:  * Association State
01-01 12:07:57.823 D/wpa_supplicant( 1288): WPS:  * Configuration Error (0)
01-01 12:07:57.823 D/wpa_supplicant( 1288): WPS:  * Device Password ID (0)
01-01 12:07:57.823 D/wpa_supplicant( 1288): WPS:  * Manufacturer
01-01 12:07:57.823 D/wpa_supplicant( 1288): WPS:  * Model Name
01-01 12:07:57.823 D/wpa_supplicant( 1288): WPS:  * Model Number
01-01 12:07:57.823 D/wpa_supplicant( 1288): WPS:  * Device Name
01-01 12:07:57.823 D/wpa_supplicant( 1288): WPS:  * Version2 (0x20)
01-01 12:07:57.823 D/wpa_supplicant( 1288): P2P: * P2P IE header
01-01 12:07:57.823 D/wpa_supplicant( 1288): P2P: * Capability dev=25 group=00
01-01 12:07:57.823 D/wpa_supplicant( 1288): P2P: * Listen Channel: Regulatory Class 81 Channel 6
01-01 12:07:57.823 D/wpa_supplicant( 1288): wlan0: Add radio work 'scan'@0xb8803fd0
01-01 12:07:57.823 D/wpa_supplicant( 1288): wlan0: First radio work item in the queue - schedule start immediately
01-01 12:07:57.823 D/wpa_supplicant( 1288): wlan0: Starting radio work 'scan'@0xb8803fd0 after 0.000035 second wait
01-01 12:07:57.823 D/wpa_supplicant( 1288): wlan0: nl80211: scan request
01-01 12:07:57.827 E/WifiStateMachine(  453): [1,293,883,677,826 ms] noteScanstart no scan source uid 1000
01-01 12:07:57.865 D/wpa_supplicant( 1288): Scan requested (ret=0) - scan timeout 30 seconds
01-01 12:07:57.865 D/wpa_supplicant( 1288): nl80211: Drv Event 33 (NL80211_CMD_TRIGGER_SCAN) received for wlan0
01-01 12:07:57.865 D/wpa_supplicant( 1288): wlan0: nl80211: Scan trigger
01-01 12:07:57.865 D/wpa_supplicant( 1288): wlan0: Event SCAN_STARTED (49) received
01-01 12:07:57.865 D/wpa_supplicant( 1288): wlan0: Own scan request started a scan in 0.000085 seconds
01-01 12:07:57.865 D/wpa_supplicant( 1288): CTRL_IFACE monitor sent successfully to /data/misc/wifi/sockets/wpa_ctrl_453-2\x00
01-01 12:07:57.904 D/Index   ( 1041): Indexing locale 'en_US' took 105 millis
01-01 12:07:58.376 D/TaskPersister(  453): removeObsoleteFile: deleting file=6_task.xml
01-01 12:07:58.379 D/TaskPersister(  453): removeObsoleteFile: deleting file=6_task_thumbnail.png
01-01 12:07:58.781 D/PowerManagerService(  453): LockScreenOff10
01-01 12:07:58.947 D/wpa_supplicant( 1288): nl80211: Drv Event 34 (NL80211_CMD_NEW_SCAN_RESULTS) received for wlan0
01-01 12:07:58.947 D/wpa_supplicant( 1288): wlan0: nl80211: New scan results available
01-01 12:07:58.947 D/wpa_supplicant( 1288): nl80211: Scan probed for SSID ''
01-01 12:07:58.948 D/wpa_supplicant( 1288): nl80211: Scan included frequencies: 2412 2417 2422 2427 2432 2437 2442 2447 2452 2457 2462 2467 2472
01-01 12:07:58.948 D/wpa_supplicant( 1288): wlan0: Event SCAN_RESULTS (3) received
01-01 12:07:58.948 D/wpa_supplicant( 1288): wlan0: Scan completed in 1.082694 seconds
01-01 12:07:58.948 D/wpa_supplicant( 1288): nl80211: Received scan results (15 BSSes)
01-01 12:07:58.948 D/wpa_supplicant( 1288): wlan0: BSS: Start scan result update 14
01-01 12:07:58.948 D/wpa_supplicant( 1288): wlan0: BSS: Remove id 40 BSSID c8:50:e9:e9:ba:da SSID 'ChinaNet-gVDT' due to no match in scan
01-01 12:07:58.949 D/wpa_supplicant( 1288): CTRL_IFACE monitor sent successfully to /data/misc/wifi/sockets/wpa_ctrl_453-2\x00
01-01 12:07:58.949 D/wpa_supplicant( 1288): wlan0: BSS: Remove id 9 BSSID 2c:b2:1a:03:27:f2 SSID 'PDCN' due to no match in scan
01-01 12:07:58.949 D/wpa_supplicant( 1288): CTRL_IFACE monitor sent successfully to /data/misc/wifi/sockets/wpa_ctrl_453-2\x00
01-01 12:07:58.949 D/wpa_supplicant( 1288): wlan0: BSS: Remove id 10 BSSID cc:08:fb:67:b9:b2 SSID 'TP-LINK_xiaomei' due to no match in scan
01-01 12:07:58.949 D/wpa_supplicant( 1288): CTRL_IFACE monitor sent successfully to /data/misc/wifi/sockets/wpa_ctrl_453-2\x00
01-01 12:07:58.949 D/wpa_supplicant( 1288): wlan0: BSS: Remove id 41 BSSID d4:68:ba:13:0a:54 SSID 'CC Universe Wifi' due to no match in scan
01-01 12:07:58.949 D/wpa_supplicant( 1288): CTRL_IFACE monitor sent successfully to /data/misc/wifi/sockets/wpa_ctrl_453-2\x00
01-01 12:07:58.949 D/wpa_supplicant( 1288): wlan0: BSS: Remove id 47 BSSID 20:6b:e7:52:b4:68 SSID 'ys_2.4' due to no match in scan
01-01 12:07:58.949 D/wpa_supplicant( 1288): CTRL_IFACE monitor sent successfully to /data/misc/wifi/sockets/wpa_ctrl_453-2\x00
01-01 12:07:58.949 D/wpa_supplicant( 1288): wlan0: BSS: Remove id 35 BSSID d4:68:ba:0b:08:95 SSID 'CC Universe Guest' due to no match in scan
01-01 12:07:58.949 D/wpa_supplicant( 1288): CTRL_IFACE monitor sent successfully to /data/misc/wifi/sockets/wpa_ctrl_453-2\x00
01-01 12:07:58.949 D/wpa_supplicant( 1288): wlan0: BSS: Remove id 18 BSSID d4:68:ba:0b:0a:54 SSID 'CC Universe Guest' due to no match in scan
01-01 12:07:58.949 D/wpa_supplicant( 1288): CTRL_IFACE monitor sent successfully to /data/misc/wifi/sockets/wpa_ctrl_453-2\x00
01-01 12:07:58.949 D/wpa_supplicant( 1288): BSS: last_scan_res_used=15/32
01-01 12:07:58.949 D/wpa_supplicant( 1288): wlan0: Scan-only results received
01-01 12:07:58.950 D/wpa_supplicant( 1288): CTRL_IFACE monitor sent successfully to /data/misc/wifi/sockets/wpa_ctrl_453-2\x00
01-01 12:07:58.950 D/wpa_supplicant( 1288): CTRL_IFACE monitor sent successfully to /data/misc/wifi/sockets/wpa_ctrl_453-2\x00
01-01 12:07:58.950 D/wpa_supplicant( 1288): wlan0: Radio work 'scan'@0xb8803fd0 done in 1.126503 seconds
01-01 12:07:58.950 D/wpa_supplicant( 1288): RTM_NEWLINK: ifi_index=4 ifname=wlan0 wext ifi_family=0 ifi_flags=0x11003 ([UP][LOWER_UP])
01-01 12:07:59.013 E/WifiStateMachine(  453): [1,293,883,679,012 ms] noteScanEnd WorkSource{1000} onTime=0
01-01 12:07:59.013 D/wpa_supplicant( 1288): wlan0: Control interface command 'BSS RANGE=0- MASK=0x21987'
01-01 12:07:59.037 E/WifiStateMachine(  453): wifi setScanResults statecom.android.server.wifi.WifiStateMachine$DisconnectedState@2fcb4641 sup_state=DISCONNECTED debouncing=false mConnectionRequests=1 selection=<none>
01-01 12:07:59.047 D/wpa_supplicant( 1288): wlan0: Control interface command 'STATUS-NO_EVENTS'
01-01 12:07:59.284 D/PowerManagerService(  453): LockScreenOff10
01-01 12:07:59.788 D/PowerManagerService(  453): LockScreenOff10
01-01 12:07:59.901 D/SurfaceFlinger(  154): shader cache generated - 24 shaders in 194.198074 ms
01-01 12:08:00.095 D/AudioHardwareTiny(  160): close device
01-01 12:08:00.095 W/AppOps  (  453): Bad call: specified package media under uid 1000 but it is really 1013
01-01 12:08:00.370 D/PowerManagerService(  453): LockScreenOff10
01-01 12:08:00.976 D/PowerManagerService(  453): LockScreenOff10
01-01 12:08:01.296 D/PowerManagerService(  453): LockScreenOff10
01-01 12:08:01.431 W/AudioTrack(  453): AUDIO_OUTPUT_FLAG_FAST denied by client
01-01 12:08:01.434 W/AppOps  (  453): Bad call: specified package media under uid 1000 but it is really 1013
01-01 12:08:01.457 W/AppOps  (  453): Bad call: specified package media under uid 1000 but it is really 1013
01-01 12:08:01.457 D/AudioHardwareTiny(  160): start_output_stream
01-01 12:08:01.458 D/AudioHardwareTiny(  160): Audio HAL start_output_stream  out->device = 0x80400
01-01 12:08:01.458 D/AudioHardwareTiny(  160): The current HDMI is DVI mode
01-01 12:08:01.522 V/WindowManager(  453): Adding window Window{1704296 u0 PopupWindow:3bd54774} at 4 of 9 (after Window{6232a1f u0 com.android.settings/com.android.settings.SubSettings})
01-01 12:08:01.605 D/PowerManagerService(  453): LockScreenOff10
01-01 12:08:01.678 W/AppOps  (  453): Bad call: specified package media under uid 1000 but it is really 1013
01-01 12:08:02.109 D/PowerManagerService(  453): LockScreenOff10
01-01 12:08:02.629 D/PowerManagerService(  453): LockScreenOff10
01-01 12:08:02.840 D/PowerManagerService(  453): LockScreenOff10
01-01 12:08:03.021 W/AudioTrack(  453): AUDIO_OUTPUT_FLAG_FAST denied by client
01-01 12:08:03.029 I/ActivityManager(  453): START u0 {act=android.intent.action.MAIN cmp=com.android.settings/.SubSettings (has extras)} from uid 1000 on display 0
01-01 12:08:03.037 W/AppOps  (  453): Bad call: specified package media under uid 1000 but it is really 1013
01-01 12:08:03.041 V/WindowManager(  453): addAppToken: AppWindowToken{a7aa4b3 token=Token{2365f222 ActivityRecord{1f8763ed u0 com.android.settings/.SubSettings t8}}} to stack=1 task=8 at 2
01-01 12:08:03.090 I/InputDispatcher(  453): Dropping event because there is no touchable window at (1172, 150).
01-01 12:08:03.109 I/InputDispatcher(  453): Dropping event because there is no touchable window at (1171, 151).
01-01 12:08:03.125 I/InputDispatcher(  453): Dropping event because there is no touchable window at (1170, 152).
01-01 12:08:03.141 I/InputDispatcher(  453): Dropping event because there is no touchable window at (1168, 153).
01-01 12:08:03.141 D/PowerManagerService(  453): LockScreenOff10
01-01 12:08:03.157 I/InputDispatcher(  453): Dropping event because there is no touchable window at (1167, 153).
01-01 12:08:03.165 I/InputDispatcher(  453): Dropping event because there is no touchable window at (1166, 154).
01-01 12:08:03.173 I/InputDispatcher(  453): Dropping event because there is no touchable window at (1164, 155).
01-01 12:08:03.175 D/SubSettings( 1041): Launching fragment com.android.settings.wifi.AdvancedWifiSettings
01-01 12:08:03.245 I/InputDispatcher(  453): Dropping event because there is no touchable window at (1163, 155).
01-01 12:08:03.253 I/InputDispatcher(  453): Dropping event because there is no touchable window at (1162, 156).
01-01 12:08:03.261 I/InputDispatcher(  453): Dropping event because there is no touchable window at (1161, 156).
01-01 12:08:03.265 V/WindowManager(  453): Adding window Window{19739434 u0 com.android.settings/com.android.settings.SubSettings} at 4 of 9 (after Window{6232a1f u0 com.android.settings/com.android.settings.SubSettings})
01-01 12:08:03.269 I/InputDispatcher(  453): Dropping event because there is no touchable window at (1160, 156).
01-01 12:08:03.277 I/InputDispatcher(  453): Dropping event because there is no touchable window at (1157, 157).
01-01 12:08:03.280 W/AppOps  (  453): Bad call: specified package media under uid 1000 but it is really 1013
01-01 12:08:03.293 I/InputDispatcher(  453): Dropping event because there is no touchable window at (1156, 157).
01-01 12:08:03.301 I/InputDispatcher(  453): Dropping event because there is no touchable window at (1155, 157).
01-01 12:08:03.309 I/InputDispatcher(  453): Dropping event because there is no touchable window at (1153, 158).
01-01 12:08:03.582 I/ActivityManager(  453): Displayed com.android.settings/.SubSettings: +502ms
01-01 12:08:03.786 E/WifiStateMachine(  453): startDelayedScan send -> 12 milli 10000
01-01 12:08:03.786 D/wpa_supplicant( 1288): wlan0: Control interface command 'SCAN TYPE=ONLY'
01-01 12:08:03.786 D/wpa_supplicant( 1288): wlan0: Setting scan request: 0.000000 sec
01-01 12:08:03.787 D/wpa_supplicant( 1288): wlan0: Starting AP scan for wildcard SSID
01-01 12:08:03.787 D/wpa_supplicant( 1288): WPS: Building WPS IE for Probe Request
01-01 12:08:03.787 D/wpa_supplicant( 1288): WPS:  * Version (hardcoded 0x10)
01-01 12:08:03.787 D/wpa_supplicant( 1288): WPS:  * Request Type
01-01 12:08:03.787 D/wpa_supplicant( 1288): WPS:  * Config Methods (4288)
01-01 12:08:03.787 D/wpa_supplicant( 1288): WPS:  * UUID-E
01-01 12:08:03.787 D/wpa_supplicant( 1288): WPS:  * Primary Device Type
01-01 12:08:03.787 D/wpa_supplicant( 1288): WPS:  * RF Bands (1)
01-01 12:08:03.787 D/wpa_supplicant( 1288): WPS:  * Association State
01-01 12:08:03.787 D/wpa_supplicant( 1288): WPS:  * Configuration Error (0)
01-01 12:08:03.787 D/wpa_supplicant( 1288): WPS:  * Device Password ID (0)
01-01 12:08:03.787 D/wpa_supplicant( 1288): WPS:  * Manufacturer
01-01 12:08:03.787 D/wpa_supplicant( 1288): WPS:  * Model Name
01-01 12:08:03.787 D/wpa_supplicant( 1288): WPS:  * Model Number
01-01 12:08:03.787 D/wpa_supplicant( 1288): WPS:  * Device Name
01-01 12:08:03.787 D/wpa_supplicant( 1288): WPS:  * Version2 (0x20)
01-01 12:08:03.787 D/wpa_supplicant( 1288): P2P: * P2P IE header
01-01 12:08:03.787 D/wpa_supplicant( 1288): P2P: * Capability dev=25 group=00
01-01 12:08:03.787 D/wpa_supplicant( 1288): P2P: * Listen Channel: Regulatory Class 81 Channel 6
01-01 12:08:03.787 D/wpa_supplicant( 1288): wlan0: Add radio work 'scan'@0xb87ebbc0
01-01 12:08:03.787 D/wpa_supplicant( 1288): wlan0: First radio work item in the queue - schedule start immediately
01-01 12:08:03.787 D/wpa_supplicant( 1288): wlan0: Starting radio work 'scan'@0xb87ebbc0 after 0.000044 second wait
01-01 12:08:03.787 D/wpa_supplicant( 1288): wlan0: nl80211: scan request
01-01 12:08:03.792 E/WifiStateMachine(  453): [1,293,883,683,791 ms] noteScanstart no scan source uid -2
01-01 12:08:03.829 D/wpa_supplicant( 1288): Scan requested (ret=0) - scan timeout 30 seconds
01-01 12:08:03.829 D/wpa_supplicant( 1288): nl80211: Drv Event 33 (NL80211_CMD_TRIGGER_SCAN) received for wlan0
01-01 12:08:03.829 D/wpa_supplicant( 1288): wlan0: nl80211: Scan trigger
01-01 12:08:03.829 D/wpa_supplicant( 1288): wlan0: Event SCAN_STARTED (49) received
01-01 12:08:03.829 D/wpa_supplicant( 1288): wlan0: Own scan request started a scan in 0.000109 seconds
01-01 12:08:03.829 D/wpa_supplicant( 1288): CTRL_IFACE monitor sent successfully to /data/misc/wifi/sockets/wpa_ctrl_453-2\x00
01-01 12:08:04.183 D/PowerManagerService(  453): LockScreenOff10
01-01 12:08:04.686 D/PowerManagerService(  453): LockScreenOff10
