01-01 12:08:14.323 D/wpa_supplicant( 1288): WPS:  * Device Password ID (0)
01-01 12:08:14.323 D/wpa_supplicant( 1288): WPS:  * Manufacturer
01-01 12:08:14.323 D/wpa_supplicant( 1288): WPS:  * Model Name
01-01 12:08:14.323 D/wpa_supplicant( 1288): WPS:  * Model Number
01-01 12:08:14.323 D/wpa_supplicant( 1288): WPS:  * Device Name
01-01 12:08:14.323 D/wpa_supplicant( 1288): WPS:  * Version2 (0x20)
01-01 12:08:14.323 D/wpa_supplicant( 1288): WPS:  * Request to Enroll (1)
01-01 12:08:14.323 D/wpa_supplicant( 1288): P2P: * P2P IE header
01-01 12:08:14.323 D/wpa_supplicant( 1288): P2P: * Capability dev=25 group=00
01-01 12:08:14.323 D/wpa_supplicant( 1288): P2P: * Listen Channel: Regulatory Class 81 Channel 6
01-01 12:08:14.323 D/wpa_supplicant( 1288): p2p-dev-wlan0: Add radio work 'p2p-scan'@0xb88033d8
01-01 12:08:14.323 D/wpa_supplicant( 1288): p2p-dev-wlan0: First radio work item in the queue - schedule start immediately
01-01 12:08:14.323 D/wpa_supplicant( 1288): P2P: Running p2p_scan
01-01 12:08:14.324 D/wpa_supplicant( 1288): p2p-dev-wlan0: Starting radio work 'p2p-scan'@0xb88033d8 after 0.000085 second wait
01-01 12:08:14.324 D/wpa_supplicant( 1288): p2p-dev-wlan0: nl80211: scan request
01-01 12:08:14.324 D/wpa_supplicant( 1288): nl80211: P2P probe - mask SuppRates
01-01 12:08:14.328 D/wpa_supplicant( 1288): Scan requested (ret=0) - scan timeout 30 seconds
01-01 12:08:14.328 D/wpa_supplicant( 1288): nl80211: Drv Event 33 (NL80211_CMD_TRIGGER_SCAN) received for p2p-dev-wlan0
01-01 12:08:14.328 D/wpa_supplicant( 1288): p2p-dev-wlan0: nl80211: Scan trigger
01-01 12:08:14.328 D/wpa_supplicant( 1288): p2p-dev-wlan0: Event SCAN_STARTED (49) received
01-01 12:08:14.328 D/wpa_supplicant( 1288): p2p-dev-wlan0: Own scan request started a scan in 0.000601 seconds
01-01 12:08:14.329 D/wpa_supplicant( 1288): CTRL_IFACE monitor sent successfully to /data/misc/wifi/sockets/wpa_ctrl_453-2\x00
01-01 12:08:14.463 D/wpa_supplicant( 1288): nl80211: Drv Event 34 (NL80211_CMD_NEW_SCAN_RESULTS) received for p2p-dev-wlan0
01-01 12:08:14.463 D/wpa_supplicant( 1288): p2p-dev-wlan0: nl80211: New scan results available
01-01 12:08:14.463 D/wpa_supplicant( 1288): nl80211: Scan probed for SSID 'DIRECT-'
01-01 12:08:14.463 D/wpa_supplicant( 1288): nl80211: Scan included frequencies: 2412 2437 2462
01-01 12:08:14.463 D/wpa_supplicant( 1288): p2p-dev-wlan0: Event SCAN_RESULTS (3) received
01-01 12:08:14.463 D/wpa_supplicant( 1288): p2p-dev-wlan0: Scan completed in 0.134515 seconds
01-01 12:08:14.463 D/wpa_supplicant( 1288): nl80211: Received scan results (2 BSSes)
01-01 12:08:14.463 D/wpa_supplicant( 1288): p2p-dev-wlan0: BSS: Start scan result update 18
01-01 12:08:14.463 D/wpa_supplicant( 1288): BSS: last_scan_res_used=1/32
01-01 12:08:14.463 D/wpa_supplicant( 1288): p2p-dev-wlan0: Radio work 'p2p-scan'@0xb88033d8 done in 0.139570 seconds
01-01 12:08:14.463 D/wpa_supplicant( 1288): P2P: Scan results received (2 BSS)
01-01 12:08:14.463 D/wpa_supplicant( 1288): P2P: Parsing WPS IE
01-01 12:08:14.463 D/wpa_supplicant( 1288): P2P: Config Methods (WPS): 0x8
01-01 12:08:14.463 D/wpa_supplicant( 1288): P2P: Primary Device Type (WPS): 7-0050F200-0
01-01 12:08:14.463 D/wpa_supplicant( 1288): P2P: Parsing P2P IE
01-01 12:08:14.463 D/wpa_supplicant( 1288): P2P: Attribute 2 length 2
01-01 12:08:14.463 D/wpa_supplicant( 1288): P2P: * Device Capability 25 Group Capability 8b
01-01 12:08:14.463 D/wpa_supplicant( 1288): P2P: Attribute 13 length 29
01-01 12:08:14.463 D/wpa_supplicant( 1288): P2P: * Device Info: addr 94:b8:6d:85:17:0a primary device type 7-0050F200-0 device name 'Pemberry' config methods 0x88
01-01 12:08:14.463 D/wpa_supplicant( 1288): P2P: Parsing WPS IE
01-01 12:08:14.463 D/wpa_supplicant( 1288): P2P: Config Methods (WPS): 0x4388
01-01 12:08:14.463 D/wpa_supplicant( 1288): P2P: Primary Device Type (WPS): 10-0050F204-5
01-01 12:08:14.463 D/wpa_supplicant( 1288): P2P: Parsing P2P IE
01-01 12:08:14.463 D/wpa_supplicant( 1288): P2P: Attribute 2 length 2
01-01 12:08:14.463 D/wpa_supplicant( 1288): P2P: * Device Capability 25 Group Capability 00
01-01 12:08:14.464 D/wpa_supplicant( 1288): P2P: Attribute 13 length 28
01-01 12:08:14.464 D/wpa_supplicant( 1288): P2P: * Device Info: addr 16:a5:1a:fd:72:c0 primary device type 10-0050F204-5 device name 'Honor6X' config methods 0x188
01-01 12:08:14.464 D/wpa_supplicant( 1288): P2P: State SEARCH -> SEARCH
01-01 12:08:14.464 D/wpa_supplicant( 1288): P2P: Starting short listen state (state=SEARCH)
01-01 12:08:14.465 D/PowerManagerService(  453): LockScreenOff10
01-01 12:08:14.467 D/wpa_supplicant( 1288): WPS:  * Version (hardcoded 0x10)
01-01 12:08:14.467 D/wpa_supplicant( 1288): WPS:  * UUID-E
01-01 12:08:14.467 D/wpa_supplicant( 1288): WPS:  * Version2 (0x20)
01-01 12:08:14.467 D/wpa_supplicant( 1288): P2P: * P2P IE header
01-01 12:08:14.467 D/wpa_supplicant( 1288): P2P: * Capability dev=25 group=00
01-01 12:08:14.467 D/wpa_supplicant( 1288): P2P: * Device Info
01-01 12:08:14.467 D/wpa_supplicant( 1288): p2p-dev-wlan0: Add radio work 'p2p-listen'@0xb8801e18
01-01 12:08:14.467 D/wpa_supplicant( 1288): p2p-dev-wlan0: First radio work item in the queue - schedule start immediately
01-01 12:08:14.467 D/wpa_supplicant( 1288): p2p-dev-wlan0: Starting radio work 'p2p-listen'@0xb8801e18 after 0.000094 second wait
01-01 12:08:14.467 D/wpa_supplicant( 1288): wpa_driver_set_ap_wps_p2p_ie: Entry
01-01 12:08:14.467 D/wpa_supplicant( 1288): Re-routing DRIVER cmd to parent iface
01-01 12:08:14.467 D/wpa_supplicant( 1288): Re-routing command to iface: wlan0 cmd (SET_AP_WPS_P2P_IE 2)
01-01 12:08:14.467 D/wpa_supplicant( 1288): wpa_driver_nl80211_driver_cmd  len = 0, 0
01-01 12:08:14.467 D/wpa_supplicant( 1288): nl80211: Enable Probe Request reporting nl_preq=0xb88006a0
01-01 12:08:14.467 D/wpa_supplicant( 1288): nl80211: Register frame type=0x40 (WLAN_FC_STYPE_PROBE_REQ) nl_handle=0xb88006a0 match=
01-01 12:08:14.470 D/wpa_supplicant( 1288): nl80211: Remain-on-channel cookie 0x12 for freq=2437 MHz duration=204
01-01 12:08:14.470 D/wpa_supplicant( 1288): nl80211: Drv Event 55 (NL80211_CMD_REMAIN_ON_CHANNEL) received for p2p-dev-wlan0
01-01 12:08:14.470 D/wpa_supplicant( 1288): nl80211: Remain-on-channel event (cancel=0 freq=2437 channel_type=0 duration=204 cookie=0x12 (match))
01-01 12:08:14.470 D/wpa_supplicant( 1288): p2p-dev-wlan0: Event REMAIN_ON_CHANNEL (21) received
01-01 12:08:14.470 D/wpa_supplicant( 1288): Off-channel: Send Action callback (without_roc=0 pending_action_tx=0x0 pending_action_tx_done=0)
01-01 12:08:14.470 D/wpa_supplicant( 1288): P2P: Starting Listen timeout(0,204800) on freq=2437 based on callback
01-01 12:08:14.470 D/wpa_supplicant( 1288): P2P: Set timeout (state=SEARCH): 0.224800 sec
01-01 12:08:14.621 D/wpa_supplicant( 1288): nl80211: BSS Event 59 (NL80211_CMD_FRAME) received for p2p-dev-wlan0
01-01 12:08:14.621 D/wpa_supplicant( 1288): nl80211: RX frame sa=16:a5:1a:fd:72:c0 freq=2437 ssi_signal=0 stype=4 (WLAN_FC_STYPE_PROBE_REQ) len=263
01-01 12:08:14.621 D/wpa_supplicant( 1288): p2p-dev-wlan0: Event RX_MGMT (20) received
01-01 12:08:14.621 D/wpa_supplicant( 1288): P2P: Parsing WPS IE
01-01 12:08:14.621 D/wpa_supplicant( 1288): P2P: Config Methods (WPS): 0x4388
01-01 12:08:14.621 D/wpa_supplicant( 1288): P2P: Device Password ID: 0
01-01 12:08:14.622 D/wpa_supplicant( 1288): P2P: Primary Device Type (WPS): 10-0050F204-5
01-01 12:08:14.622 D/wpa_supplicant( 1288): P2P: Parsing P2P IE
01-01 12:08:14.622 D/wpa_supplicant( 1288): P2P: Attribute 2 length 2
01-01 12:08:14.622 D/wpa_supplicant( 1288): P2P: * Device Capability 25 Group Capability 00
01-01 12:08:14.622 D/wpa_supplicant( 1288): P2P: Attribute 6 length 5
01-01 12:08:14.622 D/wpa_supplicant( 1288): P2P: * Listen Channel: Country CN(0x04) Regulatory Class 81 Channel Number 1
01-01 12:08:14.622 D/wpa_supplicant( 1288): P2P: Parsing WPS IE
01-01 12:08:14.622 D/wpa_supplicant( 1288): P2P: Config Methods (WPS): 0x4388
01-01 12:08:14.622 D/wpa_supplicant( 1288): P2P: Device Password ID: 0
01-01 12:08:14.622 D/wpa_supplicant( 1288): P2P: Primary Device Type (WPS): 10-0050F204-5
01-01 12:08:14.622 D/wpa_supplicant( 1288): P2P: Parsing P2P IE
01-01 12:08:14.622 D/wpa_supplicant( 1288): P2P: Attribute 2 length 2
01-01 12:08:14.622 D/wpa_supplicant( 1288): P2P: * Device Capability 25 Group Capability 00
01-01 12:08:14.622 D/wpa_supplicant( 1288): P2P: Attribute 6 length 5
01-01 12:08:14.622 D/wpa_supplicant( 1288): P2P: * Listen Channel: Country CN(0x04) Regulatory Class 81 Channel Number 1
01-01 12:08:14.622 D/wpa_supplicant( 1288): P2P: Reply to P2P Probe Request in Listen state
01-01 12:08:14.622 D/wpa_supplicant( 1288): WPS:  * Version (hardcoded 0x10)
01-01 12:08:14.622 D/wpa_supplicant( 1288): WPS:  * UUID-E
01-01 12:08:14.622 D/wpa_supplicant( 1288): WPS:  * Version2 (0x20)
01-01 12:08:14.622 D/wpa_supplicant( 1288): P2P: * P2P IE header
01-01 12:08:14.622 D/wpa_supplicant( 1288): P2P: * Capability dev=25 group=00
01-01 12:08:14.622 D/wpa_supplicant( 1288): P2P: * Device Info
01-01 12:08:14.622 D/wpa_supplicant( 1288): nl80211: send_mlme - da= 16:a5:1a:fd:72:c0 noack=1 freq=0 no_cck=0 offchanok=0 wait_time=0 fc=0x50 (WLAN_FC_STYPE_PROBE_RESP) nlmode=10
01-01 12:08:14.622 D/wpa_supplicant( 1288): nl80211: Use last_mgmt_freq=2437
01-01 12:08:14.622 D/wpa_supplicant( 1288): nl80211: Drv Event 60 (NL80211_CMD_FRAME_TX_STATUS) received for p2p-dev-wlan0
01-01 12:08:14.622 D/wpa_supplicant( 1288): nl80211: Frame TX status event
01-01 12:08:14.622 D/wpa_supplicant( 1288): nl80211: Action TX status: cookie=0a (unknown) (ack=1)
01-01 12:08:14.639 D/wpa_supplicant( 1288): nl80211: BSS Event 59 (NL80211_CMD_FRAME) received for p2p-dev-wlan0
01-01 12:08:14.639 D/wpa_supplicant( 1288): nl80211: RX frame sa=16:a5:1a:fd:72:c0 freq=2437 ssi_signal=0 stype=4 (WLAN_FC_STYPE_PROBE_REQ) len=263
01-01 12:08:14.639 D/wpa_supplicant( 1288): p2p-dev-wlan0: Event RX_MGMT (20) received
01-01 12:08:14.639 D/wpa_supplicant( 1288): P2P: Parsing WPS IE
01-01 12:08:14.639 D/wpa_supplicant( 1288): P2P: Config Methods (WPS): 0x4388
01-01 12:08:14.639 D/wpa_supplicant( 1288): P2P: Device Password ID: 0
01-01 12:08:14.639 D/wpa_supplicant( 1288): P2P: Primary Device Type (WPS): 10-0050F204-5
01-01 12:08:14.639 D/wpa_supplicant( 1288): P2P: Parsing P2P IE
01-01 12:08:14.639 D/wpa_supplicant( 1288): P2P: Attribute 2 length 2
01-01 12:08:14.639 D/wpa_supplicant( 1288): P2P: * Device Capability 25 Group Capability 00
01-01 12:08:14.639 D/wpa_supplicant( 1288): P2P: Attribute 6 length 5
01-01 12:08:14.639 D/wpa_supplicant( 1288): P2P: * Listen Channel: Country CN(0x04) Regulatory Class 81 Channel Number 1
01-01 12:08:14.639 D/wpa_supplicant( 1288): P2P: Parsing WPS IE
01-01 12:08:14.639 D/wpa_supplicant( 1288): P2P: Config Methods (WPS): 0x4388
01-01 12:08:14.639 D/wpa_supplicant( 1288): P2P: Device Password ID: 0
01-01 12:08:14.640 D/wpa_supplicant( 1288): P2P: Primary Device Type (WPS): 10-0050F204-5
01-01 12:08:14.640 D/wpa_supplicant( 1288): P2P: Parsing P2P IE
01-01 12:08:14.640 D/wpa_supplicant( 1288): P2P: Attribute 2 length 2
01-01 12:08:14.640 D/wpa_supplicant( 1288): P2P: * Device Capability 25 Group Capability 00
01-01 12:08:14.640 D/wpa_supplicant( 1288): P2P: Attribute 6 length 5
01-01 12:08:14.640 D/wpa_supplicant( 1288): P2P: * Listen Channel: Country CN(0x04) Regulatory Class 81 Channel Number 1
01-01 12:08:14.640 D/wpa_supplicant( 1288): P2P: Reply to P2P Probe Request in Listen state
01-01 12:08:14.640 D/wpa_supplicant( 1288): WPS:  * Version (hardcoded 0x10)
01-01 12:08:14.640 D/wpa_supplicant( 1288): WPS:  * UUID-E
01-01 12:08:14.640 D/wpa_supplicant( 1288): WPS:  * Version2 (0x20)
01-01 12:08:14.640 D/wpa_supplicant( 1288): P2P: * P2P IE header
01-01 12:08:14.640 D/wpa_supplicant( 1288): P2P: * Capability dev=25 group=00
01-01 12:08:14.640 D/wpa_supplicant( 1288): P2P: * Device Info
01-01 12:08:14.640 D/wpa_supplicant( 1288): nl80211: send_mlme - da= 16:a5:1a:fd:72:c0 noack=1 freq=0 no_cck=0 offchanok=0 wait_time=0 fc=0x50 (WLAN_FC_STYPE_PROBE_RESP) nlmode=10
01-01 12:08:14.640 D/wpa_supplicant( 1288): nl80211: Use last_mgmt_freq=2437
01-01 12:08:14.640 D/wpa_supplicant( 1288): nl80211: Drv Event 60 (NL80211_CMD_FRAME_TX_STATUS) received for p2p-dev-wlan0
01-01 12:08:14.640 D/wpa_supplicant( 1288): nl80211: Frame TX status event
01-01 12:08:14.641 D/wpa_supplicant( 1288): nl80211: Action TX status: cookie=0b (unknown) (ack=1)
01-01 12:08:14.679 D/wpa_supplicant( 1288): nl80211: Drv Event 56 (NL80211_CMD_CANCEL_REMAIN_ON_CHANNEL) received for p2p-dev-wlan0
01-01 12:08:14.679 D/wpa_supplicant( 1288): nl80211: Remain-on-channel event (cancel=1 freq=2437 channel_type=0 duration=0 cookie=0x12 (match))
01-01 12:08:14.680 D/wpa_supplicant( 1288): p2p-dev-wlan0: Event CANCEL_REMAIN_ON_CHANNEL (22) received
01-01 12:08:14.680 D/wpa_supplicant( 1288): P2P: Cancel remain-on-channel callback (p2p_long_listen=0 ms pending_action_tx=0x0)
01-01 12:08:14.680 D/wpa_supplicant( 1288): p2p-dev-wlan0: Radio work 'p2p-listen'@0xb8801e18 done in 0.212730 seconds
01-01 12:08:14.680 D/wpa_supplicant( 1288): P2P: Driver ended Listen state (freq=2437)
01-01 12:08:14.680 D/wpa_supplicant( 1288): P2P: Skip stop_listen since not in listen_only state.
01-01 12:08:14.695 D/wpa_supplicant( 1288): P2P: Timeout (state=SEARCH)
01-01 12:08:14.695 D/wpa_supplicant( 1288): wpa_driver_set_ap_wps_p2p_ie: Entry
01-01 12:08:14.695 D/wpa_supplicant( 1288): nl80211: Disable Probe Request reporting nl_preq=0x30088e29
01-01 12:08:14.696 D/wpa_supplicant( 1288): P2P: Starting search
01-01 12:08:14.696 D/wpa_supplicant( 1288): WPS: Building WPS IE for Probe Request
01-01 12:08:14.696 D/wpa_supplicant( 1288): WPS:  * Version (hardcoded 0x10)
01-01 12:08:14.696 D/wpa_supplicant( 1288): WPS:  * Request Type
01-01 12:08:14.696 D/wpa_supplicant( 1288): WPS:  * Config Methods (4388)
01-01 12:08:14.696 D/wpa_supplicant( 1288): WPS:  * UUID-E
01-01 12:08:14.696 D/wpa_supplicant( 1288): WPS:  * Primary Device Type
01-01 12:08:14.696 D/wpa_supplicant( 1288): WPS:  * RF Bands (1)
01-01 12:08:14.696 D/wpa_supplicant( 1288): WPS:  * Association State
01-01 12:08:14.696 D/wpa_supplicant( 1288): WPS:  * Configuration Error (0)
01-01 12:08:14.696 D/wpa_supplicant( 1288): WPS:  * Device Password ID (0)
01-01 12:08:14.696 D/wpa_supplicant( 1288): WPS:  * Manufacturer
01-01 12:08:14.696 D/wpa_supplicant( 1288): WPS:  * Model Name
01-01 12:08:14.696 D/wpa_supplicant( 1288): WPS:  * Model Number
01-01 12:08:14.696 D/wpa_supplicant( 1288): WPS:  * Device Name
01-01 12:08:14.696 D/wpa_supplicant( 1288): WPS:  * Version2 (0x20)
01-01 12:08:14.696 D/wpa_supplicant( 1288): WPS:  * Request to Enroll (1)
01-01 12:08:14.696 D/wpa_supplicant( 1288): P2P: * P2P IE header
01-01 12:08:14.696 D/wpa_supplicant( 1288): P2P: * Capability dev=25 group=00
01-01 12:08:14.696 D/wpa_supplicant( 1288): P2P: * Listen Channel: Regulatory Class 81 Channel 6
01-01 12:08:14.696 D/wpa_supplicant( 1288): p2p-dev-wlan0: Add radio work 'p2p-scan'@0xb8801e18
01-01 12:08:14.696 D/wpa_supplicant( 1288): p2p-dev-wlan0: First radio work item in the queue - schedule start immediately
01-01 12:08:14.696 D/wpa_supplicant( 1288): P2P: Running p2p_scan
01-01 12:08:14.696 D/wpa_supplicant( 1288): p2p-dev-wlan0: Starting radio work 'p2p-scan'@0xb8801e18 after 0.000089 second wait
01-01 12:08:14.696 D/wpa_supplicant( 1288): p2p-dev-wlan0: nl80211: scan request
01-01 12:08:14.696 D/wpa_supplicant( 1288): nl80211: P2P probe - mask SuppRates
01-01 12:08:14.700 D/wpa_supplicant( 1288): Scan requested (ret=0) - scan timeout 30 seconds
01-01 12:08:14.700 D/wpa_supplicant( 1288): nl80211: Drv Event 33 (NL80211_CMD_TRIGGER_SCAN) received for p2p-dev-wlan0
01-01 12:08:14.700 D/wpa_supplicant( 1288): p2p-dev-wlan0: nl80211: Scan trigger
01-01 12:08:14.700 D/wpa_supplicant( 1288): p2p-dev-wlan0: Event SCAN_STARTED (49) received
01-01 12:08:14.700 D/wpa_supplicant( 1288): p2p-dev-wlan0: Own scan request started a scan in 0.000152 seconds
01-01 12:08:14.700 D/wpa_supplicant( 1288): CTRL_IFACE monitor sent successfully to /data/misc/wifi/sockets/wpa_ctrl_453-2\x00
01-01 12:08:14.833 D/wpa_supplicant( 1288): nl80211: Drv Event 34 (NL80211_CMD_NEW_SCAN_RESULTS) received for p2p-dev-wlan0
01-01 12:08:14.833 D/wpa_supplicant( 1288): p2p-dev-wlan0: nl80211: New scan results available
01-01 12:08:14.833 D/wpa_supplicant( 1288): nl80211: Scan probed for SSID 'DIRECT-'
01-01 12:08:14.833 D/wpa_supplicant( 1288): nl80211: Scan included frequencies: 2412 2437 2462
01-01 12:08:14.833 D/wpa_supplicant( 1288): p2p-dev-wlan0: Event SCAN_RESULTS (3) received
01-01 12:08:14.833 D/wpa_supplicant( 1288): p2p-dev-wlan0: Scan completed in 0.132771 seconds
01-01 12:08:14.833 D/wpa_supplicant( 1288): nl80211: Received scan results (2 BSSes)
01-01 12:08:14.833 D/wpa_supplicant( 1288): p2p-dev-wlan0: BSS: Start scan result update 19
01-01 12:08:14.833 D/wpa_supplicant( 1288): BSS: last_scan_res_used=1/32
01-01 12:08:14.833 D/wpa_supplicant( 1288): p2p-dev-wlan0: Radio work 'p2p-scan'@0xb8801e18 done in 0.137231 seconds
01-01 12:08:14.833 D/wpa_supplicant( 1288): P2P: Scan results received (2 BSS)
01-01 12:08:14.833 D/wpa_supplicant( 1288): P2P: Parsing WPS IE
01-01 12:08:14.833 D/wpa_supplicant( 1288): P2P: Config Methods (WPS): 0x8
01-01 12:08:14.833 D/wpa_supplicant( 1288): P2P: Primary Device Type (WPS): 7-0050F200-0
01-01 12:08:14.833 D/wpa_supplicant( 1288): P2P: Parsing P2P IE
01-01 12:08:14.833 D/wpa_supplicant( 1288): P2P: Attribute 2 length 2
01-01 12:08:14.833 D/wpa_supplicant( 1288): P2P: * Device Capability 25 Group Capability 8b
01-01 12:08:14.833 D/wpa_supplicant( 1288): P2P: Attribute 13 length 29
01-01 12:08:14.833 D/wpa_supplicant( 1288): P2P: * Device Info: addr 94:b8:6d:85:17:0a primary device type 7-0050F200-0 device name 'Pemberry' config methods 0x88
01-01 12:08:14.833 D/wpa_supplicant( 1288): P2P: Parsing WPS IE
01-01 12:08:14.833 D/wpa_supplicant( 1288): P2P: Config Methods (WPS): 0x4388
01-01 12:08:14.834 D/wpa_supplicant( 1288): P2P: Primary Device Type (WPS): 10-0050F204-5
01-01 12:08:14.834 D/wpa_supplicant( 1288): P2P: Parsing P2P IE
01-01 12:08:14.834 D/wpa_supplicant( 1288): P2P: Attribute 2 length 2
01-01 12:08:14.834 D/wpa_supplicant( 1288): P2P: * Device Capability 25 Group Capability 00
01-01 12:08:14.834 D/wpa_supplicant( 1288): P2P: Attribute 13 length 28
01-01 12:08:14.834 D/wpa_supplicant( 1288): P2P: * Device Info: addr 16:a5:1a:fd:72:c0 primary device type 10-0050F204-5 device name 'Honor6X' config methods 0x188
01-01 12:08:14.834 D/wpa_supplicant( 1288): P2P: State SEARCH -> SEARCH
01-01 12:08:14.834 D/wpa_supplicant( 1288): P2P: Starting short listen state (state=SEARCH)
01-01 12:08:14.836 D/wpa_supplicant( 1288): WPS:  * Version (hardcoded 0x10)
01-01 12:08:14.836 D/wpa_supplicant( 1288): WPS:  * UUID-E
01-01 12:08:14.836 D/wpa_supplicant( 1288): WPS:  * Version2 (0x20)
01-01 12:08:14.836 D/wpa_supplicant( 1288): P2P: * P2P IE header
01-01 12:08:14.836 D/wpa_supplicant( 1288): P2P: * Capability dev=25 group=00
01-01 12:08:14.836 D/wpa_supplicant( 1288): P2P: * Device Info
01-01 12:08:14.836 D/wpa_supplicant( 1288): p2p-dev-wlan0: Add radio work 'p2p-listen'@0xb88034e0
01-01 12:08:14.836 D/wpa_supplicant( 1288): p2p-dev-wlan0: First radio work item in the queue - schedule start immediately
01-01 12:08:14.836 D/wpa_supplicant( 1288): p2p-dev-wlan0: Starting radio work 'p2p-listen'@0xb88034e0 after 0.000080 second wait
01-01 12:08:14.836 D/wpa_supplicant( 1288): wpa_driver_set_ap_wps_p2p_ie: Entry
01-01 12:08:14.836 D/wpa_supplicant( 1288): Re-routing DRIVER cmd to parent iface
01-01 12:08:14.836 D/wpa_supplicant( 1288): Re-routing command to iface: wlan0 cmd (SET_AP_WPS_P2P_IE 2)
01-01 12:08:14.836 D/wpa_supplicant( 1288): wpa_driver_nl80211_driver_cmd  len = 0, 0
01-01 12:08:14.836 D/wpa_supplicant( 1288): nl80211: Enable Probe Request reporting nl_preq=0xb88033d8
01-01 12:08:14.836 D/wpa_supplicant( 1288): nl80211: Register frame type=0x40 (WLAN_FC_STYPE_PROBE_REQ) nl_handle=0xb88033d8 match=
01-01 12:08:14.839 D/wpa_supplicant( 1288): nl80211: Remain-on-channel cookie 0x13 for freq=2437 MHz duration=307
01-01 12:08:14.839 D/wpa_supplicant( 1288): nl80211: Drv Event 55 (NL80211_CMD_REMAIN_ON_CHANNEL) received for p2p-dev-wlan0
01-01 12:08:14.839 D/wpa_supplicant( 1288): nl80211: Remain-on-channel event (cancel=0 freq=2437 channel_type=0 duration=307 cookie=0x13 (match))
01-01 12:08:14.840 D/wpa_supplicant( 1288): p2p-dev-wlan0: Event REMAIN_ON_CHANNEL (21) received
01-01 12:08:14.840 D/wpa_supplicant( 1288): Off-channel: Send Action callback (without_roc=0 pending_action_tx=0x0 pending_action_tx_done=0)
01-01 12:08:14.840 D/wpa_supplicant( 1288): P2P: Starting Listen timeout(0,307200) on freq=2437 based on callback
01-01 12:08:14.840 D/wpa_supplicant( 1288): P2P: Set timeout (state=SEARCH): 0.327200 sec
01-01 12:08:15.076 D/PowerManagerService(  453): LockScreenOff10
01-01 12:08:15.157 D/wpa_supplicant( 1288): nl80211: Drv Event 56 (NL80211_CMD_CANCEL_REMAIN_ON_CHANNEL) received for p2p-dev-wlan0
01-01 12:08:15.157 D/wpa_supplicant( 1288): nl80211: Remain-on-channel event (cancel=1 freq=2437 channel_type=0 duration=0 cookie=0x13 (match))
01-01 12:08:15.158 D/wpa_supplicant( 1288): p2p-dev-wlan0: Event CANCEL_REMAIN_ON_CHANNEL (22) received
01-01 12:08:15.158 D/wpa_supplicant( 1288): P2P: Cancel remain-on-channel callback (p2p_long_listen=0 ms pending_action_tx=0x0)
01-01 12:08:15.159 D/wpa_supplicant( 1288): p2p-dev-wlan0: Radio work 'p2p-listen'@0xb88034e0 done in 0.321709 seconds
01-01 12:08:15.160 D/wpa_supplicant( 1288): P2P: Driver ended Listen state (freq=2437)
01-01 12:08:15.160 D/wpa_supplicant( 1288): P2P: Skip stop_listen since not in listen_only state.
01-01 12:08:15.167 D/wpa_supplicant( 1288): P2P: Timeout (state=SEARCH)
01-01 12:08:15.167 D/wpa_supplicant( 1288): wpa_driver_set_ap_wps_p2p_ie: Entry
01-01 12:08:15.167 D/wpa_supplicant( 1288): nl80211: Disable Probe Request reporting nl_preq=0x3008bb51
01-01 12:08:15.168 D/wpa_supplicant( 1288): P2P: Starting search
01-01 12:08:15.168 D/wpa_supplicant( 1288): WPS: Building WPS IE for Probe Request
01-01 12:08:15.168 D/wpa_supplicant( 1288): WPS:  * Version (hardcoded 0x10)
01-01 12:08:15.168 D/wpa_supplicant( 1288): WPS:  * Request Type
01-01 12:08:15.168 D/wpa_supplicant( 1288): WPS:  * Config Methods (4388)
01-01 12:08:15.168 D/wpa_supplicant( 1288): WPS:  * UUID-E
01-01 12:08:15.168 D/wpa_supplicant( 1288): WPS:  * Primary Device Type
01-01 12:08:15.168 D/wpa_supplicant( 1288): WPS:  * RF Bands (1)
01-01 12:08:15.169 D/wpa_supplicant( 1288): WPS:  * Association State
01-01 12:08:15.169 D/wpa_supplicant( 1288): WPS:  * Configuration Error (0)
01-01 12:08:15.169 D/wpa_supplicant( 1288): WPS:  * Device Password ID (0)
01-01 12:08:15.169 D/wpa_supplicant( 1288): WPS:  * Manufacturer
01-01 12:08:15.169 D/wpa_supplicant( 1288): WPS:  * Model Name
01-01 12:08:15.169 D/wpa_supplicant( 1288): WPS:  * Model Number
01-01 12:08:15.169 D/wpa_supplicant( 1288): WPS:  * Device Name
01-01 12:08:15.169 D/wpa_supplicant( 1288): WPS:  * Version2 (0x20)
01-01 12:08:15.169 D/wpa_supplicant( 1288): WPS:  * Request to Enroll (1)
01-01 12:08:15.169 D/wpa_supplicant( 1288): P2P: * P2P IE header
01-01 12:08:15.169 D/wpa_supplicant( 1288): P2P: * Capability dev=25 group=00
01-01 12:08:15.169 D/wpa_supplicant( 1288): P2P: * Listen Channel: Regulatory Class 81 Channel 6
01-01 12:08:15.169 D/wpa_supplicant( 1288): p2p-dev-wlan0: Add radio work 'p2p-scan'@0xb88033d8
01-01 12:08:15.170 D/wpa_supplicant( 1288): p2p-dev-wlan0: First radio work item in the queue - schedule start immediately
01-01 12:08:15.170 D/wpa_supplicant( 1288): P2P: Running p2p_scan
01-01 12:08:15.170 D/wpa_supplicant( 1288): p2p-dev-wlan0: Starting radio work 'p2p-scan'@0xb88033d8 after 0.000395 second wait
01-01 12:08:15.170 D/wpa_supplicant( 1288): p2p-dev-wlan0: nl80211: scan request
01-01 12:08:15.170 D/wpa_supplicant( 1288): nl80211: P2P probe - mask SuppRates
01-01 12:08:15.181 D/PowerManagerService(  453): LockScreenOff10
01-01 12:08:15.182 D/wpa_supplicant( 1288): Scan requested (ret=0) - scan timeout 30 seconds
01-01 12:08:15.182 D/wpa_supplicant( 1288): nl80211: Drv Event 33 (NL80211_CMD_TRIGGER_SCAN) received for p2p-dev-wlan0
01-01 12:08:15.182 D/wpa_supplicant( 1288): p2p-dev-wlan0: nl80211: Scan trigger
01-01 12:08:15.182 D/wpa_supplicant( 1288): p2p-dev-wlan0: Event SCAN_STARTED (49) received
01-01 12:08:15.182 D/wpa_supplicant( 1288): p2p-dev-wlan0: Own scan request started a scan in 0.000136 seconds
01-01 12:08:15.182 D/wpa_supplicant( 1288): CTRL_IFACE monitor sent successfully to /data/misc/wifi/sockets/wpa_ctrl_453-2\x00
01-01 12:08:15.263 W/AudioTrack(  453): AUDIO_OUTPUT_FLAG_FAST denied by client
01-01 12:08:15.270 W/AppOps  (  453): Bad call: specified package media under uid 1000 but it is really 1013
01-01 12:08:15.273 D/wpa_supplicant( 1288): p2p-dev-wlan0: Control interface command 'P2P_STOP_FIND'
01-01 12:08:15.273 D/wpa_supplicant( 1288): P2P: Stopping find
01-01 12:08:15.273 D/wpa_supplicant( 1288): P2P: Clear timeout (state=SEARCH)
01-01 12:08:15.273 I/wpa_supplicant( 1288): P2P-FIND-STOPPED 
01-01 12:08:15.274 D/wpa_supplicant( 1288): CTRL_IFACE monitor sent successfully to /data/misc/wifi/sockets/wpa_ctrl_453-2\x00
01-01 12:08:15.274 D/wpa_supplicant( 1288): P2P: State SEARCH -> IDLE
01-01 12:08:15.274 D/wpa_supplicant( 1288): wpa_driver_set_ap_wps_p2p_ie: Entry
01-01 12:08:15.281 D/wpa_supplicant( 1288): p2p-dev-wlan0: Control interface command 'P2P_PEER 16:a5:1a:fd:72:c0'
01-01 12:08:15.289 D/wpa_supplicant( 1288): p2p-dev-wlan0: Control interface command 'P2P_PEER 16:a5:1a:fd:72:c0'
01-01 12:08:15.292 W/AppOps  (  453): Bad call: specified package media under uid 1000 but it is really 1013
01-01 12:08:15.293 D/AudioHardwareTiny(  160): start_output_stream
01-01 12:08:15.294 D/AudioHardwareTiny(  160): Audio HAL start_output_stream  out->device = 0x80400
01-01 12:08:15.294 D/AudioHardwareTiny(  160): The current HDMI is DVI mode
01-01 12:08:15.300 D/wpa_supplicant( 1288): p2p-dev-wlan0: Control interface command 'P2P_PROV_DISC 16:a5:1a:fd:72:c0 pbc'
01-01 12:08:15.300 D/wpa_supplicant( 1288): P2P: Provision Discovery Request with 16:a5:1a:fd:72:c0 (config methods 0x80)
01-01 12:08:15.300 D/wpa_supplicant( 1288): P2P: * Dialog Token: 1
01-01 12:08:15.300 D/wpa_supplicant( 1288): P2P: * P2P IE header
01-01 12:08:15.300 D/wpa_supplicant( 1288): P2P: * Capability dev=25 group=00
01-01 12:08:15.300 D/wpa_supplicant( 1288): P2P: * Device Info
01-01 12:08:15.300 D/wpa_supplicant( 1288): P2P: Delay Action frame TX until p2p_scan completes
01-01 12:08:15.311 D/wpa_supplicant( 1288): nl80211: Drv Event 34 (NL80211_CMD_NEW_SCAN_RESULTS) received for p2p-dev-wlan0
01-01 12:08:15.311 D/wpa_supplicant( 1288): p2p-dev-wlan0: nl80211: New scan results available
01-01 12:08:15.311 D/wpa_supplicant( 1288): nl80211: Scan probed for SSID 'DIRECT-'
01-01 12:08:15.311 D/wpa_supplicant( 1288): nl80211: Scan included frequencies: 2412 2437 2462
01-01 12:08:15.311 D/wpa_supplicant( 1288): p2p-dev-wlan0: Event SCAN_RESULTS (3) received
01-01 12:08:15.311 D/wpa_supplicant( 1288): p2p-dev-wlan0: Scan completed in 0.129658 seconds
01-01 12:08:15.312 D/wpa_supplicant( 1288): nl80211: Received scan results (2 BSSes)
01-01 12:08:15.312 D/wpa_supplicant( 1288): p2p-dev-wlan0: BSS: Start scan result update 20
01-01 12:08:15.312 D/wpa_supplicant( 1288): BSS: last_scan_res_used=1/32
01-01 12:08:15.312 D/wpa_supplicant( 1288): p2p-dev-wlan0: Radio work 'p2p-scan'@0xb88033d8 done in 0.141889 seconds
01-01 12:08:15.312 D/wpa_supplicant( 1288): P2P: Scan results received (2 BSS)
01-01 12:08:15.312 D/wpa_supplicant( 1288): P2P: Parsing WPS IE
01-01 12:08:15.312 D/wpa_supplicant( 1288): P2P: Config Methods (WPS): 0x8
01-01 12:08:15.312 D/wpa_supplicant( 1288): P2P: Primary Device Type (WPS): 7-0050F200-0
01-01 12:08:15.312 D/wpa_supplicant( 1288): P2P: Parsing P2P IE
01-01 12:08:15.312 D/wpa_supplicant( 1288): P2P: Attribute 2 length 2
01-01 12:08:15.312 D/wpa_supplicant( 1288): P2P: * Device Capability 25 Group Capability 8b
01-01 12:08:15.312 D/wpa_supplicant( 1288): P2P: Attribute 13 length 29
01-01 12:08:15.312 D/wpa_supplicant( 1288): P2P: * Device Info: addr 94:b8:6d:85:17:0a primary device type 7-0050F200-0 device name 'Pemberry' config methods 0x88
01-01 12:08:15.312 D/wpa_supplicant( 1288): P2P: Do not update peer entry based on old frame (rx_time=163.953821 last_seen=163.955250)
01-01 12:08:15.312 D/wpa_supplicant( 1288): P2P: Parsing WPS IE
01-01 12:08:15.312 D/wpa_supplicant( 1288): P2P: Config Methods (WPS): 0x4388
01-01 12:08:15.312 D/wpa_supplicant( 1288): P2P: Primary Device Type (WPS): 10-0050F204-5
01-01 12:08:15.312 D/wpa_supplicant( 1288): P2P: Parsing P2P IE
01-01 12:08:15.312 D/wpa_supplicant( 1288): P2P: Attribute 2 length 2
01-01 12:08:15.312 D/wpa_supplicant( 1288): P2P: * Device Capability 25 Group Capability 00
01-01 12:08:15.312 D/wpa_supplicant( 1288): P2P: Attribute 13 length 28
01-01 12:08:15.312 D/wpa_supplicant( 1288): P2P: * Device Info: addr 16:a5:1a:fd:72:c0 primary device type 10-0050F204-5 device name 'Honor6X' config methods 0x188
01-01 12:08:15.312 D/wpa_supplicant( 1288): P2P: Do not update peer entry based on old frame (rx_time=164.793821 last_seen=164.795250)
01-01 12:08:15.312 D/wpa_supplicant( 1288): P2P: Send pending Action frame at p2p_scan completion
01-01 12:08:15.312 D/wpa_supplicant( 1288): P2P: Schedule new radio work for Action frame TX (listen_freq=-1 send_freq=-1)
01-01 12:08:15.312 D/wpa_supplicant( 1288): p2p-dev-wlan0: Add radio work 'p2p-send-action'@0xb8807cc8
01-01 12:08:15.312 D/wpa_supplicant( 1288): p2p-dev-wlan0: First radio work item in the queue - schedule start immediately
01-01 12:08:15.312 D/wpa_supplicant( 1288): p2p-dev-wlan0: Starting radio work 'p2p-send-action'@0xb8807cc8 after 0.000072 second wait
01-01 12:08:15.313 D/wpa_supplicant( 1288): Off-channel: Send action frame: freq=2412 dst=16:a5:1a:fd:72:c0 src=ae:83:f3:ee:c0:98 bssid=16:a5:1a:fd:72:c0 len=67
01-01 12:08:15.313 D/wpa_supplicant( 1288): nl80211: Send Action frame (ifindex=0, freq=2412 MHz wait=200 ms no_cck=1)
01-01 12:08:15.518 W/AppOps  (  453): Bad call: specified package media under uid 1000 but it is really 1013
01-01 12:08:15.694 D/wpa_supplicant( 1288): nl80211: Drv Event 60 (NL80211_CMD_FRAME_TX_STATUS) received for p2p-dev-wlan0
01-01 12:08:15.694 D/wpa_supplicant( 1288): nl80211: Frame TX status event
01-01 12:08:15.694 D/wpa_supplicant( 1288): nl80211: Action TX status: cookie=0c (match) (ack=1)
01-01 12:08:15.694 D/wpa_supplicant( 1288): p2p-dev-wlan0: Event TX_STATUS (18) received
01-01 12:08:15.694 D/wpa_supplicant( 1288): p2p-dev-wlan0: EVENT_TX_STATUS dst=16:a5:1a:fd:72:c0 type=0 stype=13
01-01 12:08:15.694 D/wpa_supplicant( 1288): Off-channel: Delete matching pending action frame
01-01 12:08:15.694 D/wpa_supplicant( 1288): Off-channel: TX status result=0 cb=0xb6e75d99
01-01 12:08:15.695 D/wpa_supplicant( 1288): P2P: Action frame TX callback (state=6 freq=2412 dst=16:a5:1a:fd:72:c0 src=ae:83:f3:ee:c0:98 bssid=16:a5:1a:fd:72:c0 result=0
01-01 12:08:15.695 D/wpa_supplicant( 1288): P2P: Provision Discovery Request TX callback: success=1
01-01 12:08:15.695 D/wpa_supplicant( 1288): P2P: Set timeout (state=IDLE): 0.200000 sec
01-01 12:08:15.695 D/wpa_supplicant( 1288): nl80211: BSS Event 59 (NL80211_CMD_FRAME) received for p2p-dev-wlan0
01-01 12:08:15.695 D/wpa_supplicant( 1288): nl80211: RX frame sa=16:a5:1a:fd:72:c0 freq=2412 ssi_signal=0 stype=13 (WLAN_FC_STYPE_ACTION) len=59
01-01 12:08:15.695 D/wpa_supplicant( 1288): p2p-dev-wlan0: Event RX_MGMT (20) received
01-01 12:08:15.695 D/wpa_supplicant( 1288): p2p-dev-wlan0: Received Action frame: SA=16:a5:1a:fd:72:c0 Category=4 DataLen=34 freq=2412 MHz
01-01 12:08:15.695 D/wpa_supplicant( 1288): P2P: RX P2P Public Action from 16:a5:1a:fd:72:c0
01-01 12:08:15.695 D/wpa_supplicant( 1288): P2P: Parsing the received message
01-01 12:08:15.695 D/wpa_supplicant( 1288): P2P: * Dialog Token: 1
01-01 12:08:15.695 D/wpa_supplicant( 1288): P2P: Parsing WPS IE
01-01 12:08:15.695 D/wpa_supplicant( 1288): P2P: Config Methods (WPS): 0x80
01-01 12:08:15.695 D/wpa_supplicant( 1288): P2P: Received Provision Discovery Response from 16:a5:1a:fd:72:c0 with config methods 0x80
01-01 12:08:15.695 D/wpa_supplicant( 1288): p2p-dev-wlan0: Radio work 'p2p-send-action'@0xb8807cc8 done in 0.382235 seconds
01-01 12:08:15.695 D/wpa_supplicant( 1288): Off-channel: Action frame sequence done notification
01-01 12:08:15.695 D/wpa_supplicant( 1288): nl80211: Cancel TX frame wait: cookie=0xc
01-01 12:08:15.695 I/wpa_supplicant( 1288): P2P-PROV-DISC-PBC-RESP 16:a5:1a:fd:72:c0
01-01 12:08:15.695 D/wpa_supplicant( 1288): CTRL_IFACE monitor sent successfully to /data/misc/wifi/sockets/wpa_ctrl_453-2\x00
01-01 12:08:15.696 D/wpa_supplicant( 1288): p2p-dev-wlan0: Control interface command 'P2P_PEER 16:a5:1a:fd:72:c0'
01-01 12:08:15.698 D/wpa_supplicant( 1288): p2p-dev-wlan0: Control interface command 'P2P_CONNECT 16:a5:1a:fd:72:c0 pbc persistent go_intent=6 '
01-01 12:08:15.698 D/wpa_supplicant( 1288): p2p-dev-wlan0: Determining shared radio frequencies (max len 2)
01-01 12:08:15.698 D/wpa_supplicant( 1288): p2p-dev-wlan0: Shared frequencies (len=0): completed iteration
01-01 12:08:15.698 D/wpa_supplicant( 1288): p2p-dev-wlan0: Shared frequencies (len=0): valid for P2P
01-01 12:08:15.698 D/wpa_supplicant( 1288): p2p-dev-wlan0: Determining shared radio frequencies (max len 2)
01-01 12:08:15.698 D/wpa_supplicant( 1288): p2p-dev-wlan0: Shared frequencies (len=0): completed iteration
01-01 12:08:15.698 D/wpa_supplicant( 1288): p2p-dev-wlan0: P2P: num_unused_channels: 2
01-01 12:08:15.699 D/wpa_supplicant( 1288): P2P: Setup freqs: freq=0 num_MCC=2 shared_freqs=0 num_unused=2
01-01 12:08:15.699 D/wpa_supplicant( 1288): P2P: Current operating channels are not available for P2P. Try to use another channel
01-01 12:08:15.699 D/wpa_supplicant( 1288): P2P: Own frequency preference: 0 MHz
01-01 12:08:15.699 D/wpa_supplicant( 1288): P2P: Create a new interface p2p-wlan0-0 for the group
01-01 12:08:15.699 D/wpa_supplicant( 1288): nl80211: Create interface iftype 8 (P2P_CLIENT)
01-01 12:08:15.705 D/wpa_supplicant( 1288): nl80211: New interface p2p-wlan0-0 created: ifindex=5
01-01 12:08:15.705 D/wpa_supplicant( 1288): nl80211: Set TX rates failed: ret=-95 (Operation not supported on transport endpoint)
01-01 12:08:15.705 D/wpa_supplicant( 1288): P2P: Created pending virtual interface p2p-wlan0-0 addr ae:83:f3:ee:40:98
01-01 12:08:15.706 D/wpa_supplicant( 1288): P2P: Request to start group negotiation - peer=16:a5:1a:fd:72:c0  GO Intent=6  Intended Interface Address=ae:83:f3:ee:40:98 wps_method=3 persistent_group=2 pd_before_go_neg=0 oob_pw_id=0
01-01 12:08:15.706 D/wpa_supplicant( 1288): P2P: Prepare channel - force_freq=0 pref_freq=0 go=0
01-01 12:08:15.706 D/wpa_supplicant( 1288): P2P: Prepare channel best
01-01 12:08:15.706 D/wpa_supplicant( 1288): P2P: Select pre-configured channel as operating channel preference
01-01 12:08:15.706 D/wpa_supplicant( 1288): P2P: prepared channels: 81:1,2,3,4,5,6,7,8,9,10,11,12,13
01-01 12:08:15.706 D/wpa_supplicant( 1288): P2P: after go/cli filter/add: 81:1,2,3,4,5,6,7,8,9,10,11,12,13
01-01 12:08:15.706 D/wpa_supplicant( 1288): P2P: Own preference for operation channel: Operating Class 81 Channel 11
01-01 12:08:15.706 D/wpa_supplicant( 1288): P2P: * Dialog Token: 2
01-01 12:08:15.706 D/wpa_supplicant( 1288): P2P: * P2P IE header
01-01 12:08:15.706 D/wpa_supplicant( 1288): P2P: * Capability dev=25 group=2a
01-01 12:08:15.706 D/wpa_supplicant( 1288): P2P: * GO Intent: Intent 6 Tie breaker 0
01-01 12:08:15.706 D/wpa_supplicant( 1288): P2P: * Configuration Timeout: GO 100 (*10ms)  client 20 (*10ms)
01-01 12:08:15.706 D/wpa_supplicant( 1288): P2P: * Listen Channel: Regulatory Class 81 Channel 6
01-01 12:08:15.706 D/wpa_supplicant( 1288): P2P: * Intended P2P Interface Address ae:83:f3:ee:40:98
01-01 12:08:15.706 D/wpa_supplicant( 1288): P2P: * Channel List - hexdump(len=18): 58 58 04 51 0d 01 02 03 04 05 06 07 08 09 0a 0b 0c 0d
01-01 12:08:15.706 D/wpa_supplicant( 1288): P2P: * Device Info
01-01 12:08:15.706 D/wpa_supplicant( 1288): P2P: * Operating Channel: Regulatory Class 81 Channel 11
01-01 12:08:15.706 D/wpa_supplicant( 1288): WPS:  * Version (hardcoded 0x10)
01-01 12:08:15.706 D/wpa_supplicant( 1288): P2P: WPS IE Device Password ID: 4
01-01 12:08:15.706 D/wpa_supplicant( 1288): WPS:  * Version2 (0x20)
01-01 12:08:15.706 D/wpa_supplicant( 1288): P2P: Sending GO Negotiation Request
01-01 12:08:15.706 D/wpa_supplicant( 1288): P2P: State IDLE -> CONNECT
01-01 12:08:15.706 D/wpa_supplicant( 1288): P2P: Schedule new radio work for Action frame TX (listen_freq=-1 send_freq=-1)
01-01 12:08:15.706 D/wpa_supplicant( 1288): p2p-dev-wlan0: Add radio work 'p2p-send-action'@0xb87ebcc8
01-01 12:08:15.706 D/wpa_supplicant( 1288): p2p-dev-wlan0: First radio work item in the queue - schedule start immediately
01-01 12:08:15.706 D/wpa_supplicant( 1288): p2p-dev-wlan0: Starting radio work 'p2p-send-action'@0xb87ebcc8 after 0.000063 second wait
01-01 12:08:15.706 D/wpa_supplicant( 1288): Off-channel: Send action frame: freq=2412 dst=16:a5:1a:fd:72:c0 src=ae:83:f3:ee:c0:98 bssid=16:a5:1a:fd:72:c0 len=137
01-01 12:08:15.706 D/wpa_supplicant( 1288): nl80211: Send Action frame (ifindex=0, freq=2412 MHz wait=500 ms no_cck=1)
01-01 12:08:16.800 D/wpa_supplicant( 1288): nl80211: Ignore RTM_NEWLINK event for foreign ifindex 5
01-01 12:08:16.801 D/wpa_supplicant( 1288): P2P: Timeout (state=CONNECT)
01-01 12:08:16.801 D/wpa_supplicant( 1288): p2p-dev-wlan0: Radio work 'p2p-send-action'@0xb87ebcc8 done in 1.094796 seconds
01-01 12:08:16.801 D/wpa_supplicant( 1288): Off-channel: Action frame sequence done notification
01-01 12:08:16.801 D/wpa_supplicant( 1288): nl80211: Cancel TX frame wait: cookie=0xd
01-01 12:08:16.801 D/wpa_supplicant( 1288): P2P: State CONNECT -> CONNECT_LISTEN
01-01 12:08:16.801 D/wpa_supplicant( 1288): P2P: Starting short listen state (state=CONNECT_LISTEN)
01-01 12:08:16.808 D/wpa_supplicant( 1288): WPS:  * Version (hardcoded 0x10)
01-01 12:08:16.808 D/wpa_supplicant( 1288): P2P: WPS IE Device Password ID: 4
01-01 12:08:16.809 D/wpa_supplicant( 1288): WPS:  * UUID-E
01-01 12:08:16.809 D/wpa_supplicant( 1288): WPS:  * Version2 (0x20)
01-01 12:08:16.809 D/wpa_supplicant( 1288): P2P: * P2P IE header
01-01 12:08:16.809 D/wpa_supplicant( 1288): P2P: * Capability dev=25 group=00
01-01 12:08:16.809 D/wpa_supplicant( 1288): P2P: * Device Info
01-01 12:08:16.809 D/wpa_supplicant( 1288): p2p-dev-wlan0: Add radio work 'p2p-listen'@0xb8800780
01-01 12:08:16.809 D/wpa_supplicant( 1288): p2p-dev-wlan0: First radio work item in the queue - schedule start immediately
01-01 12:08:16.809 D/wpa_supplicant( 1288): nl80211: Drv Event 60 (NL80211_CMD_FRAME_TX_STATUS) received for p2p-dev-wlan0
01-01 12:08:16.809 D/wpa_supplicant( 1288): nl80211: Frame TX status event
01-01 12:08:16.809 D/wpa_supplicant( 1288): nl80211: Action TX status: cookie=0d (match) (ack=1)
01-01 12:08:16.809 D/wpa_supplicant( 1288): p2p-dev-wlan0: Event TX_STATUS (18) received
01-01 12:08:16.810 D/wpa_supplicant( 1288): p2p-dev-wlan0: EVENT_TX_STATUS dst=16:a5:1a:fd:72:c0 type=0 stype=13
01-01 12:08:16.810 D/wpa_supplicant( 1288): Off-channel: Ignore Action TX status - no pending operation
01-01 12:08:16.810 D/wpa_supplicant( 1288): nl80211: BSS Event 59 (NL80211_CMD_FRAME) received for p2p-dev-wlan0
01-01 12:08:16.810 D/wpa_supplicant( 1288): nl80211: RX frame sa=16:a5:1a:fd:72:c0 freq=2412 ssi_signal=0 stype=13 (WLAN_FC_STYPE_ACTION) len=152
01-01 12:08:16.810 D/wpa_supplicant( 1288): p2p-dev-wlan0: Event RX_MGMT (20) received
01-01 12:08:16.810 D/wpa_supplicant( 1288): p2p-dev-wlan0: Received Action frame: SA=16:a5:1a:fd:72:c0 Category=4 DataLen=127 freq=2412 MHz
01-01 12:08:16.810 D/wpa_supplicant( 1288): P2P: RX P2P Public Action from 16:a5:1a:fd:72:c0
01-01 12:08:16.810 D/wpa_supplicant( 1288): P2P: Received GO Negotiation Response from 16:a5:1a:fd:72:c0 (freq=2412)
01-01 12:08:16.810 D/wpa_supplicant( 1288): P2P: Parsing the received message
01-01 12:08:16.810 D/wpa_supplicant( 1288): P2P: * Dialog Token: 2
01-01 12:08:16.811 D/wpa_supplicant( 1288): P2P: Parsing WPS IE
01-01 12:08:16.811 D/wpa_supplicant( 1288): P2P: Device Password ID: 0
01-01 12:08:16.811 D/wpa_supplicant( 1288): P2P: Parsing P2P IE
01-01 12:08:16.811 D/wpa_supplicant( 1288): P2P: Attribute 0 length 1
01-01 12:08:16.811 D/wpa_supplicant( 1288): P2P: * Status: 1
01-01 12:08:16.811 D/wpa_supplicant( 1288): P2P: Attribute 2 length 2
01-01 12:08:16.811 D/wpa_supplicant( 1288): P2P: * Device Capability 25 Group Capability 00
01-01 12:08:16.811 D/wpa_supplicant( 1288): P2P: Attribute 4 length 1
01-01 12:08:16.811 D/wpa_supplicant( 1288): P2P: * GO Intent: Intent 0 Tie breaker 1
01-01 12:08:16.811 D/wpa_supplicant( 1288): P2P: Attribute 5 length 2
01-01 12:08:16.811 D/wpa_supplicant( 1288): P2P: * Configuration Timeout
01-01 12:08:16.811 D/wpa_supplicant( 1288): P2P: Attribute 17 length 5
01-01 12:08:16.811 D/wpa_supplicant( 1288): P2P: * Operating Channel: Country CN(0x04) Regulatory Class 0 Channel Number 0
01-01 12:08:16.811 D/wpa_supplicant( 1288): P2P: Attribute 9 length 6
01-01 12:08:16.811 D/wpa_supplicant( 1288): P2P: * Intended P2P Interface Address: 00:00:00:00:00:00
01-01 12:08:16.811 D/wpa_supplicant( 1288): P2P: Attribute 11 length 3
01-01 12:08:16.811 D/wpa_supplicant( 1288): P2P: * Channel List: Country String 'CN(0x04)'
01-01 12:08:16.811 D/wpa_supplicant( 1288): P2P: Attribute 13 length 28
01-01 12:08:16.812 D/wpa_supplicant( 1288): P2P: * Device Info: addr 16:a5:1a:fd:72:c0 primary device type 10-0050F204-5 device name 'Honor6X' config methods 0x188
01-01 12:08:16.812 D/wpa_supplicant( 1288): P2P: GO Negotiation rejected: status 1
01-01 12:08:16.812 D/wpa_supplicant( 1288): P2P: Wait for the peer to become ready for GO Negotiation
01-01 12:08:16.812 D/wpa_supplicant( 1288): P2P: State CONNECT_LISTEN -> WAIT_PEER_CONNECT
01-01 12:08:16.812 D/wpa_supplicant( 1288): P2P: Set timeout (state=WAIT_PEER_CONNECT): 0.000000 sec
01-01 12:08:16.812 D/wpa_supplicant( 1288): Off-channel: Action frame sequence done notification
01-01 12:08:16.812 D/wpa_supplicant( 1288): nl80211: Cancel TX frame wait: cookie=0xd
01-01 12:08:16.812 D/wpa_supplicant( 1288): p2p-dev-wlan0: Starting radio work 'p2p-listen'@0xb8800780 after 0.003389 second wait
01-01 12:08:16.812 D/wpa_supplicant( 1288): wpa_driver_set_ap_wps_p2p_ie: Entry
01-01 12:08:16.813 D/wpa_supplicant( 1288): Re-routing DRIVER cmd to parent iface
01-01 12:08:16.813 D/wpa_supplicant( 1288): Re-routing command to iface: wlan0 cmd (SET_AP_WPS_P2P_IE 2)
01-01 12:08:16.814 D/wpa_supplicant( 1288): wpa_driver_nl80211_driver_cmd  len = 0, 0
01-01 12:08:16.814 D/wpa_supplicant( 1288): nl80211: Enable Probe Request reporting nl_preq=0xb88033d8
01-01 12:08:16.814 D/wpa_supplicant( 1288): nl80211: Register frame type=0x40 (WLAN_FC_STYPE_PROBE_REQ) nl_handle=0xb88033d8 match=
01-01 12:08:16.820 D/wpa_supplicant( 1288): nl80211: Remain-on-channel cookie 0x14 for freq=2437 MHz duration=204
01-01 12:08:16.820 D/wpa_supplicant( 1288): P2P: Timeout (state=WAIT_PEER_CONNECT)
01-01 12:08:16.820 D/wpa_supplicant( 1288): P2P: State WAIT_PEER_CONNECT -> WAIT_PEER_IDLE
01-01 12:08:16.820 D/wpa_supplicant( 1288): P2P: Set timeout (state=WAIT_PEER_IDLE): 0.200000 sec
01-01 12:08:16.820 D/wpa_supplicant( 1288): nl80211: Drv Event 55 (NL80211_CMD_REMAIN_ON_CHANNEL) received for p2p-dev-wlan0
01-01 12:08:16.820 D/wpa_supplicant( 1288): nl80211: Remain-on-channel event (cancel=0 freq=2437 channel_type=0 duration=204 cookie=0x14 (match))
01-01 12:08:16.820 D/wpa_supplicant( 1288): p2p-dev-wlan0: Event REMAIN_ON_CHANNEL (21) received
01-01 12:08:16.820 D/wpa_supplicant( 1288): Off-channel: Send Action callback (without_roc=0 pending_action_tx=0x0 pending_action_tx_done=1)
01-01 12:08:16.820 D/wpa_supplicant( 1288): P2P: Starting Listen timeout(0,204800) on freq=2437 based on callback
01-01 12:08:16.820 D/wpa_supplicant( 1288): P2P: Set timeout (state=WAIT_PEER_IDLE): 0.224800 sec
01-01 12:08:17.034 D/wpa_supplicant( 1288): nl80211: Drv Event 56 (NL80211_CMD_CANCEL_REMAIN_ON_CHANNEL) received for p2p-dev-wlan0
01-01 12:08:17.034 D/wpa_supplicant( 1288): nl80211: Remain-on-channel event (cancel=1 freq=2437 channel_type=0 duration=0 cookie=0x14 (match))
01-01 12:08:17.035 D/wpa_supplicant( 1288): p2p-dev-wlan0: Event CANCEL_REMAIN_ON_CHANNEL (22) received
01-01 12:08:17.035 D/wpa_supplicant( 1288): P2P: Cancel remain-on-channel callback (p2p_long_listen=0 ms pending_action_tx=0x0)
01-01 12:08:17.036 D/wpa_supplicant( 1288): p2p-dev-wlan0: Radio work 'p2p-listen'@0xb8800780 done in 0.223046 seconds
01-01 12:08:17.036 D/wpa_supplicant( 1288): P2P: Driver ended Listen state (freq=2437)
01-01 12:08:17.037 D/wpa_supplicant( 1288): P2P: Skip stop_listen since not in listen_only state.
01-01 12:08:17.045 D/wpa_supplicant( 1288): P2P: Timeout (state=WAIT_PEER_IDLE)
01-01 12:08:17.046 D/wpa_supplicant( 1288): P2P: Go to Listen state while waiting for the peer to become ready for GO Negotiation
01-01 12:08:17.046 D/wpa_supplicant( 1288): P2P: State WAIT_PEER_IDLE -> WAIT_PEER_CONNECT
01-01 12:08:17.046 D/wpa_supplicant( 1288): P2P: Starting short listen state (state=WAIT_PEER_CONNECT)
01-01 12:08:17.057 D/wpa_supplicant( 1288): WPS:  * Version (hardcoded 0x10)
01-01 12:08:17.057 D/wpa_supplicant( 1288): P2P: WPS IE Device Password ID: 4
01-01 12:08:17.057 D/wpa_supplicant( 1288): WPS:  * UUID-E
01-01 12:08:17.057 D/wpa_supplicant( 1288): WPS:  * Version2 (0x20)
01-01 12:08:17.057 D/wpa_supplicant( 1288): P2P: * P2P IE header
01-01 12:08:17.057 D/wpa_supplicant( 1288): P2P: * Capability dev=25 group=00
01-01 12:08:17.057 D/wpa_supplicant( 1288): P2P: * Device Info
01-01 12:08:17.057 D/wpa_supplicant( 1288): p2p-dev-wlan0: Add radio work 'p2p-listen'@0xb87fbb20
01-01 12:08:17.057 D/wpa_supplicant( 1288): p2p-dev-wlan0: First radio work item in the queue - schedule start immediately
01-01 12:08:17.058 D/wpa_supplicant( 1288): p2p-dev-wlan0: Starting radio work 'p2p-listen'@0xb87fbb20 after 0.000276 second wait
01-01 12:08:17.058 D/wpa_supplicant( 1288): wpa_driver_set_ap_wps_p2p_ie: Entry
01-01 12:08:17.058 D/wpa_supplicant( 1288): Re-routing DRIVER cmd to parent iface
01-01 12:08:17.058 D/wpa_supplicant( 1288): Re-routing command to iface: wlan0 cmd (SET_AP_WPS_P2P_IE 2)
01-01 12:08:17.058 D/wpa_supplicant( 1288): wpa_driver_nl80211_driver_cmd  len = 0, 0
01-01 12:08:17.058 D/wpa_supplicant( 1288): nl80211: Probe Request reporting already on! nl_preq=0x3008bb51
01-01 12:08:17.066 D/wpa_supplicant( 1288): nl80211: Remain-on-channel cookie 0x15 for freq=2437 MHz duration=102
01-01 12:08:17.066 D/wpa_supplicant( 1288): nl80211: Drv Event 55 (NL80211_CMD_REMAIN_ON_CHANNEL) received for p2p-dev-wlan0
01-01 12:08:17.066 D/wpa_supplicant( 1288): nl80211: Remain-on-channel event (cancel=0 freq=2437 channel_type=0 duration=102 cookie=0x15 (match))
01-01 12:08:17.067 D/wpa_supplicant( 1288): p2p-dev-wlan0: Event REMAIN_ON_CHANNEL (21) received
01-01 12:08:17.067 D/wpa_supplicant( 1288): Off-channel: Send Action callback (without_roc=0 pending_action_tx=0x0 pending_action_tx_done=1)
01-01 12:08:17.067 D/wpa_supplicant( 1288): P2P: Starting Listen timeout(0,102400) on freq=2437 based on callback
01-01 12:08:17.067 D/wpa_supplicant( 1288): P2P: Set timeout (state=WAIT_PEER_CONNECT): 0.122400 sec
01-01 12:08:17.179 D/wpa_supplicant( 1288): nl80211: Drv Event 56 (NL80211_CMD_CANCEL_REMAIN_ON_CHANNEL) received for p2p-dev-wlan0
01-01 12:08:17.180 D/wpa_supplicant( 1288): nl80211: Remain-on-channel event (cancel=1 freq=2437 channel_type=0 duration=0 cookie=0x15 (match))
01-01 12:08:17.180 D/wpa_supplicant( 1288): p2p-dev-wlan0: Event CANCEL_REMAIN_ON_CHANNEL (22) received
01-01 12:08:17.181 D/wpa_supplicant( 1288): P2P: Cancel remain-on-channel callback (p2p_long_listen=0 ms pending_action_tx=0x0)
01-01 12:08:17.181 D/wpa_supplicant( 1288): p2p-dev-wlan0: Radio work 'p2p-listen'@0xb87fbb20 done in 0.123176 seconds
01-01 12:08:17.181 D/wpa_supplicant( 1288): P2P: Driver ended Listen state (freq=2437)
01-01 12:08:17.182 D/wpa_supplicant( 1288): P2P: Skip stop_listen since not in listen_only state.
01-01 12:08:17.190 D/wpa_supplicant( 1288): P2P: Timeout (state=WAIT_PEER_CONNECT)
01-01 12:08:17.190 D/wpa_supplicant( 1288): P2P: State WAIT_PEER_CONNECT -> WAIT_PEER_IDLE
01-01 12:08:17.190 D/wpa_supplicant( 1288): P2P: Set timeout (state=WAIT_PEER_IDLE): 0.200000 sec
01-01 12:08:17.391 D/wpa_supplicant( 1288): P2P: Timeout (state=WAIT_PEER_IDLE)
01-01 12:08:17.392 D/wpa_supplicant( 1288): P2P: Go to Listen state while waiting for the peer to become ready for GO Negotiation
01-01 12:08:17.392 D/wpa_supplicant( 1288): P2P: State WAIT_PEER_IDLE -> WAIT_PEER_CONNECT
01-01 12:08:17.392 D/wpa_supplicant( 1288): P2P: Starting short listen state (state=WAIT_PEER_CONNECT)
01-01 12:08:17.405 D/wpa_supplicant( 1288): WPS:  * Version (hardcoded 0x10)
01-01 12:08:17.405 D/wpa_supplicant( 1288): P2P: WPS IE Device Password ID: 4
01-01 12:08:17.405 D/wpa_supplicant( 1288): WPS:  * UUID-E
01-01 12:08:17.405 D/wpa_supplicant( 1288): WPS:  * Version2 (0x20)
01-01 12:08:17.405 D/wpa_supplicant( 1288): P2P: * P2P IE header
01-01 12:08:17.406 D/wpa_supplicant( 1288): P2P: * Capability dev=25 group=00
01-01 12:08:17.406 D/wpa_supplicant( 1288): P2P: * Device Info
01-01 12:08:17.406 D/wpa_supplicant( 1288): p2p-dev-wlan0: Add radio work 'p2p-listen'@0xb8800780
01-01 12:08:17.406 D/wpa_supplicant( 1288): p2p-dev-wlan0: First radio work item in the queue - schedule start immediately
01-01 12:08:17.406 D/wpa_supplicant( 1288): p2p-dev-wlan0: Starting radio work 'p2p-listen'@0xb8800780 after 0.000366 second wait
01-01 12:08:17.407 D/wpa_supplicant( 1288): wpa_driver_set_ap_wps_p2p_ie: Entry
