01-01 12:09:03.992 D/wpa_supplicant( 1288): Scan requested (ret=0) - scan timeout 30 seconds
01-01 12:09:03.992 D/wpa_supplicant( 1288): nl80211: Drv Event 33 (NL80211_CMD_TRIGGER_SCAN) received for wlan0
01-01 12:09:03.992 D/wpa_supplicant( 1288): wlan0: nl80211: Scan trigger
01-01 12:09:03.992 D/wpa_supplicant( 1288): wlan0: Event SCAN_STARTED (49) received
01-01 12:09:03.992 D/wpa_supplicant( 1288): wlan0: Own scan request started a scan in 0.000171 seconds
01-01 12:09:03.992 D/wpa_supplicant( 1288): CTRL_IFACE monitor sent successfully to /data/misc/wifi/sockets/wpa_ctrl_453-2\x00
01-01 12:09:04.807 D/wpa_supplicant( 1288): RTM_NEWLINK: ifi_index=4 ifname=wlan0 wext ifi_family=0 ifi_flags=0x11003 ([UP][LOWER_UP])
01-01 12:09:04.808 D/wpa_supplicant( 1288): nl80211: Drv Event 34 (NL80211_CMD_NEW_SCAN_RESULTS) received for wlan0
01-01 12:09:04.808 D/wpa_supplicant( 1288): wlan0: nl80211: New scan results available
01-01 12:09:04.808 D/wpa_supplicant( 1288): nl80211: Scan probed for SSID ''
01-01 12:09:04.809 D/wpa_supplicant( 1288): nl80211: Scan included frequencies: 2412 2417 2422 2427 2432 2437 2442 2447 2452 2457 2462 2467 2472
01-01 12:09:04.809 D/wpa_supplicant( 1288): wlan0: Event SCAN_RESULTS (3) received
01-01 12:09:04.809 D/wpa_supplicant( 1288): wlan0: Scan completed in 0.816791 seconds
01-01 12:09:04.811 D/wpa_supplicant( 1288): nl80211: Received scan results (18 BSSes)
01-01 12:09:04.813 D/wpa_supplicant( 1288): wlan0: BSS: Start scan result update 21
01-01 12:09:04.813 D/wpa_supplicant( 1288): wlan0: BSS: Add new id 58 BSSID cc:08:fb:95:60:38 SSID 'MZ'
01-01 12:09:04.814 D/wpa_supplicant( 1288): CTRL_IFACE monitor sent successfully to /data/misc/wifi/sockets/wpa_ctrl_453-2\x00
01-01 12:09:04.814 D/wpa_supplicant( 1288): wlan0: BSS: Add new id 59 BSSID 2c:b2:1a:03:27:f2 SSID 'PDCN'
01-01 12:09:04.815 D/wpa_supplicant( 1288): CTRL_IFACE monitor sent successfully to /data/misc/wifi/sockets/wpa_ctrl_453-2\x00
01-01 12:09:04.815 D/wpa_supplicant( 1288): wlan0: BSS: Add new id 60 BSSID c8:50:e9:e9:ba:da SSID 'ChinaNet-gVDT'
01-01 12:09:04.815 D/wpa_supplicant( 1288): CTRL_IFACE monitor sent successfully to /data/misc/wifi/sockets/wpa_ctrl_453-2\x00
01-01 12:09:04.816 D/wpa_supplicant( 1288): wlan0: BSS: Add new id 61 BSSID d4:68:ba:13:0a:54 SSID 'CC Universe Wifi'
01-01 12:09:04.816 D/wpa_supplicant( 1288): CTRL_IFACE monitor sent successfully to /data/misc/wifi/sockets/wpa_ctrl_453-2\x00
01-01 12:09:04.816 D/wpa_supplicant( 1288): wlan0: BSS: Add new id 62 BSSID d4:68:ba:03:0a:54 SSID 'jishubu'
01-01 12:09:04.817 D/wpa_supplicant( 1288): CTRL_IFACE monitor sent successfully to /data/misc/wifi/sockets/wpa_ctrl_453-2\x00
01-01 12:09:04.817 D/wpa_supplicant( 1288): wlan0: BSS: Add new id 63 BSSID 06:69:6c:0b:10:52 SSID 'XM-free'
01-01 12:09:04.818 D/wpa_supplicant( 1288): CTRL_IFACE monitor sent successfully to /data/misc/wifi/sockets/wpa_ctrl_453-2\x00
01-01 12:09:04.819 D/wpa_supplicant( 1288): wlan0: BSS: Add new id 64 BSSID 0e:69:6c:0b:10:52 SSID 'XM-Guest'
01-01 12:09:04.819 D/wpa_supplicant( 1288): CTRL_IFACE monitor sent successfully to /data/misc/wifi/sockets/wpa_ctrl_453-2\x00
01-01 12:09:04.819 D/wpa_supplicant( 1288): wlan0: BSS: Add new id 65 BSSID 0a:69:6c:0b:10:52 SSID 'XM-Web'
01-01 12:09:04.820 D/wpa_supplicant( 1288): CTRL_IFACE monitor sent successfully to /data/misc/wifi/sockets/wpa_ctrl_453-2\x00
01-01 12:09:04.820 D/wpa_supplicant( 1288): wlan0: BSS: Remove id 56 BSSID cc:08:fb:67:b9:b2 SSID 'TP-LINK_xiaomei' due to no match in scan
01-01 12:09:04.820 D/wpa_supplicant( 1288): CTRL_IFACE monitor sent successfully to /data/misc/wifi/sockets/wpa_ctrl_453-2\x00
01-01 12:09:04.820 D/wpa_supplicant( 1288): BSS: last_scan_res_used=18/32
01-01 12:09:04.820 D/wpa_supplicant( 1288): wlan0: Scan-only results received
01-01 12:09:04.820 D/wpa_supplicant( 1288): CTRL_IFACE monitor sent successfully to /data/misc/wifi/sockets/wpa_ctrl_453-2\x00
01-01 12:09:04.821 D/wpa_supplicant( 1288): CTRL_IFACE monitor sent successfully to /data/misc/wifi/sockets/wpa_ctrl_453-2\x00
01-01 12:09:04.821 D/wpa_supplicant( 1288): wlan0: Radio work 'scan'@0xb88033d8 done in 0.838170 seconds
01-01 12:09:04.907 E/WifiStateMachine(  453): [1,293,883,744,906 ms] noteScanEnd no scan source onTime=0
01-01 12:09:04.907 D/wpa_supplicant( 1288): wlan0: Control interface command 'BSS RANGE=0- MASK=0x21987'
01-01 12:09:04.939 E/WifiStateMachine(  453): wifi setScanResults statecom.android.server.wifi.WifiStateMachine$DisconnectedState@2fcb4641 sup_state=DISCONNECTED debouncing=false mConnectionRequests=1 selection=<none>
01-01 12:09:04.952 D/wpa_supplicant( 1288): wlan0: Control interface command 'STATUS-NO_EVENTS'
01-01 12:09:14.024 E/WifiStateMachine(  453): startDelayedScan send -> 19 milli 10000
01-01 12:09:14.025 D/wpa_supplicant( 1288): wlan0: Control interface command 'SCAN TYPE=ONLY'
01-01 12:09:14.025 D/wpa_supplicant( 1288): wlan0: Setting scan request: 0.000000 sec
01-01 12:09:14.025 D/wpa_supplicant( 1288): wlan0: Starting AP scan for wildcard SSID
01-01 12:09:14.025 D/wpa_supplicant( 1288): WPS: Building WPS IE for Probe Request
01-01 12:09:14.025 D/wpa_supplicant( 1288): WPS:  * Version (hardcoded 0x10)
01-01 12:09:14.025 D/wpa_supplicant( 1288): WPS:  * Request Type
01-01 12:09:14.025 D/wpa_supplicant( 1288): WPS:  * Config Methods (4288)
01-01 12:09:14.025 D/wpa_supplicant( 1288): WPS:  * UUID-E
01-01 12:09:14.025 D/wpa_supplicant( 1288): WPS:  * Primary Device Type
01-01 12:09:14.025 D/wpa_supplicant( 1288): WPS:  * RF Bands (1)
01-01 12:09:14.025 D/wpa_supplicant( 1288): WPS:  * Association State
01-01 12:09:14.025 D/wpa_supplicant( 1288): WPS:  * Configuration Error (0)
01-01 12:09:14.025 D/wpa_supplicant( 1288): WPS:  * Device Password ID (0)
01-01 12:09:14.025 D/wpa_supplicant( 1288): WPS:  * Manufacturer
01-01 12:09:14.025 D/wpa_supplicant( 1288): WPS:  * Model Name
01-01 12:09:14.025 D/wpa_supplicant( 1288): WPS:  * Model Number
01-01 12:09:14.025 D/wpa_supplicant( 1288): WPS:  * Device Name
01-01 12:09:14.025 D/wpa_supplicant( 1288): WPS:  * Version2 (0x20)
01-01 12:09:14.025 D/wpa_supplicant( 1288): P2P: * P2P IE header
01-01 12:09:14.025 D/wpa_supplicant( 1288): P2P: * Capability dev=25 group=00
01-01 12:09:14.025 D/wpa_supplicant( 1288): P2P: * Listen Channel: Regulatory Class 81 Channel 6
01-01 12:09:14.025 D/wpa_supplicant( 1288): wlan0: Add radio work 'scan'@0xb88033d8
01-01 12:09:14.026 D/wpa_supplicant( 1288): wlan0: First radio work item in the queue - schedule start immediately
01-01 12:09:14.026 D/wpa_supplicant( 1288): wlan0: Starting radio work 'scan'@0xb88033d8 after 0.000075 second wait
01-01 12:09:14.026 D/wpa_supplicant( 1288): wlan0: nl80211: scan request
01-01 12:09:14.030 E/WifiStateMachine(  453): [1,293,883,754,029 ms] noteScanstart no scan source uid -2
01-01 12:09:14.034 D/wpa_supplicant( 1288): Scan requested (ret=0) - scan timeout 30 seconds
01-01 12:09:14.034 D/wpa_supplicant( 1288): nl80211: Drv Event 33 (NL80211_CMD_TRIGGER_SCAN) received for wlan0
01-01 12:09:14.034 D/wpa_supplicant( 1288): wlan0: nl80211: Scan trigger
01-01 12:09:14.034 D/wpa_supplicant( 1288): wlan0: Event SCAN_STARTED (49) received
01-01 12:09:14.034 D/wpa_supplicant( 1288): wlan0: Own scan request started a scan in 0.000179 seconds
01-01 12:09:14.034 D/wpa_supplicant( 1288): CTRL_IFACE monitor sent successfully to /data/misc/wifi/sockets/wpa_ctrl_453-2\x00
01-01 12:09:14.856 D/wpa_supplicant( 1288): nl80211: Drv Event 34 (NL80211_CMD_NEW_SCAN_RESULTS) received for wlan0
01-01 12:09:14.856 D/wpa_supplicant( 1288): wlan0: nl80211: New scan results available
01-01 12:09:14.856 D/wpa_supplicant( 1288): nl80211: Scan probed for SSID ''
01-01 12:09:14.857 D/wpa_supplicant( 1288): nl80211: Scan included frequencies: 2412 2417 2422 2427 2432 2437 2442 2447 2452 2457 2462 2467 2472
01-01 12:09:14.857 D/wpa_supplicant( 1288): wlan0: Event SCAN_RESULTS (3) received
01-01 12:09:14.857 D/wpa_supplicant( 1288): wlan0: Scan completed in 0.822668 seconds
01-01 12:09:14.859 D/wpa_supplicant( 1288): nl80211: Received scan results (11 BSSes)
01-01 12:09:14.859 D/wpa_supplicant( 1288): wlan0: BSS: Start scan result update 22
01-01 12:09:14.860 D/wpa_supplicant( 1288): wlan0: BSS: Add new id 66 BSSID 02:0e:5e:6d:5b:77 SSID 'ChinaNet-9VX7'
01-01 12:09:14.861 D/wpa_supplicant( 1288): CTRL_IFACE monitor sent successfully to /data/misc/wifi/sockets/wpa_ctrl_453-2\x00
01-01 12:09:14.862 D/wpa_supplicant( 1288): wlan0: BSS: Add new id 67 BSSID a8:0c:ca:09:5a:f9 SSID 'CC Universe Guest'
01-01 12:09:14.864 D/wpa_supplicant( 1288): CTRL_IFACE monitor sent successfully to /data/misc/wifi/sockets/wpa_ctrl_453-2\x00
01-01 12:09:14.864 D/wpa_supplicant( 1288): wlan0: BSS: Remove id 57 BSSID 80:69:33:4d:77:a4 SSID 'WirelessNet' due to no match in scan
01-01 12:09:14.865 D/wpa_supplicant( 1288): CTRL_IFACE monitor sent successfully to /data/misc/wifi/sockets/wpa_ctrl_453-2\x00
01-01 12:09:14.865 D/wpa_supplicant( 1288): BSS: last_scan_res_used=11/32
01-01 12:09:14.865 D/wpa_supplicant( 1288): wlan0: Scan-only results received
01-01 12:09:14.865 D/wpa_supplicant( 1288): CTRL_IFACE monitor sent successfully to /data/misc/wifi/sockets/wpa_ctrl_453-2\x00
01-01 12:09:14.866 D/wpa_supplicant( 1288): CTRL_IFACE monitor sent successfully to /data/misc/wifi/sockets/wpa_ctrl_453-2\x00
01-01 12:09:14.866 D/wpa_supplicant( 1288): wlan0: Radio work 'scan'@0xb88033d8 done in 0.840182 seconds
01-01 12:09:14.866 D/wpa_supplicant( 1288): RTM_NEWLINK: ifi_index=4 ifname=wlan0 wext ifi_family=0 ifi_flags=0x11003 ([UP][LOWER_UP])
01-01 12:09:14.949 E/WifiStateMachine(  453): [1,293,883,754,948 ms] noteScanEnd no scan source onTime=0
01-01 12:09:14.949 D/wpa_supplicant( 1288): wlan0: Control interface command 'BSS RANGE=0- MASK=0x21987'
01-01 12:09:14.976 E/WifiStateMachine(  453): wifi setScanResults statecom.android.server.wifi.WifiStateMachine$DisconnectedState@2fcb4641 sup_state=DISCONNECTED debouncing=false mConnectionRequests=1 selection=<none>
01-01 12:09:14.989 D/wpa_supplicant( 1288): wlan0: Control interface command 'STATUS-NO_EVENTS'
