W/Binder  (  446): 	at android.app.ContextImpl.checkPermission(ContextImpl.java:1877)
W/Binder  (  446): 	at android.app.ContextImpl.checkCallingOrSelfPermission(ContextImpl.java:1918)
W/Binder  (  446): 	at android.app.ContextImpl.enforceCallingOrSelfPermission(ContextImpl.java:1955)
W/Binder  (  446): 	at com.android.server.power.PowerManagerService$BinderService.releaseWakeLock(PowerManagerService.java:3015)
W/Binder  (  446): 	at android.os.IPowerManager$Stub.onTransact(IPowerManager.java:94)
W/Binder  (  446): 	at android.os.Binder.execTransact(Binder.java:446)
I/AudioFlinger(  159): AudioFlinger's thread 0xb570c008 ready to run
I/audio_a2dp_hw(  159): adev_open:  adev_open in A2dp_hw module
I/AudioFlinger(  159): loadHwModule() Loaded a2dp audio interface from A2DP Audio HW HAL (audio) handle 4
W/Binder  (  446): Caught a RuntimeException from the binder stub implementation.
W/Binder  (  446): java.lang.NullPointerException: Attempt to invoke interface method 'int android.app.IActivityManager.checkPermission(java.lang.String, int, int)' on a null object reference
W/Binder  (  446): 	at android.app.ContextImpl.checkPermission(ContextImpl.java:1877)
W/Binder  (  446): 	at android.app.ContextImpl.checkCallingOrSelfPermission(ContextImpl.java:1918)
W/Binder  (  446): 	at android.app.ContextImpl.enforceCallingOrSelfPermission(ContextImpl.java:1955)
W/Binder  (  446): 	at com.android.server.power.PowerManagerService$BinderService.acquireWakeLock(PowerManagerService.java:2987)
W/Binder  (  446): 	at android.os.IPowerManager$Stub.onTransact(IPowerManager.java:66)
W/Binder  (  446): 	at android.os.Binder.execTransact(Binder.java:446)
I/AudioFlinger(  159): loadHwModule() Loaded usb audio interface from USB audio HW HAL (audio) handle 5
W/Binder  (  446): Caught a RuntimeException from the binder stub implementation.
W/Binder  (  446): java.lang.NullPointerException: Attempt to invoke interface method 'int android.app.IActivityManager.checkPermission(java.lang.String, int, int)' on a null object reference
W/Binder  (  446): 	at android.app.ContextImpl.checkPermission(ContextImpl.java:1877)
W/Binder  (  446): 	at android.app.ContextImpl.checkCallingOrSelfPermission(ContextImpl.java:1918)
W/Binder  (  446): 	at android.app.ContextImpl.enforceCallingOrSelfPermission(ContextImpl.java:1955)
W/Binder  (  446): 	at com.android.server.power.PowerManagerService$BinderService.updateWakeLockWorkSource(PowerManagerService.java:3046)
W/Binder  (  446): 	at com.android.server.power.PowerManagerService$BinderService.updateWakeLockUids(PowerManagerService.java:3037)
W/Binder  (  446): 	at android.os.IPowerManager$Stub.onTransact(IPowerManager.java:105)
W/Binder  (  446): 	at android.os.Binder.execTransact(Binder.java:446)
I/r_submix(  159): adev_open(name=audio_hw_if)
I/r_submix(  159): adev_init_check()
I/AudioFlinger(  159): loadHwModule() Loaded r_submix audio interface from Wifi Display audio HAL (audio) handle 6
D/r_submix(  159): adev_open_input_stream(addr=0)
D/r_submix(  159): submix_audio_device_create_pipe_l(addr=0, idx=9)
D/r_submix(  159):   now using address 0 for route 9
E/MonoPipe(  159): Failed to fetch local time frequency when constructing a MonoPipe (res = -32).  getNextWriteTimestamp calls will be non-functional
I/AudioFlinger(  159): AudioFlinger's thread 0xb56d0008 ready to run
D/r_submix(  159): adev_close_input_stream()
D/r_submix(  159): submix_audio_device_release_pipe_l(idx=9) addr=0
D/r_submix(  159): submix_audio_device_destroy_pipe_l(): pipe destroyed
E/SoundTriggerHwService(  159): couldn't load sound trigger module sound_trigger.primary (No such file or directory)
E/mediaserver(  159): MediaServer is SP_FOREGROUND, tid=159
I/art     (  163): Explicit concurrent mark sweep GC freed 1943(92KB) AllocSpace objects, 0(0B) LOS objects, 77% free, 296KB/1320KB, paused 77us total 3.921ms
I/art     (  163): Explicit concurrent mark sweep GC freed 1977(87KB) AllocSpace objects, 0(0B) LOS objects, 75% free, 331KB/1355KB, paused 78us total 3.556ms
I/art     (  163): Explicit concurrent mark sweep GC freed 379(19KB) AllocSpace objects, 0(0B) LOS objects, 73% free, 364KB/1388KB, paused 79us total 4.072ms
W/SystemConfig(  446): No directory /system/etc/sysconfig, skipping
I/art     (  163): Thread[1,tid=163,WaitingForJniOnLoad,Thread*=0xb82485c0,peer=0x71bc8000,"main"] recursive attempt to load library "/system/lib/libmedia_jni.so"
D/MtpDeviceJNI(  163): register_android_mtp_MtpDevice
I/art     (  163): Thread[1,tid=163,WaitingForJniOnLoad,Thread*=0xb82485c0,peer=0x71bc8000,"main"] recursive attempt to load library "/system/lib/libmedia_jni.so"
I/art     (  163): Thread[1,tid=163,WaitingForJniOnLoad,Thread*=0xb82485c0,peer=0x71bc8000,"main"] recursive attempt to load library "/system/lib/libmedia_jni.so"
D/MediaProfiles(  163): CameraGroupFound(668): media_profiles_id: 0x0
E/MediaProfiles(  163): WARNING!!!! getInstance(739): cameraHal version(1.54.8) after(0.3.0x33),but don't have file(/data/camera/media_profiles.xml)
W/MediaProfiles(  163): could not find media config xml file
I/art     (  163): Explicit concurrent mark sweep GC freed 492(29KB) AllocSpace objects, 0(0B) LOS objects, 72% free, 384KB/1408KB, paused 78us total 3.988ms
I/art     (  163): Explicit concurrent mark sweep GC freed 341(16KB) AllocSpace objects, 0(0B) LOS objects, 70% free, 418KB/1442KB, paused 86us total 3.455ms
I/art     (  163): Explicit concurrent mark sweep GC freed 385(20KB) AllocSpace objects, 0(0B) LOS objects, 69% free, 458KB/1482KB, paused 79us total 4.495ms
I/art     (  163): Explicit concurrent mark sweep GC freed 359(20KB) AllocSpace objects, 0(0B) LOS objects, 67% free, 491KB/1515KB, paused 82us total 3.940ms
I/art     (  163): Explicit concurrent mark sweep GC freed 42(3KB) AllocSpace objects, 0(0B) LOS objects, 65% free, 547KB/1571KB, paused 77us total 3.674ms
D/SELinuxMMAC(  446): Using policy file /system/etc/security/mac_permissions.xml
I/art     (  163): Explicit concurrent mark sweep GC freed 1757(102KB) AllocSpace objects, 0(0B) LOS objects, 59% free, 689KB/1713KB, paused 80us total 4.683ms
E/EmojiFactory_jni(  163): Failed to load libemoji.so: dlopen failed: library "libemoji.so" not found
I/art     (  163): Explicit concurrent mark sweep GC freed 258(42KB) AllocSpace objects, 0(0B) LOS objects, 50% free, 994KB/2018KB, paused 81us total 5.863ms
I/art     (  163): Explicit concurrent mark sweep GC freed 414(29KB) AllocSpace objects, 0(0B) LOS objects, 49% free, 1032KB/2MB, paused 80us total 5.753ms
I/art     (  163): Explicit concurrent mark sweep GC freed 650(40KB) AllocSpace objects, 0(0B) LOS objects, 49% free, 1040KB/2MB, paused 84us total 5.184ms
I/art     (  163): Explicit concurrent mark sweep GC freed 466(30KB) AllocSpace objects, 0(0B) LOS objects, 49% free, 1058KB/2MB, paused 79us total 5.962ms
I/art     (  163): Explicit concurrent mark sweep GC freed 750(71KB) AllocSpace objects, 1(16KB) LOS objects, 48% free, 1107KB/2MB, paused 79us total 5.295ms
I/art     (  163): Explicit concurrent mark sweep GC freed 501(33KB) AllocSpace objects, 0(0B) LOS objects, 47% free, 1124KB/2MB, paused 79us total 6.132ms
I/art     (  163): Explicit concurrent mark sweep GC freed 641(33KB) AllocSpace objects, 0(0B) LOS objects, 46% free, 1156KB/2MB, paused 79us total 4.975ms
I/art     (  163): Explicit concurrent mark sweep GC freed 245(12KB) AllocSpace objects, 0(0B) LOS objects, 45% free, 1206KB/2MB, paused 84us total 5.729ms
D/PackageManager(  446): No files in app dir /vendor/overlay
I/art     (  163): Explicit concurrent mark sweep GC freed 884(35KB) AllocSpace objects, 0(0B) LOS objects, 38% free, 1635KB/2MB, paused 89us total 6.152ms
I/art     (  163): Explicit concurrent mark sweep GC freed 531(30KB) AllocSpace objects, 0(0B) LOS objects, 38% free, 1654KB/2MB, paused 90us total 7.515ms
I/art     (  163): Explicit concurrent mark sweep GC freed 702(42KB) AllocSpace objects, 0(0B) LOS objects, 38% free, 1661KB/2MB, paused 93us total 5.897ms
I/System  (  163): Loaded time zone names for "" in 39ms (31ms in ICU)
I/System  (  163): Loaded time zone names for "en_US" in 51ms (36ms in ICU)
I/art     (  163): Explicit concurrent mark sweep GC freed 2469(118KB) AllocSpace objects, 2(64KB) LOS objects, 36% free, 1814KB/2MB, paused 86us total 7.183ms
I/art     (  163): Explicit concurrent mark sweep GC freed 120(11KB) AllocSpace objects, 0(0B) LOS objects, 35% free, 1880KB/2MB, paused 88us total 6.386ms
W/PackageParser(  446): No actions in intent filter at /system/priv-app/Contacts/Contacts.apk Binary XML file line #356
I/art     (  163): Explicit concurrent mark sweep GC freed 371(26KB) AllocSpace objects, 0(0B) LOS objects, 34% free, 1935KB/2MB, paused 87us total 14.297ms
I/art     (  163): Explicit concurrent mark sweep GC freed 539(38KB) AllocSpace objects, 0(0B) LOS objects, 34% free, 1946KB/2MB, paused 91us total 6.798ms
I/Zygote  (  163): ...preloaded 3005 classes in 2420ms.
I/art     (  163): VMRuntime.preloadDexCaches starting
I/art     (  163): VMRuntime.preloadDexCaches strings total=214999 before=8749 after=8749
I/art     (  163): VMRuntime.preloadDexCaches types total=18630 before=6439 after=6480
I/art     (  163): VMRuntime.preloadDexCaches fields total=86546 before=30538 after=30835
I/art     (  163): VMRuntime.preloadDexCaches methods total=152890 before=48281 after=49687
I/art     (  163): VMRuntime.preloadDexCaches finished
I/art     (  163): Counter: 0
I/art     (  163): Counter: 1
I/art     (  163): Explicit concurrent mark sweep GC freed 229(26KB) AllocSpace objects, 0(0B) LOS objects, 40% free, 1958KB/3MB, paused 91us total 8.271ms
D/idmap   (  490): error: no read access to /vendor/overlay: No such file or directory
I/Zygote  (  163): Preloading resources...
W/Resources(  163): Preloaded drawable resource #0x1080096 (android:drawable/toast_frame) that varies with configuration!!
W/Resources(  163): Preloaded drawable resource #0x108010d (android:drawable/btn_check_on_pressed_holo_light) that varies with configuration!!
W/Resources(  163): Preloaded drawable resource #0x108010c (android:drawable/btn_check_on_pressed_holo_dark) that varies with configuration!!
W/Resources(  163): Preloaded drawable resource #0x108010a (android:drawable/btn_check_on_holo_light) that varies with configuration!!
W/Resources(  163): Preloaded drawable resource #0x1080109 (android:drawable/btn_check_on_holo_dark) that varies with configuration!!
I/art     (  163): Explicit concurrent mark sweep GC freed 148(8KB) AllocSpace objects, 0(0B) LOS objects, 39% free, 2002KB/3MB, paused 98us total 8.169ms
W/Resources(  163): Preloaded drawable resource #0x1080107 (android:drawable/btn_check_on_focused_holo_light) that varies with configuration!!
W/Resources(  163): Preloaded drawable resource #0x1080106 (android:drawable/btn_check_on_focused_holo_dark) that varies with configuration!!
W/Resources(  163): Preloaded drawable resource #0x1080105 (android:drawable/btn_check_on_disabled_holo_light) that varies with configuration!!
W/Resources(  163): Preloaded drawable resource #0x1080104 (android:drawable/btn_check_on_disabled_holo_dark) that varies with configuration!!
W/Resources(  163): Preloaded drawable resource #0x1080103 (android:drawable/btn_check_on_disabled_focused_holo_light) that varies with configuration!!
W/Resources(  163): Preloaded drawable resource #0x1080102 (android:drawable/btn_check_on_disabled_focused_holo_dark) that varies with configuration!!
W/Resources(  163): Preloaded drawable resource #0x10800fa (android:drawable/btn_check_off_pressed_holo_light) that varies with configuration!!
W/Resources(  163): Preloaded drawable resource #0x10800f9 (android:drawable/btn_check_off_pressed_holo_dark) that varies with configuration!!
W/Resources(  163): Preloaded drawable resource #0x10800f5 (android:drawable/btn_check_off_holo_light) that varies with configuration!!
I/art     (  163): Explicit concurrent mark sweep GC freed 227(39KB) AllocSpace objects, 0(0B) LOS objects, 40% free, 2015KB/3MB, paused 91us total 6.427ms
W/Resources(  163): Preloaded drawable resource #0x10800f4 (android:drawable/btn_check_off_holo_dark) that varies with configuration!!
W/Resources(  163): Preloaded drawable resource #0x10800f2 (android:drawable/btn_check_off_focused_holo_light) that varies with configuration!!
W/Resources(  163): Preloaded drawable resource #0x10800f1 (android:drawable/btn_check_off_focused_holo_dark) that varies with configuration!!
W/Resources(  163): Preloaded drawable resource #0x10800f0 (android:drawable/btn_check_off_disabled_holo_light) that varies with configuration!!
W/Resources(  163): Preloaded drawable resource #0x10800ef (android:drawable/btn_check_off_disabled_holo_dark) that varies with configuration!!
W/Resources(  163): Preloaded drawable resource #0x10800ee (android:drawable/btn_check_off_disabled_focused_holo_light) that varies with configuration!!
W/Resources(  163): Preloaded drawable resource #0x10800ed (android:drawable/btn_check_off_disabled_focused_holo_dark) that varies with configuration!!
W/Resources(  163): Preloaded drawable resource #0x108010a (android:drawable/btn_check_on_holo_light) that varies with configuration!!
W/Resources(  163): Preloaded drawable resource #0x10800f5 (android:drawable/btn_check_off_holo_light) that varies with configuration!!
W/Resources(  163): Preloaded drawable resource #0x108010d (android:drawable/btn_check_on_pressed_holo_light) that varies with configuration!!
W/Resources(  163): Preloaded drawable resource #0x10800fa (android:drawable/btn_check_off_pressed_holo_light) that varies with configuration!!
W/Resources(  163): Preloaded drawable resource #0x1080107 (android:drawable/btn_check_on_focused_holo_light) that varies with configuration!!
W/Resources(  163): Preloaded drawable resource #0x10800f2 (android:drawable/btn_check_off_focused_holo_light) that varies with configuration!!
W/Resources(  163): Preloaded drawable resource #0x10800f5 (android:drawable/btn_check_off_holo_light) that varies with configuration!!
W/Resources(  163): Preloaded drawable resource #0x108010a (android:drawable/btn_check_on_holo_light) that varies with configuration!!
W/Resources(  163): Preloaded drawable resource #0x1080105 (android:drawable/btn_check_on_disabled_holo_light) that varies with configuration!!
W/Resources(  163): Preloaded drawable resource #0x10800f0 (android:drawable/btn_check_off_disabled_holo_light) that varies with configuration!!
W/Resources(  163): Preloaded drawable resource #0x1080103 (android:drawable/btn_check_on_disabled_focused_holo_light) that varies with configuration!!
W/Resources(  163): Preloaded drawable resource #0x10800ee (android:drawable/btn_check_off_disabled_focused_holo_light) that varies with configuration!!
W/Resources(  163): Preloaded drawable resource #0x10800f0 (android:drawable/btn_check_off_disabled_holo_light) that varies with configuration!!
W/Resources(  163): Preloaded drawable resource #0x1080105 (android:drawable/btn_check_on_disabled_holo_light) that varies with configuration!!
W/Resources(  163): Preloaded drawable resource #0x10800e3 (android:drawable/btn_check_holo_light) that varies with configuration!!
I/art     (  163): Explicit concurrent mark sweep GC freed 550(71KB) AllocSpace objects, 0(0B) LOS objects, 40% free, 2MB/3MB, paused 91us total 7.497ms
W/Resources(  163): Preloaded drawable resource #0x1080109 (android:drawable/btn_check_on_holo_dark) that varies with configuration!!
W/Resources(  163): Preloaded drawable resource #0x10800f4 (android:drawable/btn_check_off_holo_dark) that varies with configuration!!
W/Resources(  163): Preloaded drawable resource #0x108010c (android:drawable/btn_check_on_pressed_holo_dark) that varies with configuration!!
W/Resources(  163): Preloaded drawable resource #0x10800f9 (android:drawable/btn_check_off_pressed_holo_dark) that varies with configuration!!
W/Resources(  163): Preloaded drawable resource #0x1080106 (android:drawable/btn_check_on_focused_holo_dark) that varies with configuration!!
W/Resources(  163): Preloaded drawable resource #0x10800f1 (android:drawable/btn_check_off_focused_holo_dark) that varies with configuration!!
W/Resources(  163): Preloaded drawable resource #0x10800f4 (android:drawable/btn_check_off_holo_dark) that varies with configuration!!
W/Resources(  163): Preloaded drawable resource #0x1080109 (android:drawable/btn_check_on_holo_dark) that varies with configuration!!
W/Resources(  163): Preloaded drawable resource #0x1080104 (android:drawable/btn_check_on_disabled_holo_dark) that varies with configuration!!
W/Resources(  163): Preloaded drawable resource #0x10800ef (android:drawable/btn_check_off_disabled_holo_dark) that varies with configuration!!
W/Resources(  163): Preloaded drawable resource #0x1080102 (android:drawable/btn_check_on_disabled_focused_holo_dark) that varies with configuration!!
W/Resources(  163): Preloaded drawable resource #0x10800ed (android:drawable/btn_check_off_disabled_focused_holo_dark) that varies with configuration!!
W/Resources(  163): Preloaded drawable resource #0x10800ef (android:drawable/btn_check_off_disabled_holo_dark) that varies with configuration!!
W/Resources(  163): Preloaded drawable resource #0x1080104 (android:drawable/btn_check_on_disabled_holo_dark) that varies with configuration!!
W/Resources(  163): Preloaded drawable resource #0x10800e2 (android:drawable/btn_check_holo_dark) that varies with configuration!!
I/art     (  163): Explicit concurrent mark sweep GC freed 498(113KB) AllocSpace objects, 0(0B) LOS objects, 39% free, 2040KB/3MB, paused 90us total 6.283ms
W/Resources(  163): Preloaded drawable resource #0x10801bd (android:drawable/btn_radio_on_pressed_holo_light) that varies with configuration!!
W/Resources(  163): Preloaded drawable resource #0x10801bc (android:drawable/btn_radio_on_pressed_holo_dark) that varies with configuration!!
W/Resources(  163): Preloaded drawable resource #0x10801b9 (android:drawable/btn_radio_on_holo_light) that varies with configuration!!
W/Resources(  163): Preloaded drawable resource #0x10801b8 (android:drawable/btn_radio_on_holo_dark) that varies with configuration!!
W/Resources(  163): Preloaded drawable resource #0x10801b6 (android:drawable/btn_radio_on_focused_holo_light) that varies with configuration!!
W/Resources(  163): Preloaded drawable resource #0x10801b5 (android:drawable/btn_radio_on_focused_holo_dark) that varies with configuration!!
W/Resources(  163): Preloaded drawable resource #0x10801b4 (android:drawable/btn_radio_on_disabled_holo_light) that varies with configuration!!
W/Resources(  163): Preloaded drawable resource #0x10801b3 (android:drawable/btn_radio_on_disabled_holo_dark) that varies with configuration!!
W/Resources(  163): Preloaded drawable resource #0x10801b2 (android:drawable/btn_radio_on_disabled_focused_holo_light) that varies with configuration!!
I/art     (  163): Explicit concurrent mark sweep GC freed 289(73KB) AllocSpace objects, 0(0B) LOS objects, 39% free, 2020KB/3MB, paused 93us total 6.230ms
W/Resources(  163): Preloaded drawable resource #0x10801b1 (android:drawable/btn_radio_on_disabled_focused_holo_dark) that varies with configuration!!
W/Resources(  163): Preloaded drawable resource #0x10801ae (android:drawable/btn_radio_off_pressed_holo_light) that varies with configuration!!
W/Resources(  163): Preloaded drawable resource #0x10801ad (android:drawable/btn_radio_off_pressed_holo_dark) that varies with configuration!!
W/Resources(  163): Preloaded drawable resource #0x10801ab (android:drawable/btn_radio_off_holo_light) that varies with configuration!!
W/Resources(  163): Preloaded drawable resource #0x10801aa (android:drawable/btn_radio_off_holo_dark) that varies with configuration!!
W/Resources(  163): Preloaded drawable resource #0x10801a8 (android:drawable/btn_radio_off_focused_holo_light) that varies with configuration!!
W/Resources(  163): Preloaded drawable resource #0x10801a7 (android:drawable/btn_radio_off_focused_holo_dark) that varies with configuration!!
W/Resources(  163): Preloaded drawable resource #0x10801a6 (android:drawable/btn_radio_off_disabled_holo_light) that varies with configuration!!
W/Resources(  163): Preloaded drawable resource #0x10801a5 (android:drawable/btn_radio_off_disabled_holo_dark) that varies with configuration!!
I/art     (  163): Explicit concurrent mark sweep GC freed 248(51KB) AllocSpace objects, 0(0B) LOS objects, 39% free, 2021KB/3MB, paused 91us total 6.293ms
W/Resources(  163): Preloaded drawable resource #0x10801a4 (android:drawable/btn_radio_off_disabled_focused_holo_light) that varies with configuration!!
W/Resources(  163): Preloaded drawable resource #0x10801a3 (android:drawable/btn_radio_off_disabled_focused_holo_dark) that varies with configuration!!
W/Resources(  163): Preloaded drawable resource #0x108014e (android:drawable/btn_default_pressed_holo_light) that varies with configuration!!
W/Resources(  163): Preloaded drawable resource #0x108014d (android:drawable/btn_default_pressed_holo_dark) that varies with configuration!!
W/Resources(  163): Preloaded drawable resource #0x108014a (android:drawable/btn_default_normal_holo_light) that varies with configuration!!
W/Resources(  163): Preloaded drawable resource #0x1080149 (android:drawable/btn_default_normal_holo_dark) that varies with configuration!!
W/Resources(  163): Preloaded drawable resource #0x1080140 (android:drawable/btn_default_focused_holo_light) that varies with configuration!!
W/Resources(  163): Preloaded drawable resource #0x108013f (android:drawable/btn_default_focused_holo_dark) that varies with configuration!!
W/Resources(  163): Preloaded drawable resource #0x108013d (android:drawable/btn_default_disabled_holo_light) that varies with configuration!!
W/Resources(  163): Preloaded drawable resource #0x108013c (android:drawable/btn_default_disabled_holo_dark) that varies with configuration!!
I/art     (  163): Explicit concurrent mark sweep GC freed 268(52KB) AllocSpace objects, 0(0B) LOS objects, 40% free, 2022KB/3MB, paused 92us total 6.225ms
W/Resources(  163): Preloaded drawable resource #0x108013a (android:drawable/btn_default_disabled_focused_holo_light) that varies with configuration!!
W/Resources(  163): Preloaded drawable resource #0x1080139 (android:drawable/btn_default_disabled_focused_holo_dark) that varies with configuration!!
W/Resources(  163): Preloaded drawable resource #0x1080149 (android:drawable/btn_default_normal_holo_dark) that varies with configuration!!
W/Resources(  163): Preloaded drawable resource #0x108013c (android:drawable/btn_default_disabled_holo_dark) that varies with configuration!!
W/Resources(  163): Preloaded drawable resource #0x108014d (android:drawable/btn_default_pressed_holo_dark) that varies with configuration!!
W/Resources(  163): Preloaded drawable resource #0x108013f (android:drawable/btn_default_focused_holo_dark) that varies with configuration!!
W/Resources(  163): Preloaded drawable resource #0x1080149 (android:drawable/btn_default_normal_holo_dark) that varies with configuration!!
W/Resources(  163): Preloaded drawable resource #0x1080139 (android:drawable/btn_default_disabled_focused_holo_dark) that varies with configuration!!
W/Resources(  163): Preloaded drawable resource #0x108013c (android:drawable/btn_default_disabled_holo_dark) that varies with configuration!!
W/Resources(  163): Preloaded drawable resource #0x1080141 (android:drawable/btn_default_holo_dark) that varies with configuration!!
I/art     (  163): Explicit concurrent mark sweep GC freed 334(53KB) AllocSpace objects, 0(0B) LOS objects, 39% free, 2019KB/3MB, paused 91us total 6.238ms
W/Resources(  163): Preloaded drawable resource #0x108014a (android:drawable/btn_default_normal_holo_light) that varies with configuration!!
W/Resources(  163): Preloaded drawable resource #0x108013d (android:drawable/btn_default_disabled_holo_light) that varies with configuration!!
W/Resources(  163): Preloaded drawable resource #0x108014e (android:drawable/btn_default_pressed_holo_light) that varies with configuration!!
W/Resources(  163): Preloaded drawable resource #0x1080140 (android:drawable/btn_default_focused_holo_light) that varies with configuration!!
W/Resources(  163): Preloaded drawable resource #0x108014a (android:drawable/btn_default_normal_holo_light) that varies with configuration!!
W/Resources(  163): Preloaded drawable resource #0x108013a (android:drawable/btn_default_disabled_focused_holo_light) that varies with configuration!!
W/Resources(  163): Preloaded drawable resource #0x108013d (android:drawable/btn_default_disabled_holo_light) that varies with configuration!!
W/Resources(  163): Preloaded drawable resource #0x1080142 (android:drawable/btn_default_holo_light) that varies with configuration!!
W/Resources(  163): Preloaded drawable resource #0x108021e (android:drawable/btn_star_off_normal_holo_light) that varies with configuration!!
W/Resources(  163): Preloaded drawable resource #0x1080228 (android:drawable/btn_star_on_normal_holo_light) that varies with configuration!!
I/art     (  163): Explicit concurrent mark sweep GC freed 336(48KB) AllocSpace objects, 0(0B) LOS objects, 40% free, 2021KB/3MB, paused 94us total 6.261ms
W/Resources(  163): Preloaded drawable resource #0x1080224 (android:drawable/btn_star_on_disabled_holo_light) that varies with configuration!!
W/Resources(  163): Preloaded drawable resource #0x108021a (android:drawable/btn_star_off_disabled_holo_light) that varies with configuration!!
W/Resources(  163): Preloaded drawable resource #0x108022a (android:drawable/btn_star_on_pressed_holo_light) that varies with configuration!!
W/Resources(  163): Preloaded drawable resource #0x1080220 (android:drawable/btn_star_off_pressed_holo_light) that varies with configuration!!
W/Resources(  163): Preloaded drawable resource #0x1080226 (android:drawable/btn_star_on_focused_holo_light) that varies with configuration!!
W/Resources(  163): Preloaded drawable resource #0x108021c (android:drawable/btn_star_off_focused_holo_light) that varies with configuration!!
W/Resources(  163): Preloaded drawable resource #0x1080222 (android:drawable/btn_star_on_disabled_focused_holo_light) that varies with configuration!!
W/Resources(  163): Preloaded drawable resource #0x1080218 (android:drawable/btn_star_off_disabled_focused_holo_light) that varies with configuration!!
W/Resources(  163): Preloaded drawable resource #0x108021e (android:drawable/btn_star_off_normal_holo_light) that varies with configuration!!
W/Resources(  163): Preloaded drawable resource #0x1080228 (android:drawable/btn_star_on_normal_holo_light) that varies with configuration!!
W/Resources(  163): Preloaded drawable resource #0x1080224 (android:drawable/btn_star_on_disabled_holo_light) that varies with configuration!!
W/Resources(  163): Preloaded drawable resource #0x108021a (android:drawable/btn_star_off_disabled_holo_light) that varies with configuration!!
W/Resources(  163): Preloaded drawable resource #0x108022a (android:drawable/btn_star_on_pressed_holo_light) that varies with configuration!!
W/Resources(  163): Preloaded drawable resource #0x1080220 (android:drawable/btn_star_off_pressed_holo_light) that varies with configuration!!
W/Resources(  163): Preloaded drawable resource #0x1080226 (android:drawable/btn_star_on_focused_holo_light) that varies with configuration!!
W/Resources(  163): Preloaded drawable resource #0x108021c (android:drawable/btn_star_off_focused_holo_light) that varies with configuration!!
W/Resources(  163): Preloaded drawable resource #0x1080222 (android:drawable/btn_star_on_disabled_focused_holo_light) that varies with configuration!!
W/Resources(  163): Preloaded drawable resource #0x1080224 (android:drawable/btn_star_on_disabled_holo_light) that varies with configuration!!
W/Resources(  163): Preloaded drawable resource #0x1080218 (android:drawable/btn_star_off_disabled_focused_holo_light) that varies with configuration!!
W/Resources(  163): Preloaded drawable resource #0x108021a (android:drawable/btn_star_off_disabled_holo_light) that varies with configuration!!
W/Resources(  163): Preloaded drawable resource #0x108021e (android:drawable/btn_star_off_normal_holo_light) that varies with configuration!!
W/Resources(  163): Preloaded drawable resource #0x1080228 (android:drawable/btn_star_on_normal_holo_light) that varies with configuration!!
W/Resources(  163): Preloaded drawable resource #0x1080213 (android:drawable/btn_star_holo_light) that varies with configuration!!
I/art     (  163): Explicit concurrent mark sweep GC freed 611(69KB) AllocSpace objects, 0(0B) LOS objects, 40% free, 2MB/3MB, paused 93us total 6.282ms
W/Resources(  163): Preloaded drawable resource #0x108021d (android:drawable/btn_star_off_normal_holo_dark) that varies with configuration!!
W/Resources(  163): Preloaded drawable resource #0x1080227 (android:drawable/btn_star_on_normal_holo_dark) that varies with configuration!!
W/Resources(  163): Preloaded drawable resource #0x1080223 (android:drawable/btn_star_on_disabled_holo_dark) that varies with configuration!!
W/Resources(  163): Preloaded drawable resource #0x1080219 (android:drawable/btn_star_off_disabled_holo_dark) that varies with configuration!!
W/Resources(  163): Preloaded drawable resource #0x1080229 (android:drawable/btn_star_on_pressed_holo_dark) that varies with configuration!!
W/Resources(  163): Preloaded drawable resource #0x108021f (android:drawable/btn_star_off_pressed_holo_dark) that varies with configuration!!
W/Resources(  163): Preloaded drawable resource #0x1080225 (android:drawable/btn_star_on_focused_holo_dark) that varies with configuration!!
W/Resources(  163): Preloaded drawable resource #0x108021b (android:drawable/btn_star_off_focused_holo_dark) that varies with configuration!!
W/Resources(  163): Preloaded drawable resource #0x1080221 (android:drawable/btn_star_on_disabled_focused_holo_dark) that varies with configuration!!
I/art     (  163): Explicit concurrent mark sweep GC freed 352(108KB) AllocSpace objects, 0(0B) LOS objects, 40% free, 2028KB/3MB, paused 100us total 6.484ms
W/Resources(  163): Preloaded drawable resource #0x1080217 (android:drawable/btn_star_off_disabled_focused_holo_dark) that varies with configuration!!
W/Resources(  163): Preloaded drawable resource #0x108021d (android:drawable/btn_star_off_normal_holo_dark) that varies with configuration!!
W/Resources(  163): Preloaded drawable resource #0x1080227 (android:drawable/btn_star_on_normal_holo_dark) that varies with configuration!!
W/Resources(  163): Preloaded drawable resource #0x1080223 (android:drawable/btn_star_on_disabled_holo_dark) that varies with configuration!!
W/Resources(  163): Preloaded drawable resource #0x1080219 (android:drawable/btn_star_off_disabled_holo_dark) that varies with configuration!!
W/Resources(  163): Preloaded drawable resource #0x1080229 (android:drawable/btn_star_on_pressed_holo_dark) that varies with configuration!!
W/Resources(  163): Preloaded drawable resource #0x108021f (android:drawable/btn_star_off_pressed_holo_dark) that varies with configuration!!
W/Resources(  163): Preloaded drawable resource #0x1080225 (android:drawable/btn_star_on_focused_holo_dark) that varies with configuration!!
W/Resources(  163): Preloaded drawable resource #0x108021b (android:drawable/btn_star_off_focused_holo_dark) that varies with configuration!!
W/Resources(  163): Preloaded drawable resource #0x1080221 (android:drawable/btn_star_on_disabled_focused_holo_dark) that varies with configuration!!
W/Resources(  163): Preloaded drawable resource #0x1080223 (android:drawable/btn_star_on_disabled_holo_dark) that varies with configuration!!
W/Resources(  163): Preloaded drawable resource #0x1080217 (android:drawable/btn_star_off_disabled_focused_holo_dark) that varies with configuration!!
W/Resources(  163): Preloaded drawable resource #0x1080219 (android:drawable/btn_star_off_disabled_holo_dark) that varies with configuration!!
W/Resources(  163): Preloaded drawable resource #0x108021d (android:drawable/btn_star_off_normal_holo_dark) that varies with configuration!!
W/Resources(  163): Preloaded drawable resource #0x1080227 (android:drawable/btn_star_on_normal_holo_dark) that varies with configuration!!
W/Resources(  163): Preloaded drawable resource #0x1080212 (android:drawable/btn_star_holo_dark) that varies with configuration!!
I/art     (  163): Explicit concurrent mark sweep GC freed 430(62KB) AllocSpace objects, 0(0B) LOS objects, 39% free, 2MB/3MB, paused 92us total 6.264ms
W/Resources(  163): Preloaded drawable resource #0x108025e (android:drawable/btn_toggle_on_pressed_holo_light) that varies with configuration!!
W/Resources(  163): Preloaded drawable resource #0x108025d (android:drawable/btn_toggle_on_pressed_holo_dark) that varies with configuration!!
W/Resources(  163): Preloaded drawable resource #0x108025c (android:drawable/btn_toggle_on_normal_holo_light) that varies with configuration!!
W/Resources(  163): Preloaded drawable resource #0x108025b (android:drawable/btn_toggle_on_normal_holo_dark) that varies with configuration!!
W/Resources(  163): Preloaded drawable resource #0x108025a (android:drawable/btn_toggle_on_focused_holo_light) that varies with configuration!!
W/Resources(  163): Preloaded drawable resource #0x1080259 (android:drawable/btn_toggle_on_focused_holo_dark) that varies with configuration!!
W/Resources(  163): Preloaded drawable resource #0x1080258 (android:drawable/btn_toggle_on_disabled_holo_light) that varies with configuration!!
W/Resources(  163): Preloaded drawable resource #0x1080257 (android:drawable/btn_toggle_on_disabled_holo_dark) that varies with configuration!!
W/Resources(  163): Preloaded drawable resource #0x1080256 (android:drawable/btn_toggle_on_disabled_focused_holo_light) that varies with configuration!!
W/Resources(  163): Preloaded drawable resource #0x1080255 (android:drawable/btn_toggle_on_disabled_focused_holo_dark) that varies with configuration!!
I/art     (  163): Explicit concurrent mark sweep GC freed 323(79KB) AllocSpace objects, 0(0B) LOS objects, 40% free, 2029KB/3MB, paused 93us total 6.530ms
W/Resources(  163): Preloaded drawable resource #0x1080253 (android:drawable/btn_toggle_off_pressed_holo_light) that varies with configuration!!
W/Resources(  163): Preloaded drawable resource #0x1080252 (android:drawable/btn_toggle_off_pressed_holo_dark) that varies with configuration!!
W/Resources(  163): Preloaded drawable resource #0x1080251 (android:drawable/btn_toggle_off_normal_holo_light) that varies with configuration!!
W/Resources(  163): Preloaded drawable resource #0x1080250 (android:drawable/btn_toggle_off_normal_holo_dark) that varies with configuration!!
W/Resources(  163): Preloaded drawable resource #0x108024f (android:drawable/btn_toggle_off_focused_holo_light) that varies with configuration!!
W/Resources(  163): Preloaded drawable resource #0x108024e (android:drawable/btn_toggle_off_focused_holo_dark) that varies with configuration!!
W/Resources(  163): Preloaded drawable resource #0x108024d (android:drawable/btn_toggle_off_disabled_holo_light) that varies with configuration!!
W/Resources(  163): Preloaded drawable resource #0x108024c (android:drawable/btn_toggle_off_disabled_holo_dark) that varies with configuration!!
W/Resources(  163): Preloaded drawable resource #0x108024b (android:drawable/btn_toggle_off_disabled_focused_holo_light) that varies with configuration!!
W/Resources(  163): Preloaded drawable resource #0x108024a (android:drawable/btn_toggle_off_disabled_focused_holo_dark) that varies with configuration!!
I/art     (  163): Explicit concurrent mark sweep GC freed 325(52KB) AllocSpace objects, 0(0B) LOS objects, 40% free, 2031KB/3MB, paused 90us total 6.317ms
W/Resources(  163): Preloaded drawable resource #0x108025c (android:drawable/btn_toggle_on_normal_holo_light) that varies with configuration!!
W/Resources(  163): Preloaded drawable resource #0x1080258 (android:drawable/btn_toggle_on_disabled_holo_light) that varies with configuration!!
W/Resources(  163): Preloaded drawable resource #0x108025e (android:drawable/btn_toggle_on_pressed_holo_light) that varies with configuration!!
W/Resources(  163): Preloaded drawable resource #0x108025a (android:drawable/btn_toggle_on_focused_holo_light) that varies with configuration!!
W/Resources(  163): Preloaded drawable resource #0x108025c (android:drawable/btn_toggle_on_normal_holo_light) that varies with configuration!!
W/Resources(  163): Preloaded drawable resource #0x1080256 (android:drawable/btn_toggle_on_disabled_focused_holo_light) that varies with configuration!!
W/Resources(  163): Preloaded drawable resource #0x1080258 (android:drawable/btn_toggle_on_disabled_holo_light) that varies with configuration!!
W/Resources(  163): Preloaded drawable resource #0x1080251 (android:drawable/btn_toggle_off_normal_holo_light) that varies with configuration!!
W/Resources(  163): Preloaded drawable resource #0x108024d (android:drawable/btn_toggle_off_disabled_holo_light) that varies with configuration!!
W/Resources(  163): Preloaded drawable resource #0x1080253 (android:drawable/btn_toggle_off_pressed_holo_light) that varies with configuration!!
W/Resources(  163): Preloaded drawable resource #0x108024f (android:drawable/btn_toggle_off_focused_holo_light) that varies with configuration!!
W/Resources(  163): Preloaded drawable resource #0x1080251 (android:drawable/btn_toggle_off_normal_holo_light) that varies with configuration!!
W/Resources(  163): Preloaded drawable resource #0x108024b (android:drawable/btn_toggle_off_disabled_focused_holo_light) that varies with configuration!!
W/Resources(  163): Preloaded drawable resource #0x108024d (android:drawable/btn_toggle_off_disabled_holo_light) that varies with configuration!!
W/Resources(  163): Preloaded drawable resource #0x1080246 (android:drawable/btn_toggle_holo_light) that varies with configuration!!
I/art     (  163): Explicit concurrent mark sweep GC freed 467(60KB) AllocSpace objects, 0(0B) LOS objects, 39% free, 2047KB/3MB, paused 93us total 6.268ms
W/Resources(  163): Preloaded drawable resource #0x108025b (android:drawable/btn_toggle_on_normal_holo_dark) that varies with configuration!!
W/Resources(  163): Preloaded drawable resource #0x1080257 (android:drawable/btn_toggle_on_disabled_holo_dark) that varies with configuration!!
W/Resources(  163): Preloaded drawable resource #0x108025d (android:drawable/btn_toggle_on_pressed_holo_dark) that varies with configuration!!
W/Resources(  163): Preloaded drawable resource #0x1080259 (android:drawable/btn_toggle_on_focused_holo_dark) that varies with configuration!!
W/Resources(  163): Preloaded drawable resource #0x108025b (android:drawable/btn_toggle_on_normal_holo_dark) that varies with configuration!!
W/Resources(  163): Preloaded drawable resource #0x1080255 (android:drawable/btn_toggle_on_disabled_focused_holo_dark) that varies with configuration!!
W/Resources(  163): Preloaded drawable resource #0x1080257 (android:drawable/btn_toggle_on_disabled_holo_dark) that varies with configuration!!
W/Resources(  163): Preloaded drawable resource #0x1080250 (android:drawable/btn_toggle_off_normal_holo_dark) that varies with configuration!!
W/Resources(  163): Preloaded drawable resource #0x108024c (android:drawable/btn_toggle_off_disabled_holo_dark) that varies with configuration!!
W/Resources(  163): Preloaded drawable resource #0x1080252 (android:drawable/btn_toggle_off_pressed_holo_dark) that varies with configuration!!
W/Resources(  163): Preloaded drawable resource #0x108024e (android:drawable/btn_toggle_off_focused_holo_dark) that varies with configuration!!
W/Resources(  163): Preloaded drawable resource #0x1080250 (android:drawable/btn_toggle_off_normal_holo_dark) that varies with configuration!!
W/Resources(  163): Preloaded drawable resource #0x108024a (android:drawable/btn_toggle_off_disabled_focused_holo_dark) that varies with configuration!!
W/Resources(  163): Preloaded drawable resource #0x108024c (android:drawable/btn_toggle_off_disabled_holo_dark) that varies with configuration!!
W/Resources(  163): Preloaded drawable resource #0x1080245 (android:drawable/btn_toggle_holo_dark) that varies with configuration!!
I/art     (  163): Explicit concurrent mark sweep GC freed 528(76KB) AllocSpace objects, 0(0B) LOS objects, 39% free, 2047KB/3MB, paused 94us total 6.637ms
W/Resources(  163): Preloaded drawable resource #0x1080727 (android:drawable/textfield_multiline_default_holo_light) that varies with configuration!!
W/Resources(  163): Preloaded drawable resource #0x108072b (android:drawable/textfield_multiline_disabled_holo_light) that varies with configuration!!
W/Resources(  163): Preloaded drawable resource #0x1080725 (android:drawable/textfield_multiline_activated_holo_light) that varies with configuration!!
W/Resources(  163): Preloaded drawable resource #0x108072d (android:drawable/textfield_multiline_focused_holo_light) that varies with configuration!!
W/Resources(  163): Preloaded drawable resource #0x1080727 (android:drawable/textfield_multiline_default_holo_light) that varies with configuration!!
W/Resources(  163): Preloaded drawable resource #0x1080729 (android:drawable/textfield_multiline_disabled_focused_holo_light) that varies with configuration!!
W/Resources(  163): Preloaded drawable resource #0x108072b (android:drawable/textfield_multiline_disabled_holo_light) that varies with configuration!!
W/Resources(  163): Preloaded drawable resource #0x1080719 (android:drawable/textfield_default_holo_light) that varies with configuration!!
W/Resources(  163): Preloaded drawable resource #0x108071f (android:drawable/textfield_disabled_holo_light) that varies with configuration!!
W/Resources(  163): Preloaded drawable resource #0x1080710 (android:drawable/textfield_activated_holo_light) that varies with configuration!!
W/Resources(  163): Preloaded drawable resource #0x1080722 (android:drawable/textfield_focused_holo_light) that varies with configuration!!
W/Resources(  163): Preloaded drawable resource #0x1080719 (android:drawable/textfield_default_holo_light) that varies with configuration!!
W/Resources(  163): Preloaded drawable resource #0x108071d (android:drawable/textfield_disabled_focused_holo_light) that varies with configuration!!
W/Resources(  163): Preloaded drawable resource #0x108071f (android:drawable/textfield_disabled_holo_light) that varies with configuration!!
W/Resources(  163): Preloaded drawable resource #0x10802c7 (android:drawable/edit_text_holo_light) that varies with configuration!!
I/art     (  163): Explicit concurrent mark sweep GC freed 527(76KB) AllocSpace objects, 0(0B) LOS objects, 39% free, 2MB/3MB, paused 91us total 6.265ms
W/Resources(  163): Preloaded drawable resource #0x1080726 (android:drawable/textfield_multiline_default_holo_dark) that varies with configuration!!
W/Resources(  163): Preloaded drawable resource #0x108072a (android:drawable/textfield_multiline_disabled_holo_dark) that varies with configuration!!
W/Resources(  163): Preloaded drawable resource #0x1080724 (android:drawable/textfield_multiline_activated_holo_dark) that varies with configuration!!
W/Resources(  163): Preloaded drawable resource #0x108072c (android:drawable/textfield_multiline_focused_holo_dark) that varies with configuration!!
W/Resources(  163): Preloaded drawable resource #0x1080726 (android:drawable/textfield_multiline_default_holo_dark) that varies with configuration!!
W/Resources(  163): Preloaded drawable resource #0x1080728 (android:drawable/textfield_multiline_disabled_focused_holo_dark) that varies with configuration!!
W/Resources(  163): Preloaded drawable resource #0x108072a (android:drawable/textfield_multiline_disabled_holo_dark) that varies with configuration!!
W/Resources(  163): Preloaded drawable resource #0x1080718 (android:drawable/textfield_default_holo_dark) that varies with configuration!!
W/Resources(  163): Preloaded drawable resource #0x108071e (android:drawable/textfield_disabled_holo_dark) that varies with configuration!!
W/Resources(  163): Preloaded drawable resource #0x108070f (android:drawable/textfield_activated_holo_dark) that varies with configuration!!
W/Resources(  163): Preloaded drawable resource #0x1080721 (android:drawable/textfield_focused_holo_dark) that varies with configuration!!
W/Resources(  163): Preloaded drawable resource #0x1080718 (android:drawable/textfield_default_holo_dark) that varies with configuration!!
W/Resources(  163): Preloaded drawable resource #0x108071c (android:drawable/textfield_disabled_focused_holo_dark) that varies with configuration!!
W/Resources(  163): Preloaded drawable resource #0x108071e (android:drawable/textfield_disabled_holo_dark) that varies with configuration!!
W/Resources(  163): Preloaded drawable resource #0x10802c6 (android:drawable/edit_text_holo_dark) that varies with configuration!!
W/PackageParser(  446): No actions in intent filter at /system/priv-app/StressTest/StressTest.apk Binary XML file line #42
I/art     (  163): Explicit concurrent mark sweep GC freed 527(75KB) AllocSpace objects, 0(0B) LOS objects, 39% free, 2MB/3MB, paused 107us total 6.655ms
W/Resources(  163): Preloaded drawable resource #0x1080706 (android:drawable/text_select_handle_left) that varies with configuration!!
W/Resources(  163): Preloaded drawable resource #0x108070c (android:drawable/text_select_handle_right) that varies with configuration!!
W/Resources(  163): Preloaded drawable resource #0x1080703 (android:drawable/text_edit_paste_window) that varies with configuration!!
W/Resources(  163): Preloaded drawable resource #0x10802de (android:drawable/expander_close_holo_dark) that varies with configuration!!
W/Resources(  163): Preloaded drawable resource #0x10802df (android:drawable/expander_close_holo_light) that varies with configuration!!
W/Resources(  163): Preloaded drawable resource #0x10802de (android:drawable/expander_close_holo_dark) that varies with configuration!!
W/Resources(  163): Preloaded drawable resource #0x10802e7 (android:drawable/expander_open_holo_dark) that varies with configuration!!
W/Resources(  163): Preloaded drawable resource #0x10802e2 (android:drawable/expander_group_holo_dark) that varies with configuration!!
I/art     (  163): Explicit concurrent mark sweep GC freed 359(65KB) AllocSpace objects, 0(0B) LOS objects, 40% free, 2044KB/3MB, paused 94us total 6.315ms
W/Resources(  163): Preloaded drawable resource #0x10802df (android:drawable/expander_close_holo_light) that varies with configuration!!
W/Resources(  163): Preloaded drawable resource #0x10802e8 (android:drawable/expander_open_holo_light) that varies with configuration!!
W/Resources(  163): Preloaded drawable resource #0x10802e3 (android:drawable/expander_group_holo_light) that varies with configuration!!
W/Resources(  163): Preloaded drawable resource #0x10804c3 (android:drawable/list_selector_disabled_holo_dark) that varies with configuration!!
W/Resources(  163): Preloaded drawable resource #0x10804c3 (android:drawable/list_selector_disabled_holo_dark) that varies with configuration!!
W/Resources(  163): Preloaded drawable resource #0x10804a2 (android:drawable/list_pressed_holo_dark) that varies with configuration!!
W/Resources(  163): Preloaded drawable resource #0x10804a0 (android:drawable/list_longpressed_holo_dark) that varies with configuration!!
W/Resources(  163): Preloaded drawable resource #0x10804c0 (android:drawable/list_selector_background_transition_holo_dark) that varies with configuration!!
W/Resources(  163): Preloaded drawable resource #0x10804a2 (android:drawable/list_pressed_holo_dark) that varies with configuration!!
W/Resources(  163): Preloaded drawable resource #0x10804a0 (android:drawable/list_longpressed_holo_dark) that varies with configuration!!
W/Resources(  163): Preloaded drawable resource #0x10804c0 (android:drawable/list_selector_background_transition_holo_dark) that varies with configuration!!
W/Resources(  163): Preloaded drawable resource #0x108049b (android:drawable/list_focused_holo) that varies with configuration!!
W/Resources(  163): Preloaded drawable resource #0x10804c7 (android:drawable/list_selector_holo_dark) that varies with configuration!!
W/Resources(  163): Preloaded drawable resource #0x10804c4 (android:drawable/list_selector_disabled_holo_light) that varies with configuration!!
W/Resources(  163): Preloaded drawable resource #0x10804c4 (android:drawable/list_selector_disabled_holo_light) that varies with configuration!!
W/Resources(  163): Preloaded drawable resource #0x10804a3 (android:drawable/list_pressed_holo_light) that varies with configuration!!
W/Resources(  163): Preloaded drawable resource #0x10804a1 (android:drawable/list_longpressed_holo_light) that varies with configuration!!
W/Resources(  163): Preloaded drawable resource #0x10804c1 (android:drawable/list_selector_background_transition_holo_light) that varies with configuration!!
W/Resources(  163): Preloaded drawable resource #0x10804a3 (android:drawable/list_pressed_holo_light) that varies with configuration!!
W/Resources(  163): Preloaded drawable resource #0x10804a1 (android:drawable/list_longpressed_holo_light) that varies with configuration!!
W/Resources(  163): Preloaded drawable resource #0x10804c1 (android:drawable/list_selector_background_transition_holo_light) that varies with configuration!!
W/Resources(  163): Preloaded drawable resource #0x108049b (android:drawable/list_focused_holo) that varies with configuration!!
W/Resources(  163): Preloaded drawable resource #0x10804c8 (android:drawable/list_selector_holo_light) that varies with configuration!!
I/art     (  163): Explicit concurrent mark sweep GC freed 602(77KB) AllocSpace objects, 0(0B) LOS objects, 39% free, 2030KB/3MB, paused 94us total 7.499ms
