I/OMXCodec(  159): Successfully allocated OMX node 'OMX.google.vorbis.decoder'
I/OMXCodec(  159): mOutputPortSettingsHaveChanged set true
I/OMXCodec(  159): found informat change ComponentName = OMX.google.vorbis.decoder
I/OMXCodec(  159): mOutputPortSettingsHaveChanged set true
I/OMXCodec(  159): found informat change ComponentName = OMX.google.vorbis.decoder
I/FrameQueueManage(  159): FrameQueueManage::~FrameQueueManage end!
I/AwesomePlayer(  159): AwesomePlayer::AwesomePlayer()in
I/AwesomePlayer(  159): AwesomePlayer::AwesomePlayer()aftermClient.connect()
W/ResourceType(  567): No package identifier when getting value for resource number 0x00000000
W/PackageManager(  567): Failure retrieving resources for com.android.calendar: Resource ID #0x0
I/OMXCodec(  159): --->InstantiateSoftwareCodec create OMX.google.vorbis.decoder codec
I/OMXCodec(  159): Successfully allocated OMX node 'OMX.google.vorbis.decoder'
I/OMXCodec(  159): mOutputPortSettingsHaveChanged set true
I/FrameQueueManage(  159): FrameQueueManage::~FrameQueueManage end!
I/AwesomePlayer(  159): AwesomePlayer::AwesomePlayer()in
I/AwesomePlayer(  159): AwesomePlayer::AwesomePlayer()aftermClient.connect()
W/AudioCache(  159): Battery track warning: refCount is already 0
I/FrameQueueManage(  159): FrameQueueManage::~FrameQueueManage end!
I/AwesomePlayer(  159): AwesomePlayer::AwesomePlayer()in
I/AwesomePlayer(  159): AwesomePlayer::AwesomePlayer()aftermClient.connect()
I/OMXCodec(  159): --->InstantiateSoftwareCodec create OMX.google.vorbis.decoder codec
I/OMXCodec(  159): Successfully allocated OMX node 'OMX.google.vorbis.decoder'
I/OMXCodec(  159): --->InstantiateSoftwareCodec create OMX.google.vorbis.decoder codec
I/OMXCodec(  159): Successfully allocated OMX node 'OMX.google.vorbis.decoder'
I/OMXCodec(  159): mOutputPortSettingsHaveChanged set true
I/OMXCodec(  159): found informat change ComponentName = OMX.google.vorbis.decoder
I/OMXCodec(  159): mOutputPortSettingsHaveChanged set true
I/OMXCodec(  159): found informat change ComponentName = OMX.google.vorbis.decoder
I/ActivityManager(  446): Start proc 729:com.android.inputmethod.latin/u0a30 for service com.android.inputmethod.latin/.LatinIME
V/InputMethodManagerService(  446): Adding window token: android.os.Binder@13083e14
I/FrameQueueManage(  159): FrameQueueManage::~FrameQueueManage end!
I/AwesomePlayer(  159): AwesomePlayer::AwesomePlayer()in
I/AwesomePlayer(  159): AwesomePlayer::AwesomePlayer()aftermClient.connect()
W/AudioCache(  159): Battery track warning: refCount is already 0
I/FrameQueueManage(  159): FrameQueueManage::~FrameQueueManage end!
D/GpsLocationProvider(  446): Reset GPS properties, previous size = 0
D/GpsLocationProvider(  446): GpsParamsResource: SUPL_HOST=supl.google.com
D/GpsLocationProvider(  446): GpsParamsResource: SUPL_PORT=7275
D/GpsLocationProvider(  446): GpsParamsResource: NTP_SERVER=north-america.pool.ntp.org
D/GpsLocationProvider(  446): GpsParamsResource: SUPL_VER=0x20000
D/GpsLocationProvider(  446): GpsParamsResource: SUPL_MODE=1
W/GpsLocationProvider(  446): Could not open GPS configuration file /etc/gps.conf
D/GpsLocationProvider(  446): GPS properties reloaded, size = 5
E/GpsLocationProvider(  446): no AGPS interface in set_agps_server
I/OMXCodec(  159): --->InstantiateSoftwareCodec create OMX.google.vorbis.decoder codec
I/OMXCodec(  159): Successfully allocated OMX node 'OMX.google.vorbis.decoder'
I/OMXCodec(  159): mOutputPortSettingsHaveChanged set true
I/FrameQueueManage(  159): FrameQueueManage::~FrameQueueManage end!
I/AwesomePlayer(  159): AwesomePlayer::AwesomePlayer()in
I/AwesomePlayer(  159): AwesomePlayer::AwesomePlayer()aftermClient.connect()
I/OMXCodec(  159): --->InstantiateSoftwareCodec create OMX.google.vorbis.decoder codec
I/OMXCodec(  159): Successfully allocated OMX node 'OMX.google.vorbis.decoder'
I/System  (  446): Loaded time zone names for "" in 38ms (29ms in ICU)
I/OMXCodec(  159): mOutputPortSettingsHaveChanged set true
I/OMXCodec(  159): found informat change ComponentName = OMX.google.vorbis.decoder
I/FrameQueueManage(  159): FrameQueueManage::~FrameQueueManage end!
I/AwesomePlayer(  159): AwesomePlayer::AwesomePlayer()in
I/AwesomePlayer(  159): AwesomePlayer::AwesomePlayer()aftermClient.connect()
I/OMXCodec(  159): --->InstantiateSoftwareCodec create OMX.google.vorbis.decoder codec
I/OMXCodec(  159): Successfully allocated OMX node 'OMX.google.vorbis.decoder'
I/System  (  446): Loaded time zone names for "en_US" in 43ms (24ms in ICU)
E/GpsLocationProvider(  446): no GPS configuration interface in configuraiton_update
D/GpsLocationProvider(  446): final config = #Sat Jan 01 12:00:12 GMT+00:00 2011
D/GpsLocationProvider(  446): SUPL_VER=0x20000
D/GpsLocationProvider(  446): SUPL_HOST=supl.google.com
D/GpsLocationProvider(  446): NTP_SERVER=north-america.pool.ntp.org
D/GpsLocationProvider(  446): SUPL_PORT=7275
D/GpsLocationProvider(  446): SUPL_MODE=1
W/ServiceWatcher(  446): com.google.android.gms not found
I/PackageManager(  446): No secure containers found
I/FrameQueueManage(  159): FrameQueueManage::~FrameQueueManage end!
W/PackageManager(  446): Unknown permission com.google.android.googleapps.permission.GOOGLE_AUTH in package com.android.providers.calendar
W/PackageManager(  446): Unknown permission com.google.android.googleapps.permission.GOOGLE_AUTH.cl in package com.android.providers.calendar
W/PackageManager(  446): Not granting permission android.permission.GLOBAL_SEARCH to package com.android.quicksearchbox (protectionLevel=18 flags=0x88be45)
W/PackageManager(  446): Not granting permission android.permission.ACCESS_DOWNLOAD_MANAGER to package com.android.browser (protectionLevel=18 flags=0x89be45)
W/PackageManager(  446): Not granting permission android.permission.SEND_DOWNLOAD_COMPLETED_INTENTS to package com.android.browser (protectionLevel=2 flags=0x89be45)
E/SQLiteLog(  593): (283) recovered 80 frames from WAL file /data/data/com.android.providers.media/databases/external-ffffffff.db-wal
W/PackageManager(  446): Not granting permission android.permission.BIND_WALLPAPER to package com.android.camera2 (protectionLevel=18 flags=0xd8bc45)
W/PackageManager(  446): Not granting permission android.permission.BIND_APPWIDGET to package com.android.launcher3 (protectionLevel=18 flags=0xd83e45)
W/PackageManager(  446): Unknown permission com.android.launcher.permission.READ_SETTINGS in package com.android.launcher3
W/PackageManager(  446): Unknown permission com.android.launcher.permission.WRITE_SETTINGS in package com.android.launcher3
W/PackageManager(  446): Unknown permission com.google.android.googleapps.permission.GOOGLE_AUTH.mail in package com.android.calendar
W/PackageManager(  446): Not granting permission android.permission.INSTALL_PACKAGES to package com.android.apkinstaller (protectionLevel=18 flags=0x88be45)
W/PackageManager(  446): Not granting permission android.permission.DELETE_PACKAGES to package com.android.apkinstaller (protectionLevel=18 flags=0x88be45)
W/PackageManager(  446): Unknown permission android.Manifest.permission.INJECT_EVENTS in package com.rockchip.devicetest
W/PackageManager(  446): Unknown permission com.android.launcher.permission.READ_SETTINGS in package com.android.onetimeinitializer
W/PackageManager(  446): Unknown permission com.android.launcher.permission.WRITE_SETTINGS in package com.android.onetimeinitializer
W/PackageManager(  446): Unknown permission android.permission.READ_MEDIA_STORAGE in package com.android.packageinstaller
W/PackageManager(  446): Not granting permission android.permission.DELETE_PACKAGES to package com.svox.pico (protectionLevel=18 flags=0x88be45)
W/PackageManager(  446): Unknown permission com.google.android.gallery3d.permission.PICASA_STORE in package com.android.dreams.phototable
W/PackageManager(  446): Unknown permission com.google.android.googleapps.permission.GOOGLE_AUTH in package com.android.settings
W/PackageManager(  446): Unknown permission com.android.launcher.permission.READ_SETTINGS in package com.android.settings
W/PackageManager(  446): Unknown permission com.android.launcher.permission.WRITE_SETTINGS in package com.android.settings
W/PackageManager(  446): Not granting permission android.permission.MOUNT_UNMOUNT_FILESYSTEMS to package com.rockchip.mediacenter (protectionLevel=18 flags=0x88be45)
W/PackageManager(  446): Not granting permission android.permission.DEVICE_POWER to package com.rockchip.mediacenter (protectionLevel=2 flags=0x88be45)
W/PackageManager(  446): Unknown permission com.android.email.permission.READ_ATTACHMENT in package com.rockchip.mediacenter
W/PackageManager(  446): Not granting permission android.permission.WRITE_MEDIA_STORAGE to package com.android.music (protectionLevel=18 flags=0x88be65)
W/PackageManager(  446): Not granting permission android.permission.DEVICE_POWER to package com.android.music (protectionLevel=2 flags=0x88be65)
W/PackageManager(  446): Not granting permission android.permission.DEVICE_POWER to package com.android.deskclock (protectionLevel=2 flags=0xc8be45)
W/PackageManager(  446): Unknown permission com.android.email.permission.READ_ATTACHMENT in package com.android.exchange
W/PackageManager(  446): Unknown permission com.android.email.permission.ACCESS_PROVIDER in package com.android.exchange
W/PackageManager(  446): Unknown permission com.google.android.gallery3d.permission.GALLERY_PROVIDER in package com.android.bluetooth
W/PackageManager(  446): Unknown permission android.permission.MMS_SEND_OUTBOX_MSG in package com.android.bluetooth
W/PackageManager(  446): Unknown permission com.google.android.googleapps.permission.ACCESS_GOOGLE_PASSWORD in package com.android.development
W/PackageManager(  446): Unknown permission com.google.android.googleapps.permission.GOOGLE_AUTH in package com.android.development
W/PackageManager(  446): Unknown permission com.google.android.googleapps.permission.GOOGLE_AUTH.ALL_SERVICES in package com.android.development
W/PackageManager(  446): Unknown permission com.google.android.googleapps.permission.GOOGLE_AUTH.YouTubeUser in package com.android.development
W/PackageManager(  446): Unknown permission rockchip.permission.FULL_SCREEN in package android.rk.RockVideoPlayer
W/PackageManager(  446): Unknown permission android.permission.RAISED_THREAD_PRIORITY in package android.rk.RockVideoPlayer
W/PackageManager(  446): Unknown permission android.permission.FULL_SCREEN in package android.rk.RockVideoPlayer
W/PackageManager(  446): Unknown permission archos.permission.FULL_SCREEN in package android.rk.RockVideoPlayer
W/ServiceWatcher(  446): com.google.android.gms not found
W/LocationManagerService(  446): no network location provider found
W/ServiceWatcher(  446): com.google.android.gms not found
W/ServiceWatcher(  446): com.google.android.gms not found
E/LocationManagerService(  446): no geocoder provider found
E/FlpHardwareProvider(  446): Error hw_get_module 'flp': -2
E/LocationManagerService(  446): FLP HAL not supported
W/ServiceWatcher(  446): com.google.android.gms not found
D/VoldCmdListener(  152): asec list
E/LocationManagerService(  446): Unable to bind FLP Geofence proxy.
E/ActivityRecognitionHardware(  446): Error hw_get_module: -2
E/LocationManagerService(  446): Hardware Activity-Recognition not supported.
I/CommonTimeManagementService(  446): No common time service detected on this platform.  Common time services will be unavailable.
I/InputReader(  446): Reconfiguring input devices.  changes=0x00000020
I/MmsServiceBroker(  446): Delay connecting to MmsService until an API is called
D/xzj     (  593): true---------------------------ooooooooooo,stop mtp service---------------false
W/VoiceInteractionManagerService(  446): no available voice interaction services found for user 0
W/VoiceInteractionManagerService(  446): no available voice recognition services found for user 0
I/InputReader(  446): Reconfiguring input devices.  changes=0x00000010
I/LatinIME(  729): Hardware accelerated drawing: true
I/ActivityManager(  446): Start proc 776:com.cghs.stresstest/1000 for added application com.cghs.stresstest
I/ActivityManager(  446): Start proc 794:com.android.phone/1001 for added application com.android.phone
I/ActivityManager(  446): START u0 {act=android.intent.action.MAIN cat=[android.intent.category.HOME] flg=0x10000000 cmp=com.android.launcher3/.Launcher} from uid 0 on display 0
V/WindowManager(  446): addAppToken: AppWindowToken{40f4d70 token=Token{388703b3 ActivityRecord{107c6d22 u0 com.android.launcher3/.Launcher t9}}} to stack=0 task=9 at 0
I/ActivityManager(  446): Start proc 814:com.android.launcher3/u0a31 for activity com.android.launcher3/.Launcher
I/SystemServer(  446): Enabled StrictMode for system server main thread.
I/ActivityManager(  446): Start proc 833:android.rockchip.update.service/1000 for broadcast android.rockchip.update.service/.RKUpdateReceiver
I/art     (  163): Explicit concurrent mark sweep GC freed 706(30KB) AllocSpace objects, 0(0B) LOS objects, 40% free, 2MB/3MB, paused 96us total 7.239ms
I/art     (  163): Explicit concurrent mark sweep GC freed 5(160B) AllocSpace objects, 0(0B) LOS objects, 40% free, 2MB/3MB, paused 92us total 8.202ms
D/VolumeUI(  567): Registering volume controller
I/art     (  163): Explicit concurrent mark sweep GC freed 5(160B) AllocSpace objects, 0(0B) LOS objects, 40% free, 2MB/3MB, paused 100us total 6.940ms
V/ActivityManager(  446): Display changed displayId=0
V/ActivityManager(  446): Display changed displayId=1
V/ActivityManager(  446): Display changed displayId=0
D/WifiScanningService(  446): SCAN_AVAILABLE : 1
D/WifiScanningService(  446): DefaultState got{ when=0 what=160007 target=com.android.internal.util.StateMachine$SmHandler }
D/RttService(  446): SCAN_AVAILABLE : 1
D/RttService(  446): DefaultState got{ when=0 what=160513 target=com.android.internal.util.StateMachine$SmHandler }
W/InputAttributes(  729): No editor info for this field. Bug?
I/ResourceUtils(  729): Found default value: resource=keypress_vibration_durations build=[HARDWARE=rk30board MODEL=firefly-rk3288 BRAND=firefly MANUFACTURER=rockchip] default=-1
I/ResourceUtils(  729): Found default value: resource=keypress_volumes build=[HARDWARE=rk30board MODEL=firefly-rk3288 BRAND=firefly MANUFACTURER=rockchip] default=-1.0f
I/LatinIME:LogUtils(  729): Dictionary info: dictionary = userunigram.en_US.dict ; version = ? ; date = ?
I/ActivityManager(  446): Start proc 851:com.android.printspooler/u0a42 for service com.android.printspooler/.model.PrintSpoolerService
D/Launcher.LauncherProvider(  814): 11683562 - initializeMaxScreenId(): 0
I/LatinIME:LogUtils(  729): Dictionary info: dictionary = main:en ; version = 42 ; date = 1381226429
D/RKUpdateReceiver(  833): action = android.hardware.usb.action.USB_STATE
I/ActivityManager(  446): Start proc 873:android.process.acore/u0a2 for content provider com.android.providers.userdictionary/.UserDictionaryProvider
I/Choreographer(  446): Skipped 94 frames!  The application may be doing too much work on its main thread.
V/Launcher(  814): LauncherAppState inited
V/ActivityManager(  446): Display changed displayId=0
D/DisplayPowerController(  446): MSG_BUTTON_LIGHTS_TIME_OUT
E/Lights  (  446): write_int failed to open sys/class/leds/rk29_key_led/brightness
I/Lights  (  446): >>> Enter set_keyboard_light
I/Telecom (  446): TelecomGlobals: TelecomGlobals initializing
D/Launcher.Model(  814): Old launcher provider: content://com.android.launcher2.settings/favorites?notify=true
D/Launcher.Model(  814): Old launcher provider does not exist.
D/BluetoothManagerService(  446): Trying to bind to profile: 1, while Bluetooth was disabled
D/BluetoothManagerService(  446): Message: 30
I/PrintSpoolerService(  851): No existing print spooler state.
I/Telecom (  446): TelecomGlobals: CallsManager initialized
W/ContextImpl(  446): Calling a method in the system process without a qualified user: android.app.ContextImpl.startService:1704 android.content.ContextWrapper.startService:516 com.android.server.telecom.BluetoothPhoneService.start:440 com.android.server.telecom.TelecomGlobals.initialize:93 com.android.server.telecom.TelecomService.onCreate:164 
V/ActivityManager(  446): Display changed displayId=1
V/ActivityManager(  446): Display changed displayId=0
I/ValidateNoPeople(  446): skipping global notification
D/EthernetNetworkFactory(  446): updateInterface: eth0 link down
D/Tethering(  446): UsbManager.ACTION_USB_STATE: true, false, false
W/Launcher(  814): setApplicationContext called twice! old=com.android.launcher3.LauncherApplication@28d98b75 new=com.android.launcher3.LauncherApplication@28d98b75
D/ZenLog  (  446): downtime: Autotrigger skipped: not in downtime
W/ResourcesManager(  446): Asset path '/system/framework/com.android.location.provider.jar' does not exist or contains no resources.
D/GpsNetInitiatedHandler(  446): location enabled :false
V/WiredAccessoryManager(  446): init()
I/StatusBarManagerService(  446): registerStatusBar bar=com.android.internal.statusbar.IStatusBar$Stub$Proxy@2367945
D/TelephonyProvider(  794): dbh.onOpen: ok, queried table=siminfo
D/TelephonyProvider(  794): dbh.onOpen: ok, queried table=carriers
D/BluetoothManagerService(  446): Message: 300
D/BluetoothManagerService(  446): MESSAGE_USER_SWITCHED
D/PermissionCache(  153): checking android.permission.HARDWARE_TEST for uid=1000 => granted (224 us)
W/ResourceType(  814): Attempt to retrieve bag 0x7f0d0008 which is invalid or in a cycle.
I/ActivityManager(  446): Start proc 908:com.android.smspush/u0a52 for service com.android.smspush/.WapPushManager
I/LatinIME:LogUtils(  729): Dictionary info: dictionary = personalization.en_US.dict ; version = ? ; date = 1293884685
I/LatinIME:LogUtils(  729): Dictionary info: dictionary = PersonalizationPredictionDictio ; version = ? ; date = 1293884685
I/LatinIME:LogUtils(  729): Dictionary info: dictionary = UserHistoryDictionary.en_US.dic ; version = ? ; date = 1558068908
E/DcSwitchStateMachine-0(  794): DctController is not ready
E/ConnectivityService(  446): Failed to find Messenger in unregisterNetworkFactory
D/ConnectivityService(  446): Got NetworkFactory Messenger for Telephony
V/BackupManagerService(  446): Connected to transport ComponentInfo{android/com.android.internal.backup.LocalTransportService}
V/BackupManagerService(  446): Registering transport android/com.android.internal.backup.LocalTransportService::android/com.android.internal.backup.LocalTransport = android.app.backup.BackupTransport$TransportImpl@32cd7f38
D/Launcher.Model(  814): 11683562 - loadWorkspace()
D/Launcher.Model(  814): 11683562 -   loadedOldDb: false
I/ValidateNoPeople(  446): skipping global notification
W/Launcher(  814): setApplicationContext called twice! old=com.android.launcher3.LauncherApplication@28d98b75 new=com.android.launcher3.LauncherApplication@28d98b75
D/BluetoothManagerService(  446): Trying to bind to profile: 1, while Bluetooth was disabled
D/BluetoothManagerService(  446): Message: 30
I/ContactLocale(  873): AddressBook Labels [en-US]: [, A, B, C, D, E, F, G, H, I, J, K, L, M, N, O, P, Q, R, S, T, U, V, W, X, Y, Z, , , , , , , , , , , , , , , , , , , , , , , , , , , , , , , , , , , , , , , , , , , , , , , , , , , , , , , , , , , , , , , , , , , , , , , , , , , , , , , , , , , , , , , , , , , , , , , , , , , , , , , , , , , , , , , , , , , , , , , , , , , , , , , , , , , , , , , , , , , , , , , , , , , , , , , , , , , , , , , , , , , , , , , , , , , , , , , , , , , , , , , , , , , , #, ]
V/ActivityManager(  446): Display changed displayId=0
D/GpsLocationProvider(  446): received SIM realted action: 
D/BluetoothManagerService(  446): Message: 20
D/BluetoothManagerService(  446): Added callback: android.bluetooth.IBluetoothManagerCallback$Stub$Proxy@3a2bb8b9:true
D/BluetoothManagerService(  446): Message: 30
D/BluetoothManagerService(  446): Trying to bind to profile: 1, while Bluetooth was disabled
D/OpenGLRenderer(  814): Use EGL_SWAP_BEHAVIOR_PRESERVED: true
D/Atlas   (  814): Validating map...
D/GpsLocationProvider(  446): SIM MCC/MNC is still not available
W/Atlas   (  814): Pointer 0x0, not in getPreloadedDrawables?
W/Atlas   (  814): Pointer 0x0, not in getPreloadedDrawables?
I/Telephony(  794): TtyManager: updateUiTtyMode -1 -> 0
V/WindowManager(  446): Based on layer: Adding window Window{3aae8af3 u0 com.android.launcher3/com.android.launcher3.Launcher} at 0 of 1
I/FusedLocation(  446): engine started (com.android.location.fused)
D/Launcher.Model(  814): 11683562 - loadWorkspaceScreensDb()
D/Launcher.Model(  814): 11683562 -   screens: 
D/Launcher.Model(  814): 11683562 -   sBgWorkspaceScreens: 
D/GpsLocationProvider(  446): received SIM realted action: 
D/GpsLocationProvider(  446): SIM MCC/MNC is still not available
I/mali_so (  814): [File] : hardware/arm/maliT760/driver/product/base/src/mali_base_kbase.c; [Line] : 899; 
I/mali_so (  814): [Func] : base_context_deal_with_version_affairs_rk_ext; arm_release_ver of this mali_so is 'r5p0-06rel0', rk_so_ver is '8@0', built at '18:11:21', on 'Jul  2 2015'.
I/mali_so (  814): [File] : hardware/arm/maliT760/driver/product/base/src/mali_base_kbase.c; [Line] : 926; 
I/mali_so (  814): [Func] : base_context_deal_with_version_affairs_rk_ext; mali_ver_property has been set to 'r5p0-06rel0-12-8@0', to return.
I/OpenGLRenderer(  814): Initialized EGL, version 1.4
D/OpenGLRenderer(  814): Enabling debug mode 0
I/ActivityManager(  446): Displayed com.android.launcher3/.Launcher: +1s196ms
D/Launcher(  814): 11683562 - bindAddScreens()
D/Launcher(  814): 11683562 -   orderedScreenIds: 
D/Launcher.Workspace(  814): 11683562 - addExtraEmptyScreen()
D/Launcher.Workspace(  814): 11683562 - insertNewWorkspaceScreen(): -201 at index: 0
D/TelephonyDebugService(  794): TelephonyDebugService()
I/Telephony(  794): PstnIncomingCallNotifier: Registering: Handler (com.android.internal.telephony.gsm.GSMPhone) {664fdca}
D/WifiService(  446): New client listening to asynchronous messages
D/BluetoothManagerService(  446): Message: 20
D/BluetoothManagerService(  446): Added callback: android.bluetooth.IBluetoothManagerCallback$Stub$Proxy@18b210d1:true
D/BluetoothAdapter(  567): 527453245: getState() :  mService = null. Returning STATE_OFF
D/BluetoothAdapter(  567): 527453245: getState() :  mService = null. Returning STATE_OFF
D/BluetoothManagerService(  446): Message: 30
D/BluetoothManagerService(  446): Message: 30
E/BluetoothA2dpSink(  567): Could not bind to Bluetooth A2DP Service with Intent { act=android.bluetooth.IBluetoothA2dpSink }
D/BluetoothManagerService(  446): Message: 30
E/BluetoothAvrcpController(  567): Could not bind to Bluetooth AVRCP Controller Service with Intent { act=android.bluetooth.IBluetoothAvrcpController }
D/BluetoothManagerService(  446): Message: 30
D/BluetoothManagerService(  446): Trying to bind to profile: 1, while Bluetooth was disabled
V/KeyguardServiceDelegate(  446): *** Keyguard: can't bind to com.android.systemui.keyguard.KeyguardService
W/KeyguardServiceDelegate(  446): onScreenTurnedOn(): no keyguard service!
D/BluetoothManagerService(  446): Message: 30
V/Sensors (  446): int poll__activate(sensors_poll_device_t*, int, int)
V/Sensors (  446): int sensors_poll_context_t::activate(int, int)
V/Sensors (  446): enable - sensor Accelerometer (handle 4) dis -> en
E/Sensors (  446): MPU is not available
V/Sensors (  446): int poll__setDelay(sensors_poll_device_t*, int, int64_t)
V/Sensors (  446): int sensors_poll_context_t::setDelay(int, int64_t)
V/Sensors (  446): setDelay - sensor Accelerometer (handle 4), rate 66 ms (15.00 Hz)
E/Sensors (  446): MPU is not available
E/BluetoothHeadsetClient(  567): Could not bind to Bluetooth Headset Client Service with Intent { act=android.bluetooth.IBluetoothHeadsetClient }
D/BluetoothManagerService(  446): Message: 30
W/InputMethodManagerService(  446): Starting input on non-focused client android.view.inputmethod.InputMethodManager$1@8cd1e9 (uid=1000 pid=446)
D/BluetoothMap(  567): Create BluetoothMap proxy object
D/BluetoothManagerService(  446): Message: 30
E/BluetoothMap(  567): Could not bind to Bluetooth MAP Service with Intent { act=android.bluetooth.IBluetoothMap }
D/BluetoothManagerService(  446): Message: 30
D/ConnectivityService(  446): listenForNetwork for NetworkRequest [ id=2, legacyType=-1, [] ]
E/blb     (  567): mmEthernetVisible: false
E/blb     (  567): mmEthernetVisible: false
E/blb     (  567): mmEthernetVisible: false
I/CameraManagerGlobal(  567): getCameraService: Reconnecting to camera service
E/CameraService(  159): no camera found before! check again...
I/CameraService(  159): Loaded "RK29_ICS_CameraHal_Module" camera module
D/CameraHal(  159): createInstance(818): open xml file(/etc/cam_board.xml) success
E/CameraHal(  159): cam_board.xml version(v0.0.0) != xml parser version(v0.13.0)
D/CameraHal(  159): 
D/CameraHal(  159): 
D/CameraHal(  159): 
D/CameraHal(  159):  Cam_board.xml Version Check: 
D/CameraHal(  159):     /etc/cam_board.xml : v0.0xd.0
D/CameraHal(  159):     CameraHal_board_xml_parser: v0.13.0
D/CameraHal(  159): ParserSensorInfo(47): SensorName(OV13850)
D/CameraHal(  159): ParserSensorInfo(52): SensorDevID(CAMSYS_DEVID_SENSOR_1B)
D/CameraHal(  159): ParserSensorInfo(63): SensorDevID(33554432)
D/CameraHal(  159): ParserSensorInfo(65): SensorHostDevID(CAMSYS_DEVID_MARVIN)
D/CameraHal(  159): ParserSensorInfo(80): Sensori2cBusNum(3)
D/CameraHal(  159): ParserSensorInfo(83): SensorI2cAddrByte(2)
D/CameraHal(  159): ParserSensorInfo(86): SensorI2cRate(100000)
D/CameraHal(  159): ParserSensorInfo(89): SensorMclk(24000000)
D/CameraHal(  159): ParserSensorInfo(92): SensorAvdd(NC) min(0) max(0)
D/CameraHal(  159): ParserSensorInfo(97): SensorDovdd(NC) min(18000000) max(18000000)
D/CameraHal(  159): ParserSensorInfo(102): SensorDvdd(NC) min(0) max(0)
D/CameraHal(  159): ParserSensorInfo(107): SensorGpioPwdn(RK30_PIN2_PB6) active(0) 
D/CameraHal(  159): ParserSensorInfo(111): SensorGpioRst(RK30_PIN2_PB7) active(0) 
D/CameraHal(  159): ParserSensorInfo(115): SensorGpioPwen(RK30_PIN0_PB3) active(1) 
D/CameraHal(  159): ParserSensorInfo(119): SensorFacing(back) 
D/CameraHal(  159): ParserSensorInfo(128): SensorInterface(MIPI) 
D/CameraHal(  159): ParserSensorInfo(141): SensorMirrorFlip(0) 
D/CameraHal(  159): ParserSensorInfo(147): SensorOrientation(180) 
D/CameraHal(  159): ParserSensorInfo(144): SensorPowerupSequence(1234) 
D/CameraHal(  159): ParserSensorInfo(241): SensorFovParemeter fov_h(60.0)(60.000000) fov_v(60.0)(60.000000)  
D/CameraHal(  159): ParserSensorInfo(244): SensorAWB_Frame_Skip fps(15) 
D/CameraHal(  159): ParserSensorInfo(215): SensorPhy: MIPI  lane: 2  phyindex: 1  fmt: 0x2b
D/CameraHal(  159): ParserVCMInfo(256): VCMDrvName(BuiltInSensor)
D/CameraHal(  159): ParserVCMInfo(259): VCMName(NC)
D/CameraHal(  159): ParserVCMInfo(262): VCMI2cBusNum(3)
D/CameraHal(  159): ParserVCMInfo(265): VCMI2cAddrByte(0)
D/CameraHal(  159): ParserVCMInfo(268): VCMI2cRate(0)
D/CameraHal(  159): ParserVCMInfo(279): VCMVdd(NC) min(0) max(0)
D/CameraHal(  159): ParserVCMInfo(271): VCMGpioPwdn(NC) active(0) 
D/CameraHal(  159): ParserVCMInfo(275): VCMGpioPower(NC) active(0) 
D/CameraHal(  159): ParserVCMInfo(295): start current(20) rated current(80) vcm max(100)  step mode(13)  drv max(100) 
D/CameraHal(  159): ParserFlashInfo(309): FlashName(Internal)
D/CameraHal(  159): ParserFlashInfo(312): FlashI2cBusNum(0)
D/CameraHal(  159): ParserFlashInfo(315): FlashI2cAddrByte(0)
D/CameraHal(  159): ParserFlashInfo(318): FlashI2cRate(0)
D/CameraHal(  159): ParserFlashInfo(321): FlashTrigger(NC) active(0) 
D/CameraHal(  159): ParserFlashInfo(325): FlashEn(NC) active(0) 
D/CameraHal(  159): ParserFlashInfo(332): FlashLuminance(0)
D/CameraHal(  159): ParserFlashInfo(335): FlashColorTemp(0)
D/CameraHal(  159): StartElementHandler(761): HDR(1)! 
D/CameraHal(  159): StartElementHandler(765): ZSL(1)! 
D/CameraHal(  159): StartElementHandler(769): zoom(1)! 
D/CameraHal(  159): StartElementHandler(797): Continue_SnapShot(1)! 
D/CameraHal(  159): StartElementHandler(800): InterpolationRes(0)! 
D/CameraHal(  159): StartElementHandler(791): PreviewSize(0x0)! 
D/CameraHal(  159): StartElementHandler(787): face detect config(0),max face num is (0)! 
D/CameraHal(  159): ParserDVConfig(602):  DV_QCIF(qcif) resolution(176x144) fps(10) support(1)
D/CameraHal(  159): ParserDVConfig(614):  DV_QVGA(qvga) resolution(320x240) fps(10) support(1)
D/CameraHal(  159): ParserDVConfig(626):  DV_CIF(cif) resolution(352x288) fps(10) support(1)
D/CameraHal(  159): ParserDVConfig(638):  DV_VGA(480p) resolution(640x480) fps(10) support(0)
D/CameraHal(  159): ParserDVConfig(650):  DV_480P(480p) resolution(720x480) fps(10) support(0)
D/CameraHal(  159): ParserDVConfig(674):  DV_720P(720p) resolution(1280x720) fps(10) support(1)
D/CameraHal(  159): ParserDVConfig(686):  DV_1080P(1080p) resolution(1920x1080) fps(10) support(1)
D/CameraHal(  159): number of camdevice (1)
D/CameraHal(  159): now DV size(7)
E/CameraHal(  159): camera_get_number_of_cameras(686): board profiles cam num 1
D/CameraHal(  159): read cam name from xml(/data/camera/media_profiles.xml)
E/CameraHal(  159):  is not exist, register all
D/CameraHal(  159): 
D/CameraHal(  159): 
D/CameraHal(  159): 
D/CameraHal(  159):  CamSys_Head.h Version Check:
D/CameraHal(  159):     Kernel camsys_head.h: v0.11.0
D/CameraHal(  159):     Kernel camsys_drv :   v0.32.0
D/CameraHal(  159):     CameraHal camsys_head.h : v0.11.0
D/CameraHal(  159): 
D/CameraHal(  159): 
D/CameraHal(  159): 
E/CameraHal(  159): WARNING: OV13850 soft reset by i2c failed!, please check follow information:
E/CameraHal(  159):     Slave_addr: 0x20 0x6c
E/CameraHal(  159):     Soft reset reg: 0x103  val: 0x1
E/CameraHal(  159):     Power/PowerDown/Reset/Mclk/I2cBus
E/CameraHal(  159): OV13850 device register failed!
E/CameraHal(  159): camera_get_number_of_cameras(693): load sensor name(OV13850) connect 0
E/CameraHal(  159): camera_get_number_of_cameras(746): Open /dev/video0 failed! strr: No such file or directory
D/CameraHal(  159): camera_get_number_of_cameras(1110): camera_get_number_of_cameras(1110): Current board have 0 cameras attached.
D/CameraHal(  159): camera_get_number_of_cameras(1113): meida_profiles_xml_control time (19364)us
E/CameraService(  159): no camera found before! check again...
I/CameraService(  159): Loaded "RK29_ICS_CameraHal_Module" camera module
D/CameraHal(  159): createInstance(818): open xml file(/etc/cam_board.xml) success
E/CameraHal(  159): cam_board.xml version(v0.0.0) != xml parser version(v0.13.0)
D/CameraHal(  159): 
D/CameraHal(  159): 
D/CameraHal(  159): 
D/CameraHal(  159):  Cam_board.xml Version Check: 
D/CameraHal(  159):     /etc/cam_board.xml : v0.0xd.0
D/CameraHal(  159):     CameraHal_board_xml_parser: v0.13.0
D/CameraHal(  159): ParserSensorInfo(47): SensorName(OV13850)
D/CameraHal(  159): ParserSensorInfo(52): SensorDevID(CAMSYS_DEVID_SENSOR_1B)
D/CameraHal(  159): ParserSensorInfo(63): SensorDevID(33554432)
D/CameraHal(  159): ParserSensorInfo(65): SensorHostDevID(CAMSYS_DEVID_MARVIN)
D/CameraHal(  159): ParserSensorInfo(80): Sensori2cBusNum(3)
D/CameraHal(  159): ParserSensorInfo(83): SensorI2cAddrByte(2)
D/CameraHal(  159): ParserSensorInfo(86): SensorI2cRate(100000)
D/CameraHal(  159): ParserSensorInfo(89): SensorMclk(24000000)
D/CameraHal(  159): ParserSensorInfo(92): SensorAvdd(NC) min(0) max(0)
D/CameraHal(  159): ParserSensorInfo(97): SensorDovdd(NC) min(18000000) max(18000000)
D/CameraHal(  159): ParserSensorInfo(102): SensorDvdd(NC) min(0) max(0)
D/CameraHal(  159): ParserSensorInfo(107): SensorGpioPwdn(RK30_PIN2_PB6) active(0) 
D/CameraHal(  159): ParserSensorInfo(111): SensorGpioRst(RK30_PIN2_PB7) active(0) 
D/CameraHal(  159): ParserSensorInfo(115): SensorGpioPwen(RK30_PIN0_PB3) active(1) 
D/CameraHal(  159): ParserSensorInfo(119): SensorFacing(back) 
D/CameraHal(  159): ParserSensorInfo(128): SensorInterface(MIPI) 
D/CameraHal(  159): ParserSensorInfo(141): SensorMirrorFlip(0) 
D/CameraHal(  159): ParserSensorInfo(147): SensorOrientation(180) 
D/CameraHal(  159): ParserSensorInfo(144): SensorPowerupSequence(1234) 
D/CameraHal(  159): ParserSensorInfo(241): SensorFovParemeter fov_h(60.0)(60.000000) fov_v(60.0)(60.000000)  
D/CameraHal(  159): ParserSensorInfo(244): SensorAWB_Frame_Skip fps(15) 
D/CameraHal(  159): ParserSensorInfo(215): SensorPhy: MIPI  lane: 2  phyindex: 1  fmt: 0x2b
D/CameraHal(  159): ParserVCMInfo(256): VCMDrvName(BuiltInSensor)
D/CameraHal(  159): ParserVCMInfo(259): VCMName(NC)
D/CameraHal(  159): ParserVCMInfo(262): VCMI2cBusNum(3)
D/CameraHal(  159): ParserVCMInfo(265): VCMI2cAddrByte(0)
D/CameraHal(  159): ParserVCMInfo(268): VCMI2cRate(0)
D/CameraHal(  159): ParserVCMInfo(279): VCMVdd(NC) min(0) max(0)
D/CameraHal(  159): ParserVCMInfo(271): VCMGpioPwdn(NC) active(0) 
D/CameraHal(  159): ParserVCMInfo(275): VCMGpioPower(NC) active(0) 
D/CameraHal(  159): ParserVCMInfo(295): start current(20) rated current(80) vcm max(100)  step mode(13)  drv max(100) 
D/CameraHal(  159): ParserFlashInfo(309): FlashName(Internal)
D/CameraHal(  159): ParserFlashInfo(312): FlashI2cBusNum(0)
D/CameraHal(  159): ParserFlashInfo(315): FlashI2cAddrByte(0)
D/CameraHal(  159): ParserFlashInfo(318): FlashI2cRate(0)
D/CameraHal(  159): ParserFlashInfo(321): FlashTrigger(NC) active(0) 
D/CameraHal(  159): ParserFlashInfo(325): FlashEn(NC) active(0) 
D/CameraHal(  159): ParserFlashInfo(332): FlashLuminance(0)
D/CameraHal(  159): ParserFlashInfo(335): FlashColorTemp(0)
D/CameraHal(  159): StartElementHandler(761): HDR(1)! 
D/CameraHal(  159): StartElementHandler(765): ZSL(1)! 
D/CameraHal(  159): StartElementHandler(769): zoom(1)! 
D/CameraHal(  159): StartElementHandler(797): Continue_SnapShot(1)! 
D/CameraHal(  159): StartElementHandler(800): InterpolationRes(0)! 
D/CameraHal(  159): StartElementHandler(791): PreviewSize(0x0)! 
D/CameraHal(  159): StartElementHandler(787): face detect config(0),max face num is (0)! 
D/CameraHal(  159): ParserDVConfig(602):  DV_QCIF(qcif) resolution(176x144) fps(10) support(1)
D/CameraHal(  159): ParserDVConfig(614):  DV_QVGA(qvga) resolution(320x240) fps(10) support(1)
D/CameraHal(  159): ParserDVConfig(626):  DV_CIF(cif) resolution(352x288) fps(10) support(1)
D/CameraHal(  159): ParserDVConfig(638):  DV_VGA(480p) resolution(640x480) fps(10) support(0)
D/CameraHal(  159): ParserDVConfig(650):  DV_480P(480p) resolution(720x480) fps(10) support(0)
D/CameraHal(  159): ParserDVConfig(674):  DV_720P(720p) resolution(1280x720) fps(10) support(1)
D/CameraHal(  159): ParserDVConfig(686):  DV_1080P(1080p) resolution(1920x1080) fps(10) support(1)
D/CameraHal(  159): number of camdevice (1)
D/CameraHal(  159): now DV size(7)
E/CameraHal(  159): camera_get_number_of_cameras(686): board profiles cam num 1
D/CameraHal(  159): read cam name from xml(/data/camera/media_profiles.xml)
E/CameraHal(  159):  is not exist, register all
D/CameraHal(  159): 
D/CameraHal(  159): 
D/CameraHal(  159): 
D/CameraHal(  159):  CamSys_Head.h Version Check:
D/CameraHal(  159):     Kernel camsys_head.h: v0.11.0
D/CameraHal(  159):     Kernel camsys_drv :   v0.32.0
D/CameraHal(  159):     CameraHal camsys_head.h : v0.11.0
D/CameraHal(  159): 
D/CameraHal(  159): 
D/CameraHal(  159): 
E/CameraHal(  159): CAMSYS_REGISTER_DEVIO failed
E/CameraHal(  159): OV13850 device register failed!
E/CameraHal(  159): camera_get_number_of_cameras(693): load sensor name(OV13850) connect 0
E/CameraHal(  159): camera_get_number_of_cameras(746): Open /dev/video0 failed! strr: No such file or directory
D/CameraHal(  159): camera_get_number_of_cameras(1110): camera_get_number_of_cameras(1110): Current board have 0 cameras attached.
D/CameraHal(  159): camera_get_number_of_cameras(1113): meida_profiles_xml_control time (3438)us
D/UserManager(  567): ---getMaxSupportedUsers,we has UMS,force disabled M-user---
W/ResourceType(  814): No package identifier when getting value for resource number 0x00000000
W/ResourceType(  814): No package identifier when getting value for resource number 0x00000000
W/PackageManager(  814): Failure retrieving resources for com.android.speechrecorder: Resource ID #0x0
W/ResourceType(  814): No package identifier when getting value for resource number 0x00000000
W/PackageManager(  814): Failure retrieving resources for com.android.speechrecorder: Resource ID #0x0
D/BluetoothAdapter(  567): 527453245: getState() :  mService = null. Returning STATE_OFF
D/BluetoothAdapter(  567): 527453245: getState() :  mService = null. Returning STATE_OFF
D/BluetoothAdapter(  567): 527453245: getState() :  mService = null. Returning STATE_OFF
D/BluetoothAdapter(  567): 527453245: getState() :  mService = null. Returning STATE_OFF
D/OpenGLRenderer(  567): Use EGL_SWAP_BEHAVIOR_PRESERVED: true
D/Atlas   (  567): Validating map...
W/Atlas   (  567): Pointer 0x0, not in getPreloadedDrawables?
W/Atlas   (  567): Pointer 0x0, not in getPreloadedDrawables?
D/PhoneStatusBar(  567): disable: < EXPAND* icons alerts system_info BACK* HOME* RECENT* clock SEARCH* >
I/ActivityManager(  446): Start proc 967:com.rockchip.devicetest/1000 for broadcast com.rockchip.devicetest/.BootReceiver
D/BluetoothAdapter(  567): 527453245: getState() :  mService = null. Returning STATE_OFF
D/BluetoothAdapter(  567): 527453245: getState() :  mService = null. Returning STATE_OFF
D/PhoneStatusBar(  567): heads up is enabled
I/Choreographer(  567): Skipped 96 frames!  The application may be doing too much work on its main thread.
V/TestService(  967): action:android.intent.action.MEDIA_MOUNTED
V/TestService(  967): pathfile:///mnt/internal_sd,bootcomplete=false
V/TestService(  967): path1:file:///mnt/internal_sd
W/ContextImpl(  967): Calling a method in the system process without a qualified user: android.app.ContextImpl.startService:1704 android.content.ContextWrapper.startService:516 android.content.ContextWrapper.startService:516 com.rockchip.devicetest.BootReceiver.onReceive:58 android.app.ActivityThread.handleReceiver:2609 
D/ViewRootImpl(  567): changeCanvasOpacity: opaque=true
D/TestService(  967): onCreate
I/chip.devicetest(  967): type=1400 audit(0.0:10): avc: denied { write } for name="force_usb_mode" dev="sysfs" ino=12240 scontext=u:r:system_app:s0 tcontext=u:object_r:sysfs:s0 tclass=file permissive=1
I/ActivityManager(  446): Start proc 990:com.android.externalstorage/u0a5 for broadcast com.android.externalstorage/.MountReceiver
D/mmk     (  567): updateCallbackLocked.+++++++
I/art     (  446): Background sticky concurrent mark sweep GC freed 8022(553KB) AllocSpace objects, 2(202KB) LOS objects, 9% free, 7MB/8MB, paused 5.314ms total 16.976ms
D/TestService(  967): onStartCommand,from:app
D/StorageList(  967): VolumnState:mounted
D/StorageList(  967): Storage'paths:/mnt/internal_sd state:mounted
D/StorageList(  967): VolumnState:removed
D/StorageList(  967): Storage'paths:/mnt/external_sd state:removed
D/StorageList(  967): VolumnState:removed
D/StorageList(  967): Storage'paths:/mnt/usb_storage/USB_DISK0 state:removed
D/StorageList(  967): VolumnState:removed
D/StorageList(  967): Storage'paths:/mnt/usb_storage/USB_DISK1 state:removed
D/StorageList(  967): VolumnState:removed
D/StorageList(  967): Storage'paths:/mnt/usb_storage/USB_DISK2 state:removed
D/ExternalStorage(  990): After updating volumes, found 1 active roots
D/StorageList(  967): VolumnState:removed
D/StorageList(  967): Storage'paths:/mnt/usb_storage/USB_DISK3 state:removed
D/StorageList(  967): VolumnState:removed
D/StorageList(  967): Storage'paths:/mnt/usb_storage/USB_DISK4 state:removed
D/StorageList(  967): VolumnState:removed
D/StorageList(  967): Storage'paths:/mnt/usb_storage/USB_DISK5 state:removed
D/DeviceTest-FileUitls(  967): find path:/mnt/internal_sd
D/StorageList(  967): VolumnState:mounted
D/DeviceTest-FileUitls(  967): find path:/mnt/external_sd
D/StorageList(  967): VolumnState:removed
D/DeviceTest-FileUitls(  967): find path:/mnt/usb_storage/USB_DISK0
D/StorageList(  967): VolumnState:removed
D/DeviceTest-FileUitls(  967): find path:/mnt/usb_storage/USB_DISK1
D/StorageList(  967): VolumnState:removed
D/DeviceTest-FileUitls(  967): find path:/mnt/usb_storage/USB_DISK2
D/StorageList(  967): VolumnState:removed
D/DeviceTest-FileUitls(  967): find path:/mnt/usb_storage/USB_DISK3
D/StorageList(  967): VolumnState:removed
D/DeviceTest-FileUitls(  967): find path:/mnt/usb_storage/USB_DISK4
D/StorageList(  967): VolumnState:removed
D/DeviceTest-FileUitls(  967): find path:/mnt/usb_storage/USB_DISK5
D/StorageList(  967): VolumnState:removed
D/ExternalStorage(  990): After updating volumes, found 1 active roots
I/mali_so (  567): [File] : hardware/arm/maliT760/driver/product/base/src/mali_base_kbase.c; [Line] : 899; 
I/mali_so (  567): [Func] : base_context_deal_with_version_affairs_rk_ext; arm_release_ver of this mali_so is 'r5p0-06rel0', rk_so_ver is '8@0', built at '18:11:21', on 'Jul  2 2015'.
I/mali_so (  567): [File] : hardware/arm/maliT760/driver/product/base/src/mali_base_kbase.c; [Line] : 926; 
I/mali_so (  567): [Func] : base_context_deal_with_version_affairs_rk_ext; mali_ver_property has been set to 'r5p0-06rel0-12-8@0', to return.
I/OpenGLRenderer(  567): Initialized EGL, version 1.4
D/DeviceTest-FileUitls(  967): find file:/mnt/internal_sd/LOST.DIR
D/DeviceTest-FileUitls(  967): find file:/mnt/internal_sd/.android_secure
D/DeviceTest-FileUitls(  967): find file:/mnt/internal_sd/Music
D/DeviceTest-FileUitls(  967): find file:/mnt/internal_sd/Podcasts
D/DeviceTest-FileUitls(  967): find file:/mnt/internal_sd/Ringtones
D/DeviceTest-FileUitls(  967): find file:/mnt/internal_sd/Alarms
D/DeviceTest-FileUitls(  967): find file:/mnt/internal_sd/Notifications
D/DeviceTest-FileUitls(  967): find file:/mnt/internal_sd/Pictures
D/DeviceTest-FileUitls(  967): find file:/mnt/internal_sd/Movies
D/DeviceTest-FileUitls(  967): find file:/mnt/internal_sd/Download
D/DeviceTest-FileUitls(  967): find file:/mnt/internal_sd/DCIM
D/DeviceTest-FileUitls(  967): find file:/mnt/internal_sd/eHomeMediaCenter
D/DeviceTest-FileUitls(  967): find file:/mnt/internal_sd/Android
D/TestService(  967): no DeviceTest.apk
V/TestService(  967): isSystemReady()=trueisBootComplete()=false
D/TestService(  967): check home ,if need will set default home
D/StorageList(  967): VolumnState:mounted
D/OpenGLRenderer(  567): Enabling debug mode 0
D/StorageList(  967): Storage'paths:/mnt/internal_sd state:mounted
D/StorageList(  967): VolumnState:removed
D/MediaScannerReceiver(  593): action: android.intent.action.MEDIA_MOUNTED path: /mnt/internal_sd
D/StorageList(  967): Storage'paths:/mnt/external_sd state:removed
D/StorageList(  967): VolumnState:removed
D/StorageList(  967): Storage'paths:/mnt/usb_storage/USB_DISK0 state:removed
D/StorageList(  967): VolumnState:removed
D/StorageList(  967): Storage'paths:/mnt/usb_storage/USB_DISK1 state:removed
D/StorageList(  967): VolumnState:removed
D/StorageList(  967): Storage'paths:/mnt/usb_storage/USB_DISK2 state:removed
D/StorageList(  967): VolumnState:removed
D/StorageList(  967): Storage'paths:/mnt/usb_storage/USB_DISK3 state:removed
D/StorageList(  967): VolumnState:removed
D/StorageList(  967): Storage'paths:/mnt/usb_storage/USB_DISK4 state:removed
D/StorageList(  967): VolumnState:removed
D/StorageList(  967): Storage'paths:/mnt/usb_storage/USB_DISK5 state:removed
D/DeviceTest-FileUitls(  967): find path:/mnt/internal_sd
D/RKUpdateReceiver(  833): action = android.intent.action.MEDIA_MOUNTED
D/StorageList(  967): VolumnState:mounted
D/DeviceTest-FileUitls(  967): find path:/mnt/external_sd
D/StorageList(  967): VolumnState:removed
D/DeviceTest-FileUitls(  967): find path:/mnt/usb_storage/USB_DISK0
D/StorageList(  967): VolumnState:removed
D/DeviceTest-FileUitls(  967): find path:/mnt/usb_storage/USB_DISK1
D/StorageList(  967): VolumnState:removed
D/DeviceTest-FileUitls(  967): find path:/mnt/usb_storage/USB_DISK2
D/StorageList(  967): VolumnState:removed
D/DeviceTest-FileUitls(  967): find path:/mnt/usb_storage/USB_DISK3
D/StorageList(  967): VolumnState:removed
D/DeviceTest-FileUitls(  967): find path:/mnt/usb_storage/USB_DISK4
D/StorageList(  967): VolumnState:removed
D/DeviceTest-FileUitls(  967): find path:/mnt/usb_storage/USB_DISK5
D/StorageList(  967): VolumnState:removed
D/DeviceTest-FileUitls(  967): find file:/mnt/internal_sd/LOST.DIR
D/DeviceTest-FileUitls(  967): find file:/mnt/internal_sd/.android_secure
D/DeviceTest-FileUitls(  967): find file:/mnt/internal_sd/Music
D/DeviceTest-FileUitls(  967): find file:/mnt/internal_sd/Podcasts
D/DeviceTest-FileUitls(  967): find file:/mnt/internal_sd/Ringtones
D/DeviceTest-FileUitls(  967): find file:/mnt/internal_sd/Alarms
D/DeviceTest-FileUitls(  967): find file:/mnt/internal_sd/Notifications
D/DeviceTest-FileUitls(  967): find file:/mnt/internal_sd/Pictures
D/DeviceTest-FileUitls(  967): find file:/mnt/internal_sd/Movies
D/DeviceTest-FileUitls(  967): find file:/mnt/internal_sd/Download
D/DeviceTest-FileUitls(  967): find file:/mnt/internal_sd/DCIM
D/DeviceTest-FileUitls(  967): find file:/mnt/internal_sd/eHomeMediaCenter
D/DeviceTest-FileUitls(  967): find file:/mnt/internal_sd/Android
D/StorageList(  967): VolumnState:mounted
D/StorageList(  967): Storage'paths:/mnt/internal_sd state:mounted
D/StorageList(  967): VolumnState:removed
D/StorageList(  967): Storage'paths:/mnt/external_sd state:removed
D/StorageList(  967): VolumnState:removed
D/StorageList(  967): Storage'paths:/mnt/usb_storage/USB_DISK0 state:removed
D/StorageList(  967): VolumnState:removed
D/StorageList(  967): Storage'paths:/mnt/usb_storage/USB_DISK1 state:removed
D/StorageList(  967): VolumnState:removed
D/StorageList(  967): Storage'paths:/mnt/usb_storage/USB_DISK2 state:removed
D/StorageList(  967): VolumnState:removed
D/StorageList(  967): Storage'paths:/mnt/usb_storage/USB_DISK3 state:removed
D/StorageList(  967): VolumnState:removed
D/StorageList(  967): Storage'paths:/mnt/usb_storage/USB_DISK4 state:removed
D/StorageList(  967): VolumnState:removed
D/StorageList(  967): Storage'paths:/mnt/usb_storage/USB_DISK5 state:removed
D/DeviceTest-FileUitls(  967): find path:/mnt/internal_sd
D/StorageList(  967): VolumnState:mounted
D/DeviceTest-FileUitls(  967): find path:/mnt/external_sd
D/StorageList(  967): VolumnState:removed
D/DeviceTest-FileUitls(  967): find path:/mnt/usb_storage/USB_DISK0
D/StorageList(  967): VolumnState:removed
D/DeviceTest-FileUitls(  967): find path:/mnt/usb_storage/USB_DISK1
D/StorageList(  967): VolumnState:removed
D/DeviceTest-FileUitls(  967): find path:/mnt/usb_storage/USB_DISK2
D/StorageList(  967): VolumnState:removed
D/DeviceTest-FileUitls(  967): find path:/mnt/usb_storage/USB_DISK3
D/StorageList(  967): VolumnState:removed
D/DeviceTest-FileUitls(  967): find path:/mnt/usb_storage/USB_DISK4
D/StorageList(  967): VolumnState:removed
D/DeviceTest-FileUitls(  967): find path:/mnt/usb_storage/USB_DISK5
D/StorageList(  967): VolumnState:removed
D/DeviceTest-FileUitls(  967): find file:/mnt/internal_sd/LOST.DIR
D/DeviceTest-FileUitls(  967): find file:/mnt/internal_sd/.android_secure
D/DeviceTest-FileUitls(  967): find file:/mnt/internal_sd/Music
D/DeviceTest-FileUitls(  967): find file:/mnt/internal_sd/Podcasts
D/DeviceTest-FileUitls(  967): find file:/mnt/internal_sd/Ringtones
D/DeviceTest-FileUitls(  967): find file:/mnt/internal_sd/Alarms
D/DeviceTest-FileUitls(  967): find file:/mnt/internal_sd/Notifications
D/DeviceTest-FileUitls(  967): find file:/mnt/internal_sd/Pictures
D/DeviceTest-FileUitls(  967): find file:/mnt/internal_sd/Movies
D/DeviceTest-FileUitls(  967): find file:/mnt/internal_sd/Download
D/DeviceTest-FileUitls(  967): find file:/mnt/internal_sd/DCIM
D/DeviceTest-FileUitls(  967): find file:/mnt/internal_sd/eHomeMediaCenter
D/DeviceTest-FileUitls(  967): find file:/mnt/internal_sd/Android
D/TestService(  967): factoryFilePath: agingFilePath: externalStorageFilePath:/mnt/internal_sd
D/StorageList(  967): VolumnState:mounted
D/StorageList(  967): Storage'paths:/mnt/internal_sd state:mounted
D/StorageList(  967): VolumnState:removed
D/StorageList(  967): Storage'paths:/mnt/external_sd state:removed
D/StorageList(  967): VolumnState:removed
D/StorageList(  967): Storage'paths:/mnt/usb_storage/USB_DISK0 state:removed
D/StorageList(  967): VolumnState:removed
D/StorageList(  967): Storage'paths:/mnt/usb_storage/USB_DISK1 state:removed
D/StorageList(  967): VolumnState:removed
D/StorageList(  967): Storage'paths:/mnt/usb_storage/USB_DISK2 state:removed
D/StorageList(  967): VolumnState:removed
D/StorageList(  967): Storage'paths:/mnt/usb_storage/USB_DISK3 state:removed
D/StorageList(  967): VolumnState:removed
V/KeyguardUpdateMonitor(  567): action android.intent.action.SIM_STATE_CHANGED state: NOT_READY slotId: 0 subid: 0
D/StorageList(  967): Storage'paths:/mnt/usb_storage/USB_DISK4 state:removed
D/StorageList(  967): VolumnState:removed
D/StorageList(  967): Storage'paths:/mnt/usb_storage/USB_DISK5 state:removed
D/DeviceTest-FileUitls(  967): find path:/mnt/internal_sd
D/StorageList(  967): VolumnState:mounted
D/DeviceTest-FileUitls(  967): find path:/mnt/external_sd
D/StorageList(  967): VolumnState:removed
D/DeviceTest-FileUitls(  967): find path:/mnt/usb_storage/USB_DISK0
D/StorageList(  967): VolumnState:removed
D/DeviceTest-FileUitls(  967): find path:/mnt/usb_storage/USB_DISK1
D/StorageList(  967): VolumnState:removed
D/DeviceTest-FileUitls(  967): find path:/mnt/usb_storage/USB_DISK2
D/StorageList(  967): VolumnState:removed
D/DeviceTest-FileUitls(  967): find path:/mnt/usb_storage/USB_DISK3
D/StorageList(  967): VolumnState:removed
D/DeviceTest-FileUitls(  967): find path:/mnt/usb_storage/USB_DISK4
D/StorageList(  967): VolumnState:removed
D/DeviceTest-FileUitls(  967): find path:/mnt/usb_storage/USB_DISK5
D/StorageList(  967): VolumnState:removed
I/ActivityManager(  446): Start proc 1020:com.android.music/u0a48 for broadcast com.android.music/.MediaButtonIntentReceiver
