--------- beginning of main
I/DisplayD(    0): Display damen 2.1 starting
W/auditd  (  147): type=2000 audit(0.0:1): initialized
I/auditd  (  147): type=1403 audit(0.0:2): policy loaded auid=4294967295 ses=4294967295
I/HDCP    (    0): HDCP starting
W/HDCP    (    0): Device not support HDCP, just exit.
I/HDCP    (    0): HDCP exiting
D/ScreenScaleManager(    0): i is 0
D/ScreenScaleManager(    0): i is 1
D/ScreenScaleManager(    0): i is 2
D/ScreenScaleManager(    0): i is 3
D/ScreenScaleManager(    0): i is 4
D/ScreenScaleManager(    0): MainDisplaySysNode is /sys/class/graphics/fb0/scale
D/ScreenScaleManager(    0): AuxDisplaySysNode is 
I/installd(    0): installd firing up
--------- beginning of system
E/DrmService(    0): ----------------running drmservice---------------
E/DrmService(    0): ----------serianno =GB8ZATWXZM
I/Netd    (    0): Netd 1.0 starting
D/Displaymanager(    0): [DisplayManager] VER 3.0
W/Displaymanager(    0): interface 3 not support led
D/Displaymanager(    0): [display_list_add] display 0 iface VGA connect 1 enable 1 mode 1920x1080p-60
W/Displaymanager(    0): interface 4 not support led
D/Displaymanager(    0): [display_list_add] display 0 iface HDMI connect 0 enable 0 mode 1280x720p-60
E/DrmService(    0): auto generate serialno,serialno = GB8ZATWXZM
E/DrmService(    0): rknand_sys_storage open fail
E/Displaymanager(    0): /cache/display.cfg not exist
I/Displaymanager(    0): Read CFG File error
D/Displaymanager(    0): [operateIfaceMode] property 0 iface 4 type 1 mode 1280x720p-60
E/DrmService(    0): detect keybox disabled
D/Displaymanager(    0): [operateIfaceEnable] property 0 iface 4 operate 1 value 1
W/Displaymanager(    0): interface 4 not support led
I/Displaymanager(    0): updatesinkaudioinfo: 0xb7b882c0
I/Displaymanager(    0): BUF: 
I/Displaymanager(    0): 
D/Displaymanager(    0): [operateIfaceMode] property 0 iface 3 type 1 mode 1920x1080p-60
D/Displaymanager(    0): [operateIfaceEnable] property 0 iface 3 operate 1 value 1
W/Displaymanager(    0): interface 3 not support led
I/Displaymanager(    0): updatesinkaudioinfo: 0xb7b88150
I/Displaymanager(    0): BUF: 
D/Displaymanager(    0): main display enabled interface found 1
D/Displaymanager(    0): aux display enabled interface found 0
D/Displaymanager(    0): [DisplayManager] success
D/CommandListener(    0):  FrameworkListener displayd start
I/        (  156): debuggerd: Apr 21 2017 14:30:27
I/lowmemorykiller(  149): Using in-kernel low memory killer interface
I/Vold    (  152): Vold 2.1 (the revenge) firing up
E/Vold    (  152): Volume::Volume mDiskVolumeLabel = USB_DISK0
E/Vold    (  152): Volume::Volume mLabel = internal_sd
E/DirectVolume(  152): Vold managed volumes must have auto mount point; ignoring /mnt/internal_sd
E/DirectVolume(  152): DirectVolume mFuseMountpoint:/storage/internal_sd,mMountpoint:/mnt/internal_sd.
D/Vold    (  152): Volume internal_sd state changing -1 (Initializing) -> 0 (No-Media)
E/Vold    (  152): label internal_sd addPath /devices/ff0f0000.rksdmmc/mmc_host/mmc
E/Vold    (  152): Volume::Volume mDiskVolumeLabel = USB_DISK0
E/Vold    (  152): Volume::Volume mLabel = external_sd
E/DirectVolume(  152): Vold managed volumes must have auto mount point; ignoring /mnt/external_sd
E/DirectVolume(  152): DirectVolume mFuseMountpoint:/storage/external_sd,mMountpoint:/mnt/external_sd.
I/Vold    (  152): Error(call No.1) opening /sys/sd-sdio/rescan in the file of Volume.cpp
D/Vold    (  152): Volume external_sd state changing -1 (Initializing) -> 0 (No-Media)
E/Vold    (  152): label external_sd addPath /devices/ff0c0000.rksdmmc/mmc_host/mmc
E/Vold    (  152): Volume::Volume mDiskVolumeLabel = USB_DISK0
E/Vold    (  152): Volume::Volume mLabel = usb_storage
E/DirectVolume(  152): Vold managed volumes must have auto mount point; ignoring /mnt/usb_storage
E/DirectVolume(  152): DirectVolume mFuseMountpoint:/storage/usb_storage,mMountpoint:/mnt/usb_storage/USB_DISK0.
D/Vold    (  152): Volume usb_storage state changing -1 (Initializing) -> 0 (No-Media)
E/Vold    (  152): label usb_storage addPath /devices/ff580000.usb
E/Vold    (  152): Volume::Volume mDiskVolumeLabel = USB_DISK1
E/Vold    (  152): Volume::Volume mLabel = usb_storage
E/DirectVolume(  152): Vold managed volumes must have auto mount point; ignoring /mnt/usb_storage
E/DirectVolume(  152): DirectVolume mFuseMountpoint:/storage/usb_storage,mMountpoint:/mnt/usb_storage/USB_DISK1.
D/Vold    (  152): Volume usb_storage state changing -1 (Initializing) -> 0 (No-Media)
E/Vold    (  152): label usb_storage addPath /devices/ff500000.usb
E/Vold    (  152): Volume::Volume mDiskVolumeLabel = USB_DISK2
E/Vold    (  152): Volume::Volume mLabel = usb_storage
E/DirectVolume(  152): Vold managed volumes must have auto mount point; ignoring /mnt/usb_storage
E/DirectVolume(  152): DirectVolume mFuseMountpoint:/storage/usb_storage,mMountpoint:/mnt/usb_storage/USB_DISK2.
D/Vold    (  152): Volume usb_storage state changing -1 (Initializing) -> 0 (No-Media)
E/Vold    (  152): label usb_storage addPath /devices/ff540000.usb
E/Vold    (  152): Volume::Volume mDiskVolumeLabel = USB_DISK3
E/Vold    (  152): Volume::Volume mLabel = usb_storage
E/DirectVolume(  152): Vold managed volumes must have auto mount point; ignoring /mnt/usb_storage
E/DirectVolume(  152): DirectVolume mFuseMountpoint:/storage/usb_storage,mMountpoint:/mnt/usb_storage/USB_DISK3.
D/Vold    (  152): Volume usb_storage state changing -1 (Initializing) -> 0 (No-Media)
E/Vold    (  152): label usb_storage addPath /devices/ff540000.usb
E/Vold    (  152): Volume::Volume mDiskVolumeLabel = USB_DISK4
E/Vold    (  152): Volume::Volume mLabel = usb_storage
E/DirectVolume(  152): Vold managed volumes must have auto mount point; ignoring /mnt/usb_storage
E/DirectVolume(  152): DirectVolume mFuseMountpoint:/storage/usb_storage,mMountpoint:/mnt/usb_storage/USB_DISK4.
D/Vold    (  152): Volume usb_storage state changing -1 (Initializing) -> 0 (No-Media)
E/Vold    (  152): label usb_storage addPath /devices/ff540000.usb
E/Vold    (  152): Volume::Volume mDiskVolumeLabel = USB_DISK5
E/Vold    (  152): Volume::Volume mLabel = usb_storage
E/DirectVolume(  152): Vold managed volumes must have auto mount point; ignoring /mnt/usb_storage
E/DirectVolume(  152): DirectVolume mFuseMountpoint:/storage/usb_storage,mMountpoint:/mnt/usb_storage/USB_DISK5.
D/Vold    (  152): Volume usb_storage state changing -1 (Initializing) -> 0 (No-Media)
E/Vold    (  152): label usb_storage addPath /devices/ff540000.usb
E/Vold    (  152): Start Misc devices Manager...
D/Vold    (  152): Vendor path: /sys/bus/usb/devices/1-1/idVendor
D/Vold    (  152): === config_file is: 0000_0000
D/DirectVolume(  152): DEVPATH = /devices/virtual/block/loop0.
D/DirectVolume(  152): DEVPATH = /devices/virtual/block/loop0.
D/DirectVolume(  152): DEVPATH = /devices/virtual/block/loop0.
D/DirectVolume(  152): DEVPATH = /devices/virtual/block/loop0.
D/DirectVolume(  152): DEVPATH = /devices/virtual/block/loop0.
D/DirectVolume(  152): DEVPATH = /devices/virtual/block/loop0.
D/DirectVolume(  152): DEVPATH = /devices/virtual/block/loop0.
D/DirectVolume(  152): DEVPATH = /devices/virtual/block/loop0.
D/DirectVolume(  152): DEVPATH = /devices/virtual/block/loop1.
D/DirectVolume(  152): DEVPATH = /devices/virtual/block/loop1.
D/DirectVolume(  152): DEVPATH = /devices/virtual/block/loop1.
D/DirectVolume(  152): DEVPATH = /devices/virtual/block/loop1.
D/DirectVolume(  152): DEVPATH = /devices/virtual/block/loop1.
D/DirectVolume(  152): DEVPATH = /devices/virtual/block/loop1.
D/DirectVolume(  152): DEVPATH = /devices/virtual/block/loop1.
D/DirectVolume(  152): DEVPATH = /devices/virtual/block/loop1.
D/DirectVolume(  152): DEVPATH = /devices/virtual/block/loop2.
D/DirectVolume(  152): DEVPATH = /devices/virtual/block/loop2.
D/DirectVolume(  152): DEVPATH = /devices/virtual/block/loop2.
D/DirectVolume(  152): DEVPATH = /devices/virtual/block/loop2.
D/DirectVolume(  152): DEVPATH = /devices/virtual/block/loop2.
D/DirectVolume(  152): DEVPATH = /devices/virtual/block/loop2.
D/DirectVolume(  152): DEVPATH = /devices/virtual/block/loop2.
D/DirectVolume(  152): DEVPATH = /devices/virtual/block/loop2.
D/DirectVolume(  152): DEVPATH = /devices/virtual/block/loop3.
D/DirectVolume(  152): DEVPATH = /devices/virtual/block/loop3.
D/DirectVolume(  152): DEVPATH = /devices/virtual/block/loop3.
D/DirectVolume(  152): DEVPATH = /devices/virtual/block/loop3.
D/DirectVolume(  152): DEVPATH = /devices/virtual/block/loop3.
D/DirectVolume(  152): DEVPATH = /devices/virtual/block/loop3.
D/DirectVolume(  152): DEVPATH = /devices/virtual/block/loop3.
D/DirectVolume(  152): DEVPATH = /devices/virtual/block/loop3.
D/DirectVolume(  152): DEVPATH = /devices/virtual/block/loop4.
D/DirectVolume(  152): DEVPATH = /devices/virtual/block/loop4.
D/DirectVolume(  152): DEVPATH = /devices/virtual/block/loop4.
D/DirectVolume(  152): DEVPATH = /devices/virtual/block/loop4.
D/DirectVolume(  152): DEVPATH = /devices/virtual/block/loop4.
D/DirectVolume(  152): DEVPATH = /devices/virtual/block/loop4.
D/DirectVolume(  152): DEVPATH = /devices/virtual/block/loop4.
D/DirectVolume(  152): DEVPATH = /devices/virtual/block/loop4.
D/DirectVolume(  152): DEVPATH = /devices/virtual/block/loop5.
D/DirectVolume(  152): DEVPATH = /devices/virtual/block/loop5.
D/DirectVolume(  152): DEVPATH = /devices/virtual/block/loop5.
D/DirectVolume(  152): DEVPATH = /devices/virtual/block/loop5.
D/DirectVolume(  152): DEVPATH = /devices/virtual/block/loop5.
D/DirectVolume(  152): DEVPATH = /devices/virtual/block/loop5.
D/DirectVolume(  152): DEVPATH = /devices/virtual/block/loop5.
D/DirectVolume(  152): DEVPATH = /devices/virtual/block/loop5.
D/DirectVolume(  152): DEVPATH = /devices/virtual/block/loop6.
D/DirectVolume(  152): DEVPATH = /devices/virtual/block/loop6.
D/DirectVolume(  152): DEVPATH = /devices/virtual/block/loop6.
D/DirectVolume(  152): DEVPATH = /devices/virtual/block/loop6.
D/DirectVolume(  152): DEVPATH = /devices/virtual/block/loop6.
D/DirectVolume(  152): DEVPATH = /devices/virtual/block/loop6.
D/DirectVolume(  152): DEVPATH = /devices/virtual/block/loop6.
D/DirectVolume(  152): DEVPATH = /devices/virtual/block/loop6.
D/DirectVolume(  152): DEVPATH = /devices/virtual/block/loop7.
D/DirectVolume(  152): DEVPATH = /devices/virtual/block/loop7.
D/DirectVolume(  152): DEVPATH = /devices/virtual/block/loop7.
D/DirectVolume(  152): DEVPATH = /devices/virtual/block/loop7.
D/DirectVolume(  152): DEVPATH = /devices/virtual/block/loop7.
D/DirectVolume(  152): DEVPATH = /devices/virtual/block/loop7.
D/DirectVolume(  152): DEVPATH = /devices/virtual/block/loop7.
D/DirectVolume(  152): DEVPATH = /devices/virtual/block/loop7.
D/DirectVolume(  152): DEVPATH = /devices/virtual/block/zram0.
D/DirectVolume(  152): DEVPATH = /devices/virtual/block/zram0.
D/DirectVolume(  152): DEVPATH = /devices/virtual/block/zram0.
D/DirectVolume(  152): DEVPATH = /devices/virtual/block/zram0.
D/DirectVolume(  152): DEVPATH = /devices/virtual/block/zram0.
D/DirectVolume(  152): DEVPATH = /devices/virtual/block/zram0.
D/DirectVolume(  152): DEVPATH = /devices/virtual/block/zram0.
D/DirectVolume(  152): DEVPATH = /devices/virtual/block/zram0.
D/DirectVolume(  152): DEVPATH = /devices/ff0f0000.rksdmmc/mmc_host/mmc0/mmc0:0001/block/mmcblk0.
W/DirectVolume(  152): Deprecated implied prefix pattern detected, please use '/devices/ff0f0000.rksdmmc/mmc_host/mmc*' instead
D/DirectVolume(  152): DEVTYPE = disk.
D/DirectVolume(  152): getLabel = internal_sd,devtype = disk,getDevPath = (null).
D/DirectVolume(  152): ----handleDiskAdded,mDiskNumParts =15,mDiskMajor=179,mDiskMinor=0
D/DirectVolume(  152): Dv::diskIns - waiting for 15 pending partitions
D/Vold    (  152): Volume internal_sd state changing 0 (No-Media) -> 2 (Pending)
D/DirectVolume(  152): DEVPATH = /devices/ff0f0000.rksdmmc/mmc_host/mmc0/mmc0:0001/block/mmcblk0/mmcblk0p1.
D/DirectVolume(  152): DEVTYPE = partition.
D/DirectVolume(  152): getLabel = internal_sd,devtype = partition,getDevPath = (null).
D/DirectVolume(  152): ---handlePartitionAdded,part_num=1,major=179,minor=1,mDiskMajor=179
D/DirectVolume(  152): Dv:partAdd: part_num = 1, minor = 1
D/DirectVolume(  152): Dv:partAdd: pending 14 disk
D/DirectVolume(  152): DEVPATH = /devices/ff0f0000.rksdmmc/mmc_host/mmc0/mmc0:0001/block/mmcblk0/mmcblk0p2.
D/DirectVolume(  152): DEVTYPE = partition.
D/DirectVolume(  152): getLabel = internal_sd,devtype = partition,getDevPath = (null).
D/DirectVolume(  152): ---handlePartitionAdded,part_num=2,major=179,minor=2,mDiskMajor=179
D/DirectVolume(  152): Dv:partAdd: part_num = 2, minor = 2
D/DirectVolume(  152): Dv:partAdd: pending 13 disk
D/DirectVolume(  152): DEVPATH = /devices/ff0f0000.rksdmmc/mmc_host/mmc0/mmc0:0001/block/mmcblk0/mmcblk0p3.
D/DirectVolume(  152): DEVTYPE = partition.
D/DirectVolume(  152): getLabel = internal_sd,devtype = partition,getDevPath = (null).
D/DirectVolume(  152): ---handlePartitionAdded,part_num=3,major=179,minor=3,mDiskMajor=179
D/DirectVolume(  152): Dv:partAdd: part_num = 3, minor = 3
D/DirectVolume(  152): Dv:partAdd: pending 12 disk
D/DirectVolume(  152): DEVPATH = /devices/ff0f0000.rksdmmc/mmc_host/mmc0/mmc0:0001/block/mmcblk0/mmcblk0p4.
D/DirectVolume(  152): DEVTYPE = partition.
D/DirectVolume(  152): getLabel = internal_sd,devtype = partition,getDevPath = (null).
D/DirectVolume(  152): ---handlePartitionAdded,part_num=4,major=179,minor=4,mDiskMajor=179
D/DirectVolume(  152): Dv:partAdd: part_num = 4, minor = 4
D/DirectVolume(  152): Dv:partAdd: pending 11 disk
D/DirectVolume(  152): DEVPATH = /devices/ff0f0000.rksdmmc/mmc_host/mmc0/mmc0:0001/block/mmcblk0/mmcblk0p5.
D/DirectVolume(  152): DEVTYPE = partition.
D/DirectVolume(  152): getLabel = internal_sd,devtype = partition,getDevPath = (null).
D/DirectVolume(  152): ---handlePartitionAdded,part_num=5,major=179,minor=5,mDiskMajor=179
D/DirectVolume(  152): Dv:partAdd: part_num = 5, minor = 5
D/DirectVolume(  152): Dv:partAdd: pending 10 disk
D/DirectVolume(  152): DEVPATH = /devices/ff0f0000.rksdmmc/mmc_host/mmc0/mmc0:0001/block/mmcblk0/mmcblk0p6.
D/DirectVolume(  152): DEVTYPE = partition.
D/DirectVolume(  152): getLabel = internal_sd,devtype = partition,getDevPath = (null).
D/DirectVolume(  152): ---handlePartitionAdded,part_num=6,major=179,minor=6,mDiskMajor=179
D/DirectVolume(  152): Dv:partAdd: part_num = 6, minor = 6
D/DirectVolume(  152): Dv:partAdd: pending 9 disk
D/DirectVolume(  152): DEVPATH = /devices/ff0f0000.rksdmmc/mmc_host/mmc0/mmc0:0001/block/mmcblk0/mmcblk0p7.
D/DirectVolume(  152): DEVTYPE = partition.
D/DirectVolume(  152): getLabel = internal_sd,devtype = partition,getDevPath = (null).
D/DirectVolume(  152): ---handlePartitionAdded,part_num=7,major=179,minor=7,mDiskMajor=179
D/DirectVolume(  152): Dv:partAdd: part_num = 7, minor = 7
D/DirectVolume(  152): Dv:partAdd: pending 8 disk
D/DirectVolume(  152): DEVPATH = /devices/ff0f0000.rksdmmc/mmc_host/mmc0/mmc0:0001/block/mmcblk0/mmcblk0p8.
D/DirectVolume(  152): DEVTYPE = partition.
D/DirectVolume(  152): getLabel = internal_sd,devtype = partition,getDevPath = (null).
D/DirectVolume(  152): ---handlePartitionAdded,part_num=8,major=179,minor=8,mDiskMajor=179
D/DirectVolume(  152): Dv:partAdd: part_num = 8, minor = 8
D/DirectVolume(  152): Dv:partAdd: pending 7 disk
D/DirectVolume(  152): DEVPATH = /devices/ff0f0000.rksdmmc/mmc_host/mmc0/mmc0:0001/block/mmcblk0/mmcblk0p9.
D/DirectVolume(  152): DEVTYPE = partition.
D/DirectVolume(  152): getLabel = internal_sd,devtype = partition,getDevPath = (null).
D/DirectVolume(  152): ---handlePartitionAdded,part_num=9,major=179,minor=9,mDiskMajor=179
D/DirectVolume(  152): Dv:partAdd: part_num = 9, minor = 9
D/DirectVolume(  152): Dv:partAdd: pending 6 disk
D/DirectVolume(  152): DEVPATH = /devices/ff0f0000.rksdmmc/mmc_host/mmc0/mmc0:0001/block/mmcblk0/mmcblk0p10.
D/DirectVolume(  152): DEVTYPE = partition.
D/DirectVolume(  152): getLabel = internal_sd,devtype = partition,getDevPath = (null).
D/DirectVolume(  152): ---handlePartitionAdded,part_num=10,major=179,minor=10,mDiskMajor=179
D/DirectVolume(  152): Dv:partAdd: part_num = 10, minor = 10
D/DirectVolume(  152): Dv:partAdd: pending 5 disk
D/DirectVolume(  152): DEVPATH = /devices/ff0f0000.rksdmmc/mmc_host/mmc0/mmc0:0001/block/mmcblk0/mmcblk0p11.
D/DirectVolume(  152): DEVTYPE = partition.
D/DirectVolume(  152): getLabel = internal_sd,devtype = partition,getDevPath = (null).
D/DirectVolume(  152): ---handlePartitionAdded,part_num=11,major=179,minor=11,mDiskMajor=179
D/DirectVolume(  152): Dv:partAdd: part_num = 11, minor = 11
D/DirectVolume(  152): Dv:partAdd: pending 4 disk
D/DirectVolume(  152): DEVPATH = /devices/ff0f0000.rksdmmc/mmc_host/mmc0/mmc0:0001/block/mmcblk0/mmcblk0p12.
D/DirectVolume(  152): DEVTYPE = partition.
D/DirectVolume(  152): getLabel = internal_sd,devtype = partition,getDevPath = (null).
D/DirectVolume(  152): ---handlePartitionAdded,part_num=12,major=179,minor=12,mDiskMajor=179
D/DirectVolume(  152): Dv:partAdd: part_num = 12, minor = 12
D/DirectVolume(  152): Dv:partAdd: pending 3 disk
D/DirectVolume(  152): DEVPATH = /devices/ff0f0000.rksdmmc/mmc_host/mmc0/mmc0:0001/block/mmcblk0/mmcblk0p13.
D/DirectVolume(  152): DEVTYPE = partition.
D/DirectVolume(  152): getLabel = internal_sd,devtype = partition,getDevPath = (null).
D/DirectVolume(  152): ---handlePartitionAdded,part_num=13,major=179,minor=13,mDiskMajor=179
D/DirectVolume(  152): Dv:partAdd: part_num = 13, minor = 13
D/DirectVolume(  152): Dv:partAdd: pending 2 disk
D/DirectVolume(  152): DEVPATH = /devices/ff0f0000.rksdmmc/mmc_host/mmc0/mmc0:0001/block/mmcblk0/mmcblk0p14.
D/DirectVolume(  152): DEVTYPE = partition.
D/DirectVolume(  152): getLabel = internal_sd,devtype = partition,getDevPath = (null).
D/DirectVolume(  152): ---handlePartitionAdded,part_num=14,major=179,minor=14,mDiskMajor=179
D/DirectVolume(  152): Dv:partAdd: part_num = 14, minor = 14
D/DirectVolume(  152): Dv:partAdd: pending 1 disk
D/DirectVolume(  152): DEVPATH = /devices/ff0f0000.rksdmmc/mmc_host/mmc0/mmc0:0001/block/mmcblk0/mmcblk0p15.
D/DirectVolume(  152): DEVTYPE = partition.
D/DirectVolume(  152): getLabel = internal_sd,devtype = partition,getDevPath = (null).
D/DirectVolume(  152): ---handlePartitionAdded,part_num=15,major=179,minor=15,mDiskMajor=179
D/DirectVolume(  152): Dv:partAdd: part_num = 15, minor = 15
D/DirectVolume(  152): Dv:partAdd: Got all partitions - ready to rock!
D/Vold    (  152): Volume internal_sd state changing 2 (Pending) -> 1 (Idle-Unmounted)
I/SurfaceFlinger(  153): SurfaceFlinger is starting
I/SurfaceFlinger(  153): SurfaceFlinger's main thread ready to run. Initializing graphics H/W...
I/mediaserver(  159): ServiceManager: 0xb8c447d0
I/AudioFlinger(  159): Using default 3000 mSec as standby time.
I/ServiceManager(  159): Waiting for service batterystats...
V/NatController(  155): runCmd(/system/bin/iptables -F natctrl_FORWARD) res=0
V/NatController(  155): runCmd(/system/bin/iptables -A natctrl_FORWARD -j DROP) res=0
V/NatController(  155): runCmd(/system/bin/iptables -t nat -F natctrl_nat_POSTROUTING) res=0
V/NatController(  155): runCmd(/system/bin/iptables -F natctrl_tether_counters) res=1
V/NatController(  155): runCmd(/system/bin/iptables -X natctrl_tether_counters) res=1
V/NatController(  155): runCmd(/system/bin/iptables -N natctrl_tether_counters) res=0
V/NatController(  155): runCmd(/system/bin/iptables -t mangle -A natctrl_mangle_FORWARD -p tcp --tcp-flags SYN SYN -j TCPMSS --clamp-mss-to-pmtu) res=0
D/libEGL  (  153): loaded /vendor/lib/egl/libGLES_mali.so
I/mali_so (  153): [File] : hardware/arm/maliT760/driver/product/base/src/mali_base_kbase.c; [Line] : 899; 
I/mali_so (  153): [Func] : base_context_deal_with_version_affairs_rk_ext; arm_release_ver of this mali_so is 'r5p0-06rel0', rk_so_ver is '8@0', built at '18:11:21', on 'Jul  2 2015'.
I/mali_so (  153): [File] : hardware/arm/maliT760/driver/product/base/src/mali_base_kbase.c; [Line] : 937; 
I/mali_so (  153): [Func] : base_context_deal_with_version_affairs_rk_ext; arm_release_vers are match. to set the full mali_ver 'r5p0-06rel0-12-8@0' as value of 'sys.gmali.version'.
I/gralloc (  153): [File] : hardware/rockchip/libgralloc/gralloc_module.cpp; [Line] : 63; [Func] : gralloc_device_open;
I/gralloc (  153): to open device 'fb0' in gralloc_module with ver '1.0.1', built at '14:34:05', on 'Apr 21 2017'.
D/gralloc (  153): gralloc_device_open new neiw fd=12
D/gralloc (  153): g_MMU_stat=0
I/gralloc (  153): [File] : hardware/rockchip/libgralloc/gralloc_module.cpp; [Line] : 63; [Func] : gralloc_device_open;
I/gralloc (  153): to open device 'gpu0' in gralloc_module with ver '1.0.1', built at '14:34:05', on 'Apr 21 2017'.
D/gralloc (  153): gralloc_device_open new neiw fd=12
D/gralloc (  153): g_MMU_stat=0
I/[Gralloc](  153): using (fd=13)
I/[Gralloc](  153): id           = fb0
I/[Gralloc](  153): xres         = 1280 px
I/[Gralloc](  153): yres         = 720 px
I/[Gralloc](  153): xres_virtual = 1280 px
I/[Gralloc](  153): yres_virtual = 2160 px
I/[Gralloc](  153): bpp          = 32
I/[Gralloc](  153): r            = 16:8
I/[Gralloc](  153): g            =  8:8
I/[Gralloc](  153): b            =  0:8
I/[Gralloc](  153): format       = 2
I/[Gralloc](  153): width        = 203 mm (160.157639 dpi)
I/[Gralloc](  153): height       = 114 mm (160.421051 dpi)
I/[Gralloc](  153): refresh rate = 60.00 Hz
D/hwcomposer(  153): hwc_device_open(7411):Open hwc device in thread=153
D/hwcomposer(  153): context->ddrFd ok
I/gralloc (  153): [File] : hardware/rockchip/libgralloc/gralloc_module.cpp; [Line] : 63; [Func] : gralloc_device_open;
I/gralloc (  153): to open device 'gpu0' in gralloc_module with ver '1.0.1', built at '14:34:05', on 'Apr 21 2017'.
D/gralloc (  153): gralloc_device_open new neiw fd=18
D/gralloc (  153): g_MMU_stat=0
D/hwcomposer(  153): Dim buffer alloc fd [1280x720,f=4],fd=19 
D/hwcomposer(  153): Frame buffer alloc fd [32x32,f=4],fd=20 
D/hwcomposer(  153): @hwc alloc[0] [128x128,f=1],[hande->type=0],fd=21
D/hwcomposer(  153): @hwc alloc[1] [128x128,f=1],[hande->type=0],fd=22
D/hwcomposer(  153): @hwc alloc[2] [128x128,f=1],[hande->type=0],fd=23
D/hwcomposer(  153): RGA HWComposer verison1.0.0
D/hwcomposer(  153): Device:               0xb8c1ab18
D/hwcomposer(  153): fb_fps=60.000000
D/hwcomposer(  153): HWC_VERSION Author:wzq Version:2.045
D/hwcomposer(  153):  rga version =2.000
I/SurfaceFlinger(  153): Using composer version 1.3
W/SurfaceFlinger(  153): no suitable EGLConfig found, trying a simpler query
I/SurfaceFlinger(  153): EGL information:
I/SurfaceFlinger(  153): vendor    : Android
I/SurfaceFlinger(  153): version   : 1.4 Android META-EGL
I/SurfaceFlinger(  153): extensions: EGL_KHR_get_all_proc_addresses EGL_ANDROID_presentation_time EGL_KHR_image EGL_KHR_image_base EGL_KHR_gl_texture_2D_image EGL_KHR_gl_texture_cubemap_image EGL_KHR_gl_renderbuffer_image EGL_KHR_fence_sync EGL_KHR_create_context EGL_ANDROID_image_native_buffer EGL_KHR_wait_sync EGL_ANDROID_recordable 
I/SurfaceFlinger(  153): Client API: OpenGL_ES
I/SurfaceFlinger(  153): EGLSurface: 8-8-8-8, config=0xb8c14368
I/SurfaceFlinger(  153): OpenGL ES informations:
I/SurfaceFlinger(  153): vendor    : ARM
I/SurfaceFlinger(  153): renderer  : Mali-T760
I/SurfaceFlinger(  153): version   : OpenGL ES 3.1
I/SurfaceFlinger(  153): extensions: GL_EXT_debug_marker GL_ARM_rgba8 GL_ARM_mali_shader_binary GL_OES_depth24 GL_OES_depth_texture GL_OES_depth_texture_cube_map GL_OES_packed_depth_stencil GL_OES_rgb8_rgba8 GL_EXT_read_format_bgra GL_OES_compressed_paletted_texture GL_OES_compressed_ETC1_RGB8_texture GL_OES_standard_derivatives GL_OES_EGL_image GL_OES_EGL_image_external GL_OES_EGL_sync GL_OES_texture_npot GL_OES_vertex_half_float GL_OES_required_internalformat GL_OES_vertex_array_object GL_OES_mapbuffer GL_EXT_texture_format_BGRA8888 GL_EXT_texture_rg GL_EXT_texture_type_2_10_10_10_REV GL_OES_fbo_render_mipmap GL_OES_element_index_uint GL_EXT_shadow_samplers GL_OES_texture_compression_astc GL_KHR_texture_compression_astc_ldr GL_KHR_texture_compression_astc_hdr GL_KHR_debug GL_EXT_occlusion_query_boolean GL_EXT_disjoint_timer_query GL_EXT_blend_minmax GL_EXT_discard_framebuffer GL_OES_get_program_binary GL_OES_texture_3D GL_EXT_texture_storage GL_EXT_multisampled_render_to_texture GL_OES_surfaceless_context GL_OES_texture_stencil8 G
I/SurfaceFlinger(  153): GL_MAX_TEXTURE_SIZE = 8192
I/SurfaceFlinger(  153): GL_MAX_VIEWPORT_DIMS = 8192
D/SurfaceFlinger(  153): Set power mode=2, type=0 flinger=0xb8be6550
I/hwcomposer(  153): hwc_blank dpy[0],blank[0]
I/gralloc (  153): [File] : hardware/rockchip/libgralloc/gralloc_module.cpp; [Line] : 63; [Func] : gralloc_device_open;
I/gralloc (  153): to open device 'gpu0' in gralloc_module with ver '1.0.1', built at '14:34:05', on 'Apr 21 2017'.
D/gralloc (  153): gralloc_device_open new neiw fd=31
D/gralloc (  153): g_MMU_stat=0
I/BootAnimation(  403): boot_animation_process start, built at '14:54:07', on 'Apr 21 2017'.
D/BootAnimation(  403): DISPLAY,W-H: 1280-720, ori: 0
D/AndroidRuntime(  163): >>>>>> START com.android.internal.os.ZygoteInit uid 0 <<<<<<
D/MDnsDS  (  155): MDnsSdListener starting to monitor
D/MDnsDS  (  155): MDnsSdListener::Hander starting up
D/MDnsDS  (  155): Going to poll with pollCount 1
D/libEGL  (  403): loaded /vendor/lib/egl/libGLES_mali.so
I/mali_so (  403): [File] : hardware/arm/maliT760/driver/product/base/src/mali_base_kbase.c; [Line] : 899; 
I/mali_so (  403): [Func] : base_context_deal_with_version_affairs_rk_ext; arm_release_ver of this mali_so is 'r5p0-06rel0', rk_so_ver is '8@0', built at '18:11:21', on 'Jul  2 2015'.
I/mali_so (  403): [File] : hardware/arm/maliT760/driver/product/base/src/mali_base_kbase.c; [Line] : 926; 
I/mali_so (  403): [Func] : base_context_deal_with_version_affairs_rk_ext; mali_ver_property has been set to 'r5p0-06rel0-12-8@0', to return.
D/AndroidRuntime(  163): CheckJNI is OFF
I/AndroidRuntime(  163): JNI options: '-Xjniopts:warnonly'
I/art     (  163): option[0]=-Xzygote
I/art     (  163): option[1]=-Xstacktracefile:/data/anr/traces.txt
I/art     (  163): option[2]=-Xjniopts:warnonly
I/art     (  163): option[3]=exit
I/art     (  163): option[4]=vfprintf
I/art     (  163): option[5]=sensitiveThread
I/art     (  163): option[6]=-verbose:gc
I/art     (  163): option[7]=-Xms16m
I/art     (  163): option[8]=-Xmx512m
I/art     (  163): option[9]=-XX:mainThreadStackSize=24K
I/art     (  163): option[10]=-XX:HeapGrowthLimit=192m
I/art     (  163): option[11]=-XX:HeapMinFree=512k
I/art     (  163): option[12]=-XX:HeapMaxFree=8m
I/art     (  163): option[13]=-XX:HeapTargetUtilization=0.75
I/art     (  163): option[14]=-Xgenregmap
I/art     (  163): option[15]=-Xgc:precise
I/art     (  163): option[16]=-agentlib:jdwp=transport=dt_android_adb,suspend=n,server=y
I/art     (  163): option[17]=-Ximage-compiler-option
I/art     (  163): option[18]=--runtime-arg
I/art     (  163): option[19]=-Ximage-compiler-option
I/art     (  163): option[20]=-Xms64m
I/art     (  163): option[21]=-Ximage-compiler-option
I/art     (  163): option[22]=--runtime-arg
I/art     (  163): option[23]=-Ximage-compiler-option
I/art     (  163): option[24]=-Xmx64m
I/art     (  163): option[25]=-Ximage-compiler-option
I/art     (  163): option[26]=--compiler-filter=verify-none
I/art     (  163): option[27]=-Ximage-compiler-option
I/art     (  163): option[28]=--image-classes=/system/etc/preloaded-classes
I/art     (  163): option[29]=-Xcompiler-option
I/art     (  163): option[30]=--runtime-arg
I/art     (  163): option[31]=-Xcompiler-option
I/art     (  163): option[32]=-Xms64m
I/art     (  163): option[33]=-Xcompiler-option
I/art     (  163): option[34]=--runtime-arg
I/art     (  163): option[35]=-Xcompiler-option
I/art     (  163): option[36]=-Xmx512m
I/art     (  163): option[37]=-Xcompiler-option
I/art     (  163): option[38]=--compiler-filter=interpret-only
I/art     (  163): option[39]=-Duser.language=en
I/art     (  163): option[40]=-Duser.region=US
D/MaliGPU (  403): #00 pc 004c0158  /system/vendor/lib/egl/libGLES_mali.so
D/MaliGPU (  403): #01 pc 0049a784  /system/vendor/lib/egl/libGLES_mali.so
D/MaliGPU (  403): #02 pc 0048449c  /system/vendor/lib/egl/libGLES_mali.so (glFrustumf+88)
D/MaliGPU (  403): #03 pc 00004111  /system/bin/bootanimation
D/MaliGPU (  403): #04 pc 0000567b  /system/bin/bootanimation
D/MaliGPU (  403): #05 pc 000104d5  /system/lib/libutils.so (android::Thread::_threadLoop(void*)+112)
D/MaliGPU (  403): #06 pc 00010045  /system/lib/libutils.so
D/MaliGPU (  403): #07 pc 0001659b  /system/lib/libc.so (__pthread_start(void*)+30)
D/MaliGPU (  403): #08 pc 000144c3  /system/lib/libc.so (__start_thread+6)
W/Vold    (  152): subsystem found in netlink event
D/Vold    (  152): usb, 1
D/Vold    (  152): == current usb device: 1A40/0101 ===
W/Vold    (  152): subsystem found in netlink event
D/Vold    (  152): usb, 1
W/hwcomposer(  153): reset_dst fail [6133]
W/hwcomposer(  153): reset_dst fail [6133]
W/hwcomposer(  153): reset_dst fail [6133]
W/hwcomposer(  153): reset_dst fail [6133]
W/hwcomposer(  153): reset_dst fail [6133]
W/hwcomposer(  153): reset_dst fail [6133]
I/ServiceManager(  159): Waiting for service batterystats...
W/hwcomposer(  153): reset_dst fail [6133]
W/hwcomposer(  153): reset_dst fail [6133]
D/hwcomposer(  153): enter hotplug_get_config
D/hwcomposer(  153): enter hotplug_parse_mode
D/hwcomposer(  153): width=1920,height=1080
D/hwcomposer(  153): Dim buffer alloc fd [1920x1080,f=4],fd=47 
D/hwcomposer(  153): hwc_getDisplayAttributes disp = 1, width = 1920
D/hwcomposer(  153): hwc_getDisplayAttributes disp = 1, height = 1080
D/hwcomposer(  153): TRY to connet to hotplug cvbs device line=8462
E/memtrack(  163): Couldn't load memtrack module (No such file or directory)
E/android.os.Debug(  163): failed to load memtrack module: -2
I/SamplingProfilerIntegration(  163): Profiling disabled.
I/art     (  163): Explicit concurrent mark sweep GC freed 824(40KB) AllocSpace objects, 0(0B) LOS objects, 86% free, 162KB/1186KB, paused 86us total 3.780ms
I/art     (  163): Explicit concurrent mark sweep GC freed 4(112B) AllocSpace objects, 0(0B) LOS objects, 86% free, 162KB/1186KB, paused 70us total 1.414ms
I/art     (  163): Explicit concurrent mark sweep GC freed 5(160B) AllocSpace objects, 0(0B) LOS objects, 86% free, 162KB/1186KB, paused 70us total 882us
I/Zygote  (  163): System server process 446 has been created
I/Zygote  (  163): Accepting command socket connections
D/Zygote  (  163): begin preload
I/Zygote  (  163): Preloading classes...
I/art     (  163): Explicit concurrent mark sweep GC freed 683(29KB) AllocSpace objects, 0(0B) LOS objects, 97% free, 28KB/1052KB, paused 74us total 1.836ms
I/art     (  163): Counter: 1
I/InstallerConnection(  446): disconnecting...
I/art     (  163): Explicit concurrent mark sweep GC freed 426(26KB) AllocSpace objects, 0(0B) LOS objects, 93% free, 66KB/1090KB, paused 77us total 2.824ms
I/art     (  163): Explicit concurrent mark sweep GC freed 412(23KB) AllocSpace objects, 0(0B) LOS objects, 91% free, 96KB/1120KB, paused 77us total 3.337ms
I/art     (  163): Explicit concurrent mark sweep GC freed 243(13KB) AllocSpace objects, 0(0B) LOS objects, 88% free, 131KB/1155KB, paused 76us total 2.881ms
I/SystemServer(  446): Entered the Android system server!
I/art     (  163): Explicit concurrent mark sweep GC freed 365(19KB) AllocSpace objects, 0(0B) LOS objects, 86% free, 161KB/1185KB, paused 80us total 3.415ms
V/Fingerprint-JNI(  446): FingerprintManager JNI ready.
D/SensorService(  446): nuSensorService starting...
V/Sensors (  446): int open_sensors(const hw_module_t*, const char*, hw_device_t**)
V/Sensors (  446): sensors_poll_context_t::sensors_poll_context_t()
E/Sensors (  446): could not open the mpu irq device node
E/Sensors (  446): could not open the accel irq device node
D/Sensors (  446): MPLSensor falling back to timerirq for accel data
I/MPL-mlsl(  446): inv_serial_open: /dev/mpu
I/Sensors (  446): InvenSense MPL v4.1.2 Engineering Apr 21 2017 14:55:59
E/        (  446): hardware/rockchip/sensor/mpu/mlsdk/./mllite/mldl_cfg_mpu.c|mldl_cfg_pull|457 returning 9
E/        (  446): hardware/rockchip/sensor/mpu/mlsdk/./mllite/mldl_cfg_mpu.c|inv_mpu_open|547 returning 9
E/        (  446): hardware/rockchip/sensor/mpu/mlsdk/./mllite/mldl.c|inv_dl_open|188 returning 9
E/        (  446): hardware/rockchip/sensor/mpu/mlsdk/./mllite/mldmp.c|inv_dmp_open|93 returning 9
E/Sensors (  446): Fatal Error : could not open DMP correctly.
E/MPL-mldl(  446): inv_set_mpu_memory : p_get_dmp_address is NULL
E/        (  446): hardware/rockchip/sensor/mpu/mlsdk/./mllite/mlFIFO.c|inv_send_accel|1077 returning 19
E/Sensors (  446): Fatal error: inv_send_accel returned 19
E/MPL-mldl(  446): inv_set_mpu_memory : p_get_dmp_address is NULL
E/        (  446): hardware/rockchip/sensor/mpu/mlsdk/./mllite/mlFIFO.c|inv_send_quaternion|1363 returning 19
E/Sensors (  446): Fatal error: inv_send_quaternion returned 19
E/MPL-mldl(  446): inv_set_mpu_memory : p_get_dmp_address is NULL
E/        (  446): hardware/rockchip/sensor/mpu/mlsdk/./mllite/mlFIFO.c|inv_send_quaternion|1363 returning 19
E/        (  446): hardware/rockchip/sensor/mpu/mlsdk/./mllite/mlFIFO.c|inv_send_gravity|1203 returning 19
E/        (  446): hardware/rockchip/sensor/mpu/mlsdk/./mllite/mlFIFO.c|inv_send_linear_accel|1286 returning 19
E/Sensors (  446): Fatal error: inv_send_linear_accel returned 19
E/MPL-mldl(  446): inv_set_mpu_memory : p_get_dmp_address is NULL
E/        (  446): hardware/rockchip/sensor/mpu/mlsdk/./mllite/mlFIFO.c|inv_send_quaternion|1363 returning 19
E/        (  446): hardware/rockchip/sensor/mpu/mlsdk/./mllite/mlFIFO.c|inv_send_gravity|1203 returning 19
E/        (  446): hardware/rockchip/sensor/mpu/mlsdk/./mllite/mlFIFO.c|inv_send_linear_accel|1286 returning 19
E/        (  446): hardware/rockchip/sensor/mpu/mlsdk/./mllite/mlFIFO.c|inv_send_linear_accel_in_world|1317 returning 19
E/Sensors (  446): Fatal error: inv_send_linear_accel_in_world returned 19
E/MPL-mldl(  446): inv_set_mpu_memory : p_get_dmp_address is NULL
E/        (  446): hardware/rockchip/sensor/mpu/mlsdk/./mllite/mlFIFO.c|inv_send_quaternion|1363 returning 19
E/        (  446): hardware/rockchip/sensor/mpu/mlsdk/./mllite/mlFIFO.c|inv_send_gravity|1203 returning 19
E/Sensors (  446): Fatal error: inv_send_gravity returned 19
E/MPL-mldl(  446): inv_set_mpu_memory : p_get_dmp_address is NULL
E/        (  446): hardware/rockchip/sensor/mpu/mlsdk/./mllite/mlFIFO.c|inv_send_gyro|1242 returning 19
E/Sensors (  446): Fatal error: inv_send_gyro returned 19
D/Sensors (  446): transform_for_pre_rotation 0x00000000 (ROT_0 , IDENTITY )
D/Sensors (  446): 1.0000  0.0000  0.0000
D/Sensors (  446): 0.0000  1.0000  0.0000
D/Sensors (  446): 0.0000  0.0000  1.0000
V/Sensors (  446): MPLSensor::getFd returning -1
V/Sensors (  446): MPLSensor::getAccelFd returning -1
V/Sensors (  446): MPLSensor::getTimerFd returning 20
E/Sensors (  446): couldn't find 'lightsensor-level' input device
V/Sensors (  446): MPLSensor::getPowerFd returning -1
V/Sensors (  446): int poll__activate(sensors_poll_device_t*, int, int)
V/Sensors (  446): int sensors_poll_context_t::activate(int, int)
V/Sensors (  446): enable - sensor RotationVector (handle 0) dis -> dis
V/Sensors (  446): int poll__activate(sensors_poll_device_t*, int, int)
V/Sensors (  446): int sensors_poll_context_t::activate(int, int)
V/Sensors (  446): enable - sensor LinearAccel (handle 1) dis -> dis
V/Sensors (  446): int poll__activate(sensors_poll_device_t*, int, int)
V/Sensors (  446): int sensors_poll_context_t::activate(int, int)
V/Sensors (  446): enable - sensor Gravity (handle 2) dis -> dis
V/Sensors (  446): int poll__activate(sensors_poll_device_t*, int, int)
V/Sensors (  446): int sensors_poll_context_t::activate(int, int)
V/Sensors (  446): enable - sensor Gyro (handle 3) dis -> dis
V/Sensors (  446): int poll__activate(sensors_poll_device_t*, int, int)
V/Sensors (  446): int sensors_poll_context_t::activate(int, int)
V/Sensors (  446): enable - sensor Accelerometer (handle 4) dis -> dis
V/Sensors (  446): int poll__activate(sensors_poll_device_t*, int, int)
V/Sensors (  446): int sensors_poll_context_t::activate(int, int)
V/Sensors (  446): enable - sensor MagneticField (handle 5) dis -> dis
V/Sensors (  446): int poll__activate(sensors_poll_device_t*, int, int)
V/Sensors (  446): int sensors_poll_context_t::activate(int, int)
V/Sensors (  446): enable - sensor Orientation (handle 6) dis -> dis
V/Sensors (  446): int poll__activate(sensors_poll_device_t*, int, int)
V/Sensors (  446): int sensors_poll_context_t::activate(int, int)
D/SensorService(  446): new thread SensorEventAckReceiver
D/SensorService(  446): nuSensorService thread starting...
D/idmap   (  466): error: no read access to /vendor/overlay: No such file or directory
I/art     (  163): Explicit concurrent mark sweep GC freed 414(25KB) AllocSpace objects, 0(0B) LOS objects, 82% free, 216KB/1240KB, paused 78us total 3.147ms
I/SystemServiceManager(  446): Starting com.android.server.pm.Installer
I/Installer(  446): Waiting for installd to be ready.
I/InstallerConnection(  446): connecting...
I/installd(  160): new connection
I/SystemServiceManager(  446): Starting com.android.server.am.ActivityManagerService$Lifecycle
I/ActivityManager(  446): Memory class: 192
I/ServiceThread(  446): Enabled StrictMode logging for ActivityManager looper.
I/IntentFirewall(  446): Read new rules (A:0 B:0 S:0)
I/ServiceThread(  446): Enabled StrictMode logging for android.ui looper.
I/ServiceThread(  446): Enabled StrictMode logging for android.display looper.
I/PowerProfile(  446): Reading power values from XML resource
E/Minikin (  163): addFont failed to create font /system/fonts/NanumGothic.ttf
E/Minikin (  163): addFont failed to create font /system/fonts/DroidSansFallback.ttf
D/AppOps  (  446): AppOpsService published
I/SystemServiceManager(  446): Starting com.android.server.power.PowerManagerService
I/ServiceThread(  446): Enabled StrictMode logging for PowerManagerService looper.
D/RKPowerHAL(  446): version 3.0
W/libsuspend(  446): Error writing 'on' to /sys/power/state: Invalid argument
I/libsuspend(  446): Selected wakeup count
E/RKPowerHAL(  446): Error opening /sys/devices/system/cpu/cpufreq/interactive/input_boost: No such file or directory
E/RKPowerHAL(  446): Error opening /sys/devices/system/cpu/cpu7/online: No such file or directory
E/RKPowerHAL(  446): Error opening /sys/devices/system/cpu/cpu6/online: No such file or directory
E/RKPowerHAL(  446): Error opening /sys/devices/system/cpu/cpu5/online: No such file or directory
E/RKPowerHAL(  446): Error opening /sys/devices/system/cpu/cpu4/online: No such file or directory
E/RKPowerHAL(  446): Error opening /sys/devices/system/cpu/cpu3/online: Permission denied
E/RKPowerHAL(  446): Error opening /sys/devices/system/cpu/cpu2/online: Permission denied
I/SystemServiceManager(  446): Starting com.android.server.display.DisplayManagerService
I/SystemServiceManager(  446): Starting phase 100
I/CameraService(  159): CameraService started (pid=159)
I/DisplayManagerService(  446): Display device added: DisplayDeviceInfo{"Built-in Screen": uniqueId="local:0", 1280 x 720, 60.000004 fps, supportedRefreshRates [60.000004], density 160, 160.15764 x 160.42105 dpi, appVsyncOff 0, presDeadline 17666666, touch INTERNAL, rotation 0, type BUILT_IN, state UNKNOWN, FLAG_DEFAULT_DISPLAY, FLAG_ROTATES_WITH_CONTENT, FLAG_SECURE, FLAG_SUPPORTS_PROTECTED_BUFFERS}
I/SystemServer(  446): Package Manager
I/DisplayManagerService(  446): Display device added: DisplayDeviceInfo{"HDMI Screen": uniqueId="local:1", 1920 x 1080, 29210.727 fps, supportedRefreshRates [29210.727], density 320, 320.0 x 320.0 dpi, appVsyncOff 0, presDeadline 1034234, touch EXTERNAL, rotation 0, type HDMI, state UNKNOWN, FLAG_ROTATES_WITH_CONTENT, FLAG_SECURE, FLAG_SUPPORTS_PROTECTED_BUFFERS, FLAG_PRESENTATION}
W/linker  (  159): librkswscale.so has text relocations. This is wasting memory and prevents security hardening. Please fix.
I/CameraService(  159): Loaded "RK29_ICS_CameraHal_Module" camera module
D/CameraHal(  159): createInstance(818): open xml file(/etc/cam_board.xml) success
E/CameraHal(  159): cam_board.xml version(v0.0.0) != xml parser version(v0.13.0)
D/CameraHal(  159): 
D/CameraHal(  159): 
D/CameraHal(  159): 
D/CameraHal(  159):  Cam_board.xml Version Check: 
D/CameraHal(  159):     /etc/cam_board.xml : v0.0xd.0
D/CameraHal(  159):     CameraHal_board_xml_parser: v0.13.0
D/CameraHal(  159): ParserSensorInfo(47): SensorName(OV13850)
D/CameraHal(  159): ParserSensorInfo(52): SensorDevID(CAMSYS_DEVID_SENSOR_1B)
D/CameraHal(  159): ParserSensorInfo(63): SensorDevID(33554432)
D/CameraHal(  159): ParserSensorInfo(65): SensorHostDevID(CAMSYS_DEVID_MARVIN)
D/CameraHal(  159): ParserSensorInfo(80): Sensori2cBusNum(3)
D/CameraHal(  159): ParserSensorInfo(83): SensorI2cAddrByte(2)
D/CameraHal(  159): ParserSensorInfo(86): SensorI2cRate(100000)
D/CameraHal(  159): ParserSensorInfo(89): SensorMclk(24000000)
D/CameraHal(  159): ParserSensorInfo(92): SensorAvdd(NC) min(0) max(0)
D/CameraHal(  159): ParserSensorInfo(97): SensorDovdd(NC) min(18000000) max(18000000)
D/CameraHal(  159): ParserSensorInfo(102): SensorDvdd(NC) min(0) max(0)
D/CameraHal(  159): ParserSensorInfo(107): SensorGpioPwdn(RK30_PIN2_PB6) active(0) 
D/CameraHal(  159): ParserSensorInfo(111): SensorGpioRst(RK30_PIN2_PB7) active(0) 
D/CameraHal(  159): ParserSensorInfo(115): SensorGpioPwen(RK30_PIN0_PB3) active(1) 
D/CameraHal(  159): ParserSensorInfo(119): SensorFacing(back) 
D/CameraHal(  159): ParserSensorInfo(128): SensorInterface(MIPI) 
D/CameraHal(  159): ParserSensorInfo(141): SensorMirrorFlip(0) 
D/CameraHal(  159): ParserSensorInfo(147): SensorOrientation(180) 
D/CameraHal(  159): ParserSensorInfo(144): SensorPowerupSequence(1234) 
D/CameraHal(  159): ParserSensorInfo(241): SensorFovParemeter fov_h(60.0)(60.000000) fov_v(60.0)(60.000000)  
D/CameraHal(  159): ParserSensorInfo(244): SensorAWB_Frame_Skip fps(15) 
D/CameraHal(  159): ParserSensorInfo(215): SensorPhy: MIPI  lane: 2  phyindex: 1  fmt: 0x2b
D/CameraHal(  159): ParserVCMInfo(256): VCMDrvName(BuiltInSensor)
D/CameraHal(  159): ParserVCMInfo(259): VCMName(NC)
D/CameraHal(  159): ParserVCMInfo(262): VCMI2cBusNum(3)
D/CameraHal(  159): ParserVCMInfo(265): VCMI2cAddrByte(0)
D/CameraHal(  159): ParserVCMInfo(268): VCMI2cRate(0)
D/CameraHal(  159): ParserVCMInfo(279): VCMVdd(NC) min(0) max(0)
D/CameraHal(  159): ParserVCMInfo(271): VCMGpioPwdn(NC) active(0) 
D/CameraHal(  159): ParserVCMInfo(275): VCMGpioPower(NC) active(0) 
D/CameraHal(  159): ParserVCMInfo(295): start current(20) rated current(80) vcm max(100)  step mode(13)  drv max(100) 
D/CameraHal(  159): ParserFlashInfo(309): FlashName(Internal)
D/CameraHal(  159): ParserFlashInfo(312): FlashI2cBusNum(0)
D/CameraHal(  159): ParserFlashInfo(315): FlashI2cAddrByte(0)
D/CameraHal(  159): ParserFlashInfo(318): FlashI2cRate(0)
D/CameraHal(  159): ParserFlashInfo(321): FlashTrigger(NC) active(0) 
D/CameraHal(  159): ParserFlashInfo(325): FlashEn(NC) active(0) 
D/CameraHal(  159): ParserFlashInfo(332): FlashLuminance(0)
D/CameraHal(  159): ParserFlashInfo(335): FlashColorTemp(0)
D/CameraHal(  159): StartElementHandler(761): HDR(1)! 
D/CameraHal(  159): StartElementHandler(765): ZSL(1)! 
D/CameraHal(  159): StartElementHandler(769): zoom(1)! 
D/CameraHal(  159): StartElementHandler(797): Continue_SnapShot(1)! 
D/CameraHal(  159): StartElementHandler(800): InterpolationRes(0)! 
D/CameraHal(  159): StartElementHandler(791): PreviewSize(0x0)! 
D/CameraHal(  159): StartElementHandler(787): face detect config(0),max face num is (0)! 
D/CameraHal(  159): ParserDVConfig(602):  DV_QCIF(qcif) resolution(176x144) fps(10) support(1)
D/CameraHal(  159): ParserDVConfig(614):  DV_QVGA(qvga) resolution(320x240) fps(10) support(1)
D/CameraHal(  159): ParserDVConfig(626):  DV_CIF(cif) resolution(352x288) fps(10) support(1)
D/CameraHal(  159): ParserDVConfig(638):  DV_VGA(480p) resolution(640x480) fps(10) support(0)
D/CameraHal(  159): ParserDVConfig(650):  DV_480P(480p) resolution(720x480) fps(10) support(0)
D/CameraHal(  159): ParserDVConfig(674):  DV_720P(720p) resolution(1280x720) fps(10) support(1)
D/CameraHal(  159): ParserDVConfig(686):  DV_1080P(1080p) resolution(1920x1080) fps(10) support(1)
D/CameraHal(  159): number of camdevice (1)
D/CameraHal(  159): now DV size(7)
E/CameraHal(  159): camera_get_number_of_cameras(686): board profiles cam num 1
D/CameraHal(  159): read cam name from xml(/data/camera/media_profiles.xml)
E/CameraHal(  159):  is not exist, register all
D/CameraHal(  159): 
D/CameraHal(  159): 
D/CameraHal(  159): 
D/CameraHal(  159):  CamSys_Head.h Version Check:
D/CameraHal(  159):     Kernel camsys_head.h: v0.11.0
D/CameraHal(  159):     Kernel camsys_drv :   v0.32.0
D/CameraHal(  159):     CameraHal camsys_head.h : v0.11.0
D/CameraHal(  159): 
D/CameraHal(  159): 
D/CameraHal(  159): 
I/mediaserver(  482): type=1400 audit(0.0:3): avc: denied { execute } for name="sh" dev="mmcblk0p10" ino=321 scontext=u:r:mediaserver:s0 tcontext=u:object_r:shell_exec:s0 tclass=file permissive=1
I/mediaserver(  482): type=1400 audit(0.0:4): avc: denied { read open } for path="/system/bin/sh" dev="mmcblk0p10" ino=321 scontext=u:r:mediaserver:s0 tcontext=u:object_r:shell_exec:s0 tclass=file permissive=1
I/mediaserver(  482): type=1400 audit(0.0:5): avc: denied { execute_no_trans } for path="/system/bin/sh" dev="mmcblk0p10" ino=321 scontext=u:r:mediaserver:s0 tcontext=u:object_r:shell_exec:s0 tclass=file permissive=1
I/sh      (  482): type=1400 audit(0.0:6): avc: denied { getattr } for path="/system/bin/toolbox" dev="mmcblk0p10" ino=335 scontext=u:r:mediaserver:s0 tcontext=u:object_r:toolbox_exec:s0 tclass=file permissive=1
I/sh      (  482): type=1400 audit(0.0:7): avc: denied { execute } for name="toolbox" dev="mmcblk0p10" ino=335 scontext=u:r:mediaserver:s0 tcontext=u:object_r:toolbox_exec:s0 tclass=file permissive=1
I/sh      (  482): type=1400 audit(0.0:8): avc: denied { read open } for path="/system/bin/toolbox" dev="mmcblk0p10" ino=335 scontext=u:r:mediaserver:s0 tcontext=u:object_r:toolbox_exec:s0 tclass=file permissive=1
I/sh      (  482): type=1400 audit(0.0:9): avc: denied { execute_no_trans } for path="/system/bin/toolbox" dev="mmcblk0p10" ino=335 scontext=u:r:mediaserver:s0 tcontext=u:object_r:toolbox_exec:s0 tclass=file permissive=1
E/CameraHal(  159): WARNING: OV13850 soft reset by i2c failed!, please check follow information:
E/CameraHal(  159):     Slave_addr: 0x20 0x6c
E/CameraHal(  159):     Soft reset reg: 0x103  val: 0x1
E/CameraHal(  159):     Power/PowerDown/Reset/Mclk/I2cBus
E/CameraHal(  159): OV13850 device register failed!
E/CameraHal(  159): camera_get_number_of_cameras(693): load sensor name(OV13850) connect 0
E/CameraHal(  159): camera_get_number_of_cameras(746): Open /dev/video0 failed! strr: No such file or directory
D/CameraHal(  159): camera_get_number_of_cameras(1110): camera_get_number_of_cameras(1110): Current board have 0 cameras attached.
D/CameraHal(  159): camera_get_number_of_cameras(1113): meida_profiles_xml_control time (24948)us
I/AudioPolicyService(  159): AudioPolicyService CSTOR in new mode
D/AudioPolicyManager(  159): cardStrategy = 0 , hasSpdif() = 1
W/AudioPolicyManager(  159): DeviceVector::add device 00080000 already in
W/AudioPolicyManager(  159): DeviceVector::add device 00000400 already in
I/art     (  163): Explicit concurrent mark sweep GC freed 1815(110KB) AllocSpace objects, 1(16KB) LOS objects, 80% free, 242KB/1266KB, paused 76us total 3.815ms
I/AudioPolicyManager(  159): loadAudioPolicyConfig() loaded /system/etc/audio_policy.conf
D/AudioHardwareTiny(  159): ALSA Audio Version: V1.0.8
D/alsa_route(  159): Can not get config table for sound card0 RKES8323, so get default config table.
D/AudioHardwareTiny(  159): read_snd_card_info buf = RKSPDIFCARD
D/AudioHardwareTiny(  159): now is 2 snd card mode
D/AudioHardwareTiny(  159): pthread_create error
I/AudioFlinger(  159): loadHwModule() Loaded primary audio interface from Manta audio HW HAL (audio) handle 1
D/AudioHardwareTiny(  159): audio hal adev_open_output_stream devices = 0x2, flags = 2
I/AudioFlinger(  159): HAL output buffer size 1024 frames, normal sink buffer size 1024 frames
I/AudioMixer(  159): found effect "Multichannel Downmix To Stereo" from The Android Open Source Project
I/AudioFlinger(  159): Using module 1 has the primary audio interface
I/AudioFlinger(  159): AudioFlinger's thread 0xb5876008 ready to run
D/AudioHardwareTiny(  159): pcm_config->rate:44100,in->requested_rate:48000,in->channel_mask:2
W/Binder  (  446): Caught a RuntimeException from the binder stub implementation.
W/Binder  (  446): java.lang.NullPointerException: Attempt to invoke interface method 'int android.app.IActivityManager.checkPermission(java.lang.String, int, int)' on a null object reference
W/Binder  (  446): 	at android.app.ContextImpl.checkPermission(ContextImpl.java:1877)
W/Binder  (  446): 	at android.app.ContextImpl.checkCallingOrSelfPermission(ContextImpl.java:1918)
W/Binder  (  446): 	at android.app.ContextImpl.enforceCallingOrSelfPermission(ContextImpl.java:1955)
W/Binder  (  446): 	at com.android.server.power.PowerManagerService$BinderService.acquireWakeLock(PowerManagerService.java:2987)
W/Binder  (  446): 	at android.os.IPowerManager$Stub.onTransact(IPowerManager.java:66)
W/Binder  (  446): 	at android.os.Binder.execTransact(Binder.java:446)
D/AudioHardwareTiny(  159): in->mSpeexFrameSize:144
W/Binder  (  446): Caught a RuntimeException from the binder stub implementation.
W/Binder  (  446): java.lang.NullPointerException: Attempt to invoke interface method 'int android.app.IActivityManager.checkPermission(java.lang.String, int, int)' on a null object reference
