D/DeviceTest-FileUitls(  967): find file:/mnt/internal_sd/LOST.DIR
D/DeviceTest-FileUitls(  967): find file:/mnt/internal_sd/.android_secure
D/DeviceTest-FileUitls(  967): find file:/mnt/internal_sd/Music
D/DeviceTest-FileUitls(  967): find file:/mnt/internal_sd/Podcasts
D/DeviceTest-FileUitls(  967): find file:/mnt/internal_sd/Ringtones
D/DeviceTest-FileUitls(  967): find file:/mnt/internal_sd/Alarms
D/DeviceTest-FileUitls(  967): find file:/mnt/internal_sd/Notifications
D/DeviceTest-FileUitls(  967): find file:/mnt/internal_sd/Pictures
D/DeviceTest-FileUitls(  967): find file:/mnt/internal_sd/Movies
D/DeviceTest-FileUitls(  967): find file:/mnt/internal_sd/Download
D/DeviceTest-FileUitls(  967): find file:/mnt/internal_sd/DCIM
D/DeviceTest-FileUitls(  967): find file:/mnt/internal_sd/eHomeMediaCenter
D/DeviceTest-FileUitls(  967): find file:/mnt/internal_sd/Android
D/TestService(  967): onDestroy
D/MediaScannerService(  593): start scanning volume external: [/mnt/internal_sd]
W/WindowManager(  446): Keyguard drawn timeout. Setting mKeyguardDrawComplete
D/LyricManager( 1020): lrc layout w = 1110, lrc layout h = 115, left = 85, top = 595
W/AppOps  (  446): Bad call: specified package media under uid 1000 but it is really 1013
D/MediaScanner(  593): Skipping: /mnt/internal_sd/Android/
V/MediaScanner(  593): pruneDeadThumbnailFiles... android.database.sqlite.SQLiteCursor@35c56629
V/MediaScanner(  593): /pruneDeadThumbnailFiles... android.database.sqlite.SQLiteCursor@35c56629
D/MediaScannerService(  593): done scanning volume external
D/WifiService(  446): New client listening to asynchronous messages
E/blb     (  567): mmEthernetVisible: false
E/blb     (  567): mmEthernetVisible: false
E/blb     (  567): mmEthernetVisible: false
E/NetworkController(  567): onReceive ETHERNET_STATE_CHANGED_ACTION 
D/PhoneStatusBar(  567): disable: < expand* icons alerts system_info back* home* recent* clock search* >
I/ValidateNoPeople(  446): skipping global notification
I/Choreographer(  567): Skipped 104 frames!  The application may be doing too much work on its main thread.
D/OpenGLRenderer(  567): setting property extraRasterBucket to 0.95
D/OpenGLRenderer(  567):     failed
D/OpenGLRenderer(  567): setting property extraRasterBucket to 0.0
D/OpenGLRenderer(  567):     failed
I/SurfaceFlinger(  153): Boot is finished (14009 ms)
D/KeyguardUpdateMonitor(  567): handleSimStateChange(subId=0, slotId=0, state=NOT_READY)
V/KeyguardUpdateMonitor(  567): onSubscriptionInfoChanged()
V/KeyguardUpdateMonitor(  567): onSubscriptionInfoChanged: list is null
D/SurfaceFlinger(  153): shader cache generated - 24 shaders in 128.229507 ms
I/SystemServiceManager(  446): Starting phase 1000
I/ActivityManager(  446): Start proc 1046:com.android.keychain/1000 for service com.android.keychain/.KeyChainService
I/RecoverySystem(  446): No recovery log file
I/BootReceiver(  446): Copying /proc/last_kmsg to DropBox (SYSTEM_LAST_KMSG)
I/ActivityManager(  446): Start proc 1066:com.android.settings/1000 for broadcast com.android.settings/.HdmiReceiver
I/BootReceiver(  446): Copying audit failures to DropBox
I/BootReceiver(  446): Copied 0 worth of audits to DropBox
I/BootReceiver(  446): Checking for fsck errors
D/DisplayOutputManager( 1066): main display iface num is 2
D/DisplayOutputManager( 1066): HDMI
D/DisplayOutputManager( 1066): VGA
E/DisplayOutputManager( 1066): Error listing aux interfaces :java.lang.NullPointerException: Attempt to get length of null array
D/HdmiReceiver( 1066): hdmi receiver action=android.intent.action.BOOT_COMPLETED
D/HdmiReceiver( 1066): BOOT_COMPLETED
E/SystemUIBootReceiver(  567): BootReceiver:config.disable_systemui=true
V/TestService(  967): action:android.intent.action.BOOT_COMPLETED
V/TestService(  967): getSystemAbnormalRestartTime0:86
V/TestService(  967): setSystemStart0:true
V/TestService(  967): SystemUtils.isBootComplete()=true
V/TestService(  967): setSystemStart1:true
W/ContextImpl(  967): Calling a method in the system process without a qualified user: android.app.ContextImpl.startService:1704 android.content.ContextWrapper.startService:516 android.content.ContextWrapper.startService:516 com.rockchip.devicetest.BootReceiver.onReceive:77 android.app.ActivityThread.handleReceiver:2609 
V/TestService(  967): getSystemAbnormalRestartTime1:87
I/ActivityManager(  446): Start proc 1091:com.rockchip.mediacenter/u0a53 for broadcast com.rockchip.mediacenter/.BootReceiver
D/TestService(  967): onCreate
D/TestService(  967): onStartCommand,from:boot
D/StorageList(  967): VolumnState:mounted
D/StorageList(  967): Storage'paths:/mnt/internal_sd state:mounted
D/StorageList(  967): VolumnState:removed
D/StorageList(  967): Storage'paths:/mnt/external_sd state:removed
D/StorageList(  967): VolumnState:removed
D/StorageList(  967): Storage'paths:/mnt/usb_storage/USB_DISK0 state:removed
D/StorageList(  967): VolumnState:removed
D/StorageList(  967): Storage'paths:/mnt/usb_storage/USB_DISK1 state:removed
D/StorageList(  967): VolumnState:removed
D/StorageList(  967): Storage'paths:/mnt/usb_storage/USB_DISK2 state:removed
D/StorageList(  967): VolumnState:removed
D/StorageList(  967): Storage'paths:/mnt/usb_storage/USB_DISK3 state:removed
D/StorageList(  967): VolumnState:removed
D/StorageList(  967): Storage'paths:/mnt/usb_storage/USB_DISK4 state:removed
D/StorageList(  967): VolumnState:removed
D/StorageList(  967): Storage'paths:/mnt/usb_storage/USB_DISK5 state:removed
D/DeviceTest-FileUitls(  967): find path:/mnt/internal_sd
D/StorageList(  967): VolumnState:mounted
D/DeviceTest-FileUitls(  967): find path:/mnt/external_sd
D/StorageList(  967): VolumnState:removed
D/DeviceTest-FileUitls(  967): find path:/mnt/usb_storage/USB_DISK0
D/StorageList(  967): VolumnState:removed
D/DeviceTest-FileUitls(  967): find path:/mnt/usb_storage/USB_DISK1
D/StorageList(  967): VolumnState:removed
D/DeviceTest-FileUitls(  967): find path:/mnt/usb_storage/USB_DISK2
D/StorageList(  967): VolumnState:removed
D/DeviceTest-FileUitls(  967): find path:/mnt/usb_storage/USB_DISK3
D/StorageList(  967): VolumnState:removed
D/DeviceTest-FileUitls(  967): find path:/mnt/usb_storage/USB_DISK4
D/StorageList(  967): VolumnState:removed
D/DeviceTest-FileUitls(  967): find path:/mnt/usb_storage/USB_DISK5
D/StorageList(  967): VolumnState:removed
D/DeviceTest-FileUitls(  967): find file:/mnt/internal_sd/LOST.DIR
D/DeviceTest-FileUitls(  967): find file:/mnt/internal_sd/.android_secure
D/DeviceTest-FileUitls(  967): find file:/mnt/internal_sd/Music
D/DeviceTest-FileUitls(  967): find file:/mnt/internal_sd/Podcasts
D/DeviceTest-FileUitls(  967): find file:/mnt/internal_sd/Ringtones
D/DeviceTest-FileUitls(  967): find file:/mnt/internal_sd/Alarms
D/DeviceTest-FileUitls(  967): find file:/mnt/internal_sd/Notifications
D/DeviceTest-FileUitls(  967): find file:/mnt/internal_sd/Pictures
D/DeviceTest-FileUitls(  967): find file:/mnt/internal_sd/Movies
D/DeviceTest-FileUitls(  967): find file:/mnt/internal_sd/Download
D/DeviceTest-FileUitls(  967): find file:/mnt/internal_sd/DCIM
D/DeviceTest-FileUitls(  967): find file:/mnt/internal_sd/eHomeMediaCenter
D/DeviceTest-FileUitls(  967): find file:/mnt/internal_sd/Android
D/TestService(  967): no DeviceTest.apk
D/TestService(  967): Rock Recv boot action. 17470
D/TestService(  967): Rock check storage inter_path=/mnt/internal_sd
D/TestService(  967): Rock check storage, mounted. 
D/TestService(  967): Rock check storage, mounted. 
D/UsbDeviceManager(  446): Usb state is false false true
D/Tethering(  446): UsbManager.ACTION_USB_STATE: false, false, false
D/MountService(  446): sharedvolumeNum: 0 ;avail: false
I/ActivityManager(  446): Start proc 1114:com.rockchip.mediacenter:service/u0a53 for service com.rockchip.mediacenter/.SystemDeviceService
D/WIFI    (  446): Registering NetworkFactory
D/WIFI_UT (  446): Registering NetworkFactory
D/ConnectivityService(  446): Got NetworkFactory Messenger for WIFI
D/ConnectivityService(  446): Got NetworkFactory Messenger for WIFI_UT
D/WIFI    (  446): got request NetworkRequest [ id=1, legacyType=-1, [ Capabilities: INTERNET&NOT_RESTRICTED&TRUSTED&NOT_VPN] ] with score 0
D/WIFI_UT (  446): got request NetworkRequest [ id=1, legacyType=-1, [ Capabilities: INTERNET&NOT_RESTRICTED&TRUSTED&NOT_VPN] ] with score 0
I/ActivityManager(  446): Start proc 1132:com.android.providers.calendar/u0a1 for broadcast com.android.providers.calendar/.CalendarReceiver
I/art     (  163): Explicit concurrent mark sweep GC freed 703(30KB) AllocSpace objects, 0(0B) LOS objects, 40% free, 2MB/3MB, paused 114us total 8.233ms
I/art     (  163): Explicit concurrent mark sweep GC freed 5(160B) AllocSpace objects, 0(0B) LOS objects, 40% free, 2MB/3MB, paused 111us total 7.467ms
I/art     (  163): Explicit concurrent mark sweep GC freed 5(160B) AllocSpace objects, 0(0B) LOS objects, 40% free, 2MB/3MB, paused 105us total 7.418ms
W/ResourcesManager( 1132): Asset path '/system/framework/android.test.runner.jar' does not exist or contains no resources.
I/CalendarProvider2( 1132): Created com.android.providers.calendar.CalendarAlarmManager@1add12ac(com.android.providers.calendar.CalendarProvider2@28d98b75)
I/ActivityManager(  446): Start proc 1154:com.android.managedprovisioning/u0a6 for broadcast com.android.managedprovisioning/.BootReminder
D/MediaScannerService(  593): start scanning volume internal: [/system/media, /oem/media]
D/xzj     (  593): false---------------------------ooooooooooo,stop mtp service---------------false
E/SQLiteLog(  593): (283) recovered 97 frames from WAL file /data/data/com.android.providers.media/databases/internal.db-wal
W/AppOps  (  446): Bad call: specified package media under uid 1000 but it is really 1013
I/ActivityManager(  446): Start proc 1176:com.android.onetimeinitializer/u0a8 for broadcast com.android.onetimeinitializer/.OneTimeInitializerReceiver
V/OneTimeInitializerRece( 1176): OneTimeInitializerReceiver.onReceive
I/ActivityManager(  446): Start proc 1198:com.android.calendar/u0a17 for broadcast com.android.calendar/.alerts.AlertReceiver
I/CalendarProvider2( 1132): Sending notification intent: Intent { act=android.intent.action.PROVIDER_CHANGED dat=content://com.android.calendar }
W/ContentResolver( 1132): Failed to get type for: content://com.android.calendar (Unknown URL content://com.android.calendar)
D/ExtensionsFactory( 1198): No custom extensions.
D/AlertReceiver( 1198): onReceive: a=android.intent.action.BOOT_COMPLETED Intent { act=android.intent.action.BOOT_COMPLETED flg=0x8000010 cmp=com.android.calendar/.alerts.AlertReceiver (has extras) }
W/MediaScanner(  593): Error opening directory '/oem/media/', skipping: No such file or directory.
I/ActivityManager(  446): Start proc 1222:com.android.deskclock/u0a21 for broadcast com.android.deskclock/.AlarmInitReceiver
D/MediaScannerService(  593): done scanning volume internal
D/AlertService( 1198): 0 Action = android.intent.action.BOOT_COMPLETED
D/MediaScannerService(  593): start scanning volume external: [/mnt/external_sd]
D/AlertService( 1198): Scheduling next alarm with AlarmScheduler. sEventReminderReceived: null
D/AlarmScheduler( 1198): No events found starting within 1 week.
W/MediaScanner(  593): Error opening directory '/mnt/external_sd/', skipping: Permission denied.
V/MediaScanner(  593): pruneDeadThumbnailFiles... android.database.sqlite.SQLiteCursor@26674486
V/MediaScanner(  593): /pruneDeadThumbnailFiles... android.database.sqlite.SQLiteCursor@26674486
D/MediaScannerService(  593): done scanning volume external
D/MediaScannerService(  593): start scanning volume external: [/mnt/usb_storage]
V/AlarmClock( 1222): AlarmInitReceiver android.intent.action.BOOT_COMPLETED
V/MediaScanner(  593): pruneDeadThumbnailFiles... android.database.sqlite.SQLiteCursor@167d3147
V/MediaScanner(  593): /pruneDeadThumbnailFiles... android.database.sqlite.SQLiteCursor@167d3147
D/MediaScannerService(  593): done scanning volume external
D/MediaScannerService(  593): start scanning volume external: [/mnt/internal_sd]
D/MediaScanner(  593): Skipping: /mnt/internal_sd/Android/
V/AlarmClock( 1222): AlarmInitReceiver - Reset timers and clear stopwatch data
V/MediaScanner(  593): pruneDeadThumbnailFiles... android.database.sqlite.SQLiteCursor@1c3bcd74
V/MediaScanner(  593): /pruneDeadThumbnailFiles... android.database.sqlite.SQLiteCursor@1c3bcd74
D/MediaScannerService(  593): done scanning volume external
V/AlarmClock( 1222): AlarmInitReceiver finished
I/LauncherIconVisibilityManager(  729): Boot has been completed
I/LauncherIconVisibilityManager(  729): Activity has already been disabled: ComponentInfo{com.android.inputmethod.latin/com.android.inputmethod.latin.setup.SetupActivity}
D/RKUpdateReceiver(  833): action = android.intent.action.BOOT_COMPLETED
D/RKUpdateReceiver(  833): RKUpdateReceiver recv ACTION_BOOT_COMPLETED.
W/ContextImpl(  833): Calling a method in the system process without a qualified user: android.app.ContextImpl.startService:1704 android.content.ContextWrapper.startService:516 android.content.ContextWrapper.startService:516 android.rockchip.update.service.RKUpdateReceiver.onReceive:59 android.app.ActivityThread.handleReceiver:2609 
W/ContextImpl(  833): Calling a method in the system process without a qualified user: android.app.ContextImpl.startService:1704 android.content.ContextWrapper.startService:516 android.content.ContextWrapper.startService:516 android.rockchip.update.service.RKUpdateReceiver.onReceive:65 android.app.ActivityThread.handleReceiver:2609 
D/xzj     (  593): false---------------------------ooooooooooo,stop mtp service---------------false
I/android_rockchip_update_UpdateService.cpp(  833): JNI_OnLoad
D/RKUpdateService(  833): starting RKUpdateService, version is 1.8.1
D/RKUpdateService(  833): remote uri is http://www.rockchip.com:2300/OtaUpdater/android?product=firefly-rk3288&version=1.0.0&sn=GB8ZATWXZM&country=US&language=en
D/RKUpdateService(  833): remote uri backup is http://192.168.1.143:2300/OtaUpdater/android?product=firefly-rk3288&version=1.0.0&sn=GB8ZATWXZM&country=US&language=en
D/RKUpdateService(  833): first startup!!!
D/RKUpdateService(  833): onStartCommand.......
D/RKUpdateService(  833): command = 1 delaytime = 20000
D/RKUpdateService(  833): onStartCommand.......
D/RKUpdateService(  833): command = 2 delaytime = 25000
D/StorageList(  967): VolumnState:mounted
D/StorageList(  967): Storage'paths:/mnt/internal_sd state:mounted
D/RKUpdateReceiver(  833): action = android.hardware.usb.action.USB_STATE
D/StorageList(  967): VolumnState:removed
D/StorageList(  967): Storage'paths:/mnt/external_sd state:removed
D/StorageList(  967): VolumnState:removed
D/StorageList(  967): Storage'paths:/mnt/usb_storage/USB_DISK0 state:removed
D/StorageList(  967): VolumnState:removed
D/StorageList(  967): Storage'paths:/mnt/usb_storage/USB_DISK1 state:removed
D/StorageList(  967): VolumnState:removed
D/StorageList(  967): Storage'paths:/mnt/usb_storage/USB_DISK2 state:removed
D/AlertReceiver( 1198): onReceive: a=android.intent.action.PROVIDER_CHANGED Intent { act=android.intent.action.PROVIDER_CHANGED dat=content://com.android.calendar flg=0x10 cmp=com.android.calendar/.alerts.AlertReceiver }
D/StorageList(  967): VolumnState:removed
D/StorageList(  967): Storage'paths:/mnt/usb_storage/USB_DISK3 state:removed
D/StorageList(  967): VolumnState:removed
D/StorageList(  967): Storage'paths:/mnt/usb_storage/USB_DISK4 state:removed
D/StorageList(  967): VolumnState:removed
D/StorageList(  967): Storage'paths:/mnt/usb_storage/USB_DISK5 state:removed
D/DeviceTest-FileUitls(  967): find path:/mnt/internal_sd
D/StorageList(  967): VolumnState:mounted
D/DeviceTest-FileUitls(  967): find path:/mnt/external_sd
D/StorageList(  967): VolumnState:removed
D/DeviceTest-FileUitls(  967): find path:/mnt/usb_storage/USB_DISK0
D/StorageList(  967): VolumnState:removed
D/DeviceTest-FileUitls(  967): find path:/mnt/usb_storage/USB_DISK1
D/StorageList(  967): VolumnState:removed
D/DeviceTest-FileUitls(  967): find path:/mnt/usb_storage/USB_DISK2
D/StorageList(  967): VolumnState:removed
D/DeviceTest-FileUitls(  967): find path:/mnt/usb_storage/USB_DISK3
D/StorageList(  967): VolumnState:removed
D/DeviceTest-FileUitls(  967): find path:/mnt/usb_storage/USB_DISK4
D/StorageList(  967): VolumnState:removed
D/DeviceTest-FileUitls(  967): find path:/mnt/usb_storage/USB_DISK5
D/StorageList(  967): VolumnState:removed
D/AlertService( 1198): 0 Action = android.intent.action.PROVIDER_CHANGED
D/DeviceTest-FileUitls(  967): find file:/mnt/internal_sd/LOST.DIR
D/DeviceTest-FileUitls(  967): find file:/mnt/internal_sd/.android_secure
D/DeviceTest-FileUitls(  967): find file:/mnt/internal_sd/Music
D/DeviceTest-FileUitls(  967): find file:/mnt/internal_sd/Podcasts
D/DeviceTest-FileUitls(  967): find file:/mnt/internal_sd/Ringtones
D/DeviceTest-FileUitls(  967): find file:/mnt/internal_sd/Alarms
D/DeviceTest-FileUitls(  967): find file:/mnt/internal_sd/Notifications
D/DeviceTest-FileUitls(  967): find file:/mnt/internal_sd/Pictures
D/DeviceTest-FileUitls(  967): find file:/mnt/internal_sd/Movies
D/DeviceTest-FileUitls(  967): find file:/mnt/internal_sd/Download
D/DeviceTest-FileUitls(  967): find file:/mnt/internal_sd/DCIM
D/DeviceTest-FileUitls(  967): find file:/mnt/internal_sd/eHomeMediaCenter
D/DeviceTest-FileUitls(  967): find file:/mnt/internal_sd/Android
D/StorageList(  967): VolumnState:mounted
D/StorageList(  967): Storage'paths:/mnt/internal_sd state:mounted
D/StorageList(  967): VolumnState:removed
D/StorageList(  967): Storage'paths:/mnt/external_sd state:removed
D/StorageList(  967): VolumnState:removed
D/StorageList(  967): Storage'paths:/mnt/usb_storage/USB_DISK0 state:removed
D/StorageList(  967): VolumnState:removed
D/StorageList(  967): Storage'paths:/mnt/usb_storage/USB_DISK1 state:removed
D/StorageList(  967): VolumnState:removed
D/StorageList(  967): Storage'paths:/mnt/usb_storage/USB_DISK2 state:removed
D/StorageList(  967): VolumnState:removed
D/StorageList(  967): Storage'paths:/mnt/usb_storage/USB_DISK3 state:removed
D/StorageList(  967): VolumnState:removed
D/StorageList(  967): Storage'paths:/mnt/usb_storage/USB_DISK4 state:removed
D/StorageList(  967): VolumnState:removed
D/StorageList(  967): Storage'paths:/mnt/usb_storage/USB_DISK5 state:removed
D/DeviceTest-FileUitls(  967): find path:/mnt/internal_sd
D/StorageList(  967): VolumnState:mounted
D/DeviceTest-FileUitls(  967): find path:/mnt/external_sd
D/StorageList(  967): VolumnState:removed
D/DeviceTest-FileUitls(  967): find path:/mnt/usb_storage/USB_DISK0
D/StorageList(  967): VolumnState:removed
D/DeviceTest-FileUitls(  967): find path:/mnt/usb_storage/USB_DISK1
D/StorageList(  967): VolumnState:removed
D/DeviceTest-FileUitls(  967): find path:/mnt/usb_storage/USB_DISK2
D/StorageList(  967): VolumnState:removed
D/DeviceTest-FileUitls(  967): find path:/mnt/usb_storage/USB_DISK3
D/StorageList(  967): VolumnState:removed
D/DeviceTest-FileUitls(  967): find path:/mnt/usb_storage/USB_DISK4
D/StorageList(  967): VolumnState:removed
D/DeviceTest-FileUitls(  967): find path:/mnt/usb_storage/USB_DISK5
D/StorageList(  967): VolumnState:removed
D/DeviceTest-FileUitls(  967): find file:/mnt/internal_sd/LOST.DIR
D/DeviceTest-FileUitls(  967): find file:/mnt/internal_sd/.android_secure
D/DeviceTest-FileUitls(  967): find file:/mnt/internal_sd/Music
D/DeviceTest-FileUitls(  967): find file:/mnt/internal_sd/Podcasts
D/DeviceTest-FileUitls(  967): find file:/mnt/internal_sd/Ringtones
D/DeviceTest-FileUitls(  967): find file:/mnt/internal_sd/Alarms
D/DeviceTest-FileUitls(  967): find file:/mnt/internal_sd/Notifications
D/DeviceTest-FileUitls(  967): find file:/mnt/internal_sd/Pictures
D/DeviceTest-FileUitls(  967): find file:/mnt/internal_sd/Movies
D/DeviceTest-FileUitls(  967): find file:/mnt/internal_sd/Download
D/DeviceTest-FileUitls(  967): find file:/mnt/internal_sd/DCIM
D/DeviceTest-FileUitls(  967): find file:/mnt/internal_sd/eHomeMediaCenter
D/DeviceTest-FileUitls(  967): find file:/mnt/internal_sd/Android
D/TestService(  967): factoryFilePath: agingFilePath: externalStorageFilePath:/mnt/internal_sd
D/StorageList(  967): VolumnState:mounted
D/StorageList(  967): Storage'paths:/mnt/internal_sd state:mounted
D/StorageList(  967): VolumnState:removed
D/StorageList(  967): Storage'paths:/mnt/external_sd state:removed
D/StorageList(  967): VolumnState:removed
D/StorageList(  967): Storage'paths:/mnt/usb_storage/USB_DISK0 state:removed
D/StorageList(  967): VolumnState:removed
D/StorageList(  967): Storage'paths:/mnt/usb_storage/USB_DISK1 state:removed
D/StorageList(  967): VolumnState:removed
D/StorageList(  967): Storage'paths:/mnt/usb_storage/USB_DISK2 state:removed
D/StorageList(  967): VolumnState:removed
D/StorageList(  967): Storage'paths:/mnt/usb_storage/USB_DISK3 state:removed
D/StorageList(  967): VolumnState:removed
D/StorageList(  967): Storage'paths:/mnt/usb_storage/USB_DISK4 state:removed
D/StorageList(  967): VolumnState:removed
D/StorageList(  967): Storage'paths:/mnt/usb_storage/USB_DISK5 state:removed
D/DeviceTest-FileUitls(  967): find path:/mnt/internal_sd
D/StorageList(  967): VolumnState:mounted
D/DeviceTest-FileUitls(  967): find path:/mnt/external_sd
D/StorageList(  967): VolumnState:removed
D/DeviceTest-FileUitls(  967): find path:/mnt/usb_storage/USB_DISK0
D/StorageList(  967): VolumnState:removed
D/DeviceTest-FileUitls(  967): find path:/mnt/usb_storage/USB_DISK1
D/StorageList(  967): VolumnState:removed
D/DeviceTest-FileUitls(  967): find path:/mnt/usb_storage/USB_DISK2
D/StorageList(  967): VolumnState:removed
D/DeviceTest-FileUitls(  967): find path:/mnt/usb_storage/USB_DISK3
D/StorageList(  967): VolumnState:removed
D/DeviceTest-FileUitls(  967): find path:/mnt/usb_storage/USB_DISK4
D/StorageList(  967): VolumnState:removed
D/DeviceTest-FileUitls(  967): find path:/mnt/usb_storage/USB_DISK5
D/StorageList(  967): VolumnState:removed
D/DeviceTest-FileUitls(  967): find file:/mnt/internal_sd/LOST.DIR
D/DeviceTest-FileUitls(  967): find file:/mnt/internal_sd/.android_secure
D/DeviceTest-FileUitls(  967): find file:/mnt/internal_sd/Music
D/DeviceTest-FileUitls(  967): find file:/mnt/internal_sd/Podcasts
D/DeviceTest-FileUitls(  967): find file:/mnt/internal_sd/Ringtones
D/DeviceTest-FileUitls(  967): find file:/mnt/internal_sd/Alarms
D/DeviceTest-FileUitls(  967): find file:/mnt/internal_sd/Notifications
D/DeviceTest-FileUitls(  967): find file:/mnt/internal_sd/Pictures
D/DeviceTest-FileUitls(  967): find file:/mnt/internal_sd/Movies
D/DeviceTest-FileUitls(  967): find file:/mnt/internal_sd/Download
D/DeviceTest-FileUitls(  967): find file:/mnt/internal_sd/DCIM
D/DeviceTest-FileUitls(  967): find file:/mnt/internal_sd/eHomeMediaCenter
D/DeviceTest-FileUitls(  967): find file:/mnt/internal_sd/Android
D/TestService(  967): It is not in factory/aging test mode.
D/TestService(  967): onDestroy
D/UsbDeviceManager(  446): Usb state is true false true
I/ValidateNoPeople(  446): skipping global notification
D/UsbDeviceManager(  446): Usb state is true true true
D/xzj     (  593): true---------------------------ooooooooooo,stop mtp service---------------false
D/Tethering(  446): UsbManager.ACTION_USB_STATE: true, false, false
D/MountService(  446): sharedvolumeNum: 0 ;avail: true
D/Tethering(  446): UsbManager.ACTION_USB_STATE: true, false, false
D/MountService(  446): sharedvolumeNum: 0 ;avail: true
D/RKUpdateReceiver(  833): action = android.hardware.usb.action.USB_STATE
D/xzj     (  593): true---------------------------ooooooooooo,stop mtp service---------------false
I/ValidateNoPeople(  446): skipping global notification
D/RKUpdateReceiver(  833): action = android.hardware.usb.action.USB_STATE
I/ValidateNoPeople(  446): skipping global notification
E/SQLiteLog( 1132): (284) automatic index on view_events(_id)
I/GlobalDismissManager( 1198): no sender configured
D/AlertService( 1198): Beginning updateAlertNotification
D/AlertService( 1198): No fired or scheduled alerts
D/AlertService( 1198): Scheduling next alarm with AlarmScheduler. sEventReminderReceived: null
D/AlarmScheduler( 1198): No events found starting within 1 week.
I/ActivityManager(  446): Waited long enough for: ServiceRecord{380144eb u0 com.android.music/.MediaPlaybackService}
I/ActivityManager(  446): Waited long enough for: ServiceRecord{7a0e045 u0 com.rockchip.mediacenter/.SystemDeviceService}
I/ActivityManager(  446): Waited long enough for: ServiceRecord{35d88ec u0 com.android.calendar/.alerts.InitAlarmsService}
I/ActivityManager(  446): Waited long enough for: ServiceRecord{11364b5 u0 android.rockchip.update.service/.RKUpdateService}
D/RKUpdateService(  833): WorkHandler::handleMessage() : To perform 'COMMAND_CHECK_LOCAL_UPDATING'.
D/RKUpdateService(  833): getValidFirmwareImageFile() : Target image file path : /data/media/0/update.zip
D/RKUpdateService(  833): getValidFirmwareImageFile() : Target image file path : /mnt/internal_sd/update.zip
D/RKUpdateService(  833): getValidFirmwareImageFile() : Target image file path : /mnt/external_sd/update.zip
D/RKUpdateService(  833): getValidFirmwareImageFile() : Target image file path : /mnt/usb_storage/update.zip
W/ActivityThread(  833): ClassLoader.loadClass: The class loader returned by Thread.getContextClassLoader() may fail for processes that host multiple applications. You should explicitly specify a context class loader. For example: Thread.setContextClassLoader(getClass().getClassLoader());
D/RKUpdateService(  833): request remote server error...
D/InitAlarmsService( 1198): Clearing and rescheduling alarms.
D/RKUpdateService(  833): request remote server error...
D/Tethering(  446): sendTetherStateChangedBroadcast 0, 0, 0
D/Tethering(  446): InitialState.processMessage what=4
D/Tethering(  446): sendTetherStateChangedBroadcast 0, 0, 0
D/Tethering(  446): sendTetherStateChangedBroadcast 1, 0, 0
E/WifiStateMachine(  446): Link configuration changed for netId: -1 old: {LinkAddresses: []  Routes: [] DnsAddresses: [] Domains: null MTU: 0} new: {InterfaceName: wlan0 LinkAddresses: [fe80::b2f1:ecff:fe41:1046/64,]  Routes: [fe80::/64 -> :: wlan0,] DnsAddresses: [] Domains: null MTU: 0}
E/WifiStateMachine(  446): updateLinkProperties nid: -1 state: IDLE reason: CMD_UPDATE_LINKPROPERTIES
E/WifiStateMachine(  446): Link configuration changed for netId: -1 old: {InterfaceName: wlan0 LinkAddresses: [fe80::b2f1:ecff:fe41:1046/64,]  Routes: [fe80::/64 -> :: wlan0,] DnsAddresses: [] Domains: null MTU: 0 TcpBufferSizes: 524288,1048576,2097152,262144,524288,1048576} new: {InterfaceName: wlan0 LinkAddresses: [fe80::b2f1:ecff:fe41:1046/64,]  Routes: [fe80::/64 -> :: wlan0,] DnsAddresses: [] Domains: null MTU: 0}
E/WifiStateMachine(  446): updateLinkProperties nid: -1 state: IDLE reason: CMD_UPDATE_LINKPROPERTIES
E/WifiStateMachine(  446): Link configuration changed for netId: -1 old: {InterfaceName: wlan0 LinkAddresses: [fe80::b2f1:ecff:fe41:1046/64,]  Routes: [fe80::/64 -> :: wlan0,] DnsAddresses: [] Domains: null MTU: 0 TcpBufferSizes: 524288,1048576,2097152,262144,524288,1048576} new: {InterfaceName: wlan0 LinkAddresses: [fe80::b2f1:ecff:fe41:1046/64,]  Routes: [fe80::/64 -> :: wlan0,] DnsAddresses: [] Domains: null MTU: 0}
E/WifiStateMachine(  446): updateLinkProperties nid: -1 state: IDLE reason: CMD_UPDATE_LINKPROPERTIES
D/WifiService(  446): New client listening to asynchronous messages
E/hostapd ( 1273): Configuration file: /data/misc/wifi/hostapd.conf
I/dnsmasq ( 1275): started, version 2.51 cachesize 150
I/dnsmasq ( 1275): compile time options: no-IPv6 GNU-getopt no-DBus no-I18N DHCP no-scripts no-TFTP
W/dnsmasq ( 1275): warning: no upstream servers configured
I/dnsmasq ( 1275): DHCP, IP range 192.168.49.100 -- 192.168.49.200, lease time 4d4h
I/dnsmasq ( 1275): read /etc/hosts - 1 addresses
E/hostapd ( 1273): Using interface wlan0 with hwaddr b0:f1:ec:41:10:46 and ssid "dfirefly"
E/WifiStateMachine(  446): Link configuration changed for netId: -1 old: {InterfaceName: wlan0 LinkAddresses: [fe80::b2f1:ecff:fe41:1046/64,]  Routes: [fe80::/64 -> :: wlan0,] DnsAddresses: [] Domains: null MTU: 0 TcpBufferSizes: 524288,1048576,2097152,262144,524288,1048576} new: {InterfaceName: wlan0 LinkAddresses: [fe80::b2f1:ecff:fe41:1046/64,192.168.49.1/24,]  Routes: [fe80::/64 -> :: wlan0,] DnsAddresses: [] Domains: null MTU: 0}
E/WifiStateMachine(  446): updateLinkProperties nid: -1 state: IDLE reason: CMD_UPDATE_LINKPROPERTIES v4
I/hostapd ( 1273): random: Only 16/20 bytes of strong random data available from /dev/random
I/hostapd ( 1273): random: Not enough entropy pool available for secure operations
I/hostapd ( 1273): WPA: Not enough entropy in random pool for secure operations - update keys later when the first station connects
I/hostapd ( 1273): wlan0: interface state UNINITIALIZED->ENABLED
I/hostapd ( 1273): wlan0: AP-ENABLED 
I/hostapd ( 1273): wlan0: STA 14:a5:1a:fd:72:c0 IEEE 802.11: associated
I/hostapd ( 1273): wlan0: STA 14:a5:1a:fd:72:c0 IEEE 802.11: associated
E/hostapd ( 1273): random: Cannot read from /dev/random: Try again
I/hostapd ( 1273): random: Only 16/20 bytes of strong random data available from /dev/random
I/hostapd ( 1273): random: Not enough entropy pool available for secure operations
I/hostapd ( 1273): WPA: Not enough entropy in random pool to proceed - reject first 4-way handshake
I/hostapd ( 1273): wlan0: STA 14:a5:1a:fd:72:c0 IEEE 802.11: disassociated
I/hostapd ( 1273): wlan0: STA 14:a5:1a:fd:72:c0 IEEE 802.11: disassociated
I/hostapd ( 1273): wlan0: STA 14:a5:1a:fd:72:c0 IEEE 802.11: associated
I/hostapd ( 1273): wlan0: STA 14:a5:1a:fd:72:c0 IEEE 802.11: associated
E/hostapd ( 1273): random: Cannot read from /dev/random: Try again
I/hostapd ( 1273): random: Only 16/20 bytes of strong random data available from /dev/random
I/hostapd ( 1273): random: Not enough entropy pool available for secure operations
I/hostapd ( 1273): WPA: Not enough entropy in random pool to proceed - reject first 4-way handshake
I/hostapd ( 1273): wlan0: STA 14:a5:1a:fd:72:c0 IEEE 802.11: disassociated
I/hostapd ( 1273): wlan0: STA 14:a5:1a:fd:72:c0 IEEE 802.11: disassociated
I/hostapd ( 1273): wlan0: STA 14:a5:1a:fd:72:c0 IEEE 802.11: disassociated
I/hostapd ( 1273): wlan0: STA 14:a5:1a:fd:72:c0 IEEE 802.11: disassociated
I/hostapd ( 1273): wlan0: STA 14:a5:1a:fd:72:c0 IEEE 802.11: associated
I/hostapd ( 1273): wlan0: STA 14:a5:1a:fd:72:c0 IEEE 802.11: associated
I/hostapd ( 1273): wlan0: AP-STA-CONNECTED 14:a5:1a:fd:72:c0
I/hostapd ( 1273): wlan0: STA 14:a5:1a:fd:72:c0 WPA: pairwise key handshake completed (RSN)
I/hostapd ( 1273): wlan0: STA 14:a5:1a:fd:72:c0 WPA: pairwise key handshake completed (RSN)
I/dnsmasq ( 1275): DHCPREQUEST(wlan0) 192.168.49.120 14:a5:1a:fd:72:c0 
I/dnsmasq ( 1275): DHCPACK(wlan0) 192.168.49.120 14:a5:1a:fd:72:c0 Honor_6X-635f5243fd11982e
I/dnsmasq ( 1275): DHCPREQUEST(wlan0) 192.168.49.120 14:a5:1a:fd:72:c0 
I/dnsmasq ( 1275): DHCPACK(wlan0) 192.168.49.120 14:a5:1a:fd:72:c0 Honor_6X-635f5243fd11982e
E/dhcpcd  (  537): timed out
D/NetUtils(  446): dhcp_do_request failed : eth0 (new)
E/EthernetNetworkFactory(  446): DHCP request error:Timed out waiting for DHCP to finish
E/blb     (  567): mmEthernetVisible: false
E/blb     (  567): mmEthernetVisible: false
E/blb     (  567): mmEthernetVisible: false
E/NetworkController(  567): onReceive ETHERNET_STATE_CHANGED_ACTION 
D/LyricManager( 1020): hide lrc
D/LyricManager( 1020): not attached to window manager
I/MediaFocusControl(  446):  AudioFocus  abandonAudioFocus() from android.media.AudioManager@95d0b44com.android.music.MediaPlaybackService$4@10a4b42d
I/ActivityManager(  446): Start proc 1276:com.android.musicfx/u0a7 for broadcast com.android.musicfx/.ControlPanelReceiver
V/MusicFXControlPanelReceiver( 1276): onReceive
V/MusicFXControlPanelReceiver( 1276): Action: android.media.action.CLOSE_AUDIO_EFFECT_CONTROL_SESSION
V/MusicFXControlPanelReceiver( 1276): Package name: com.android.music
V/MusicFXControlPanelReceiver( 1276): Audio session: 8
V/MusicFXControlPanelEffect( 1276): closeSession(android.app.ReceiverRestrictedContext@4ed8e80, com.android.music, 8)
I/hostapd ( 1273): wlan0: STA 14:a5:1a:fd:72:c0 IEEE 802.11: disassociated
I/hostapd ( 1273): wlan0: STA 14:a5:1a:fd:72:c0 IEEE 802.11: disassociated
I/hostapd ( 1273): wlan0: AP-STA-DISCONNECTED 14:a5:1a:fd:72:c0
I/hostapd ( 1273): INTERFACE_DISABLED
I/hostapd ( 1273): wlan0: STA 00:00:00:00:00:00 IEEE 802.11: disassociated
I/hostapd ( 1273): wlan0: STA 00:00:00:00:00:00 IEEE 802.11: disassociated
D/Tethering(  446): InitialState.processMessage what=4
D/Tethering(  446): sendTetherStateChangedBroadcast 0, 0, 0
D/Tethering(  446): sendTetherStateChangedBroadcast 1, 0, 0
E/WifiStateMachine(  446): Link configuration changed for netId: -1 old: {InterfaceName: wlan0 LinkAddresses: [fe80::b2f1:ecff:fe41:1046/64,192.168.49.1/24,]  Routes: [fe80::/64 -> :: wlan0,] DnsAddresses: [] Domains: null MTU: 0 TcpBufferSizes: 524288,1048576,2097152,262144,524288,1048576} new: {InterfaceName: wlan0 LinkAddresses: [192.168.49.1/24,]  Routes: [] DnsAddresses: [] Domains: null MTU: 0}
E/WifiStateMachine(  446): updateLinkProperties nid: -1 state: IDLE reason: CMD_UPDATE_LINKPROPERTIES v4
E/WifiStateMachine(  446): Link configuration changed for netId: -1 old: {InterfaceName: wlan0 LinkAddresses: [192.168.49.1/24,]  Routes: [] DnsAddresses: [] Domains: null MTU: 0 TcpBufferSizes: 524288,1048576,2097152,262144,524288,1048576} new: {InterfaceName: wlan0 LinkAddresses: [192.168.49.1/24,]  Routes: [] DnsAddresses: [] Domains: null MTU: 0}
E/WifiStateMachine(  446): updateLinkProperties nid: -1 state: IDLE reason: CMD_UPDATE_LINKPROPERTIES v4
D/SystemDeviceService( 1114): [isHostInterfaceChanged] bindAddresses/addrs is null. 
D/d       ( 1114): Say byebye on 192.168.49.1
D/d       ( 1114): Say byebye on 192.168.49.1
D/g       ( 1114): Parsing Profiles definition
D/g       ( 1114): Parsing profile definition for profile 1
D/SystemDeviceService( 1114): [handleAutoRun] auto start mediarender. 
E/NetlinkEvent(  155): Unknown ifindex 4 in RTM_DELADDR
D/PppoeNetworkFactory(  446): stopTrackingInterface
D/Tethering(  446): InitialState.processMessage what=4
D/Tethering(  446): sendTetherStateChangedBroadcast 0, 0, 0
D/Tethering(  446): sendTetherStateChangedBroadcast 0, 0, 0
D/Tethering(  446): InitialState.processMessage what=4
D/Tethering(  446): sendTetherStateChangedBroadcast 0, 0, 0
D/Tethering(  446): sendTetherStateChangedBroadcast 1, 0, 0
E/WifiStateMachine(  446): Link configuration changed for netId: -1 old: {InterfaceName: wlan0 LinkAddresses: [192.168.49.1/24,]  Routes: [] DnsAddresses: [] Domains: null MTU: 0 TcpBufferSizes: 524288,1048576,2097152,262144,524288,1048576} new: {InterfaceName: wlan0 LinkAddresses: [192.168.49.1/24,fe80::b2f1:ecff:fe41:1046/64,]  Routes: [fe80::/64 -> :: wlan0,] DnsAddresses: [] Domains: null MTU: 0}
E/WifiStateMachine(  446): updateLinkProperties nid: -1 state: IDLE reason: CMD_UPDATE_LINKPROPERTIES v4
E/WifiStateMachine(  446): Link configuration changed for netId: -1 old: {InterfaceName: wlan0 LinkAddresses: [192.168.49.1/24,fe80::b2f1:ecff:fe41:1046/64,]  Routes: [fe80::/64 -> :: wlan0,] DnsAddresses: [] Domains: null MTU: 0 TcpBufferSizes: 524288,1048576,2097152,262144,524288,1048576} new: {InterfaceName: wlan0 LinkAddresses: [192.168.49.1/24,fe80::b2f1:ecff:fe41:1046/64,]  Routes: [fe80::/64 -> :: wlan0,] DnsAddresses: [] Domains: null MTU: 0}
E/WifiStateMachine(  446): updateLinkProperties nid: -1 state: IDLE reason: CMD_UPDATE_LINKPROPERTIES v4
E/WifiStateMachine(  446): Link configuration changed for netId: -1 old: {InterfaceName: wlan0 LinkAddresses: [192.168.49.1/24,fe80::b2f1:ecff:fe41:1046/64,]  Routes: [fe80::/64 -> :: wlan0,] DnsAddresses: [] Domains: null MTU: 0 TcpBufferSizes: 524288,1048576,2097152,262144,524288,1048576} new: {InterfaceName: wlan0 LinkAddresses: [192.168.49.1/24,fe80::b2f1:ecff:fe41:1046/64,]  Routes: [fe80::/64 -> :: wlan0,] DnsAddresses: [] Domains: null MTU: 0}
E/WifiStateMachine(  446): updateLinkProperties nid: -1 state: IDLE reason: CMD_UPDATE_LINKPROPERTIES v4
E/hostapd ( 1327): Configuration file: /data/misc/wifi/hostapd.conf
E/hostapd ( 1327): Using interface wlan0 with hwaddr b0:f1:ec:41:10:46 and ssid "dfirefly"
I/dnsmasq ( 1329): started, version 2.51 cachesize 150
I/dnsmasq ( 1329): compile time options: no-IPv6 GNU-getopt no-DBus no-I18N DHCP no-scripts no-TFTP
W/dnsmasq ( 1329): warning: no upstream servers configured
I/dnsmasq ( 1329): DHCP, IP range 192.168.49.100 -- 192.168.49.200, lease time 4d4h
I/dnsmasq ( 1329): read /etc/hosts - 1 addresses
I/hostapd ( 1327): wlan0: interface state UNINITIALIZED->ENABLED
I/hostapd ( 1327): wlan0: AP-ENABLED 
I/hostapd ( 1327): wlan0: STA 14:a5:1a:fd:72:c0 IEEE 802.11: associated
I/hostapd ( 1327): wlan0: STA 14:a5:1a:fd:72:c0 IEEE 802.11: associated
I/hostapd ( 1327): wlan0: AP-STA-CONNECTED 14:a5:1a:fd:72:c0
I/hostapd ( 1327): wlan0: STA 14:a5:1a:fd:72:c0 WPA: pairwise key handshake completed (RSN)
I/hostapd ( 1327): wlan0: STA 14:a5:1a:fd:72:c0 WPA: pairwise key handshake completed (RSN)
I/dnsmasq ( 1329): DHCPREQUEST(wlan0) 192.168.49.120 14:a5:1a:fd:72:c0 
I/dnsmasq ( 1329): DHCPACK(wlan0) 192.168.49.120 14:a5:1a:fd:72:c0 Honor_6X-635f5243fd11982e
I/dnsmasq ( 1329): DHCPREQUEST(wlan0) 192.168.49.120 14:a5:1a:fd:72:c0 
I/dnsmasq ( 1329): DHCPACK(wlan0) 192.168.49.120 14:a5:1a:fd:72:c0 Honor_6X-635f5243fd11982e
I/hostapd ( 1327): wlan0: STA 14:a5:1a:fd:72:c0 IEEE 802.11: disassociated
I/hostapd ( 1327): wlan0: STA 14:a5:1a:fd:72:c0 IEEE 802.11: disassociated
I/hostapd ( 1327): wlan0: AP-STA-DISCONNECTED 14:a5:1a:fd:72:c0
I/hostapd ( 1327): INTERFACE_DISABLED
I/hostapd ( 1327): wlan0: STA 01:00:4c:a9:07:00 IEEE 802.11: disassociated
I/hostapd ( 1327): wlan0: STA 01:00:4c:a9:07:00 IEEE 802.11: disassociated
D/Tethering(  446): InitialState.processMessage what=4
D/Tethering(  446): sendTetherStateChangedBroadcast 0, 0, 0
D/Tethering(  446): sendTetherStateChangedBroadcast 1, 0, 0
E/WifiStateMachine(  446): Link configuration changed for netId: -1 old: {InterfaceName: wlan0 LinkAddresses: [192.168.49.1/24,fe80::b2f1:ecff:fe41:1046/64,]  Routes: [fe80::/64 -> :: wlan0,] DnsAddresses: [] Domains: null MTU: 0 TcpBufferSizes: 524288,1048576,2097152,262144,524288,1048576} new: {InterfaceName: wlan0 LinkAddresses: [192.168.49.1/24,]  Routes: [] DnsAddresses: [] Domains: null MTU: 0}
E/WifiStateMachine(  446): updateLinkProperties nid: -1 state: IDLE reason: CMD_UPDATE_LINKPROPERTIES v4
E/WifiStateMachine(  446): Link configuration changed for netId: -1 old: {InterfaceName: wlan0 LinkAddresses: [192.168.49.1/24,]  Routes: [] DnsAddresses: [] Domains: null MTU: 0 TcpBufferSizes: 524288,1048576,2097152,262144,524288,1048576} new: {InterfaceName: wlan0 LinkAddresses: [192.168.49.1/24,]  Routes: [] DnsAddresses: [] Domains: null MTU: 0}
E/WifiStateMachine(  446): updateLinkProperties nid: -1 state: IDLE reason: CMD_UPDATE_LINKPROPERTIES v4
D/SystemDeviceService( 1114): Network changed, but ipaddress not changed. 
I/UsageStatsService(  446): User[0] Flushing usage stats to disk
E/WifiStateMachine(  446): Link configuration changed for netId: -1 old: {InterfaceName: wlan0 LinkAddresses: [192.168.49.1/24,]  Routes: [] DnsAddresses: [] Domains: null MTU: 0 TcpBufferSizes: 524288,1048576,2097152,262144,524288,1048576} new: {InterfaceName: wlan0 LinkAddresses: [192.168.49.1/24,fe80::b2f1:ecff:fe41:1046/64,]  Routes: [fe80::/64 -> :: wlan0,] DnsAddresses: [] Domains: null MTU: 0}
E/WifiStateMachine(  446): updateLinkProperties nid: -1 state: IDLE reason: CMD_UPDATE_LINKPROPERTIES v4
E/WifiStateMachine(  446): Link configuration changed for netId: -1 old: {InterfaceName: wlan0 LinkAddresses: [192.168.49.1/24,fe80::b2f1:ecff:fe41:1046/64,]  Routes: [fe80::/64 -> :: wlan0,] DnsAddresses: [] Domains: null MTU: 0 TcpBufferSizes: 524288,1048576,2097152,262144,524288,1048576} new: {InterfaceName: wlan0 LinkAddresses: [192.168.49.1/24,fe80::b2f1:ecff:fe41:1046/64,]  Routes: [fe80::/64 -> :: wlan0,] DnsAddresses: [] Domains: null MTU: 0}
E/WifiStateMachine(  446): updateLinkProperties nid: -1 state: IDLE reason: CMD_UPDATE_LINKPROPERTIES v4
E/WifiStateMachine(  446): Link configuration changed for netId: -1 old: {InterfaceName: wlan0 LinkAddresses: [192.168.49.1/24,fe80::b2f1:ecff:fe41:1046/64,]  Routes: [fe80::/64 -> :: wlan0,] DnsAddresses: [] Domains: null MTU: 0 TcpBufferSizes: 524288,1048576,2097152,262144,524288,1048576} new: {InterfaceName: wlan0 LinkAddresses: [192.168.49.1/24,fe80::b2f1:ecff:fe41:1046/64,]  Routes: [fe80::/64 -> :: wlan0,] DnsAddresses: [] Domains: null MTU: 0}
E/WifiStateMachine(  446): updateLinkProperties nid: -1 state: IDLE reason: CMD_UPDATE_LINKPROPERTIES v4
E/hostapd ( 1338): Configuration file: /data/misc/wifi/hostapd.conf
E/hostapd ( 1338): Using interface wlan0 with hwaddr b0:f1:ec:41:10:46 and ssid "dfirefly"
I/dnsmasq ( 1340): started, version 2.51 cachesize 150
I/dnsmasq ( 1340): compile time options: no-IPv6 GNU-getopt no-DBus no-I18N DHCP no-scripts no-TFTP
W/dnsmasq ( 1340): warning: no upstream servers configured
I/dnsmasq ( 1340): DHCP, IP range 192.168.49.100 -- 192.168.49.200, lease time 4d4h
I/dnsmasq ( 1340): read /etc/hosts - 1 addresses
I/hostapd ( 1338): wlan0: interface state UNINITIALIZED->ENABLED
I/hostapd ( 1338): wlan0: AP-ENABLED 
I/hostapd ( 1338): wlan0: STA 14:a5:1a:fd:72:c0 IEEE 802.11: associated
I/hostapd ( 1338): wlan0: STA 14:a5:1a:fd:72:c0 IEEE 802.11: associated
I/hostapd ( 1338): wlan0: AP-STA-CONNECTED 14:a5:1a:fd:72:c0
I/hostapd ( 1338): wlan0: STA 14:a5:1a:fd:72:c0 WPA: pairwise key handshake completed (RSN)
I/hostapd ( 1338): wlan0: STA 14:a5:1a:fd:72:c0 WPA: pairwise key handshake completed (RSN)
I/dnsmasq ( 1340): DHCPREQUEST(wlan0) 192.168.49.120 14:a5:1a:fd:72:c0 
I/dnsmasq ( 1340): DHCPACK(wlan0) 192.168.49.120 14:a5:1a:fd:72:c0 Honor_6X-635f5243fd11982e
I/dnsmasq ( 1340): DHCPREQUEST(wlan0) 192.168.49.120 14:a5:1a:fd:72:c0 
I/dnsmasq ( 1340): DHCPACK(wlan0) 192.168.49.120 14:a5:1a:fd:72:c0 Honor_6X-635f5243fd11982e
I/hostapd ( 1338): wlan0: STA 14:a5:1a:fd:72:c0 IEEE 802.11: disassociated
I/hostapd ( 1338): wlan0: STA 14:a5:1a:fd:72:c0 IEEE 802.11: disassociated
I/hostapd ( 1338): wlan0: AP-STA-DISCONNECTED 14:a5:1a:fd:72:c0
I/hostapd ( 1338): INTERFACE_DISABLED
I/hostapd ( 1338): wlan0: STA 00:00:00:00:00:00 IEEE 802.11: disassociated
I/hostapd ( 1338): wlan0: STA 00:00:00:00:00:00 IEEE 802.11: disassociated
D/Tethering(  446): InitialState.processMessage what=4
D/Tethering(  446): sendTetherStateChangedBroadcast 0, 0, 0
D/Tethering(  446): sendTetherStateChangedBroadcast 1, 0, 0
E/WifiStateMachine(  446): Link configuration changed for netId: -1 old: {InterfaceName: wlan0 LinkAddresses: [192.168.49.1/24,fe80::b2f1:ecff:fe41:1046/64,]  Routes: [fe80::/64 -> :: wlan0,] DnsAddresses: [] Domains: null MTU: 0 TcpBufferSizes: 524288,1048576,2097152,262144,524288,1048576} new: {InterfaceName: wlan0 LinkAddresses: [192.168.49.1/24,]  Routes: [] DnsAddresses: [] Domains: null MTU: 0}
E/WifiStateMachine(  446): updateLinkProperties nid: -1 state: IDLE reason: CMD_UPDATE_LINKPROPERTIES v4
E/WifiStateMachine(  446): Link configuration changed for netId: -1 old: {InterfaceName: wlan0 LinkAddresses: [192.168.49.1/24,]  Routes: [] DnsAddresses: [] Domains: null MTU: 0 TcpBufferSizes: 524288,1048576,2097152,262144,524288,1048576} new: {InterfaceName: wlan0 LinkAddresses: [192.168.49.1/24,]  Routes: [] DnsAddresses: [] Domains: null MTU: 0}
E/WifiStateMachine(  446): updateLinkProperties nid: -1 state: IDLE reason: CMD_UPDATE_LINKPROPERTIES v4
D/SystemDeviceService( 1114): Network changed, but ipaddress not changed. 
